Archive member included to satisfy reference by file (symbol)

D:/stm32tools/arm-none-eabi-gcc/14.2.1-1.1.1/.content/bin/../lib/gcc/arm-none-eabi/14.2.1/../../../../arm-none-eabi/lib/thumb/v7-m/nofp\libc_nano.a(libc_a-atexit.o)
                              D:/stm32tools/arm-none-eabi-gcc/14.2.1-1.1.1/.content/bin/../lib/gcc/arm-none-eabi/14.2.1/../../../../arm-none-eabi/lib/thumb/v7-m/nofp/crt0.o (atexit)
D:/stm32tools/arm-none-eabi-gcc/14.2.1-1.1.1/.content/bin/../lib/gcc/arm-none-eabi/14.2.1/../../../../arm-none-eabi/lib/thumb/v7-m/nofp\libc_nano.a(libc_a-exit.o)
                              D:/stm32tools/arm-none-eabi-gcc/14.2.1-1.1.1/.content/bin/../lib/gcc/arm-none-eabi/14.2.1/../../../../arm-none-eabi/lib/thumb/v7-m/nofp/crt0.o (exit)
D:/stm32tools/arm-none-eabi-gcc/14.2.1-1.1.1/.content/bin/../lib/gcc/arm-none-eabi/14.2.1/../../../../arm-none-eabi/lib/thumb/v7-m/nofp\libc_nano.a(libc_a-findfp.o)
                              D:/stm32tools/arm-none-eabi-gcc/14.2.1-1.1.1/.content/bin/../lib/gcc/arm-none-eabi/14.2.1/../../../../arm-none-eabi/lib/thumb/v7-m/nofp\libc_nano.a(libc_a-exit.o) (__stdio_exit_handler)
D:/stm32tools/arm-none-eabi-gcc/14.2.1-1.1.1/.content/bin/../lib/gcc/arm-none-eabi/14.2.1/../../../../arm-none-eabi/lib/thumb/v7-m/nofp\libc_nano.a(libc_a-fwalk.o)
                              D:/stm32tools/arm-none-eabi-gcc/14.2.1-1.1.1/.content/bin/../lib/gcc/arm-none-eabi/14.2.1/../../../../arm-none-eabi/lib/thumb/v7-m/nofp\libc_nano.a(libc_a-findfp.o) (_fwalk_sglue)
D:/stm32tools/arm-none-eabi-gcc/14.2.1-1.1.1/.content/bin/../lib/gcc/arm-none-eabi/14.2.1/../../../../arm-none-eabi/lib/thumb/v7-m/nofp\libc_nano.a(libc_a-stdio.o)
                              D:/stm32tools/arm-none-eabi-gcc/14.2.1-1.1.1/.content/bin/../lib/gcc/arm-none-eabi/14.2.1/../../../../arm-none-eabi/lib/thumb/v7-m/nofp\libc_nano.a(libc_a-findfp.o) (__sread)
D:/stm32tools/arm-none-eabi-gcc/14.2.1-1.1.1/.content/bin/../lib/gcc/arm-none-eabi/14.2.1/../../../../arm-none-eabi/lib/thumb/v7-m/nofp\libc_nano.a(libc_a-memset.o)
                              D:/stm32tools/arm-none-eabi-gcc/14.2.1-1.1.1/.content/bin/../lib/gcc/arm-none-eabi/14.2.1/../../../../arm-none-eabi/lib/thumb/v7-m/nofp/crt0.o (memset)
D:/stm32tools/arm-none-eabi-gcc/14.2.1-1.1.1/.content/bin/../lib/gcc/arm-none-eabi/14.2.1/../../../../arm-none-eabi/lib/thumb/v7-m/nofp\libc_nano.a(libc_a-closer.o)
                              D:/stm32tools/arm-none-eabi-gcc/14.2.1-1.1.1/.content/bin/../lib/gcc/arm-none-eabi/14.2.1/../../../../arm-none-eabi/lib/thumb/v7-m/nofp\libc_nano.a(libc_a-stdio.o) (_close_r)
D:/stm32tools/arm-none-eabi-gcc/14.2.1-1.1.1/.content/bin/../lib/gcc/arm-none-eabi/14.2.1/../../../../arm-none-eabi/lib/thumb/v7-m/nofp\libc_nano.a(libc_a-reent.o)
                              D:/stm32tools/arm-none-eabi-gcc/14.2.1-1.1.1/.content/bin/../lib/gcc/arm-none-eabi/14.2.1/../../../../arm-none-eabi/lib/thumb/v7-m/nofp\libc_nano.a(libc_a-closer.o) (errno)
D:/stm32tools/arm-none-eabi-gcc/14.2.1-1.1.1/.content/bin/../lib/gcc/arm-none-eabi/14.2.1/../../../../arm-none-eabi/lib/thumb/v7-m/nofp\libc_nano.a(libc_a-impure.o)
                              D:/stm32tools/arm-none-eabi-gcc/14.2.1-1.1.1/.content/bin/../lib/gcc/arm-none-eabi/14.2.1/../../../../arm-none-eabi/lib/thumb/v7-m/nofp\libc_nano.a(libc_a-reent.o) (_impure_ptr)
D:/stm32tools/arm-none-eabi-gcc/14.2.1-1.1.1/.content/bin/../lib/gcc/arm-none-eabi/14.2.1/../../../../arm-none-eabi/lib/thumb/v7-m/nofp\libc_nano.a(libc_a-lseekr.o)
                              D:/stm32tools/arm-none-eabi-gcc/14.2.1-1.1.1/.content/bin/../lib/gcc/arm-none-eabi/14.2.1/../../../../arm-none-eabi/lib/thumb/v7-m/nofp\libc_nano.a(libc_a-stdio.o) (_lseek_r)
D:/stm32tools/arm-none-eabi-gcc/14.2.1-1.1.1/.content/bin/../lib/gcc/arm-none-eabi/14.2.1/../../../../arm-none-eabi/lib/thumb/v7-m/nofp\libc_nano.a(libc_a-readr.o)
                              D:/stm32tools/arm-none-eabi-gcc/14.2.1-1.1.1/.content/bin/../lib/gcc/arm-none-eabi/14.2.1/../../../../arm-none-eabi/lib/thumb/v7-m/nofp\libc_nano.a(libc_a-stdio.o) (_read_r)
D:/stm32tools/arm-none-eabi-gcc/14.2.1-1.1.1/.content/bin/../lib/gcc/arm-none-eabi/14.2.1/../../../../arm-none-eabi/lib/thumb/v7-m/nofp\libc_nano.a(libc_a-writer.o)
                              D:/stm32tools/arm-none-eabi-gcc/14.2.1-1.1.1/.content/bin/../lib/gcc/arm-none-eabi/14.2.1/../../../../arm-none-eabi/lib/thumb/v7-m/nofp\libc_nano.a(libc_a-stdio.o) (_write_r)
D:/stm32tools/arm-none-eabi-gcc/14.2.1-1.1.1/.content/bin/../lib/gcc/arm-none-eabi/14.2.1/../../../../arm-none-eabi/lib/thumb/v7-m/nofp\libc_nano.a(libc_a-init.o)
                              D:/stm32tools/arm-none-eabi-gcc/14.2.1-1.1.1/.content/bin/../lib/gcc/arm-none-eabi/14.2.1/../../../../arm-none-eabi/lib/thumb/v7-m/nofp/crt0.o (__libc_init_array)
D:/stm32tools/arm-none-eabi-gcc/14.2.1-1.1.1/.content/bin/../lib/gcc/arm-none-eabi/14.2.1/../../../../arm-none-eabi/lib/thumb/v7-m/nofp\libc_nano.a(libc_a-fini.o)
[...]
Memory Configuration

Name             Origin             Length             Attributes
RAM              0x20000000         0x00005000         xrw
FLASH            0x08000000         0x00005000         xr
*default*        0x00000000         0xffffffff

Linker script and memory map

LOAD D:/stm32tools/arm-none-eabi-gcc/14.2.1-1.1.1/.content/bin/../lib/gcc/arm-none-eabi/14.2.1/thumb/v7-m/nofp/crti.o
LOAD D:/stm32tools/arm-none-eabi-gcc/14.2.1-1.1.1/.content/bin/../lib/gcc/arm-none-eabi/14.2.1/thumb/v7-m/nofp/crtbegin.o
LOAD D:/stm32tools/arm-none-eabi-gcc/14.2.1-1.1.1/.content/bin/../lib/gcc/arm-none-eabi/14.2.1/../../../../arm-none-eabi/lib/thumb/v7-m/nofp/crt0.o
LOAD build_boot/boot_main.o
LOAD build_boot/boot_flash.o
LOAD build_boot/boot_spi.o
LOAD build_boot/bsp_i2c.o
LOAD build_boot/at24c02.o
LOAD build_boot/w25q64.o
LOAD build_boot/system_stm32f1xx.o
LOAD build_boot/stm32f1xx_hal.o
LOAD build_boot/stm32f1xx_hal_rcc.o
LOAD build_boot/stm32f1xx_hal_rcc_ex.o
LOAD build_boot/stm32f1xx_hal_gpio.o
LOAD build_boot/stm32f1xx_hal_cortex.o
LOAD build_boot/stm32f1xx_hal_flash.o
LOAD build_boot/stm32f1xx_hal_flash_ex.o
LOAD build_boot/startup_stm32f103xb.o
LOAD D:/stm32tools/arm-none-eabi-gcc/14.2.1-1.1.1/.content/bin/../lib/gcc/arm-none-eabi/14.2.1/../../../../arm-none-eabi/lib/thumb/v7-m/nofp\libc_nano.a
LOAD D:/stm32tools/arm-none-eabi-gcc/14.2.1-1.1.1/.content/bin/../lib/gcc/arm-none-eabi/14.2.1/../../../../arm-none-eabi/lib/thumb/v7-m/nofp\libm.a
LOAD D:/stm32tools/arm-none-eabi-gcc/14.2.1-1.1.1/.content/bin/../lib/gcc/arm-none-eabi/14.2.1/../../../../arm-none-eabi/lib/thumb/v7-m/nofp\libnosys.a
START GROUP
LOAD D:/stm32tools/arm-none-eabi-gcc/14.2.1-1.1.1/.content/bin/../lib/gcc/arm-none-eabi/14.2.1/thumb/v7-m/nofp\libgcc.a
LOAD D:/stm32tools/arm-none-eabi-gcc/14.2.1-1.1.1/.content/bin/../lib/gcc/arm-none-eabi/14.2.1/../../../../arm-none-eabi/lib/thumb/v7-m/nofp\libc_nano.a
END GROUP
START GROUP
LOAD D:/stm32tools/arm-none-eabi-gcc/14.2.1-1.1.1/.content/bin/../lib/gcc/arm-none-eabi/14.2.1/thumb/v7-m/nofp\libgcc.a
LOAD D:/stm32tools/arm-none-eabi-gcc/14.2.1-1.1.1/.content/bin/../lib/gcc/arm-none-eabi/14.2.1/../../../../arm-none-eabi/lib/thumb/v7-m/nofp\libc_nano.a
END GROUP
LOAD D:/stm32tools/arm-none-eabi-gcc/14.2.1-1.1.1/.content/bin/../lib/gcc/arm-none-eabi/14.2.1/thumb/v7-m/nofp/crtend.o
LOAD D:/stm32tools/arm-none-eabi-gcc/14.2.1-1.1.1/.content/bin/../lib/gcc/arm-none-eabi/14.2.1/thumb/v7-m/nofp/crtn.o
                0x20005000                        _estack = 0x20005000
                0x00000000                        _Min_Heap_Size = 0x0
                0x00000200                        _Min_Stack_Size = 0x200

.isr_vector     0x08000000      0x10c
                0x08000000                        . = ALIGN (0x4)
 *(.isr_vector)
 .isr_vector    0x08000000      0x10c build_boot/startup_stm32f103xb.o
                0x08000000                g_pfnVectors
                0x0800010c                        . = ALIGN (0x4)

.text           0x0800010c      0xd0c
                0x0800010c                        . = ALIGN (0x4)
 *(.text)
 *(.text*)
 .text.__do_global_dtors_aux
                0x0800010c       0x24 D:/stm32tools/arm-none-eabi-gcc/14.2.1-1.1.1/.content/bin/../lib/gcc/arm-none-eabi/14.2.1/thumb/v7-m/nofp/crtbegin.o
 .text.frame_dummy
                0x08000130       0x1c D:/stm32tools/arm-none-eabi-gcc/14.2.1-1.1.1/.content/bin/../lib/gcc/arm-none-eabi/14.2.1/thumb/v7-m/nofp/crtbegin.o
 .text.__NVIC_SystemReset
                0x0800014c       0x24 build_boot/boot_main.o
 .text.startup.main
                0x08000170      0x1d8 build_boot/boot_main.o
                0x08000170                main
 .text.Boot_EraseAppArea
                0x08000348       0x48 build_boot/boot_flash.o
                0x08000348                Boot_EraseAppArea
 .text.Boot_FlashWriteBuf
                0x08000390       0xa4 build_boot/boot_flash.o
                0x08000390                Boot_FlashWriteBuf
 .text.Boot_CheckAppValid
                0x08000434       0x30 build_boot/boot_flash.o
                0x08000434                Boot_CheckAppValid
 .text.Boot_SPI_CS_Low
                0x08000464        0xc build_boot/boot_spi.o
                0x08000464                Boot_SPI_CS_Low
 .text.Boot_SPI_CS_High
                0x08000470        0xc build_boot/boot_spi.o
                0x08000470                Boot_SPI_CS_High
 .text.Boot_SPI_Transfer
                0x0800047c       0x14 build_boot/boot_spi.o
                0x0800047c                Boot_SPI_Transfer
 .text.MyI2C_R_SDA
                0x08000490       0x10 build_boot/bsp_i2c.o
                0x08000490                MyI2C_R_SDA
 .text.MyI2C_Init
                0x080004a0       0x44 build_boot/bsp_i2c.o
                0x080004a0                MyI2C_Init
 .text.MyI2C_Start
                0x080004e4       0x50 build_boot/bsp_i2c.o
                0x080004e4                MyI2C_Start
 .text.MyI2C_Stop
                0x08000534       0x4c build_boot/bsp_i2c.o
                0x08000534                MyI2C_Stop
 .text.MyI2C_SendByte
                0x08000580       0x58 build_boot/bsp_i2c.o
                0x08000580                MyI2C_SendByte
 .text.MyI2C_ReciveAck
                0x080005d8       0x30 build_boot/bsp_i2c.o
                0x080005d8                MyI2C_ReciveAck
 .text.MyI2C_SendAck
                0x08000608       0x30 build_boot/bsp_i2c.o
                0x08000608                MyI2C_SendAck
 .text.MyI2C_RecvByte
                0x08000638       0x64 build_boot/bsp_i2c.o
                0x08000638                MyI2C_RecvByte
 .text.Boot_DelayMs.constprop.0
                0x0800069c       0x20 build_boot/at24c02.o
 .text.AT24C02_WriteByte
                0x080006bc       0x44 build_boot/at24c02.o
                0x080006bc                AT24C02_WriteByte
 .text.AT24C02_ReadByte
                0x08000700       0x4e build_boot/at24c02.o
                0x08000700                AT24C02_ReadByte
 .text.AT24C02_WriteBuf
                0x0800074e       0x8c build_boot/at24c02.o
                0x0800074e                AT24C02_WriteBuf
 .text.AT24C02_ReadBuf
                0x080007da       0x80 build_boot/at24c02.o
                0x080007da                AT24C02_ReadBuf
 *fill*         0x0800085a        0x2 
 .text.AT24C02_Init
                0x0800085c       0x54 build_boot/at24c02.o
                0x0800085c                AT24C02_Init
 .text.SPI_SendAddr
                0x080008b0       0x1e build_boot/w25q64.o
 .text.W25Q64_Read
                0x080008ce       0x32 build_boot/w25q64.o
                0x080008ce                W25Q64_Read
 .text.W25Q64_CRC32
                0x08000900       0x58 build_boot/w25q64.o
                0x08000900                W25Q64_CRC32
 .text.SystemInit
                0x08000958        0x2 build_boot/system_stm32f1xx.o
                0x08000958                SystemInit
 *fill*         0x0800095a        0x2 
 .text.HAL_GetTick
                0x0800095c        0xc build_boot/stm32f1xx_hal.o
                0x0800095c                HAL_GetTick
 .text.HAL_GPIO_Init
                0x08000968      0x1a8 build_boot/stm32f1xx_hal_gpio.o
                0x08000968                HAL_GPIO_Init
 .text.FLASH_SetErrorCode
                0x08000b10       0x50 build_boot/stm32f1xx_hal_flash.o
 .text.HAL_FLASH_Unlock
                0x08000b60       0x24 build_boot/stm32f1xx_hal_flash.o
                0x08000b60                HAL_FLASH_Unlock
 .text.HAL_FLASH_Lock
                0x08000b84       0x14 build_boot/stm32f1xx_hal_flash.o
                0x08000b84                HAL_FLASH_Lock
 .text.FLASH_WaitForLastOperation
                0x08000b98       0x54 build_boot/stm32f1xx_hal_flash.o
                0x08000b98                FLASH_WaitForLastOperation
 .text.HAL_FLASH_Program
                0x08000bec       0xa4 build_boot/stm32f1xx_hal_flash.o
                0x08000bec                HAL_FLASH_Program
 .text.FLASH_PageErase
                0x08000c90       0x24 build_boot/stm32f1xx_hal_flash_ex.o
                0x08000c90                FLASH_PageErase
 .text.HAL_FLASHEx_Erase
                0x08000cb4       0xa8 build_boot/stm32f1xx_hal_flash_ex.o
                0x08000cb4                HAL_FLASHEx_Erase
 .text.Reset_Handler
                0x08000d5c       0x48 build_boot/startup_stm32f103xb.o
                0x08000d5c                Reset_Handler
 .text.Default_Handler
                0x08000da4        0x2 build_boot/startup_stm32f103xb.o
                0x08000da4                RTC_Alarm_IRQHandler
                0x08000da4                EXTI2_IRQHandler
                0x08000da4                DebugMon_Handler
                0x08000da4                TIM1_CC_IRQHandler
                0x08000da4                HardFault_Handler
                0x08000da4                SysTick_Handler
                0x08000da4                PVD_IRQHandler
                0x08000da4                PendSV_Handler
                0x08000da4                NMI_Handler
                0x08000da4                EXTI3_IRQHandler
                0x08000da4                EXTI0_IRQHandler
                0x08000da4                I2C2_EV_IRQHandler
                0x08000da4                UsageFault_Handler
                0x08000da4                ADC1_2_IRQHandler
                0x08000da4                SPI1_IRQHandler
                0x08000da4                TAMPER_IRQHandler
                0x08000da4                DMA1_Channel4_IRQHandler
                0x08000da4                USART3_IRQHandler
                0x08000da4                RTC_IRQHandler
                0x08000da4                DMA1_Channel7_IRQHandler
                0x08000da4                CAN1_RX1_IRQHandler
                0x08000da4                TIM4_IRQHandler
                0x08000da4                I2C1_EV_IRQHandler
                0x08000da4                DMA1_Channel6_IRQHandler
                0x08000da4                TIM3_IRQHandler
                0x08000da4                RCC_IRQHandler
                0x08000da4                TIM1_TRG_COM_IRQHandler
                0x08000da4                DMA1_Channel1_IRQHandler
                0x08000da4                Default_Handler
                0x08000da4                EXTI15_10_IRQHandler
                0x08000da4                EXTI9_5_IRQHandler
                0x08000da4                SPI2_IRQHandler
                0x08000da4                MemManage_Handler
                0x08000da4                SVC_Handler
                0x08000da4                DMA1_Channel5_IRQHandler
                0x08000da4                EXTI4_IRQHandler
                0x08000da4                USB_LP_CAN1_RX0_IRQHandler
                0x08000da4                USB_HP_CAN1_TX_IRQHandler
                0x08000da4                DMA1_Channel3_IRQHandler
                0x08000da4                TIM1_UP_IRQHandler
                0x08000da4                WWDG_IRQHandler
                0x08000da4                TIM2_IRQHandler
                0x08000da4                TIM1_BRK_IRQHandler
                0x08000da4                EXTI1_IRQHandler
                0x08000da4                USART2_IRQHandler
                0x08000da4                I2C2_ER_IRQHandler
                0x08000da4                DMA1_Channel2_IRQHandler
                0x08000da4                CAN1_SCE_IRQHandler
                0x08000da4                FLASH_IRQHandler
                0x08000da4                BusFault_Handler
                0x08000da4                USART1_IRQHandler
                0x08000da4                I2C1_ER_IRQHandler
                0x08000da4                USBWakeUp_IRQHandler
 .text.memset   0x08000da6       0x10 D:/stm32tools/arm-none-eabi-gcc/14.2.1-1.1.1/.content/bin/../lib/gcc/arm-none-eabi/14.2.1/../../../../arm-none-eabi/lib/thumb/v7-m/nofp\libc_nano.a(libc_a-memset.o)
                0x08000da6                memset
 *fill*         0x08000db6        0x2 
 .text.__libc_init_array
                0x08000db8       0x48 D:/stm32tools/arm-none-eabi-gcc/14.2.1-1.1.1/.content/bin/../lib/gcc/arm-none-eabi/14.2.1/../../../../arm-none-eabi/lib/thumb/v7-m/nofp\libc_nano.a(libc_a-init.o)
                0x08000db8                __libc_init_array
 *(.glue_7)
 .glue_7        0x08000e00        0x0 linker stubs
 *(.glue_7t)
 .glue_7t       0x08000e00        0x0 linker stubs
 *(.eh_frame)
 .eh_frame      0x08000e00        0x0 D:/stm32tools/arm-none-eabi-gcc/14.2.1-1.1.1/.content/bin/../lib/gcc/arm-none-eabi/14.2.1/thumb/v7-m/nofp/crtbegin.o
 *(.init)
 .init          0x08000e00        0x4 D:/stm32tools/arm-none-eabi-gcc/14.2.1-1.1.1/.content/bin/../lib/gcc/arm-none-eabi/14.2.1/thumb/v7-m/nofp/crti.o
                0x08000e00                _init
 .init          0x08000e04        0x8 D:/stm32tools/arm-none-eabi-gcc/14.2.1-1.1.1/.content/bin/../lib/gcc/arm-none-eabi/14.2.1/thumb/v7-m/nofp/crtn.o
 *(.fini)
 .fini          0x08000e0c        0x4 D:/stm32tools/arm-none-eabi-gcc/14.2.1-1.1.1/.content/bin/../lib/gcc/arm-none-eabi/14.2.1/thumb/v7-m/nofp/crti.o
                0x08000e0c                _fini
 .fini          0x08000e10        0x8 D:/stm32tools/arm-none-eabi-gcc/14.2.1-1.1.1/.content/bin/../lib/gcc/arm-none-eabi/14.2.1/thumb/v7-m/nofp/crtn.o
                0x08000e18                        . = ALIGN (0x4)
                0x08000e18                        _etext = .

.vfp11_veneer   0x08000e18        0x0
 .vfp11_veneer  0x08000e18        0x0 linker stubs

.v4_bx          0x08000e18        0x0
 .v4_bx         0x08000e18        0x0 linker stubs

.iplt           0x08000e18        0x0
 .iplt          0x08000e18        0x0 D:/stm32tools/arm-none-eabi-gcc/14.2.1-1.1.1/.content/bin/../lib/gcc/arm-none-eabi/14.2.1/thumb/v7-m/nofp/crtbegin.o

.rodata         0x08000e18      0x408
                0x08000e18                        . = ALIGN (0x4)
 *(.rodata)
 *(.rodata*)
 .rodata.AT24C02_Init.str1.1
                0x08000e18        0x7 build_boot/at24c02.o
 *fill*         0x08000e1f        0x1 
 .rodata.crc32_table.0
                0x08000e20      0x400 build_boot/w25q64.o
                0x08001220                        . = ALIGN (0x4)

.rel.dyn        0x08001220        0x0
 .rel.iplt      0x08001220        0x0 D:/stm32tools/arm-none-eabi-gcc/14.2.1-1.1.1/.content/bin/../lib/gcc/arm-none-eabi/14.2.1/thumb/v7-m/nofp/crtbegin.o

.ARM.extab
 *(.ARM.extab* .gnu.linkonce.armextab.*)

.ARM            0x08001220        0x0
                0x08001220                        __exidx_start = .
 *(.ARM.exidx*)
                0x08001220                        __exidx_end = .

.preinit_array  0x08001220        0x0
                0x08001220                        PROVIDE (__preinit_array_start = .)
 *(.preinit_array*)
                0x08001220                        PROVIDE (__preinit_array_end = .)

.init_array     0x08001220        0x4
                0x08001220                        PROVIDE (__init_array_start = .)
 *(SORT_BY_NAME(.init_array.*))
 *(.init_array*)
 .init_array    0x08001220        0x4 D:/stm32tools/arm-none-eabi-gcc/14.2.1-1.1.1/.content/bin/../lib/gcc/arm-none-eabi/14.2.1/thumb/v7-m/nofp/crtbegin.o
                0x08001224                        PROVIDE (__init_array_end = .)

.fini_array     0x08001224        0x4
                0x08001224                        PROVIDE (__fini_array_start = .)
 *(SORT_BY_NAME(.fini_array.*))
 *(.fini_array*)
 .fini_array    0x08001224        0x4 D:/stm32tools/arm-none-eabi-gcc/14.2.1-1.1.1/.content/bin/../lib/gcc/arm-none-eabi/14.2.1/thumb/v7-m/nofp/crtbegin.o
                0x08001228                        PROVIDE (__fini_array_end = .)
                0x08001228                        _sidata = LOADADDR (.data)

.data           0x20000000        0x0 load address 0x08001228
                0x20000000                        . = ALIGN (0x4)
                0x20000000                        _sdata = .
 *(.data)
 *(.data*)
                0x20000000                        . = ALIGN (0x4)
                0x20000000                        _edata = .

.igot.plt       0x20000000        0x0 load address 0x08001228
 .igot.plt      0x20000000        0x0 D:/stm32tools/arm-none-eabi-gcc/14.2.1-1.1.1/.content/bin/../lib/gcc/arm-none-eabi/14.2.1/thumb/v7-m/nofp/crtbegin.o
                0x20000000                        . = ALIGN (0x4)

.bss            0x20000000       0x40 load address 0x08001228
                0x20000000                        _sbss = .
                0x20000000                        __bss_start__ = _sbss
 *(.bss)
 *(.bss*)
 .bss.completed.1
                0x20000000        0x1 D:/stm32tools/arm-none-eabi-gcc/14.2.1-1.1.1/.content/bin/../lib/gcc/arm-none-eabi/14.2.1/thumb/v7-m/nofp/crtbegin.o
 *fill*         0x20000001        0x3 
 .bss.object.0  0x20000004       0x18 D:/stm32tools/arm-none-eabi-gcc/14.2.1-1.1.1/.content/bin/../lib/gcc/arm-none-eabi/14.2.1/thumb/v7-m/nofp/crtbegin.o
 .bss.uwTick    0x2000001c        0x4 build_boot/stm32f1xx_hal.o
                0x2000001c                uwTick
 .bss.pFlash    0x20000020       0x20 build_boot/stm32f1xx_hal_flash.o
                0x20000020                pFlash
 *(COMMON)
                0x20000040                        . = ALIGN (0x4)
                0x20000040                        _ebss = .
                0x20000040                        __bss_end__ = _ebss

._user_heap_stack
                0x20000040      0x200 load address 0x08001228
                0x20000040                        . = ALIGN (0x8)
                0x20000040                        PROVIDE (end = .)
                [!provide]                        PROVIDE (_end = .)
                0x20000040                        . = (. + _Min_Heap_Size)
                0x20000240                        . = (. + _Min_Stack_Size)
 *fill*         0x20000040      0x200 
                0x20000240                        . = ALIGN (0x8)

/DISCARD/
 libc.a(*)
 libm.a(*)
 libgcc.a(*)

.ARM.attributes
                0x00000000       0x29
 *(.ARM.attributes)
 .ARM.attributes
                0x00000000       0x1d D:/stm32tools/arm-none-eabi-gcc/14.2.1-1.1.1/.content/bin/../lib/gcc/arm-none-eabi/14.2.1/thumb/v7-m/nofp/crti.o
 .ARM.attributes
                0x0000001d       0x2d D:/stm32tools/arm-none-eabi-gcc/14.2.1-1.1.1/.content/bin/../lib/gcc/arm-none-eabi/14.2.1/thumb/v7-m/nofp/crtbegin.o
 .ARM.attributes
                0x0000004a       0x2d build_boot/boot_main.o
 .ARM.attributes
                0x00000077       0x2d build_boot/boot_flash.o
 .ARM.attributes
                0x000000a4       0x2d build_boot/boot_spi.o
 .ARM.attributes
                0x000000d1       0x2d build_boot/bsp_i2c.o
 .ARM.attributes
                0x000000fe       0x2d build_boot/at24c02.o
 .ARM.attributes
                0x0000012b       0x2d build_boot/w25q64.o
 .ARM.attributes
                0x00000158       0x2d build_boot/system_stm32f1xx.o
 .ARM.attributes
                0x00000185       0x2d build_boot/stm32f1xx_hal.o
 .ARM.attributes
                0x000001b2       0x2d build_boot/stm32f1xx_hal_gpio.o
 .ARM.attributes
                0x000001df       0x2d build_boot/stm32f1xx_hal_flash.o
 .ARM.attributes
                0x0000020c       0x2d build_boot/stm32f1xx_hal_flash_ex.o
 .ARM.attributes
                0x00000239       0x21 build_boot/startup_stm32f103xb.o
 .ARM.attributes
                0x0000025a       0x2d D:/stm32tools/arm-none-eabi-gcc/14.2.1-1.1.1/.content/bin/../lib/gcc/arm-none-eabi/14.2.1/../../../../arm-none-eabi/lib/thumb/v7-m/nofp\libc_nano.a(libc_a-memset.o)
 .ARM.attributes
                0x00000287       0x2d D:/stm32tools/arm-none-eabi-gcc/14.2.1-1.1.1/.content/bin/../lib/gcc/arm-none-eabi/14.2.1/../../../../arm-none-eabi/lib/thumb/v7-m/nofp\libc_nano.a(libc_a-init.o)
 .ARM.attributes
                0x000002b4       0x1d D:/stm32tools/arm-none-eabi-gcc/14.2.1-1.1.1/.content/bin/../lib/gcc/arm-none-eabi/14.2.1/thumb/v7-m/nofp/crtn.o
OUTPUT(build_boot/bootloader.elf elf32-littlearm)
LOAD linker stubs
LOAD D:/stm32tools/arm-none-eabi-gcc/14.2.1-1.1.1/.content/bin/../lib/gcc/arm-none-eabi/14.2.1/../../../../arm-none-eabi/lib/thumb/v7-m/nofp\libc.a
LOAD D:/stm32tools/arm-none-eabi-gcc/14.2.1-1.1.1/.content/bin/../lib/gcc/arm-none-eabi/14.2.1/../../../../arm-none-eabi/lib/thumb/v7-m/nofp\libm.a
LOAD D:/stm32tools/arm-none-eabi-gcc/14.2.1-1.1.1/.content/bin/../lib/gcc/arm-none-eabi/14.2.1/thumb/v7-m/nofp\libgcc.a

.comment        0x00000000       0x39
 .comment       0x00000000       0x39 D:/stm32tools/arm-none-eabi-gcc/14.2.1-1.1.1/.content/bin/../lib/gcc/arm-none-eabi/14.2.1/thumb/v7-m/nofp/crtbegin.o
                                 0x3a (size before relaxing)
 .comment       0x00000039       0x3a build_boot/boot_main.o
 .comment       0x00000039       0x3a build_boot/boot_flash.o
 .comment       0x00000039       0x3a build_boot/boot_spi.o
 .comment       0x00000039       0x3a build_boot/bsp_i2c.o
 .comment       0x00000039       0x3a build_boot/at24c02.o
 .comment       0x00000039       0x3a build_boot/w25q64.o
 .comment       0x00000039       0x3a build_boot/system_stm32f1xx.o
 .comment       0x00000039       0x3a build_boot/stm32f1xx_hal.o
 .comment       0x00000039       0x3a build_boot/stm32f1xx_hal_gpio.o
 .comment       0x00000039       0x3a build_boot/stm32f1xx_hal_flash.o
 .comment       0x00000039       0x3a build_boot/stm32f1xx_hal_flash_ex.o
 .comment       0x00000039       0x3a D:/stm32tools/arm-none-eabi-gcc/14.2.1-1.1.1/.content/bin/../lib/gcc/arm-none-eabi/14.2.1/../../../../arm-none-eabi/lib/thumb/v7-m/nofp\libc_nano.a(libc_a-memset.o)
 .comment       0x00000039       0x3a D:/stm32tools/arm-none-eabi-gcc/14.2.1-1.1.1/.content/bin/../lib/gcc/arm-none-eabi/14.2.1/../../../../arm-none-eabi/lib/thumb/v7-m/nofp\libc_nano.a(libc_a-init.o)

.debug_info     0x00000000     0x4fae
 .debug_info    0x00000000      0x9a7 build_boot/boot_main.o
 .debug_info    0x000009a7      0x551 build_boot/boot_flash.o
 .debug_info    0x00000ef8      0x436 build_boot/boot_spi.o
 .debug_info    0x0000132e      0x633 build_boot/bsp_i2c.o
 .debug_info    0x00001961      0x6e9 build_boot/at24c02.o
 .debug_info    0x0000204a      0x986 build_boot/w25q64.o
 .debug_info    0x000029d0      0x26e build_boot/system_stm32f1xx.o
 .debug_info    0x00002c3e      0x8b2 build_boot/stm32f1xx_hal.o
 .debug_info    0x000034f0      0x6e1 build_boot/stm32f1xx_hal_gpio.o
 .debug_info    0x00003bd1      0x713 build_boot/stm32f1xx_hal_flash.o
 .debug_info    0x000042e4      0xc9a build_boot/stm32f1xx_hal_flash_ex.o
 .debug_info    0x00004f7e       0x30 build_boot/startup_stm32f103xb.o

.debug_abbrev   0x00000000     0x1a27
 .debug_abbrev  0x00000000      0x2c3 build_boot/boot_main.o
 .debug_abbrev  0x000002c3      0x238 build_boot/boot_flash.o
 .debug_abbrev  0x000004fb      0x1c6 build_boot/boot_spi.o
 .debug_abbrev  0x000006c1      0x1cb build_boot/bsp_i2c.o
 .debug_abbrev  0x0000088c      0x237 build_boot/at24c02.o
 .debug_abbrev  0x00000ac3      0x30e build_boot/w25q64.o
 .debug_abbrev  0x00000dd1      0x140 build_boot/system_stm32f1xx.o
 .debug_abbrev  0x00000f11      0x276 build_boot/stm32f1xx_hal.o
 .debug_abbrev  0x00001187      0x22c build_boot/stm32f1xx_hal_gpio.o
 .debug_abbrev  0x000013b3      0x344 build_boot/stm32f1xx_hal_flash.o
 .debug_abbrev  0x000016f7      0x313 build_boot/stm32f1xx_hal_flash_ex.o
 .debug_abbrev  0x00001a0a       0x1d build_boot/startup_stm32f103xb.o

.debug_loc      0x00000000     0x2b7d
 .debug_loc     0x00000000      0x2a0 build_boot/boot_main.o
 .debug_loc     0x000002a0      0x31a build_boot/boot_flash.o
 .debug_loc     0x000005ba       0x5b build_boot/boot_spi.o
 .debug_loc     0x00000615      0x2d7 build_boot/bsp_i2c.o
 .debug_loc     0x000008ec      0x52f build_boot/at24c02.o
 .debug_loc     0x00000e1b      0x7f4 build_boot/w25q64.o
 .debug_loc     0x0000160f       0xfa build_boot/system_stm32f1xx.o
 .debug_loc     0x00001709      0x1eb build_boot/stm32f1xx_hal.o
 .debug_loc     0x000018f4      0x52d build_boot/stm32f1xx_hal_gpio.o
 .debug_loc     0x00001e21      0x423 build_boot/stm32f1xx_hal_flash.o
 .debug_loc     0x00002244      0x939 build_boot/stm32f1xx_hal_flash_ex.o

.debug_aranges  0x00000000      0x428
 .debug_aranges
                0x00000000       0x28 build_boot/boot_main.o
 .debug_aranges
                0x00000028       0x40 build_boot/boot_flash.o
 .debug_aranges
                0x00000068       0x38 build_boot/boot_spi.o
 .debug_aranges
                0x000000a0       0x60 build_boot/bsp_i2c.o
 .debug_aranges
                0x00000100       0x48 build_boot/at24c02.o
 .debug_aranges
                0x00000148       0x80 build_boot/w25q64.o
 .debug_aranges
                0x000001c8       0x28 build_boot/system_stm32f1xx.o
 .debug_aranges
                0x000001f0       0xe0 build_boot/stm32f1xx_hal.o
 .debug_aranges
                0x000002d0       0x58 build_boot/stm32f1xx_hal_gpio.o
 .debug_aranges
                0x00000328       0x80 build_boot/stm32f1xx_hal_flash.o
 .debug_aranges
                0x000003a8       0x58 build_boot/stm32f1xx_hal_flash_ex.o
 .debug_aranges
                0x00000400       0x28 build_boot/startup_stm32f103xb.o

.debug_ranges   0x00000000      0x7f8
 .debug_ranges  0x00000000       0x88 build_boot/boot_main.o
 .debug_ranges  0x00000088       0x30 build_boot/boot_flash.o
 .debug_ranges  0x000000b8       0x90 build_boot/boot_spi.o
 .debug_ranges  0x00000148      0x1d8 build_boot/bsp_i2c.o
 .debug_ranges  0x00000320       0x98 build_boot/at24c02.o
 .debug_ranges  0x000003b8       0xe8 build_boot/w25q64.o
 .debug_ranges  0x000004a0       0x18 build_boot/system_stm32f1xx.o
 .debug_ranges  0x000004b8       0xd0 build_boot/stm32f1xx_hal.o
 .debug_ranges  0x00000588       0x68 build_boot/stm32f1xx_hal_gpio.o
 .debug_ranges  0x000005f0       0xd0 build_boot/stm32f1xx_hal_flash.o
 .debug_ranges  0x000006c0      0x118 build_boot/stm32f1xx_hal_flash_ex.o
 .debug_ranges  0x000007d8       0x20 build_boot/startup_stm32f103xb.o

.debug_line     0x00000000     0x377c
 .debug_line    0x00000000      0x411 build_boot/boot_main.o
 .debug_line    0x00000411      0x43f build_boot/boot_flash.o
 .debug_line    0x00000850      0x291 build_boot/boot_spi.o
 .debug_line    0x00000ae1      0x507 build_boot/bsp_i2c.o
 .debug_line    0x00000fe8      0x559 build_boot/at24c02.o
 .debug_line    0x00001541      0x4cf build_boot/w25q64.o
 .debug_line    0x00001a10      0x20b build_boot/system_stm32f1xx.o
 .debug_line    0x00001c1b      0x539 build_boot/stm32f1xx_hal.o
 .debug_line    0x00002154      0x569 build_boot/stm32f1xx_hal_gpio.o
 .debug_line    0x000026bd      0x767 build_boot/stm32f1xx_hal_flash.o
 .debug_line    0x00002e24      0x8e7 build_boot/stm32f1xx_hal_flash_ex.o
 .debug_line    0x0000370b       0x71 build_boot/startup_stm32f103xb.o

.debug_str      0x00000000     0x148b
 .debug_str     0x00000000     0x148b build_boot/boot_main.o
                                0x390 (size before relaxing)
 .debug_str     0x0000148b      0x2fc build_boot/boot_flash.o
 .debug_str     0x0000148b      0x270 build_boot/boot_spi.o
 .debug_str     0x0000148b      0x271 build_boot/bsp_i2c.o
 .debug_str     0x0000148b      0x286 build_boot/at24c02.o
 .debug_str     0x0000148b      0x309 build_boot/w25q64.o
 .debug_str     0x0000148b      0x20e build_boot/system_stm32f1xx.o
 .debug_str     0x0000148b      0x7e8 build_boot/stm32f1xx_hal.o
 .debug_str     0x0000148b      0x3ba build_boot/stm32f1xx_hal_gpio.o
 .debug_str     0x0000148b      0x4e9 build_boot/stm32f1xx_hal_flash.o
 .debug_str     0x0000148b      0x5ff build_boot/stm32f1xx_hal_flash_ex.o
 .debug_str     0x0000148b       0x45 build_boot/startup_stm32f103xb.o

.debug_frame    0x00000000      0x984
 .debug_frame   0x00000000       0x48 build_boot/boot_main.o
 .debug_frame   0x00000048       0x90 build_boot/boot_flash.o
 .debug_frame   0x000000d8       0x60 build_boot/boot_spi.o
 .debug_frame   0x00000138      0x10c build_boot/bsp_i2c.o
 .debug_frame   0x00000244       0xcc build_boot/at24c02.o
 .debug_frame   0x00000310      0x1a0 build_boot/w25q64.o
 .debug_frame   0x000004b0       0x30 build_boot/system_stm32f1xx.o
 .debug_frame   0x000004e0      0x1d4 build_boot/stm32f1xx_hal.o
 .debug_frame   0x000006b4       0xd8 build_boot/stm32f1xx_hal_gpio.o
 .debug_frame   0x0000078c      0x11c build_boot/stm32f1xx_hal_flash.o
 .debug_frame   0x000008a8       0xdc build_boot/stm32f1xx_hal_flash_ex.o

Cross Reference Table

Symbol                                            File
ADC1_2_IRQHandler                                 build_boot/startup_stm32f103xb.o
AHBPrescTable                                     build_boot/system_stm32f1xx.o
                                                  build_boot/stm32f1xx_hal_rcc.o
APBPrescTable                                     build_boot/system_stm32f1xx.o
                                                  build_boot/stm32f1xx_hal_rcc.o
AT24C02_Init                                      build_boot/at24c02.o
                                                  build_boot/boot_main.o
AT24C02_ReadBuf                                   build_boot/at24c02.o
                                                  build_boot/boot_main.o
AT24C02_ReadByte                                  build_boot/at24c02.o
                                                  build_boot/boot_main.o
AT24C02_WriteBuf                                  build_boot/at24c02.o
AT24C02_WriteByte                                 build_boot/at24c02.o
                                                  build_boot/boot_main.o
Boot_CheckAppValid                                build_boot/boot_flash.o
                                                  build_boot/boot_main.o
Boot_EraseAppArea                                 build_boot/boot_flash.o
                                                  build_boot/boot_main.o
Boot_FlashReadWord                                build_boot/boot_flash.o
Boot_FlashWriteBuf                                build_boot/boot_flash.o
                                                  build_boot/boot_main.o
Boot_FlashWriteWord                               build_boot/boot_flash.o
Boot_SPI_CS_High                                  build_boot/boot_spi.o
                                                  build_boot/w25q64.o
Boot_SPI_CS_Low                                   build_boot/boot_spi.o
                                                  build_boot/w25q64.o
Boot_SPI_Init                                     build_boot/boot_spi.o
                                                  build_boot/w25q64.o
Boot_SPI_Transfer                                 build_boot/boot_spi.o
                                                  build_boot/w25q64.o
BusFault_Handler                                  build_boot/startup_stm32f103xb.o
CAN1_RX1_IRQHandler                               build_boot/startup_stm32f103xb.o
CAN1_SCE_IRQHandler                               build_boot/startup_stm32f103xb.o
DMA1_Channel1_IRQHandler                          build_boot/startup_stm32f103xb.o
DMA1_Channel2_IRQHandler                          build_boot/startup_stm32f103xb.o
DMA1_Channel3_IRQHandler                          build_boot/startup_stm32f103xb.o
DMA1_Channel4_IRQHandler                          build_boot/startup_stm32f103xb.o
DMA1_Channel5_IRQHandler                          build_boot/startup_stm32f103xb.o
DMA1_Channel6_IRQHandler                          build_boot/startup_stm32f103xb.o
DMA1_Channel7_IRQHandler                          build_boot/startup_stm32f103xb.o
DebugMon_Handler                                  build_boot/startup_stm32f103xb.o
Default_Handler                                   build_boot/startup_stm32f103xb.o
EXTI0_IRQHandler                                  build_boot/startup_stm32f103xb.o
EXTI15_10_IRQHandler                              build_boot/startup_stm32f103xb.o
EXTI1_IRQHandler                                  build_boot/startup_stm32f103xb.o
EXTI2_IRQHandler                                  build_boot/startup_stm32f103xb.o
EXTI3_IRQHandler                                  build_boot/startup_stm32f103xb.o
EXTI4_IRQHandler                                  build_boot/startup_stm32f103xb.o
EXTI9_5_IRQHandler                                build_boot/startup_stm32f103xb.o
FLASH_IRQHandler                                  build_boot/startup_stm32f103xb.o
FLASH_PageErase                                   build_boot/stm32f1xx_hal_flash_ex.o
                                                  build_boot/stm32f1xx_hal_flash.o
FLASH_WaitForLastOperation                        build_boot/stm32f1xx_hal_flash.o
                                                  build_boot/stm32f1xx_hal_flash_ex.o
HAL_DBGMCU_DisableDBGSleepMode                    build_boot/stm32f1xx_hal.o
HAL_DBGMCU_DisableDBGStandbyMode                  build_boot/stm32f1xx_hal.o
HAL_DBGMCU_DisableDBGStopMode                     build_boot/stm32f1xx_hal.o
HAL_DBGMCU_EnableDBGSleepMode                     build_boot/stm32f1xx_hal.o
HAL_DBGMCU_EnableDBGStandbyMode                   build_boot/stm32f1xx_hal.o
HAL_DBGMCU_EnableDBGStopMode                      build_boot/stm32f1xx_hal.o
HAL_DeInit                                        build_boot/stm32f1xx_hal.o
HAL_Delay                                         build_boot/stm32f1xx_hal.o
HAL_FLASHEx_Erase                                 build_boot/stm32f1xx_hal_flash_ex.o
                                                  build_boot/boot_flash.o
HAL_FLASHEx_Erase_IT                              build_boot/stm32f1xx_hal_flash_ex.o
HAL_FLASHEx_OBErase                               build_boot/stm32f1xx_hal_flash_ex.o
HAL_FLASHEx_OBGetConfig                           build_boot/stm32f1xx_hal_flash_ex.o
HAL_FLASHEx_OBGetUserData                         build_boot/stm32f1xx_hal_flash_ex.o
HAL_FLASHEx_OBProgram                             build_boot/stm32f1xx_hal_flash_ex.o
HAL_FLASH_EndOfOperationCallback                  build_boot/stm32f1xx_hal_flash.o
HAL_FLASH_GetError                                build_boot/stm32f1xx_hal_flash.o
HAL_FLASH_IRQHandler                              build_boot/stm32f1xx_hal_flash.o
HAL_FLASH_Lock                                    build_boot/stm32f1xx_hal_flash.o
                                                  build_boot/boot_flash.o
HAL_FLASH_OB_Launch                               build_boot/stm32f1xx_hal_flash.o
HAL_FLASH_OB_Lock                                 build_boot/stm32f1xx_hal_flash.o
HAL_FLASH_OB_Unlock                               build_boot/stm32f1xx_hal_flash.o
HAL_FLASH_OperationErrorCallback                  build_boot/stm32f1xx_hal_flash.o
HAL_FLASH_Program                                 build_boot/stm32f1xx_hal_flash.o
                                                  build_boot/boot_flash.o
HAL_FLASH_Program_IT                              build_boot/stm32f1xx_hal_flash.o
HAL_FLASH_Unlock                                  build_boot/stm32f1xx_hal_flash.o
                                                  build_boot/boot_flash.o
HAL_GPIO_DeInit                                   build_boot/stm32f1xx_hal_gpio.o
HAL_GPIO_EXTI_Callback                            build_boot/stm32f1xx_hal_gpio.o
HAL_GPIO_EXTI_IRQHandler                          build_boot/stm32f1xx_hal_gpio.o
HAL_GPIO_Init                                     build_boot/stm32f1xx_hal_gpio.o
                                                  build_boot/stm32f1xx_hal_rcc.o
                                                  build_boot/w25q64.o
                                                  build_boot/bsp_i2c.o
                                                  build_boot/boot_spi.o
HAL_GPIO_LockPin                                  build_boot/stm32f1xx_hal_gpio.o
HAL_GPIO_ReadPin                                  build_boot/stm32f1xx_hal_gpio.o
HAL_GPIO_TogglePin                                build_boot/stm32f1xx_hal_gpio.o
HAL_GPIO_WritePin                                 build_boot/stm32f1xx_hal_gpio.o
HAL_GetDEVID                                      build_boot/stm32f1xx_hal.o
HAL_GetHalVersion                                 build_boot/stm32f1xx_hal.o
HAL_GetREVID                                      build_boot/stm32f1xx_hal.o
HAL_GetTick                                       build_boot/stm32f1xx_hal.o
                                                  build_boot/stm32f1xx_hal_flash.o
                                                  build_boot/stm32f1xx_hal_rcc_ex.o
                                                  build_boot/stm32f1xx_hal_rcc.o
HAL_GetTickFreq                                   build_boot/stm32f1xx_hal.o
HAL_GetTickPrio                                   build_boot/stm32f1xx_hal.o
HAL_GetUIDw0                                      build_boot/stm32f1xx_hal.o
HAL_GetUIDw1                                      build_boot/stm32f1xx_hal.o
HAL_GetUIDw2                                      build_boot/stm32f1xx_hal.o
HAL_IncTick                                       build_boot/stm32f1xx_hal.o
HAL_Init                                          build_boot/stm32f1xx_hal.o
HAL_InitTick                                      build_boot/stm32f1xx_hal.o
                                                  build_boot/stm32f1xx_hal_rcc.o
HAL_MspDeInit                                     build_boot/stm32f1xx_hal.o
HAL_MspInit                                       build_boot/stm32f1xx_hal.o
HAL_NVIC_ClearPendingIRQ                          build_boot/stm32f1xx_hal_cortex.o
HAL_NVIC_DisableIRQ                               build_boot/stm32f1xx_hal_cortex.o
HAL_NVIC_EnableIRQ                                build_boot/stm32f1xx_hal_cortex.o
HAL_NVIC_GetActive                                build_boot/stm32f1xx_hal_cortex.o
HAL_NVIC_GetPendingIRQ                            build_boot/stm32f1xx_hal_cortex.o
HAL_NVIC_GetPriority                              build_boot/stm32f1xx_hal_cortex.o
HAL_NVIC_GetPriorityGrouping                      build_boot/stm32f1xx_hal_cortex.o
HAL_NVIC_SetPendingIRQ                            build_boot/stm32f1xx_hal_cortex.o
HAL_NVIC_SetPriority                              build_boot/stm32f1xx_hal_cortex.o
                                                  build_boot/stm32f1xx_hal.o
HAL_NVIC_SetPriorityGrouping                      build_boot/stm32f1xx_hal_cortex.o
                                                  build_boot/stm32f1xx_hal.o
HAL_NVIC_SystemReset                              build_boot/stm32f1xx_hal_cortex.o
                                                  build_boot/stm32f1xx_hal_flash.o
HAL_RCCEx_GetPeriphCLKConfig                      build_boot/stm32f1xx_hal_rcc_ex.o
HAL_RCCEx_GetPeriphCLKFreq                        build_boot/stm32f1xx_hal_rcc_ex.o
HAL_RCCEx_PeriphCLKConfig                         build_boot/stm32f1xx_hal_rcc_ex.o
HAL_RCC_CSSCallback                               build_boot/stm32f1xx_hal_rcc.o
HAL_RCC_ClockConfig                               build_boot/stm32f1xx_hal_rcc.o
HAL_RCC_DeInit                                    build_boot/stm32f1xx_hal_rcc.o
HAL_RCC_DisableCSS                                build_boot/stm32f1xx_hal_rcc.o
HAL_RCC_EnableCSS                                 build_boot/stm32f1xx_hal_rcc.o
HAL_RCC_GetClockConfig                            build_boot/stm32f1xx_hal_rcc.o
HAL_RCC_GetHCLKFreq                               build_boot/stm32f1xx_hal_rcc.o
HAL_RCC_GetOscConfig                              build_boot/stm32f1xx_hal_rcc.o
HAL_RCC_GetPCLK1Freq                              build_boot/stm32f1xx_hal_rcc.o
HAL_RCC_GetPCLK2Freq                              build_boot/stm32f1xx_hal_rcc.o
                                                  build_boot/stm32f1xx_hal_rcc_ex.o
HAL_RCC_GetSysClockFreq                           build_boot/stm32f1xx_hal_rcc.o
HAL_RCC_MCOConfig                                 build_boot/stm32f1xx_hal_rcc.o
HAL_RCC_NMI_IRQHandler                            build_boot/stm32f1xx_hal_rcc.o
HAL_RCC_OscConfig                                 build_boot/stm32f1xx_hal_rcc.o
HAL_ResumeTick                                    build_boot/stm32f1xx_hal.o
HAL_SYSTICK_CLKSourceConfig                       build_boot/stm32f1xx_hal_cortex.o
HAL_SYSTICK_Callback                              build_boot/stm32f1xx_hal_cortex.o
HAL_SYSTICK_Config                                build_boot/stm32f1xx_hal_cortex.o
                                                  build_boot/stm32f1xx_hal.o
HAL_SYSTICK_IRQHandler                            build_boot/stm32f1xx_hal_cortex.o
HAL_SetTickFreq                                   build_boot/stm32f1xx_hal.o
HAL_SuspendTick                                   build_boot/stm32f1xx_hal.o
HardFault_Handler                                 build_boot/startup_stm32f103xb.o
I2C1_ER_IRQHandler                                build_boot/startup_stm32f103xb.o
I2C1_EV_IRQHandler                                build_boot/startup_stm32f103xb.o
I2C2_ER_IRQHandler                                build_boot/startup_stm32f103xb.o
I2C2_EV_IRQHandler                                build_boot/startup_stm32f103xb.o
MemManage_Handler                                 build_boot/startup_stm32f103xb.o
MyI2C_Init                                        build_boot/bsp_i2c.o
                                                  build_boot/boot_main.o
MyI2C_R_SDA                                       build_boot/bsp_i2c.o
MyI2C_ReadWhoAmI                                  build_boot/bsp_i2c.o
MyI2C_ReciveAck                                   build_boot/bsp_i2c.o
                                                  build_boot/at24c02.o
MyI2C_RecvByte                                    build_boot/bsp_i2c.o
                                                  build_boot/at24c02.o
MyI2C_SendAck                                     build_boot/bsp_i2c.o
MyI2C_SendByte                                    build_boot/bsp_i2c.o
                                                  build_boot/at24c02.o
MyI2C_Start                                       build_boot/bsp_i2c.o
                                                  build_boot/at24c02.o
MyI2C_Stop                                        build_boot/bsp_i2c.o
                                                  build_boot/at24c02.o
NMI_Handler                                       build_boot/startup_stm32f103xb.o
PVD_IRQHandler                                    build_boot/startup_stm32f103xb.o
PendSV_Handler                                    build_boot/startup_stm32f103xb.o
RCC_IRQHandler                                    build_boot/startup_stm32f103xb.o
RTC_Alarm_IRQHandler                              build_boot/startup_stm32f103xb.o
RTC_IRQHandler                                    build_boot/startup_stm32f103xb.o
Reset_Handler                                     build_boot/startup_stm32f103xb.o
SPI1_IRQHandler                                   build_boot/startup_stm32f103xb.o
SPI2_IRQHandler                                   build_boot/startup_stm32f103xb.o
SVC_Handler                                       build_boot/startup_stm32f103xb.o
SysTick_Handler                                   build_boot/startup_stm32f103xb.o
SystemCoreClock                                   build_boot/system_stm32f1xx.o
                                                  build_boot/stm32f1xx_hal_rcc.o
                                                  build_boot/stm32f1xx_hal.o
SystemCoreClockUpdate                             build_boot/system_stm32f1xx.o
SystemInit                                        build_boot/system_stm32f1xx.o
                                                  build_boot/startup_stm32f103xb.o
TAMPER_IRQHandler                                 build_boot/startup_stm32f103xb.o
TIM1_BRK_IRQHandler                               build_boot/startup_stm32f103xb.o
TIM1_CC_IRQHandler                                build_boot/startup_stm32f103xb.o
TIM1_TRG_COM_IRQHandler                           build_boot/startup_stm32f103xb.o
TIM1_UP_IRQHandler                                build_boot/startup_stm32f103xb.o
TIM2_IRQHandler                                   build_boot/startup_stm32f103xb.o
TIM3_IRQHandler                                   build_boot/startup_stm32f103xb.o
TIM4_IRQHandler                                   build_boot/startup_stm32f103xb.o
USART1_IRQHandler                                 build_boot/startup_stm32f103xb.o
USART2_IRQHandler                                 build_boot/startup_stm32f103xb.o
USART3_IRQHandler                                 build_boot/startup_stm32f103xb.o
USBWakeUp_IRQHandler                              build_boot/startup_stm32f103xb.o
USB_HP_CAN1_TX_IRQHandler                         build_boot/startup_stm32f103xb.o
USB_LP_CAN1_RX0_IRQHandler                        build_boot/startup_stm32f103xb.o
UsageFault_Handler                                build_boot/startup_stm32f103xb.o
W25Q64_BlockErase                                 build_boot/w25q64.o
W25Q64_CRC32                                      build_boot/w25q64.o
                                                  build_boot/boot_main.o
W25Q64_ChipErase                                  build_boot/w25q64.o
W25Q64_Init                                       build_boot/w25q64.o
W25Q64_PageProgram                                build_boot/w25q64.o
W25Q64_Read                                       build_boot/w25q64.o
                                                  build_boot/boot_main.o
W25Q64_ReadJEDEC_ID                               build_boot/w25q64.o
W25Q64_ReadSR                                     build_boot/w25q64.o
W25Q64_SectorErase                                build_boot/w25q64.o
W25Q64_WaitBusy                                   build_boot/w25q64.o
W25Q64_Write                                      build_boot/w25q64.o
W25Q64_WriteEnable                                build_boot/w25q64.o
WWDG_IRQHandler                                   build_boot/startup_stm32f103xb.o
__atexit                                          D:/stm32tools/arm-none-eabi-gcc/14.2.1-1.1.1/.content/bin/../lib/gcc/arm-none-eabi/14.2.1/../../../../arm-none-eabi/lib/thumb/v7-m/nofp\libc_nano.a(libc_a-__call_atexit.o)
                                                  D:/stm32tools/arm-none-eabi-gcc/14.2.1-1.1.1/.content/bin/../lib/gcc/arm-none-eabi/14.2.1/../../../../arm-none-eabi/lib/thumb/v7-m/nofp\libc_nano.a(libc_a-__atexit.o)
__atexit0                                         D:/stm32tools/arm-none-eabi-gcc/14.2.1-1.1.1/.content/bin/../lib/gcc/arm-none-eabi/14.2.1/../../../../arm-none-eabi/lib/thumb/v7-m/nofp\libc_nano.a(libc_a-__atexit.o)
__atexit_dummy                                    D:/stm32tools/arm-none-eabi-gcc/14.2.1-1.1.1/.content/bin/../lib/gcc/arm-none-eabi/14.2.1/../../../../arm-none-eabi/lib/thumb/v7-m/nofp\libc_nano.a(libc_a-__atexit.o)
__atexit_recursive_mutex                          D:/stm32tools/arm-none-eabi-gcc/14.2.1-1.1.1/.content/bin/../lib/gcc/arm-none-eabi/14.2.1/../../../../arm-none-eabi/lib/thumb/v7-m/nofp\libc_nano.a(libc_a-__call_atexit.o)
                                                  D:/stm32tools/arm-none-eabi-gcc/14.2.1-1.1.1/.content/bin/../lib/gcc/arm-none-eabi/14.2.1/../../../../arm-none-eabi/lib/thumb/v7-m/nofp\libc_nano.a(libc_a-__atexit.o)
__bss_end__                                       D:/stm32tools/arm-none-eabi-gcc/14.2.1-1.1.1/.content/bin/../lib/gcc/arm-none-eabi/14.2.1/../../../../arm-none-eabi/lib/thumb/v7-m/nofp/crt0.o
__bss_start__                                     D:/stm32tools/arm-none-eabi-gcc/14.2.1-1.1.1/.content/bin/../lib/gcc/arm-none-eabi/14.2.1/../../../../arm-none-eabi/lib/thumb/v7-m/nofp/crt0.o
__call_exitprocs                                  D:/stm32tools/arm-none-eabi-gcc/14.2.1-1.1.1/.content/bin/../lib/gcc/arm-none-eabi/14.2.1/../../../../arm-none-eabi/lib/thumb/v7-m/nofp\libc_nano.a(libc_a-__call_atexit.o)
                                                  D:/stm32tools/arm-none-eabi-gcc/14.2.1-1.1.1/.content/bin/../lib/gcc/arm-none-eabi/14.2.1/../../../../arm-none-eabi/lib/thumb/v7-m/nofp\libc_nano.a(libc_a-__atexit.o)
                                                  D:/stm32tools/arm-none-eabi-gcc/14.2.1-1.1.1/.content/bin/../lib/gcc/arm-none-eabi/14.2.1/../../../../arm-none-eabi/lib/thumb/v7-m/nofp\libc_nano.a(libc_a-exit.o)
__deregister_frame_info                           D:/stm32tools/arm-none-eabi-gcc/14.2.1-1.1.1/.content/bin/../lib/gcc/arm-none-eabi/14.2.1/thumb/v7-m/nofp/crtbegin.o
__dso_handle                                      D:/stm32tools/arm-none-eabi-gcc/14.2.1-1.1.1/.content/bin/../lib/gcc/arm-none-eabi/14.2.1/thumb/v7-m/nofp/crtbegin.o
__fini_array_end                                  D:/stm32tools/arm-none-eabi-gcc/14.2.1-1.1.1/.content/bin/../lib/gcc/arm-none-eabi/14.2.1/../../../../arm-none-eabi/lib/thumb/v7-m/nofp\libc_nano.a(libc_a-fini.o)
__fini_array_start                                D:/stm32tools/arm-none-eabi-gcc/14.2.1-1.1.1/.content/bin/../lib/gcc/arm-none-eabi/14.2.1/../../../../arm-none-eabi/lib/thumb/v7-m/nofp\libc_nano.a(libc_a-fini.o)
__fp_lock_all                                     D:/stm32tools/arm-none-eabi-gcc/14.2.1-1.1.1/.content/bin/../lib/gcc/arm-none-eabi/14.2.1/../../../../arm-none-eabi/lib/thumb/v7-m/nofp\libc_nano.a(libc_a-findfp.o)
__fp_unlock_all                                   D:/stm32tools/arm-none-eabi-gcc/14.2.1-1.1.1/.content/bin/../lib/gcc/arm-none-eabi/14.2.1/../../../../arm-none-eabi/lib/thumb/v7-m/nofp\libc_nano.a(libc_a-findfp.o)
__init_array_end                                  D:/stm32tools/arm-none-eabi-gcc/14.2.1-1.1.1/.content/bin/../lib/gcc/arm-none-eabi/14.2.1/../../../../arm-none-eabi/lib/thumb/v7-m/nofp\libc_nano.a(libc_a-init.o)
__init_array_start                                D:/stm32tools/arm-none-eabi-gcc/14.2.1-1.1.1/.content/bin/../lib/gcc/arm-none-eabi/14.2.1/../../../../arm-none-eabi/lib/thumb/v7-m/nofp\libc_nano.a(libc_a-init.o)
__libc_fini_array                                 D:/stm32tools/arm-none-eabi-gcc/14.2.1-1.1.1/.content/bin/../lib/gcc/arm-none-eabi/14.2.1/../../../../arm-none-eabi/lib/thumb/v7-m/nofp\libc_nano.a(libc_a-fini.o)
                                                  D:/stm32tools/arm-none-eabi-gcc/14.2.1-1.1.1/.content/bin/../lib/gcc/arm-none-eabi/14.2.1/../../../../arm-none-eabi/lib/thumb/v7-m/nofp/crt0.o
__libc_init_array                                 D:/stm32tools/arm-none-eabi-gcc/14.2.1-1.1.1/.content/bin/../lib/gcc/arm-none-eabi/14.2.1/../../../../arm-none-eabi/lib/thumb/v7-m/nofp\libc_nano.a(libc_a-init.o)
                                                  build_boot/startup_stm32f103xb.o
                                                  D:/stm32tools/arm-none-eabi-gcc/14.2.1-1.1.1/.content/bin/../lib/gcc/arm-none-eabi/14.2.1/../../../../arm-none-eabi/lib/thumb/v7-m/nofp/crt0.o
__lock___arc4random_mutex                         D:/stm32tools/arm-none-eabi-gcc/14.2.1-1.1.1/.content/bin/../lib/gcc/arm-none-eabi/14.2.1/../../../../arm-none-eabi/lib/thumb/v7-m/nofp\libc_nano.a(libc_a-lock.o)
__lock___at_quick_exit_mutex                      D:/stm32tools/arm-none-eabi-gcc/14.2.1-1.1.1/.content/bin/../lib/gcc/arm-none-eabi/14.2.1/../../../../arm-none-eabi/lib/thumb/v7-m/nofp\libc_nano.a(libc_a-lock.o)
__lock___atexit_recursive_mutex                   D:/stm32tools/arm-none-eabi-gcc/14.2.1-1.1.1/.content/bin/../lib/gcc/arm-none-eabi/14.2.1/../../../../arm-none-eabi/lib/thumb/v7-m/nofp\libc_nano.a(libc_a-lock.o)
                                                  D:/stm32tools/arm-none-eabi-gcc/14.2.1-1.1.1/.content/bin/../lib/gcc/arm-none-eabi/14.2.1/../../../../arm-none-eabi/lib/thumb/v7-m/nofp\libc_nano.a(libc_a-__call_atexit.o)
__lock___dd_hash_mutex                            D:/stm32tools/arm-none-eabi-gcc/14.2.1-1.1.1/.content/bin/../lib/gcc/arm-none-eabi/14.2.1/../../../../arm-none-eabi/lib/thumb/v7-m/nofp\libc_nano.a(libc_a-lock.o)
__lock___env_recursive_mutex                      D:/stm32tools/arm-none-eabi-gcc/14.2.1-1.1.1/.content/bin/../lib/gcc/arm-none-eabi/14.2.1/../../../../arm-none-eabi/lib/thumb/v7-m/nofp\libc_nano.a(libc_a-lock.o)
__lock___malloc_recursive_mutex                   D:/stm32tools/arm-none-eabi-gcc/14.2.1-1.1.1/.content/bin/../lib/gcc/arm-none-eabi/14.2.1/../../../../arm-none-eabi/lib/thumb/v7-m/nofp\libc_nano.a(libc_a-lock.o)
                                                  D:/stm32tools/arm-none-eabi-gcc/14.2.1-1.1.1/.content/bin/../lib/gcc/arm-none-eabi/14.2.1/../../../../arm-none-eabi/lib/thumb/v7-m/nofp\libc_nano.a(libc_a-mlock.o)
__lock___sfp_recursive_mutex                      D:/stm32tools/arm-none-eabi-gcc/14.2.1-1.1.1/.content/bin/../lib/gcc/arm-none-eabi/14.2.1/../../../../arm-none-eabi/lib/thumb/v7-m/nofp\libc_nano.a(libc_a-lock.o)
                                                  D:/stm32tools/arm-none-eabi-gcc/14.2.1-1.1.1/.content/bin/../lib/gcc/arm-none-eabi/14.2.1/../../../../arm-none-eabi/lib/thumb/v7-m/nofp\libc_nano.a(libc_a-findfp.o)
__lock___tz_mutex                                 D:/stm32tools/arm-none-eabi-gcc/14.2.1-1.1.1/.content/bin/../lib/gcc/arm-none-eabi/14.2.1/../../../../arm-none-eabi/lib/thumb/v7-m/nofp\libc_nano.a(libc_a-lock.o)
__malloc_free_list                                D:/stm32tools/arm-none-eabi-gcc/14.2.1-1.1.1/.content/bin/../lib/gcc/arm-none-eabi/14.2.1/../../../../arm-none-eabi/lib/thumb/v7-m/nofp\libc_nano.a(libc_a-mallocr.o)
                                                  D:/stm32tools/arm-none-eabi-gcc/14.2.1-1.1.1/.content/bin/../lib/gcc/arm-none-eabi/14.2.1/../../../../arm-none-eabi/lib/thumb/v7-m/nofp\libc_nano.a(libc_a-freer.o)
__malloc_lock                                     D:/stm32tools/arm-none-eabi-gcc/14.2.1-1.1.1/.content/bin/../lib/gcc/arm-none-eabi/14.2.1/../../../../arm-none-eabi/lib/thumb/v7-m/nofp\libc_nano.a(libc_a-mlock.o)
                                                  D:/stm32tools/arm-none-eabi-gcc/14.2.1-1.1.1/.content/bin/../lib/gcc/arm-none-eabi/14.2.1/../../../../arm-none-eabi/lib/thumb/v7-m/nofp\libc_nano.a(libc_a-mallocr.o)
                                                  D:/stm32tools/arm-none-eabi-gcc/14.2.1-1.1.1/.content/bin/../lib/gcc/arm-none-eabi/14.2.1/../../../../arm-none-eabi/lib/thumb/v7-m/nofp\libc_nano.a(libc_a-freer.o)
__malloc_sbrk_start                               D:/stm32tools/arm-none-eabi-gcc/14.2.1-1.1.1/.content/bin/../lib/gcc/arm-none-eabi/14.2.1/../../../../arm-none-eabi/lib/thumb/v7-m/nofp\libc_nano.a(libc_a-mallocr.o)
__malloc_unlock                                   D:/stm32tools/arm-none-eabi-gcc/14.2.1-1.1.1/.content/bin/../lib/gcc/arm-none-eabi/14.2.1/../../../../arm-none-eabi/lib/thumb/v7-m/nofp\libc_nano.a(libc_a-mlock.o)
                                                  D:/stm32tools/arm-none-eabi-gcc/14.2.1-1.1.1/.content/bin/../lib/gcc/arm-none-eabi/14.2.1/../../../../arm-none-eabi/lib/thumb/v7-m/nofp\libc_nano.a(libc_a-mallocr.o)
                                                  D:/stm32tools/arm-none-eabi-gcc/14.2.1-1.1.1/.content/bin/../lib/gcc/arm-none-eabi/14.2.1/../../../../arm-none-eabi/lib/thumb/v7-m/nofp\libc_nano.a(libc_a-freer.o)
__on_exit_args                                    D:/stm32tools/arm-none-eabi-gcc/14.2.1-1.1.1/.content/bin/../lib/gcc/arm-none-eabi/14.2.1/../../../../arm-none-eabi/lib/thumb/v7-m/nofp\libc_nano.a(libc_a-__atexit.o)
__preinit_array_end                               D:/stm32tools/arm-none-eabi-gcc/14.2.1-1.1.1/.content/bin/../lib/gcc/arm-none-eabi/14.2.1/../../../../arm-none-eabi/lib/thumb/v7-m/nofp\libc_nano.a(libc_a-init.o)
__preinit_array_start                             D:/stm32tools/arm-none-eabi-gcc/14.2.1-1.1.1/.content/bin/../lib/gcc/arm-none-eabi/14.2.1/../../../../arm-none-eabi/lib/thumb/v7-m/nofp\libc_nano.a(libc_a-init.o)
__register_exitproc                               D:/stm32tools/arm-none-eabi-gcc/14.2.1-1.1.1/.content/bin/../lib/gcc/arm-none-eabi/14.2.1/../../../../arm-none-eabi/lib/thumb/v7-m/nofp\libc_nano.a(libc_a-__atexit.o)
                                                  D:/stm32tools/arm-none-eabi-gcc/14.2.1-1.1.1/.content/bin/../lib/gcc/arm-none-eabi/14.2.1/../../../../arm-none-eabi/lib/thumb/v7-m/nofp\libc_nano.a(libc_a-atexit.o)
__register_frame_info                             D:/stm32tools/arm-none-eabi-gcc/14.2.1-1.1.1/.content/bin/../lib/gcc/arm-none-eabi/14.2.1/thumb/v7-m/nofp/crtbegin.o
__retarget_lock_acquire                           D:/stm32tools/arm-none-eabi-gcc/14.2.1-1.1.1/.content/bin/../lib/gcc/arm-none-eabi/14.2.1/../../../../arm-none-eabi/lib/thumb/v7-m/nofp\libc_nano.a(libc_a-lock.o)
__retarget_lock_acquire_recursive                 D:/stm32tools/arm-none-eabi-gcc/14.2.1-1.1.1/.content/bin/../lib/gcc/arm-none-eabi/14.2.1/../../../../arm-none-eabi/lib/thumb/v7-m/nofp\libc_nano.a(libc_a-lock.o)
                                                  D:/stm32tools/arm-none-eabi-gcc/14.2.1-1.1.1/.content/bin/../lib/gcc/arm-none-eabi/14.2.1/../../../../arm-none-eabi/lib/thumb/v7-m/nofp\libc_nano.a(libc_a-fflush.o)
                                                  D:/stm32tools/arm-none-eabi-gcc/14.2.1-1.1.1/.content/bin/../lib/gcc/arm-none-eabi/14.2.1/../../../../arm-none-eabi/lib/thumb/v7-m/nofp\libc_nano.a(libc_a-mlock.o)
                                                  D:/stm32tools/arm-none-eabi-gcc/14.2.1-1.1.1/.content/bin/../lib/gcc/arm-none-eabi/14.2.1/../../../../arm-none-eabi/lib/thumb/v7-m/nofp\libc_nano.a(libc_a-__call_atexit.o)
                                                  D:/stm32tools/arm-none-eabi-gcc/14.2.1-1.1.1/.content/bin/../lib/gcc/arm-none-eabi/14.2.1/../../../../arm-none-eabi/lib/thumb/v7-m/nofp\libc_nano.a(libc_a-__atexit.o)
                                                  D:/stm32tools/arm-none-eabi-gcc/14.2.1-1.1.1/.content/bin/../lib/gcc/arm-none-eabi/14.2.1/../../../../arm-none-eabi/lib/thumb/v7-m/nofp\libc_nano.a(libc_a-findfp.o)
__retarget_lock_close                             D:/stm32tools/arm-none-eabi-gcc/14.2.1-1.1.1/.content/bin/../lib/gcc/arm-none-eabi/14.2.1/../../../../arm-none-eabi/lib/thumb/v7-m/nofp\libc_nano.a(libc_a-lock.o)
__retarget_lock_close_recursive                   D:/stm32tools/arm-none-eabi-gcc/14.2.1-1.1.1/.content/bin/../lib/gcc/arm-none-eabi/14.2.1/../../../../arm-none-eabi/lib/thumb/v7-m/nofp\libc_nano.a(libc_a-lock.o)
__retarget_lock_init                              D:/stm32tools/arm-none-eabi-gcc/14.2.1-1.1.1/.content/bin/../lib/gcc/arm-none-eabi/14.2.1/../../../../arm-none-eabi/lib/thumb/v7-m/nofp\libc_nano.a(libc_a-lock.o)
__retarget_lock_init_recursive                    D:/stm32tools/arm-none-eabi-gcc/14.2.1-1.1.1/.content/bin/../lib/gcc/arm-none-eabi/14.2.1/../../../../arm-none-eabi/lib/thumb/v7-m/nofp\libc_nano.a(libc_a-lock.o)
                                                  D:/stm32tools/arm-none-eabi-gcc/14.2.1-1.1.1/.content/bin/../lib/gcc/arm-none-eabi/14.2.1/../../../../arm-none-eabi/lib/thumb/v7-m/nofp\libc_nano.a(libc_a-findfp.o)
__retarget_lock_release                           D:/stm32tools/arm-none-eabi-gcc/14.2.1-1.1.1/.content/bin/../lib/gcc/arm-none-eabi/14.2.1/../../../../arm-none-eabi/lib/thumb/v7-m/nofp\libc_nano.a(libc_a-lock.o)
__retarget_lock_release_recursive                 D:/stm32tools/arm-none-eabi-gcc/14.2.1-1.1.1/.content/bin/../lib/gcc/arm-none-eabi/14.2.1/../../../../arm-none-eabi/lib/thumb/v7-m/nofp\libc_nano.a(libc_a-lock.o)
                                                  D:/stm32tools/arm-none-eabi-gcc/14.2.1-1.1.1/.content/bin/../lib/gcc/arm-none-eabi/14.2.1/../../../../arm-none-eabi/lib/thumb/v7-m/nofp\libc_nano.a(libc_a-fflush.o)
                                                  D:/stm32tools/arm-none-eabi-gcc/14.2.1-1.1.1/.content/bin/../lib/gcc/arm-none-eabi/14.2.1/../../../../arm-none-eabi/lib/thumb/v7-m/nofp\libc_nano.a(libc_a-mlock.o)
                                                  D:/stm32tools/arm-none-eabi-gcc/14.2.1-1.1.1/.content/bin/../lib/gcc/arm-none-eabi/14.2.1/../../../../arm-none-eabi/lib/thumb/v7-m/nofp\libc_nano.a(libc_a-__call_atexit.o)
                                                  D:/stm32tools/arm-none-eabi-gcc/14.2.1-1.1.1/.content/bin/../lib/gcc/arm-none-eabi/14.2.1/../../../../arm-none-eabi/lib/thumb/v7-m/nofp\libc_nano.a(libc_a-__atexit.o)
                                                  D:/stm32tools/arm-none-eabi-gcc/14.2.1-1.1.1/.content/bin/../lib/gcc/arm-none-eabi/14.2.1/../../../../arm-none-eabi/lib/thumb/v7-m/nofp\libc_nano.a(libc_a-findfp.o)
__retarget_lock_try_acquire                       D:/stm32tools/arm-none-eabi-gcc/14.2.1-1.1.1/.content/bin/../lib/gcc/arm-none-eabi/14.2.1/../../../../arm-none-eabi/lib/thumb/v7-m/nofp\libc_nano.a(libc_a-lock.o)
__retarget_lock_try_acquire_recursive             D:/stm32tools/arm-none-eabi-gcc/14.2.1-1.1.1/.content/bin/../lib/gcc/arm-none-eabi/14.2.1/../../../../arm-none-eabi/lib/thumb/v7-m/nofp\libc_nano.a(libc_a-lock.o)
__sclose                                          D:/stm32tools/arm-none-eabi-gcc/14.2.1-1.1.1/.content/bin/../lib/gcc/arm-none-eabi/14.2.1/../../../../arm-none-eabi/lib/thumb/v7-m/nofp\libc_nano.a(libc_a-stdio.o)
                                                  D:/stm32tools/arm-none-eabi-gcc/14.2.1-1.1.1/.content/bin/../lib/gcc/arm-none-eabi/14.2.1/../../../../arm-none-eabi/lib/thumb/v7-m/nofp\libc_nano.a(libc_a-findfp.o)
__seofread                                        D:/stm32tools/arm-none-eabi-gcc/14.2.1-1.1.1/.content/bin/../lib/gcc/arm-none-eabi/14.2.1/../../../../arm-none-eabi/lib/thumb/v7-m/nofp\libc_nano.a(libc_a-stdio.o)
__sf                                              D:/stm32tools/arm-none-eabi-gcc/14.2.1-1.1.1/.content/bin/../lib/gcc/arm-none-eabi/14.2.1/../../../../arm-none-eabi/lib/thumb/v7-m/nofp\libc_nano.a(libc_a-findfp.o)
                                                  D:/stm32tools/arm-none-eabi-gcc/14.2.1-1.1.1/.content/bin/../lib/gcc/arm-none-eabi/14.2.1/../../../../arm-none-eabi/lib/thumb/v7-m/nofp\libc_nano.a(libc_a-impure.o)
__sflush_r                                        D:/stm32tools/arm-none-eabi-gcc/14.2.1-1.1.1/.content/bin/../lib/gcc/arm-none-eabi/14.2.1/../../../../arm-none-eabi/lib/thumb/v7-m/nofp\libc_nano.a(libc_a-fflush.o)
__sfp                                             D:/stm32tools/arm-none-eabi-gcc/14.2.1-1.1.1/.content/bin/../lib/gcc/arm-none-eabi/14.2.1/../../../../arm-none-eabi/lib/thumb/v7-m/nofp\libc_nano.a(libc_a-findfp.o)
__sfp_lock_acquire                                D:/stm32tools/arm-none-eabi-gcc/14.2.1-1.1.1/.content/bin/../lib/gcc/arm-none-eabi/14.2.1/../../../../arm-none-eabi/lib/thumb/v7-m/nofp\libc_nano.a(libc_a-findfp.o)
__sfp_lock_release                                D:/stm32tools/arm-none-eabi-gcc/14.2.1-1.1.1/.content/bin/../lib/gcc/arm-none-eabi/14.2.1/../../../../arm-none-eabi/lib/thumb/v7-m/nofp\libc_nano.a(libc_a-findfp.o)
__sglue                                           D:/stm32tools/arm-none-eabi-gcc/14.2.1-1.1.1/.content/bin/../lib/gcc/arm-none-eabi/14.2.1/../../../../arm-none-eabi/lib/thumb/v7-m/nofp\libc_nano.a(libc_a-findfp.o)
                                                  D:/stm32tools/arm-none-eabi-gcc/14.2.1-1.1.1/.content/bin/../lib/gcc/arm-none-eabi/14.2.1/../../../../arm-none-eabi/lib/thumb/v7-m/nofp\libc_nano.a(libc_a-fflush.o)
__sinit                                           D:/stm32tools/arm-none-eabi-gcc/14.2.1-1.1.1/.content/bin/../lib/gcc/arm-none-eabi/14.2.1/../../../../arm-none-eabi/lib/thumb/v7-m/nofp\libc_nano.a(libc_a-findfp.o)
                                                  D:/stm32tools/arm-none-eabi-gcc/14.2.1-1.1.1/.content/bin/../lib/gcc/arm-none-eabi/14.2.1/../../../../arm-none-eabi/lib/thumb/v7-m/nofp\libc_nano.a(libc_a-fflush.o)
__sread                                           D:/stm32tools/arm-none-eabi-gcc/14.2.1-1.1.1/.content/bin/../lib/gcc/arm-none-eabi/14.2.1/../../../../arm-none-eabi/lib/thumb/v7-m/nofp\libc_nano.a(libc_a-stdio.o)
                                                  D:/stm32tools/arm-none-eabi-gcc/14.2.1-1.1.1/.content/bin/../lib/gcc/arm-none-eabi/14.2.1/../../../../arm-none-eabi/lib/thumb/v7-m/nofp\libc_nano.a(libc_a-findfp.o)
__sseek                                           D:/stm32tools/arm-none-eabi-gcc/14.2.1-1.1.1/.content/bin/../lib/gcc/arm-none-eabi/14.2.1/../../../../arm-none-eabi/lib/thumb/v7-m/nofp\libc_nano.a(libc_a-stdio.o)
                                                  D:/stm32tools/arm-none-eabi-gcc/14.2.1-1.1.1/.content/bin/../lib/gcc/arm-none-eabi/14.2.1/../../../../arm-none-eabi/lib/thumb/v7-m/nofp\libc_nano.a(libc_a-findfp.o)
__stack                                           D:/stm32tools/arm-none-eabi-gcc/14.2.1-1.1.1/.content/bin/../lib/gcc/arm-none-eabi/14.2.1/../../../../arm-none-eabi/lib/thumb/v7-m/nofp/crt0.o
__stdio_exit_handler                              D:/stm32tools/arm-none-eabi-gcc/14.2.1-1.1.1/.content/bin/../lib/gcc/arm-none-eabi/14.2.1/../../../../arm-none-eabi/lib/thumb/v7-m/nofp\libc_nano.a(libc_a-findfp.o)
                                                  D:/stm32tools/arm-none-eabi-gcc/14.2.1-1.1.1/.content/bin/../lib/gcc/arm-none-eabi/14.2.1/../../../../arm-none-eabi/lib/thumb/v7-m/nofp\libc_nano.a(libc_a-exit.o)
__swrite                                          D:/stm32tools/arm-none-eabi-gcc/14.2.1-1.1.1/.content/bin/../lib/gcc/arm-none-eabi/14.2.1/../../../../arm-none-eabi/lib/thumb/v7-m/nofp\libc_nano.a(libc_a-stdio.o)
                                                  D:/stm32tools/arm-none-eabi-gcc/14.2.1-1.1.1/.content/bin/../lib/gcc/arm-none-eabi/14.2.1/../../../../arm-none-eabi/lib/thumb/v7-m/nofp\libc_nano.a(libc_a-findfp.o)
_close                                            D:/stm32tools/arm-none-eabi-gcc/14.2.1-1.1.1/.content/bin/../lib/gcc/arm-none-eabi/14.2.1/../../../../arm-none-eabi/lib/thumb/v7-m/nofp\libnosys.a(close.o)
                                                  D:/stm32tools/arm-none-eabi-gcc/14.2.1-1.1.1/.content/bin/../lib/gcc/arm-none-eabi/14.2.1/../../../../arm-none-eabi/lib/thumb/v7-m/nofp\libc_nano.a(libc_a-closer.o)
_close_r                                          D:/stm32tools/arm-none-eabi-gcc/14.2.1-1.1.1/.content/bin/../lib/gcc/arm-none-eabi/14.2.1/../../../../arm-none-eabi/lib/thumb/v7-m/nofp\libc_nano.a(libc_a-closer.o)
                                                  D:/stm32tools/arm-none-eabi-gcc/14.2.1-1.1.1/.content/bin/../lib/gcc/arm-none-eabi/14.2.1/../../../../arm-none-eabi/lib/thumb/v7-m/nofp\libc_nano.a(libc_a-stdio.o)
_ebss                                             build_boot/startup_stm32f103xb.o
_edata                                            build_boot/startup_stm32f103xb.o
_estack                                           build_boot/startup_stm32f103xb.o
_exit                                             D:/stm32tools/arm-none-eabi-gcc/14.2.1-1.1.1/.content/bin/../lib/gcc/arm-none-eabi/14.2.1/../../../../arm-none-eabi/lib/thumb/v7-m/nofp\libnosys.a(_exit.o)
                                                  D:/stm32tools/arm-none-eabi-gcc/14.2.1-1.1.1/.content/bin/../lib/gcc/arm-none-eabi/14.2.1/../../../../arm-none-eabi/lib/thumb/v7-m/nofp\libc_nano.a(libc_a-exit.o)
_fflush_r                                         D:/stm32tools/arm-none-eabi-gcc/14.2.1-1.1.1/.content/bin/../lib/gcc/arm-none-eabi/14.2.1/../../../../arm-none-eabi/lib/thumb/v7-m/nofp\libc_nano.a(libc_a-fflush.o)
                                                  D:/stm32tools/arm-none-eabi-gcc/14.2.1-1.1.1/.content/bin/../lib/gcc/arm-none-eabi/14.2.1/../../../../arm-none-eabi/lib/thumb/v7-m/nofp\libc_nano.a(libc_a-findfp.o)
_fini                                             D:/stm32tools/arm-none-eabi-gcc/14.2.1-1.1.1/.content/bin/../lib/gcc/arm-none-eabi/14.2.1/thumb/v7-m/nofp/crti.o
                                                  D:/stm32tools/arm-none-eabi-gcc/14.2.1-1.1.1/.content/bin/../lib/gcc/arm-none-eabi/14.2.1/../../../../arm-none-eabi/lib/thumb/v7-m/nofp\libc_nano.a(libc_a-fini.o)
_free_r                                           D:/stm32tools/arm-none-eabi-gcc/14.2.1-1.1.1/.content/bin/../lib/gcc/arm-none-eabi/14.2.1/../../../../arm-none-eabi/lib/thumb/v7-m/nofp\libc_nano.a(libc_a-freer.o)
                                                  D:/stm32tools/arm-none-eabi-gcc/14.2.1-1.1.1/.content/bin/../lib/gcc/arm-none-eabi/14.2.1/../../../../arm-none-eabi/lib/thumb/v7-m/nofp\libc_nano.a(libc_a-fflush.o)
                                                  D:/stm32tools/arm-none-eabi-gcc/14.2.1-1.1.1/.content/bin/../lib/gcc/arm-none-eabi/14.2.1/../../../../arm-none-eabi/lib/thumb/v7-m/nofp\libc_nano.a(libc_a-reent.o)
_fwalk_sglue                                      D:/stm32tools/arm-none-eabi-gcc/14.2.1-1.1.1/.content/bin/../lib/gcc/arm-none-eabi/14.2.1/../../../../arm-none-eabi/lib/thumb/v7-m/nofp\libc_nano.a(libc_a-fwalk.o)
                                                  D:/stm32tools/arm-none-eabi-gcc/14.2.1-1.1.1/.content/bin/../lib/gcc/arm-none-eabi/14.2.1/../../../../arm-none-eabi/lib/thumb/v7-m/nofp\libc_nano.a(libc_a-fflush.o)
                                                  D:/stm32tools/arm-none-eabi-gcc/14.2.1-1.1.1/.content/bin/../lib/gcc/arm-none-eabi/14.2.1/../../../../arm-none-eabi/lib/thumb/v7-m/nofp\libc_nano.a(libc_a-findfp.o)
_impure_data                                      D:/stm32tools/arm-none-eabi-gcc/14.2.1-1.1.1/.content/bin/../lib/gcc/arm-none-eabi/14.2.1/../../../../arm-none-eabi/lib/thumb/v7-m/nofp\libc_nano.a(libc_a-impure.o)
                                                  D:/stm32tools/arm-none-eabi-gcc/14.2.1-1.1.1/.content/bin/../lib/gcc/arm-none-eabi/14.2.1/../../../../arm-none-eabi/lib/thumb/v7-m/nofp\libc_nano.a(libc_a-fflush.o)
                                                  D:/stm32tools/arm-none-eabi-gcc/14.2.1-1.1.1/.content/bin/../lib/gcc/arm-none-eabi/14.2.1/../../../../arm-none-eabi/lib/thumb/v7-m/nofp\libc_nano.a(libc_a-findfp.o)
_impure_ptr                                       D:/stm32tools/arm-none-eabi-gcc/14.2.1-1.1.1/.content/bin/../lib/gcc/arm-none-eabi/14.2.1/../../../../arm-none-eabi/lib/thumb/v7-m/nofp\libc_nano.a(libc_a-impure.o)
                                                  D:/stm32tools/arm-none-eabi-gcc/14.2.1-1.1.1/.content/bin/../lib/gcc/arm-none-eabi/14.2.1/../../../../arm-none-eabi/lib/thumb/v7-m/nofp\libc_nano.a(libc_a-fflush.o)
                                                  D:/stm32tools/arm-none-eabi-gcc/14.2.1-1.1.1/.content/bin/../lib/gcc/arm-none-eabi/14.2.1/../../../../arm-none-eabi/lib/thumb/v7-m/nofp\libc_nano.a(libc_a-reent.o)
_init                                             D:/stm32tools/arm-none-eabi-gcc/14.2.1-1.1.1/.content/bin/../lib/gcc/arm-none-eabi/14.2.1/thumb/v7-m/nofp/crti.o
                                                  D:/stm32tools/arm-none-eabi-gcc/14.2.1-1.1.1/.content/bin/../lib/gcc/arm-none-eabi/14.2.1/../../../../arm-none-eabi/lib/thumb/v7-m/nofp\libc_nano.a(libc_a-init.o)
_lseek                                            D:/stm32tools/arm-none-eabi-gcc/14.2.1-1.1.1/.content/bin/../lib/gcc/arm-none-eabi/14.2.1/../../../../arm-none-eabi/lib/thumb/v7-m/nofp\libnosys.a(lseek.o)
                                                  D:/stm32tools/arm-none-eabi-gcc/14.2.1-1.1.1/.content/bin/../lib/gcc/arm-none-eabi/14.2.1/../../../../arm-none-eabi/lib/thumb/v7-m/nofp\libc_nano.a(libc_a-lseekr.o)
_lseek_r                                          D:/stm32tools/arm-none-eabi-gcc/14.2.1-1.1.1/.content/bin/../lib/gcc/arm-none-eabi/14.2.1/../../../../arm-none-eabi/lib/thumb/v7-m/nofp\libc_nano.a(libc_a-lseekr.o)
                                                  D:/stm32tools/arm-none-eabi-gcc/14.2.1-1.1.1/.content/bin/../lib/gcc/arm-none-eabi/14.2.1/../../../../arm-none-eabi/lib/thumb/v7-m/nofp\libc_nano.a(libc_a-stdio.o)
_mainCRTStartup                                   D:/stm32tools/arm-none-eabi-gcc/14.2.1-1.1.1/.content/bin/../lib/gcc/arm-none-eabi/14.2.1/../../../../arm-none-eabi/lib/thumb/v7-m/nofp/crt0.o
_malloc_r                                         D:/stm32tools/arm-none-eabi-gcc/14.2.1-1.1.1/.content/bin/../lib/gcc/arm-none-eabi/14.2.1/../../../../arm-none-eabi/lib/thumb/v7-m/nofp\libc_nano.a(libc_a-mallocr.o)
                                                  D:/stm32tools/arm-none-eabi-gcc/14.2.1-1.1.1/.content/bin/../lib/gcc/arm-none-eabi/14.2.1/../../../../arm-none-eabi/lib/thumb/v7-m/nofp\libc_nano.a(libc_a-findfp.o)
_read                                             D:/stm32tools/arm-none-eabi-gcc/14.2.1-1.1.1/.content/bin/../lib/gcc/arm-none-eabi/14.2.1/../../../../arm-none-eabi/lib/thumb/v7-m/nofp\libnosys.a(read.o)
                                                  D:/stm32tools/arm-none-eabi-gcc/14.2.1-1.1.1/.content/bin/../lib/gcc/arm-none-eabi/14.2.1/../../../../arm-none-eabi/lib/thumb/v7-m/nofp\libc_nano.a(libc_a-readr.o)
_read_r                                           D:/stm32tools/arm-none-eabi-gcc/14.2.1-1.1.1/.content/bin/../lib/gcc/arm-none-eabi/14.2.1/../../../../arm-none-eabi/lib/thumb/v7-m/nofp\libc_nano.a(libc_a-readr.o)
                                                  D:/stm32tools/arm-none-eabi-gcc/14.2.1-1.1.1/.content/bin/../lib/gcc/arm-none-eabi/14.2.1/../../../../arm-none-eabi/lib/thumb/v7-m/nofp\libc_nano.a(libc_a-stdio.o)
_reclaim_reent                                    D:/stm32tools/arm-none-eabi-gcc/14.2.1-1.1.1/.content/bin/../lib/gcc/arm-none-eabi/14.2.1/../../../../arm-none-eabi/lib/thumb/v7-m/nofp\libc_nano.a(libc_a-reent.o)
_sbrk                                             D:/stm32tools/arm-none-eabi-gcc/14.2.1-1.1.1/.content/bin/../lib/gcc/arm-none-eabi/14.2.1/../../../../arm-none-eabi/lib/thumb/v7-m/nofp\libnosys.a(sbrk.o)
                                                  D:/stm32tools/arm-none-eabi-gcc/14.2.1-1.1.1/.content/bin/../lib/gcc/arm-none-eabi/14.2.1/../../../../arm-none-eabi/lib/thumb/v7-m/nofp\libc_nano.a(libc_a-sbrkr.o)
_sbrk_r                                           D:/stm32tools/arm-none-eabi-gcc/14.2.1-1.1.1/.content/bin/../lib/gcc/arm-none-eabi/14.2.1/../../../../arm-none-eabi/lib/thumb/v7-m/nofp\libc_nano.a(libc_a-sbrkr.o)
                                                  D:/stm32tools/arm-none-eabi-gcc/14.2.1-1.1.1/.content/bin/../lib/gcc/arm-none-eabi/14.2.1/../../../../arm-none-eabi/lib/thumb/v7-m/nofp\libc_nano.a(libc_a-mallocr.o)
_sbss                                             build_boot/startup_stm32f103xb.o
_sdata                                            build_boot/startup_stm32f103xb.o
_sidata                                           build_boot/startup_stm32f103xb.o
_stack_init                                       D:/stm32tools/arm-none-eabi-gcc/14.2.1-1.1.1/.content/bin/../lib/gcc/arm-none-eabi/14.2.1/../../../../arm-none-eabi/lib/thumb/v7-m/nofp/crt0.o
_start                                            D:/stm32tools/arm-none-eabi-gcc/14.2.1-1.1.1/.content/bin/../lib/gcc/arm-none-eabi/14.2.1/../../../../arm-none-eabi/lib/thumb/v7-m/nofp/crt0.o
_write                                            D:/stm32tools/arm-none-eabi-gcc/14.2.1-1.1.1/.content/bin/../lib/gcc/arm-none-eabi/14.2.1/../../../../arm-none-eabi/lib/thumb/v7-m/nofp\libnosys.a(write.o)
                                                  D:/stm32tools/arm-none-eabi-gcc/14.2.1-1.1.1/.content/bin/../lib/gcc/arm-none-eabi/14.2.1/../../../../arm-none-eabi/lib/thumb/v7-m/nofp\libc_nano.a(libc_a-writer.o)
_write_r                                          D:/stm32tools/arm-none-eabi-gcc/14.2.1-1.1.1/.content/bin/../lib/gcc/arm-none-eabi/14.2.1/../../../../arm-none-eabi/lib/thumb/v7-m/nofp\libc_nano.a(libc_a-writer.o)
                                                  D:/stm32tools/arm-none-eabi-gcc/14.2.1-1.1.1/.content/bin/../lib/gcc/arm-none-eabi/14.2.1/../../../../arm-none-eabi/lib/thumb/v7-m/nofp\libc_nano.a(libc_a-stdio.o)
atexit                                            D:/stm32tools/arm-none-eabi-gcc/14.2.1-1.1.1/.content/bin/../lib/gcc/arm-none-eabi/14.2.1/../../../../arm-none-eabi/lib/thumb/v7-m/nofp\libc_nano.a(libc_a-atexit.o)
                                                  D:/stm32tools/arm-none-eabi-gcc/14.2.1-1.1.1/.content/bin/../lib/gcc/arm-none-eabi/14.2.1/../../../../arm-none-eabi/lib/thumb/v7-m/nofp/crt0.o
end                                               D:/stm32tools/arm-none-eabi-gcc/14.2.1-1.1.1/.content/bin/../lib/gcc/arm-none-eabi/14.2.1/../../../../arm-none-eabi/lib/thumb/v7-m/nofp\libnosys.a(sbrk.o)
errno                                             D:/stm32tools/arm-none-eabi-gcc/14.2.1-1.1.1/.content/bin/../lib/gcc/arm-none-eabi/14.2.1/../../../../arm-none-eabi/lib/thumb/v7-m/nofp\libc_nano.a(libc_a-reent.o)
                                                  D:/stm32tools/arm-none-eabi-gcc/14.2.1-1.1.1/.content/bin/../lib/gcc/arm-none-eabi/14.2.1/../../../../arm-none-eabi/lib/thumb/v7-m/nofp\libnosys.a(write.o)
                                                  D:/stm32tools/arm-none-eabi-gcc/14.2.1-1.1.1/.content/bin/../lib/gcc/arm-none-eabi/14.2.1/../../../../arm-none-eabi/lib/thumb/v7-m/nofp\libnosys.a(read.o)
                                                  D:/stm32tools/arm-none-eabi-gcc/14.2.1-1.1.1/.content/bin/../lib/gcc/arm-none-eabi/14.2.1/../../../../arm-none-eabi/lib/thumb/v7-m/nofp\libnosys.a(lseek.o)
                                                  D:/stm32tools/arm-none-eabi-gcc/14.2.1-1.1.1/.content/bin/../lib/gcc/arm-none-eabi/14.2.1/../../../../arm-none-eabi/lib/thumb/v7-m/nofp\libnosys.a(close.o)
                                                  D:/stm32tools/arm-none-eabi-gcc/14.2.1-1.1.1/.content/bin/../lib/gcc/arm-none-eabi/14.2.1/../../../../arm-none-eabi/lib/thumb/v7-m/nofp\libc_nano.a(libc_a-sbrkr.o)
                                                  D:/stm32tools/arm-none-eabi-gcc/14.2.1-1.1.1/.content/bin/../lib/gcc/arm-none-eabi/14.2.1/../../../../arm-none-eabi/lib/thumb/v7-m/nofp\libc_nano.a(libc_a-writer.o)
                                                  D:/stm32tools/arm-none-eabi-gcc/14.2.1-1.1.1/.content/bin/../lib/gcc/arm-none-eabi/14.2.1/../../../../arm-none-eabi/lib/thumb/v7-m/nofp\libc_nano.a(libc_a-readr.o)
                                                  D:/stm32tools/arm-none-eabi-gcc/14.2.1-1.1.1/.content/bin/../lib/gcc/arm-none-eabi/14.2.1/../../../../arm-none-eabi/lib/thumb/v7-m/nofp\libc_nano.a(libc_a-lseekr.o)
                                                  D:/stm32tools/arm-none-eabi-gcc/14.2.1-1.1.1/.content/bin/../lib/gcc/arm-none-eabi/14.2.1/../../../../arm-none-eabi/lib/thumb/v7-m/nofp\libc_nano.a(libc_a-closer.o)
exit                                              D:/stm32tools/arm-none-eabi-gcc/14.2.1-1.1.1/.content/bin/../lib/gcc/arm-none-eabi/14.2.1/../../../../arm-none-eabi/lib/thumb/v7-m/nofp\libc_nano.a(libc_a-exit.o)
                                                  D:/stm32tools/arm-none-eabi-gcc/14.2.1-1.1.1/.content/bin/../lib/gcc/arm-none-eabi/14.2.1/../../../../arm-none-eabi/lib/thumb/v7-m/nofp/crt0.o
fflush                                            D:/stm32tools/arm-none-eabi-gcc/14.2.1-1.1.1/.content/bin/../lib/gcc/arm-none-eabi/14.2.1/../../../../arm-none-eabi/lib/thumb/v7-m/nofp\libc_nano.a(libc_a-fflush.o)
g_pfnVectors                                      build_boot/startup_stm32f103xb.o
hardware_init_hook                                D:/stm32tools/arm-none-eabi-gcc/14.2.1-1.1.1/.content/bin/../lib/gcc/arm-none-eabi/14.2.1/../../../../arm-none-eabi/lib/thumb/v7-m/nofp/crt0.o
main                                              build_boot/boot_main.o
                                                  build_boot/startup_stm32f103xb.o
                                                  D:/stm32tools/arm-none-eabi-gcc/14.2.1-1.1.1/.content/bin/../lib/gcc/arm-none-eabi/14.2.1/../../../../arm-none-eabi/lib/thumb/v7-m/nofp/crt0.o
malloc                                            D:/stm32tools/arm-none-eabi-gcc/14.2.1-1.1.1/.content/bin/../lib/gcc/arm-none-eabi/14.2.1/../../../../arm-none-eabi/lib/thumb/v7-m/nofp\libc_nano.a(libc_a-__atexit.o)
memset                                            D:/stm32tools/arm-none-eabi-gcc/14.2.1-1.1.1/.content/bin/../lib/gcc/arm-none-eabi/14.2.1/../../../../arm-none-eabi/lib/thumb/v7-m/nofp\libc_nano.a(libc_a-memset.o)
                                                  D:/stm32tools/arm-none-eabi-gcc/14.2.1-1.1.1/.content/bin/../lib/gcc/arm-none-eabi/14.2.1/../../../../arm-none-eabi/lib/thumb/v7-m/nofp\libc_nano.a(libc_a-findfp.o)
                                                  build_boot/boot_flash.o
                                                  D:/stm32tools/arm-none-eabi-gcc/14.2.1-1.1.1/.content/bin/../lib/gcc/arm-none-eabi/14.2.1/../../../../arm-none-eabi/lib/thumb/v7-m/nofp/crt0.o
pFlash                                            build_boot/stm32f1xx_hal_flash.o
                                                  build_boot/stm32f1xx_hal_flash_ex.o
software_init_hook                                D:/stm32tools/arm-none-eabi-gcc/14.2.1-1.1.1/.content/bin/../lib/gcc/arm-none-eabi/14.2.1/../../../../arm-none-eabi/lib/thumb/v7-m/nofp/crt0.o
uwTick                                            build_boot/stm32f1xx_hal.o
uwTickFreq                                        build_boot/stm32f1xx_hal.o
uwTickPrio                                        build_boot/stm32f1xx_hal.o
                                                  build_boot/stm32f1xx_hal_rcc.o
