ARM GAS  C:\Users\airforce\AppData\Local\Temp\cc4vm5jb.s 			page 1


   1              		.cpu cortex-m3
   2              		.arch armv7-m
   3              		.fpu softvfp
   4              		.eabi_attribute 20, 1
   5              		.eabi_attribute 21, 1
   6              		.eabi_attribute 23, 3
   7              		.eabi_attribute 24, 1
   8              		.eabi_attribute 25, 1
   9              		.eabi_attribute 26, 1
  10              		.eabi_attribute 30, 4
  11              		.eabi_attribute 34, 1
  12              		.eabi_attribute 18, 4
  13              		.file	"w25q64.c"
  14              		.text
  15              	.Ltext0:
  16              		.cfi_sections	.debug_frame
  17              		.file 1 "Core/Src/device/w25q64.c"
  18              		.section	.text.SPI_SendAddr,"ax",%progbits
  19              		.align	1
  20              		.syntax unified
  21              		.thumb
  22              		.thumb_func
  24              	SPI_SendAddr:
  25              	.LVL0:
  26              	.LFB65:
   1:Core/Src/device/w25q64.c **** /**
   2:Core/Src/device/w25q64.c ****  * @file    w25q64.c
   3:Core/Src/device/w25q64.c ****  * @brief   W25Q64 8MB SPI NOR Flash driver implementation
   4:Core/Src/device/w25q64.c ****  * @note    Uses SPI1 + PA4 as CS (GPIO Output).
   5:Core/Src/device/w25q64.c ****  *          HAL SPI blocking mode, suitable for FreeRTOS task context.
   6:Core/Src/device/w25q64.c ****  *
   7:Core/Src/device/w25q64.c ****  * W25Q64 command set:
   8:Core/Src/device/w25q64.c ****  *   0x06  Write Enable
   9:Core/Src/device/w25q64.c ****  *   0x05  Read Status Register 1
  10:Core/Src/device/w25q64.c ****  *   0x03  Read Data (standard, up to 50MHz)
  11:Core/Src/device/w25q64.c ****  *   0x02  Page Program (1~256 bytes)
  12:Core/Src/device/w25q64.c ****  *   0x20  Sector Erase (4KB)
  13:Core/Src/device/w25q64.c ****  *   0xD8  Block Erase (64KB)
  14:Core/Src/device/w25q64.c ****  *   0xC7  Chip Erase
  15:Core/Src/device/w25q64.c ****  *   0x9F  JEDEC ID
  16:Core/Src/device/w25q64.c ****  *   0xAB  Release Power-down / Device ID
  17:Core/Src/device/w25q64.c ****  */
  18:Core/Src/device/w25q64.c **** #include "w25q64.h"
  19:Core/Src/device/w25q64.c **** #include "main.h"
  20:Core/Src/device/w25q64.c **** #include <string.h>
  21:Core/Src/device/w25q64.c **** 
  22:Core/Src/device/w25q64.c **** #ifdef BOOTLOADER_BUILD
  23:Core/Src/device/w25q64.c ****   /* Bootloader: use minimal SPI driver (no HAL SPI) */
  24:Core/Src/device/w25q64.c ****   #include "stm32f1xx_hal.h"
  25:Core/Src/device/w25q64.c ****   extern void Boot_SPI_Init(void);
  26:Core/Src/device/w25q64.c ****   extern void Boot_SPI_CS_Low(void);
  27:Core/Src/device/w25q64.c ****   extern void Boot_SPI_CS_High(void);
  28:Core/Src/device/w25q64.c ****   extern uint8_t Boot_SPI_Transfer(uint8_t tx);
  29:Core/Src/device/w25q64.c **** 
  30:Core/Src/device/w25q64.c ****   #define CS_LOW()          Boot_SPI_CS_Low()
  31:Core/Src/device/w25q64.c ****   #define CS_HIGH()         Boot_SPI_CS_High()
  32:Core/Src/device/w25q64.c ****   #define SPI_SendByte(tx)  Boot_SPI_Transfer(tx)
ARM GAS  C:\Users\airforce\AppData\Local\Temp\cc4vm5jb.s 			page 2


  33:Core/Src/device/w25q64.c **** 
  34:Core/Src/device/w25q64.c ****   /* Bootloader init: just init SPI + CS */
  35:Core/Src/device/w25q64.c ****   #define W25Q64_HW_INIT()  do { \
  36:Core/Src/device/w25q64.c ****         GPIO_InitTypeDef _c = {0}; \
  37:Core/Src/device/w25q64.c ****         _c.Pin = GPIO_PIN_4; _c.Mode = GPIO_MODE_OUTPUT_PP; \
  38:Core/Src/device/w25q64.c ****         _c.Pull = GPIO_PULLUP; _c.Speed = GPIO_SPEED_FREQ_HIGH; \
  39:Core/Src/device/w25q64.c ****         HAL_GPIO_Init(GPIOA, &_c); \
  40:Core/Src/device/w25q64.c ****         Boot_SPI_Init(); \
  41:Core/Src/device/w25q64.c ****     } while(0)
  42:Core/Src/device/w25q64.c **** 
  43:Core/Src/device/w25q64.c **** #else
  44:Core/Src/device/w25q64.c ****   /* APP: use HAL SPI */
  45:Core/Src/device/w25q64.c ****   #include "spi.h"
  46:Core/Src/device/w25q64.c **** 
  47:Core/Src/device/w25q64.c ****   #define CS_LOW()    (GPIOA->BRR = GPIO_PIN_4)
  48:Core/Src/device/w25q64.c ****   #define CS_HIGH()   (GPIOA->BSRR = GPIO_PIN_4)
  49:Core/Src/device/w25q64.c **** 
  50:Core/Src/device/w25q64.c ****   static uint8_t SPI_SendByte(uint8_t tx)
  51:Core/Src/device/w25q64.c ****   {
  52:Core/Src/device/w25q64.c ****       uint8_t rx;
  53:Core/Src/device/w25q64.c ****       HAL_SPI_TransmitReceive(&hspi1, &tx, &rx, 1, 100);
  54:Core/Src/device/w25q64.c ****       return rx;
  55:Core/Src/device/w25q64.c ****   }
  56:Core/Src/device/w25q64.c **** 
  57:Core/Src/device/w25q64.c ****   /* APP init: already done by MX_SPI1_Init + W25Q64_Init configs CS */
  58:Core/Src/device/w25q64.c ****   #define W25Q64_HW_INIT()  do {} while(0)
  59:Core/Src/device/w25q64.c **** #endif
  60:Core/Src/device/w25q64.c **** 
  61:Core/Src/device/w25q64.c **** /* ---- SPI commands ---- */
  62:Core/Src/device/w25q64.c **** #define CMD_WRITE_ENABLE    0x06
  63:Core/Src/device/w25q64.c **** #define CMD_READ_SR1        0x05
  64:Core/Src/device/w25q64.c **** #define CMD_READ_DATA       0x03
  65:Core/Src/device/w25q64.c **** #define CMD_PAGE_PROGRAM    0x02
  66:Core/Src/device/w25q64.c **** #define CMD_SECTOR_ERASE    0x20
  67:Core/Src/device/w25q64.c **** #define CMD_BLOCK_ERASE     0xD8
  68:Core/Src/device/w25q64.c **** #define CMD_CHIP_ERASE      0xC7
  69:Core/Src/device/w25q64.c **** #define CMD_JEDEC_ID        0x9F
  70:Core/Src/device/w25q64.c **** 
  71:Core/Src/device/w25q64.c **** static void SPI_SendAddr(uint32_t addr)
  72:Core/Src/device/w25q64.c **** {
  27              		.loc 1 72 1 view -0
  28              		.cfi_startproc
  29              		@ args = 0, pretend = 0, frame = 0
  30              		@ frame_needed = 0, uses_anonymous_args = 0
  73:Core/Src/device/w25q64.c ****     SPI_SendByte((uint8_t)(addr >> 16));
  31              		.loc 1 73 5 view .LVU1
  72:Core/Src/device/w25q64.c ****     SPI_SendByte((uint8_t)(addr >> 16));
  32              		.loc 1 72 1 is_stmt 0 view .LVU2
  33 0000 10B5     		push	{r4, lr}
  34              	.LCFI0:
  35              		.cfi_def_cfa_offset 8
  36              		.cfi_offset 4, -8
  37              		.cfi_offset 14, -4
  72:Core/Src/device/w25q64.c ****     SPI_SendByte((uint8_t)(addr >> 16));
  38              		.loc 1 72 1 view .LVU3
  39 0002 0446     		mov	r4, r0
  40              		.loc 1 73 5 view .LVU4
ARM GAS  C:\Users\airforce\AppData\Local\Temp\cc4vm5jb.s 			page 3


  41 0004 C0F30740 		ubfx	r0, r0, #16, #8
  42              	.LVL1:
  43              		.loc 1 73 5 view .LVU5
  44 0008 FFF7FEFF 		bl	Boot_SPI_Transfer
  45              	.LVL2:
  74:Core/Src/device/w25q64.c ****     SPI_SendByte((uint8_t)(addr >> 8));
  46              		.loc 1 74 5 is_stmt 1 view .LVU6
  47 000c C4F30720 		ubfx	r0, r4, #8, #8
  48 0010 FFF7FEFF 		bl	Boot_SPI_Transfer
  49              	.LVL3:
  75:Core/Src/device/w25q64.c ****     SPI_SendByte((uint8_t)(addr));
  50              		.loc 1 75 5 view .LVU7
  51 0014 E0B2     		uxtb	r0, r4
  76:Core/Src/device/w25q64.c **** }
  52              		.loc 1 76 1 is_stmt 0 view .LVU8
  53 0016 BDE81040 		pop	{r4, lr}
  54              	.LCFI1:
  55              		.cfi_restore 14
  56              		.cfi_restore 4
  57              		.cfi_def_cfa_offset 0
  58              	.LVL4:
  75:Core/Src/device/w25q64.c ****     SPI_SendByte((uint8_t)(addr));
  59              		.loc 1 75 5 view .LVU9
  60 001a FFF7FEBF 		b	Boot_SPI_Transfer
  61              	.LVL5:
  62              		.cfi_endproc
  63              	.LFE65:
  65              		.section	.text.W25Q64_ReadJEDEC_ID,"ax",%progbits
  66              		.align	1
  67              		.global	W25Q64_ReadJEDEC_ID
  68              		.syntax unified
  69              		.thumb
  70              		.thumb_func
  72              	W25Q64_ReadJEDEC_ID:
  73              	.LVL6:
  74              	.LFB67:
  77:Core/Src/device/w25q64.c **** 
  78:Core/Src/device/w25q64.c **** /* ==================================================================
  79:Core/Src/device/w25q64.c ****  *  Init: configure CS pin, verify JEDEC ID
  80:Core/Src/device/w25q64.c ****  * ================================================================== */
  81:Core/Src/device/w25q64.c **** bool W25Q64_Init(void)
  82:Core/Src/device/w25q64.c **** {
  83:Core/Src/device/w25q64.c ****     W25Q64_HW_INIT();
  84:Core/Src/device/w25q64.c ****     CS_HIGH();
  85:Core/Src/device/w25q64.c **** 
  86:Core/Src/device/w25q64.c ****     /* Verify JEDEC ID: Manufacturer=0xEF, Type=0x40, Capacity=0x17 */
  87:Core/Src/device/w25q64.c ****     uint8_t id[3];
  88:Core/Src/device/w25q64.c ****     W25Q64_ReadJEDEC_ID(id);
  89:Core/Src/device/w25q64.c ****     if (id[0] != 0xEF || id[1] != 0x40 || id[2] != 0x17) {
  90:Core/Src/device/w25q64.c ****         return false;
  91:Core/Src/device/w25q64.c ****     }
  92:Core/Src/device/w25q64.c ****     return true;
  93:Core/Src/device/w25q64.c **** }
  94:Core/Src/device/w25q64.c **** 
  95:Core/Src/device/w25q64.c **** /* ==================================================================
  96:Core/Src/device/w25q64.c ****  *  Read JEDEC ID (3 bytes)
  97:Core/Src/device/w25q64.c ****  * ================================================================== */
ARM GAS  C:\Users\airforce\AppData\Local\Temp\cc4vm5jb.s 			page 4


  98:Core/Src/device/w25q64.c **** void W25Q64_ReadJEDEC_ID(uint8_t *pID)
  99:Core/Src/device/w25q64.c **** {
  75              		.loc 1 99 1 is_stmt 1 view -0
  76              		.cfi_startproc
  77              		@ args = 0, pretend = 0, frame = 0
  78              		@ frame_needed = 0, uses_anonymous_args = 0
 100:Core/Src/device/w25q64.c ****     CS_LOW();
  79              		.loc 1 100 5 view .LVU11
  99:Core/Src/device/w25q64.c ****     CS_LOW();
  80              		.loc 1 99 1 is_stmt 0 view .LVU12
  81 0000 10B5     		push	{r4, lr}
  82              	.LCFI2:
  83              		.cfi_def_cfa_offset 8
  84              		.cfi_offset 4, -8
  85              		.cfi_offset 14, -4
  99:Core/Src/device/w25q64.c ****     CS_LOW();
  86              		.loc 1 99 1 view .LVU13
  87 0002 0446     		mov	r4, r0
  88              		.loc 1 100 5 view .LVU14
  89 0004 FFF7FEFF 		bl	Boot_SPI_CS_Low
  90              	.LVL7:
 101:Core/Src/device/w25q64.c ****     SPI_SendByte(CMD_JEDEC_ID);
  91              		.loc 1 101 5 is_stmt 1 view .LVU15
  92 0008 9F20     		movs	r0, #159
  93 000a FFF7FEFF 		bl	Boot_SPI_Transfer
  94              	.LVL8:
 102:Core/Src/device/w25q64.c ****     pID[0] = SPI_SendByte(0xFF);  /* Manufacturer */
  95              		.loc 1 102 5 view .LVU16
  96              		.loc 1 102 14 is_stmt 0 view .LVU17
  97 000e FF20     		movs	r0, #255
  98 0010 FFF7FEFF 		bl	Boot_SPI_Transfer
  99              	.LVL9:
 100              		.loc 1 102 12 discriminator 1 view .LVU18
 101 0014 2070     		strb	r0, [r4]
 103:Core/Src/device/w25q64.c ****     pID[1] = SPI_SendByte(0xFF);  /* Memory Type   */
 102              		.loc 1 103 5 is_stmt 1 view .LVU19
 103              		.loc 1 103 14 is_stmt 0 view .LVU20
 104 0016 FF20     		movs	r0, #255
 105 0018 FFF7FEFF 		bl	Boot_SPI_Transfer
 106              	.LVL10:
 107              		.loc 1 103 12 discriminator 1 view .LVU21
 108 001c 6070     		strb	r0, [r4, #1]
 104:Core/Src/device/w25q64.c ****     pID[2] = SPI_SendByte(0xFF);  /* Capacity       */
 109              		.loc 1 104 5 is_stmt 1 view .LVU22
 110              		.loc 1 104 14 is_stmt 0 view .LVU23
 111 001e FF20     		movs	r0, #255
 112 0020 FFF7FEFF 		bl	Boot_SPI_Transfer
 113              	.LVL11:
 114              		.loc 1 104 12 discriminator 1 view .LVU24
 115 0024 A070     		strb	r0, [r4, #2]
 105:Core/Src/device/w25q64.c ****     CS_HIGH();
 116              		.loc 1 105 5 is_stmt 1 view .LVU25
 106:Core/Src/device/w25q64.c **** }
 117              		.loc 1 106 1 is_stmt 0 view .LVU26
 118 0026 BDE81040 		pop	{r4, lr}
 119              	.LCFI3:
 120              		.cfi_restore 14
ARM GAS  C:\Users\airforce\AppData\Local\Temp\cc4vm5jb.s 			page 5


 121              		.cfi_restore 4
 122              		.cfi_def_cfa_offset 0
 123              	.LVL12:
 105:Core/Src/device/w25q64.c ****     CS_HIGH();
 124              		.loc 1 105 5 view .LVU27
 125 002a FFF7FEBF 		b	Boot_SPI_CS_High
 126              	.LVL13:
 127              		.cfi_endproc
 128              	.LFE67:
 130              		.section	.text.W25Q64_Init,"ax",%progbits
 131              		.align	1
 132              		.global	W25Q64_Init
 133              		.syntax unified
 134              		.thumb
 135              		.thumb_func
 137              	W25Q64_Init:
 138              	.LFB66:
  82:Core/Src/device/w25q64.c ****     W25Q64_HW_INIT();
 139              		.loc 1 82 1 is_stmt 1 view -0
 140              		.cfi_startproc
 141              		@ args = 0, pretend = 0, frame = 16
 142              		@ frame_needed = 0, uses_anonymous_args = 0
  83:Core/Src/device/w25q64.c ****     CS_HIGH();
 143              		.loc 1 83 5 view .LVU29
 144              	.LBB3:
  83:Core/Src/device/w25q64.c ****     CS_HIGH();
 145              		.loc 1 83 5 view .LVU30
  83:Core/Src/device/w25q64.c ****     CS_HIGH();
 146              		.loc 1 83 5 view .LVU31
 147              	.LBE3:
  82:Core/Src/device/w25q64.c ****     W25Q64_HW_INIT();
 148              		.loc 1 82 1 is_stmt 0 view .LVU32
 149 0000 1FB5     		push	{r0, r1, r2, r3, r4, lr}
 150              	.LCFI4:
 151              		.cfi_def_cfa_offset 24
 152              		.cfi_offset 14, -4
 153              	.LBB4:
  83:Core/Src/device/w25q64.c ****     CS_HIGH();
 154              		.loc 1 83 5 view .LVU33
 155 0002 1022     		movs	r2, #16
 156 0004 0123     		movs	r3, #1
 157 0006 CDE90023 		strd	r2, r3, [sp]
  83:Core/Src/device/w25q64.c ****     CS_HIGH();
 158              		.loc 1 83 5 is_stmt 1 view .LVU34
 159 000a 0293     		str	r3, [sp, #8]
  83:Core/Src/device/w25q64.c ****     CS_HIGH();
 160              		.loc 1 83 5 view .LVU35
 161 000c 0323     		movs	r3, #3
 162 000e 6946     		mov	r1, sp
 163 0010 0E48     		ldr	r0, .L7
 164 0012 0393     		str	r3, [sp, #12]
  83:Core/Src/device/w25q64.c ****     CS_HIGH();
 165              		.loc 1 83 5 view .LVU36
 166 0014 FFF7FEFF 		bl	HAL_GPIO_Init
 167              	.LVL14:
  83:Core/Src/device/w25q64.c ****     CS_HIGH();
 168              		.loc 1 83 5 discriminator 1 view .LVU37
ARM GAS  C:\Users\airforce\AppData\Local\Temp\cc4vm5jb.s 			page 6


 169 0018 FFF7FEFF 		bl	Boot_SPI_Init
 170              	.LVL15:
 171              	.LBE4:
  83:Core/Src/device/w25q64.c ****     CS_HIGH();
 172              		.loc 1 83 5 view .LVU38
  84:Core/Src/device/w25q64.c **** 
 173              		.loc 1 84 5 view .LVU39
 174 001c FFF7FEFF 		bl	Boot_SPI_CS_High
 175              	.LVL16:
  87:Core/Src/device/w25q64.c ****     W25Q64_ReadJEDEC_ID(id);
 176              		.loc 1 87 5 view .LVU40
  88:Core/Src/device/w25q64.c ****     if (id[0] != 0xEF || id[1] != 0x40 || id[2] != 0x17) {
 177              		.loc 1 88 5 view .LVU41
 178 0020 6846     		mov	r0, sp
 179 0022 FFF7FEFF 		bl	W25Q64_ReadJEDEC_ID
 180              	.LVL17:
  89:Core/Src/device/w25q64.c ****         return false;
 181              		.loc 1 89 5 view .LVU42
  89:Core/Src/device/w25q64.c ****         return false;
 182              		.loc 1 89 8 is_stmt 0 view .LVU43
 183 0026 9DF80030 		ldrb	r3, [sp]	@ zero_extendqisi2
 184 002a EF2B     		cmp	r3, #239
 185 002c 0CD1     		bne	.L6
  89:Core/Src/device/w25q64.c ****         return false;
 186              		.loc 1 89 23 discriminator 1 view .LVU44
 187 002e 9DF80130 		ldrb	r3, [sp, #1]	@ zero_extendqisi2
 188 0032 402B     		cmp	r3, #64
 189 0034 08D1     		bne	.L6
  89:Core/Src/device/w25q64.c ****         return false;
 190              		.loc 1 89 40 discriminator 2 view .LVU45
 191 0036 9DF80200 		ldrb	r0, [sp, #2]	@ zero_extendqisi2
 192 003a A0F11703 		sub	r3, r0, #23
 193 003e 5842     		rsbs	r0, r3, #0
 194 0040 5841     		adcs	r0, r0, r3
 195              	.L4:
  93:Core/Src/device/w25q64.c **** 
 196              		.loc 1 93 1 view .LVU46
 197 0042 05B0     		add	sp, sp, #20
 198              	.LCFI5:
 199              		.cfi_remember_state
 200              		.cfi_def_cfa_offset 4
 201              		@ sp needed
 202 0044 5DF804FB 		ldr	pc, [sp], #4
 203              	.L6:
 204              	.LCFI6:
 205              		.cfi_restore_state
  90:Core/Src/device/w25q64.c ****     }
 206              		.loc 1 90 16 view .LVU47
 207 0048 0020     		movs	r0, #0
 208 004a FAE7     		b	.L4
 209              	.L8:
 210              		.align	2
 211              	.L7:
 212 004c 00080140 		.word	1073809408
 213              		.cfi_endproc
 214              	.LFE66:
 216              		.section	.text.W25Q64_ReadSR,"ax",%progbits
ARM GAS  C:\Users\airforce\AppData\Local\Temp\cc4vm5jb.s 			page 7


 217              		.align	1
 218              		.global	W25Q64_ReadSR
 219              		.syntax unified
 220              		.thumb
 221              		.thumb_func
 223              	W25Q64_ReadSR:
 224              	.LFB68:
 107:Core/Src/device/w25q64.c **** 
 108:Core/Src/device/w25q64.c **** /* ==================================================================
 109:Core/Src/device/w25q64.c ****  *  Status Register
 110:Core/Src/device/w25q64.c ****  * ================================================================== */
 111:Core/Src/device/w25q64.c **** uint8_t W25Q64_ReadSR(void)
 112:Core/Src/device/w25q64.c **** {
 225              		.loc 1 112 1 is_stmt 1 view -0
 226              		.cfi_startproc
 227              		@ args = 0, pretend = 0, frame = 0
 228              		@ frame_needed = 0, uses_anonymous_args = 0
 113:Core/Src/device/w25q64.c ****     uint8_t sr;
 229              		.loc 1 113 5 view .LVU49
 114:Core/Src/device/w25q64.c ****     CS_LOW();
 230              		.loc 1 114 5 view .LVU50
 112:Core/Src/device/w25q64.c ****     uint8_t sr;
 231              		.loc 1 112 1 is_stmt 0 view .LVU51
 232 0000 10B5     		push	{r4, lr}
 233              	.LCFI7:
 234              		.cfi_def_cfa_offset 8
 235              		.cfi_offset 4, -8
 236              		.cfi_offset 14, -4
 237              		.loc 1 114 5 view .LVU52
 238 0002 FFF7FEFF 		bl	Boot_SPI_CS_Low
 239              	.LVL18:
 115:Core/Src/device/w25q64.c ****     SPI_SendByte(CMD_READ_SR1);
 240              		.loc 1 115 5 is_stmt 1 view .LVU53
 241 0006 0520     		movs	r0, #5
 242 0008 FFF7FEFF 		bl	Boot_SPI_Transfer
 243              	.LVL19:
 116:Core/Src/device/w25q64.c ****     sr = SPI_SendByte(0xFF);
 244              		.loc 1 116 5 view .LVU54
 245              		.loc 1 116 10 is_stmt 0 view .LVU55
 246 000c FF20     		movs	r0, #255
 247 000e FFF7FEFF 		bl	Boot_SPI_Transfer
 248              	.LVL20:
 249 0012 0446     		mov	r4, r0
 250              	.LVL21:
 117:Core/Src/device/w25q64.c ****     CS_HIGH();
 251              		.loc 1 117 5 is_stmt 1 view .LVU56
 252 0014 FFF7FEFF 		bl	Boot_SPI_CS_High
 253              	.LVL22:
 118:Core/Src/device/w25q64.c ****     return sr;
 254              		.loc 1 118 5 view .LVU57
 119:Core/Src/device/w25q64.c **** }
 255              		.loc 1 119 1 is_stmt 0 view .LVU58
 256 0018 2046     		mov	r0, r4
 257 001a 10BD     		pop	{r4, pc}
 258              		.loc 1 119 1 view .LVU59
 259              		.cfi_endproc
 260              	.LFE68:
ARM GAS  C:\Users\airforce\AppData\Local\Temp\cc4vm5jb.s 			page 8


 262              		.section	.text.W25Q64_WaitBusy,"ax",%progbits
 263              		.align	1
 264              		.global	W25Q64_WaitBusy
 265              		.syntax unified
 266              		.thumb
 267              		.thumb_func
 269              	W25Q64_WaitBusy:
 270              	.LFB69:
 120:Core/Src/device/w25q64.c **** 
 121:Core/Src/device/w25q64.c **** void W25Q64_WaitBusy(void)
 122:Core/Src/device/w25q64.c **** {
 271              		.loc 1 122 1 is_stmt 1 view -0
 272              		.cfi_startproc
 273              		@ args = 0, pretend = 0, frame = 0
 274              		@ frame_needed = 0, uses_anonymous_args = 0
 275 0000 08B5     		push	{r3, lr}
 276              	.LCFI8:
 277              		.cfi_def_cfa_offset 8
 278              		.cfi_offset 3, -8
 279              		.cfi_offset 14, -4
 280              	.L11:
 123:Core/Src/device/w25q64.c ****     while (W25Q64_ReadSR() & W25Q64_SR_BUSY);
 281              		.loc 1 123 12 discriminator 1 view .LVU61
 282 0002 FFF7FEFF 		bl	W25Q64_ReadSR
 283              	.LVL23:
 284 0006 C307     		lsls	r3, r0, #31
 285 0008 FBD4     		bmi	.L11
 124:Core/Src/device/w25q64.c **** }
 286              		.loc 1 124 1 is_stmt 0 view .LVU62
 287 000a 08BD     		pop	{r3, pc}
 288              		.cfi_endproc
 289              	.LFE69:
 291              		.section	.text.W25Q64_WriteEnable,"ax",%progbits
 292              		.align	1
 293              		.global	W25Q64_WriteEnable
 294              		.syntax unified
 295              		.thumb
 296              		.thumb_func
 298              	W25Q64_WriteEnable:
 299              	.LFB70:
 125:Core/Src/device/w25q64.c **** 
 126:Core/Src/device/w25q64.c **** void W25Q64_WriteEnable(void)
 127:Core/Src/device/w25q64.c **** {
 300              		.loc 1 127 1 is_stmt 1 view -0
 301              		.cfi_startproc
 302              		@ args = 0, pretend = 0, frame = 0
 303              		@ frame_needed = 0, uses_anonymous_args = 0
 128:Core/Src/device/w25q64.c ****     CS_LOW();
 304              		.loc 1 128 5 view .LVU64
 127:Core/Src/device/w25q64.c ****     CS_LOW();
 305              		.loc 1 127 1 is_stmt 0 view .LVU65
 306 0000 08B5     		push	{r3, lr}
 307              	.LCFI9:
 308              		.cfi_def_cfa_offset 8
 309              		.cfi_offset 3, -8
 310              		.cfi_offset 14, -4
 311              		.loc 1 128 5 view .LVU66
ARM GAS  C:\Users\airforce\AppData\Local\Temp\cc4vm5jb.s 			page 9


 312 0002 FFF7FEFF 		bl	Boot_SPI_CS_Low
 313              	.LVL24:
 129:Core/Src/device/w25q64.c ****     SPI_SendByte(CMD_WRITE_ENABLE);
 314              		.loc 1 129 5 is_stmt 1 view .LVU67
 315 0006 0620     		movs	r0, #6
 316 0008 FFF7FEFF 		bl	Boot_SPI_Transfer
 317              	.LVL25:
 130:Core/Src/device/w25q64.c ****     CS_HIGH();
 318              		.loc 1 130 5 view .LVU68
 131:Core/Src/device/w25q64.c **** }
 319              		.loc 1 131 1 is_stmt 0 view .LVU69
 320 000c BDE80840 		pop	{r3, lr}
 321              	.LCFI10:
 322              		.cfi_restore 14
 323              		.cfi_restore 3
 324              		.cfi_def_cfa_offset 0
 130:Core/Src/device/w25q64.c ****     CS_HIGH();
 325              		.loc 1 130 5 view .LVU70
 326 0010 FFF7FEBF 		b	Boot_SPI_CS_High
 327              	.LVL26:
 328              		.cfi_endproc
 329              	.LFE70:
 331              		.section	.text.W25Q64_Read,"ax",%progbits
 332              		.align	1
 333              		.global	W25Q64_Read
 334              		.syntax unified
 335              		.thumb
 336              		.thumb_func
 338              	W25Q64_Read:
 339              	.LVL27:
 340              	.LFB71:
 132:Core/Src/device/w25q64.c **** 
 133:Core/Src/device/w25q64.c **** /* ==================================================================
 134:Core/Src/device/w25q64.c ****  *  Read data (standard SPI read, no address limit)
 135:Core/Src/device/w25q64.c ****  * ================================================================== */
 136:Core/Src/device/w25q64.c **** void W25Q64_Read(uint32_t addr, uint8_t *pBuf, uint32_t len)
 137:Core/Src/device/w25q64.c **** {
 341              		.loc 1 137 1 is_stmt 1 view -0
 342              		.cfi_startproc
 343              		@ args = 0, pretend = 0, frame = 0
 344              		@ frame_needed = 0, uses_anonymous_args = 0
 345              		.loc 1 137 1 is_stmt 0 view .LVU72
 346 0000 70B5     		push	{r4, r5, r6, lr}
 347              	.LCFI11:
 348              		.cfi_def_cfa_offset 16
 349              		.cfi_offset 4, -16
 350              		.cfi_offset 5, -12
 351              		.cfi_offset 6, -8
 352              		.cfi_offset 14, -4
 353              		.loc 1 137 1 view .LVU73
 354 0002 0646     		mov	r6, r0
 138:Core/Src/device/w25q64.c ****     CS_LOW();
 355              		.loc 1 138 5 is_stmt 1 view .LVU74
 137:Core/Src/device/w25q64.c ****     CS_LOW();
 356              		.loc 1 137 1 is_stmt 0 view .LVU75
 357 0004 0C46     		mov	r4, r1
 358 0006 1546     		mov	r5, r2
ARM GAS  C:\Users\airforce\AppData\Local\Temp\cc4vm5jb.s 			page 10


 359              		.loc 1 138 5 view .LVU76
 360 0008 FFF7FEFF 		bl	Boot_SPI_CS_Low
 361              	.LVL28:
 139:Core/Src/device/w25q64.c ****     SPI_SendByte(CMD_READ_DATA);
 362              		.loc 1 139 5 is_stmt 1 view .LVU77
 363 000c 0320     		movs	r0, #3
 364 000e FFF7FEFF 		bl	Boot_SPI_Transfer
 365              	.LVL29:
 140:Core/Src/device/w25q64.c ****     SPI_SendAddr(addr);
 366              		.loc 1 140 5 view .LVU78
 367 0012 3046     		mov	r0, r6
 368 0014 FFF7FEFF 		bl	SPI_SendAddr
 369              	.LVL30:
 141:Core/Src/device/w25q64.c **** 
 142:Core/Src/device/w25q64.c ****     for (uint32_t i = 0; i < len; i++) {
 370              		.loc 1 142 5 view .LVU79
 371              	.LBB5:
 372              		.loc 1 142 10 view .LVU80
 373              		.loc 1 142 10 is_stmt 0 view .LVU81
 374 0018 2544     		add	r5, r5, r4
 375              	.LVL31:
 376              	.L15:
 377              		.loc 1 142 28 is_stmt 1 discriminator 1 view .LVU82
 378 001a AC42     		cmp	r4, r5
 379 001c 03D1     		bne	.L16
 380              	.LBE5:
 143:Core/Src/device/w25q64.c ****         pBuf[i] = SPI_SendByte(0xFF);
 144:Core/Src/device/w25q64.c ****     }
 145:Core/Src/device/w25q64.c ****     CS_HIGH();
 381              		.loc 1 145 5 view .LVU83
 146:Core/Src/device/w25q64.c **** }
 382              		.loc 1 146 1 is_stmt 0 view .LVU84
 383 001e BDE87040 		pop	{r4, r5, r6, lr}
 384              	.LCFI12:
 385              		.cfi_remember_state
 386              		.cfi_restore 14
 387              		.cfi_restore 6
 388              		.cfi_restore 5
 389              		.cfi_restore 4
 390              		.cfi_def_cfa_offset 0
 391              	.LVL32:
 145:Core/Src/device/w25q64.c **** }
 392              		.loc 1 145 5 view .LVU85
 393 0022 FFF7FEBF 		b	Boot_SPI_CS_High
 394              	.LVL33:
 395              	.L16:
 396              	.LCFI13:
 397              		.cfi_restore_state
 398              	.LBB6:
 143:Core/Src/device/w25q64.c ****         pBuf[i] = SPI_SendByte(0xFF);
 399              		.loc 1 143 9 is_stmt 1 view .LVU86
 143:Core/Src/device/w25q64.c ****         pBuf[i] = SPI_SendByte(0xFF);
 400              		.loc 1 143 19 is_stmt 0 view .LVU87
 401 0026 FF20     		movs	r0, #255
 402 0028 FFF7FEFF 		bl	Boot_SPI_Transfer
 403              	.LVL34:
 143:Core/Src/device/w25q64.c ****         pBuf[i] = SPI_SendByte(0xFF);
ARM GAS  C:\Users\airforce\AppData\Local\Temp\cc4vm5jb.s 			page 11


 404              		.loc 1 143 17 discriminator 1 view .LVU88
 405 002c 04F8010B 		strb	r0, [r4], #1
 406              	.LVL35:
 142:Core/Src/device/w25q64.c ****         pBuf[i] = SPI_SendByte(0xFF);
 407              		.loc 1 142 36 is_stmt 1 discriminator 3 view .LVU89
 408 0030 F3E7     		b	.L15
 409              	.LBE6:
 410              		.cfi_endproc
 411              	.LFE71:
 413              		.section	.text.W25Q64_PageProgram,"ax",%progbits
 414              		.align	1
 415              		.global	W25Q64_PageProgram
 416              		.syntax unified
 417              		.thumb
 418              		.thumb_func
 420              	W25Q64_PageProgram:
 421              	.LVL36:
 422              	.LFB72:
 147:Core/Src/device/w25q64.c **** 
 148:Core/Src/device/w25q64.c **** /* ==================================================================
 149:Core/Src/device/w25q64.c ****  *  Page Program (1~256 bytes, must not cross page boundary)
 150:Core/Src/device/w25q64.c ****  *  Caller must call WriteEnable + WaitBusy before/after.
 151:Core/Src/device/w25q64.c ****  * ================================================================== */
 152:Core/Src/device/w25q64.c **** void W25Q64_PageProgram(uint32_t addr, const uint8_t *pBuf, uint16_t len)
 153:Core/Src/device/w25q64.c **** {
 423              		.loc 1 153 1 view -0
 424              		.cfi_startproc
 425              		@ args = 0, pretend = 0, frame = 0
 426              		@ frame_needed = 0, uses_anonymous_args = 0
 154:Core/Src/device/w25q64.c ****     if (len == 0 || len > W25Q64_PAGE_SIZE) return;
 427              		.loc 1 154 8 is_stmt 0 view .LVU91
 428 0000 531E     		subs	r3, r2, #1
 429 0002 FF2B     		cmp	r3, #255
 153:Core/Src/device/w25q64.c ****     if (len == 0 || len > W25Q64_PAGE_SIZE) return;
 430              		.loc 1 153 1 view .LVU92
 431 0004 70B5     		push	{r4, r5, r6, lr}
 432              	.LCFI14:
 433              		.cfi_def_cfa_offset 16
 434              		.cfi_offset 4, -16
 435              		.cfi_offset 5, -12
 436              		.cfi_offset 6, -8
 437              		.cfi_offset 14, -4
 153:Core/Src/device/w25q64.c ****     if (len == 0 || len > W25Q64_PAGE_SIZE) return;
 438              		.loc 1 153 1 view .LVU93
 439 0006 0646     		mov	r6, r0
 440              		.loc 1 154 5 is_stmt 1 view .LVU94
 153:Core/Src/device/w25q64.c ****     if (len == 0 || len > W25Q64_PAGE_SIZE) return;
 441              		.loc 1 153 1 is_stmt 0 view .LVU95
 442 0008 0C46     		mov	r4, r1
 443 000a 1546     		mov	r5, r2
 444              		.loc 1 154 8 view .LVU96
 445 000c 16D8     		bhi	.L17
 446              	.LVL37:
 447              	.LBB10:
 448              	.LBI10:
 152:Core/Src/device/w25q64.c **** {
 449              		.loc 1 152 6 is_stmt 1 view .LVU97
ARM GAS  C:\Users\airforce\AppData\Local\Temp\cc4vm5jb.s 			page 12


 450              	.LBB11:
 155:Core/Src/device/w25q64.c **** 
 156:Core/Src/device/w25q64.c ****     W25Q64_WriteEnable();
 451              		.loc 1 156 5 view .LVU98
 452 000e FFF7FEFF 		bl	W25Q64_WriteEnable
 453              	.LVL38:
 157:Core/Src/device/w25q64.c ****     CS_LOW();
 454              		.loc 1 157 5 view .LVU99
 455 0012 FFF7FEFF 		bl	Boot_SPI_CS_Low
 456              	.LVL39:
 158:Core/Src/device/w25q64.c ****     SPI_SendByte(CMD_PAGE_PROGRAM);
 457              		.loc 1 158 5 view .LVU100
 458 0016 0220     		movs	r0, #2
 459 0018 FFF7FEFF 		bl	Boot_SPI_Transfer
 460              	.LVL40:
 159:Core/Src/device/w25q64.c ****     SPI_SendAddr(addr);
 461              		.loc 1 159 5 view .LVU101
 462 001c 3046     		mov	r0, r6
 463 001e FFF7FEFF 		bl	SPI_SendAddr
 464              	.LVL41:
 160:Core/Src/device/w25q64.c **** 
 161:Core/Src/device/w25q64.c ****     for (uint16_t i = 0; i < len; i++) {
 465              		.loc 1 161 5 view .LVU102
 466              	.LBB12:
 467              		.loc 1 161 10 view .LVU103
 468              		.loc 1 161 28 discriminator 1 view .LVU104
 469 0022 2544     		add	r5, r5, r4
 470              	.LVL42:
 471              	.L19:
 162:Core/Src/device/w25q64.c ****         SPI_SendByte(pBuf[i]);
 472              		.loc 1 162 9 view .LVU105
 473 0024 14F8010B 		ldrb	r0, [r4], #1	@ zero_extendqisi2
 474              	.LVL43:
 475              		.loc 1 162 9 is_stmt 0 view .LVU106
 476 0028 FFF7FEFF 		bl	Boot_SPI_Transfer
 477              	.LVL44:
 161:Core/Src/device/w25q64.c ****         SPI_SendByte(pBuf[i]);
 478              		.loc 1 161 36 is_stmt 1 discriminator 3 view .LVU107
 161:Core/Src/device/w25q64.c ****         SPI_SendByte(pBuf[i]);
 479              		.loc 1 161 28 discriminator 1 view .LVU108
 480 002c AC42     		cmp	r4, r5
 481 002e F9D1     		bne	.L19
 482              	.LBE12:
 163:Core/Src/device/w25q64.c ****     }
 164:Core/Src/device/w25q64.c ****     CS_HIGH();
 483              		.loc 1 164 5 view .LVU109
 484 0030 FFF7FEFF 		bl	Boot_SPI_CS_High
 485              	.LVL45:
 165:Core/Src/device/w25q64.c ****     W25Q64_WaitBusy();
 486              		.loc 1 165 5 view .LVU110
 487              	.LBE11:
 488              	.LBE10:
 166:Core/Src/device/w25q64.c **** }
 489              		.loc 1 166 1 is_stmt 0 view .LVU111
 490 0034 BDE87040 		pop	{r4, r5, r6, lr}
 491              	.LCFI15:
 492              		.cfi_remember_state
ARM GAS  C:\Users\airforce\AppData\Local\Temp\cc4vm5jb.s 			page 13


 493              		.cfi_restore 14
 494              		.cfi_restore 6
 495              		.cfi_restore 5
 496              		.cfi_restore 4
 497              		.cfi_def_cfa_offset 0
 498              	.LVL46:
 499              	.LBB14:
 500              	.LBB13:
 165:Core/Src/device/w25q64.c ****     W25Q64_WaitBusy();
 501              		.loc 1 165 5 view .LVU112
 502 0038 FFF7FEBF 		b	W25Q64_WaitBusy
 503              	.LVL47:
 504              	.L17:
 505              	.LCFI16:
 506              		.cfi_restore_state
 165:Core/Src/device/w25q64.c ****     W25Q64_WaitBusy();
 507              		.loc 1 165 5 view .LVU113
 508              	.LBE13:
 509              	.LBE14:
 510              		.loc 1 166 1 view .LVU114
 511 003c 70BD     		pop	{r4, r5, r6, pc}
 512              		.cfi_endproc
 513              	.LFE72:
 515              		.section	.text.W25Q64_Write,"ax",%progbits
 516              		.align	1
 517              		.global	W25Q64_Write
 518              		.syntax unified
 519              		.thumb
 520              		.thumb_func
 522              	W25Q64_Write:
 523              	.LVL48:
 524              	.LFB73:
 167:Core/Src/device/w25q64.c **** 
 168:Core/Src/device/w25q64.c **** /* ==================================================================
 169:Core/Src/device/w25q64.c ****  *  Write arbitrary length (handles page boundaries)
 170:Core/Src/device/w25q64.c ****  * ================================================================== */
 171:Core/Src/device/w25q64.c **** bool W25Q64_Write(uint32_t addr, const uint8_t *pBuf, uint32_t len)
 172:Core/Src/device/w25q64.c **** {
 525              		.loc 1 172 1 is_stmt 1 view -0
 526              		.cfi_startproc
 527              		@ args = 0, pretend = 0, frame = 0
 528              		@ frame_needed = 0, uses_anonymous_args = 0
 173:Core/Src/device/w25q64.c ****     uint32_t offset = 0;
 529              		.loc 1 173 5 view .LVU116
 174:Core/Src/device/w25q64.c **** 
 175:Core/Src/device/w25q64.c ****     if (addr + len > W25Q64_TOTAL_SIZE) return false;
 530              		.loc 1 175 5 view .LVU117
 531              		.loc 1 175 14 is_stmt 0 view .LVU118
 532 0000 8318     		adds	r3, r0, r2
 533              		.loc 1 175 8 view .LVU119
 534 0002 B3F5000F 		cmp	r3, #8388608
 172:Core/Src/device/w25q64.c ****     uint32_t offset = 0;
 535              		.loc 1 172 1 view .LVU120
 536 0006 2DE9F041 		push	{r4, r5, r6, r7, r8, lr}
 537              	.LCFI17:
 538              		.cfi_def_cfa_offset 24
 539              		.cfi_offset 4, -24
ARM GAS  C:\Users\airforce\AppData\Local\Temp\cc4vm5jb.s 			page 14


 540              		.cfi_offset 5, -20
 541              		.cfi_offset 6, -16
 542              		.cfi_offset 7, -12
 543              		.cfi_offset 8, -8
 544              		.cfi_offset 14, -4
 172:Core/Src/device/w25q64.c ****     uint32_t offset = 0;
 545              		.loc 1 172 1 view .LVU121
 546 000a 0446     		mov	r4, r0
 547 000c 8846     		mov	r8, r1
 548 000e 1646     		mov	r6, r2
 549              		.loc 1 175 8 view .LVU122
 550 0010 15D8     		bhi	.L25
 173:Core/Src/device/w25q64.c ****     uint32_t offset = 0;
 551              		.loc 1 173 14 view .LVU123
 552 0012 0027     		movs	r7, #0
 553              	.LVL49:
 554              	.L23:
 176:Core/Src/device/w25q64.c **** 
 177:Core/Src/device/w25q64.c ****     while (offset < len) {
 555              		.loc 1 177 19 is_stmt 1 view .LVU124
 556 0014 B742     		cmp	r7, r6
 557 0016 02D3     		bcc	.L24
 178:Core/Src/device/w25q64.c ****         uint32_t page_remain = W25Q64_PAGE_SIZE - (addr % W25Q64_PAGE_SIZE);
 179:Core/Src/device/w25q64.c ****         uint32_t chunk = (len - offset < page_remain) ? (len - offset) : page_remain;
 180:Core/Src/device/w25q64.c **** 
 181:Core/Src/device/w25q64.c ****         W25Q64_PageProgram(addr, pBuf + offset, (uint16_t)chunk);
 182:Core/Src/device/w25q64.c **** 
 183:Core/Src/device/w25q64.c ****         offset += chunk;
 184:Core/Src/device/w25q64.c ****         addr   += chunk;
 185:Core/Src/device/w25q64.c ****     }
 186:Core/Src/device/w25q64.c ****     return true;
 558              		.loc 1 186 12 is_stmt 0 view .LVU125
 559 0018 0120     		movs	r0, #1
 560              	.LVL50:
 561              	.L22:
 187:Core/Src/device/w25q64.c **** }
 562              		.loc 1 187 1 view .LVU126
 563 001a BDE8F081 		pop	{r4, r5, r6, r7, r8, pc}
 564              	.LVL51:
 565              	.L24:
 566              	.LBB15:
 178:Core/Src/device/w25q64.c ****         uint32_t page_remain = W25Q64_PAGE_SIZE - (addr % W25Q64_PAGE_SIZE);
 567              		.loc 1 178 9 is_stmt 1 view .LVU127
 179:Core/Src/device/w25q64.c **** 
 568              		.loc 1 179 9 view .LVU128
 178:Core/Src/device/w25q64.c ****         uint32_t page_remain = W25Q64_PAGE_SIZE - (addr % W25Q64_PAGE_SIZE);
 569              		.loc 1 178 57 is_stmt 0 view .LVU129
 570 001e E5B2     		uxtb	r5, r4
 178:Core/Src/device/w25q64.c ****         uint32_t page_remain = W25Q64_PAGE_SIZE - (addr % W25Q64_PAGE_SIZE);
 571              		.loc 1 178 18 view .LVU130
 572 0020 C5F58075 		rsb	r5, r5, #256
 179:Core/Src/device/w25q64.c **** 
 573              		.loc 1 179 31 view .LVU131
 574 0024 F31B     		subs	r3, r6, r7
 179:Core/Src/device/w25q64.c **** 
 575              		.loc 1 179 18 view .LVU132
 576 0026 9D42     		cmp	r5, r3
ARM GAS  C:\Users\airforce\AppData\Local\Temp\cc4vm5jb.s 			page 15


 577 0028 28BF     		it	cs
 578 002a 1D46     		movcs	r5, r3
 579              	.LVL52:
 181:Core/Src/device/w25q64.c **** 
 580              		.loc 1 181 9 is_stmt 1 view .LVU133
 581 002c 2046     		mov	r0, r4
 582 002e 08EB0701 		add	r1, r8, r7
 583 0032 AAB2     		uxth	r2, r5
 584 0034 FFF7FEFF 		bl	W25Q64_PageProgram
 585              	.LVL53:
 183:Core/Src/device/w25q64.c ****         addr   += chunk;
 586              		.loc 1 183 9 view .LVU134
 183:Core/Src/device/w25q64.c ****         addr   += chunk;
 587              		.loc 1 183 16 is_stmt 0 view .LVU135
 588 0038 2F44     		add	r7, r7, r5
 589              	.LVL54:
 184:Core/Src/device/w25q64.c ****     }
 590              		.loc 1 184 9 is_stmt 1 view .LVU136
 184:Core/Src/device/w25q64.c ****     }
 591              		.loc 1 184 16 is_stmt 0 view .LVU137
 592 003a 2C44     		add	r4, r4, r5
 593              	.LVL55:
 184:Core/Src/device/w25q64.c ****     }
 594              		.loc 1 184 16 view .LVU138
 595 003c EAE7     		b	.L23
 596              	.LVL56:
 597              	.L25:
 184:Core/Src/device/w25q64.c ****     }
 598              		.loc 1 184 16 view .LVU139
 599              	.LBE15:
 175:Core/Src/device/w25q64.c **** 
 600              		.loc 1 175 48 discriminator 1 view .LVU140
 601 003e 0020     		movs	r0, #0
 602              	.LVL57:
 175:Core/Src/device/w25q64.c **** 
 603              		.loc 1 175 48 discriminator 1 view .LVU141
 604 0040 EBE7     		b	.L22
 605              		.cfi_endproc
 606              	.LFE73:
 608              		.section	.text.W25Q64_SectorErase,"ax",%progbits
 609              		.align	1
 610              		.global	W25Q64_SectorErase
 611              		.syntax unified
 612              		.thumb
 613              		.thumb_func
 615              	W25Q64_SectorErase:
 616              	.LVL58:
 617              	.LFB74:
 188:Core/Src/device/w25q64.c **** 
 189:Core/Src/device/w25q64.c **** /* ==================================================================
 190:Core/Src/device/w25q64.c ****  *  Erase operations
 191:Core/Src/device/w25q64.c ****  * ================================================================== */
 192:Core/Src/device/w25q64.c **** void W25Q64_SectorErase(uint32_t addr)
 193:Core/Src/device/w25q64.c **** {
 618              		.loc 1 193 1 is_stmt 1 view -0
 619              		.cfi_startproc
 620              		@ args = 0, pretend = 0, frame = 0
ARM GAS  C:\Users\airforce\AppData\Local\Temp\cc4vm5jb.s 			page 16


 621              		@ frame_needed = 0, uses_anonymous_args = 0
 194:Core/Src/device/w25q64.c ****     W25Q64_WriteEnable();
 622              		.loc 1 194 5 view .LVU143
 193:Core/Src/device/w25q64.c ****     W25Q64_WriteEnable();
 623              		.loc 1 193 1 is_stmt 0 view .LVU144
 624 0000 10B5     		push	{r4, lr}
 625              	.LCFI18:
 626              		.cfi_def_cfa_offset 8
 627              		.cfi_offset 4, -8
 628              		.cfi_offset 14, -4
 193:Core/Src/device/w25q64.c ****     W25Q64_WriteEnable();
 629              		.loc 1 193 1 view .LVU145
 630 0002 0446     		mov	r4, r0
 631              		.loc 1 194 5 view .LVU146
 632 0004 FFF7FEFF 		bl	W25Q64_WriteEnable
 633              	.LVL59:
 195:Core/Src/device/w25q64.c ****     CS_LOW();
 634              		.loc 1 195 5 is_stmt 1 view .LVU147
 635 0008 FFF7FEFF 		bl	Boot_SPI_CS_Low
 636              	.LVL60:
 196:Core/Src/device/w25q64.c ****     SPI_SendByte(CMD_SECTOR_ERASE);
 637              		.loc 1 196 5 view .LVU148
 638 000c 2020     		movs	r0, #32
 639 000e FFF7FEFF 		bl	Boot_SPI_Transfer
 640              	.LVL61:
 197:Core/Src/device/w25q64.c ****     SPI_SendAddr(addr);
 641              		.loc 1 197 5 view .LVU149
 642 0012 2046     		mov	r0, r4
 643 0014 FFF7FEFF 		bl	SPI_SendAddr
 644              	.LVL62:
 198:Core/Src/device/w25q64.c ****     CS_HIGH();
 645              		.loc 1 198 5 view .LVU150
 646 0018 FFF7FEFF 		bl	Boot_SPI_CS_High
 647              	.LVL63:
 199:Core/Src/device/w25q64.c ****     W25Q64_WaitBusy();  /* max ~400ms for 4KB sector */
 648              		.loc 1 199 5 view .LVU151
 200:Core/Src/device/w25q64.c **** }
 649              		.loc 1 200 1 is_stmt 0 view .LVU152
 650 001c BDE81040 		pop	{r4, lr}
 651              	.LCFI19:
 652              		.cfi_restore 14
 653              		.cfi_restore 4
 654              		.cfi_def_cfa_offset 0
 655              	.LVL64:
 199:Core/Src/device/w25q64.c ****     W25Q64_WaitBusy();  /* max ~400ms for 4KB sector */
 656              		.loc 1 199 5 view .LVU153
 657 0020 FFF7FEBF 		b	W25Q64_WaitBusy
 658              	.LVL65:
 659              		.cfi_endproc
 660              	.LFE74:
 662              		.section	.text.W25Q64_BlockErase,"ax",%progbits
 663              		.align	1
 664              		.global	W25Q64_BlockErase
 665              		.syntax unified
 666              		.thumb
 667              		.thumb_func
 669              	W25Q64_BlockErase:
ARM GAS  C:\Users\airforce\AppData\Local\Temp\cc4vm5jb.s 			page 17


 670              	.LVL66:
 671              	.LFB75:
 201:Core/Src/device/w25q64.c **** 
 202:Core/Src/device/w25q64.c **** void W25Q64_BlockErase(uint32_t addr)
 203:Core/Src/device/w25q64.c **** {
 672              		.loc 1 203 1 is_stmt 1 view -0
 673              		.cfi_startproc
 674              		@ args = 0, pretend = 0, frame = 0
 675              		@ frame_needed = 0, uses_anonymous_args = 0
 204:Core/Src/device/w25q64.c ****     W25Q64_WriteEnable();
 676              		.loc 1 204 5 view .LVU155
 203:Core/Src/device/w25q64.c ****     W25Q64_WriteEnable();
 677              		.loc 1 203 1 is_stmt 0 view .LVU156
 678 0000 10B5     		push	{r4, lr}
 679              	.LCFI20:
 680              		.cfi_def_cfa_offset 8
 681              		.cfi_offset 4, -8
 682              		.cfi_offset 14, -4
 203:Core/Src/device/w25q64.c ****     W25Q64_WriteEnable();
 683              		.loc 1 203 1 view .LVU157
 684 0002 0446     		mov	r4, r0
 685              		.loc 1 204 5 view .LVU158
 686 0004 FFF7FEFF 		bl	W25Q64_WriteEnable
 687              	.LVL67:
 205:Core/Src/device/w25q64.c ****     CS_LOW();
 688              		.loc 1 205 5 is_stmt 1 view .LVU159
 689 0008 FFF7FEFF 		bl	Boot_SPI_CS_Low
 690              	.LVL68:
 206:Core/Src/device/w25q64.c ****     SPI_SendByte(CMD_BLOCK_ERASE);
 691              		.loc 1 206 5 view .LVU160
 692 000c D820     		movs	r0, #216
 693 000e FFF7FEFF 		bl	Boot_SPI_Transfer
 694              	.LVL69:
 207:Core/Src/device/w25q64.c ****     SPI_SendAddr(addr);
 695              		.loc 1 207 5 view .LVU161
 696 0012 2046     		mov	r0, r4
 697 0014 FFF7FEFF 		bl	SPI_SendAddr
 698              	.LVL70:
 208:Core/Src/device/w25q64.c ****     CS_HIGH();
 699              		.loc 1 208 5 view .LVU162
 700 0018 FFF7FEFF 		bl	Boot_SPI_CS_High
 701              	.LVL71:
 209:Core/Src/device/w25q64.c ****     W25Q64_WaitBusy();  /* max ~2s for 64KB block */
 702              		.loc 1 209 5 view .LVU163
 210:Core/Src/device/w25q64.c **** }
 703              		.loc 1 210 1 is_stmt 0 view .LVU164
 704 001c BDE81040 		pop	{r4, lr}
 705              	.LCFI21:
 706              		.cfi_restore 14
 707              		.cfi_restore 4
 708              		.cfi_def_cfa_offset 0
 709              	.LVL72:
 209:Core/Src/device/w25q64.c ****     W25Q64_WaitBusy();  /* max ~2s for 64KB block */
 710              		.loc 1 209 5 view .LVU165
 711 0020 FFF7FEBF 		b	W25Q64_WaitBusy
 712              	.LVL73:
 713              		.cfi_endproc
ARM GAS  C:\Users\airforce\AppData\Local\Temp\cc4vm5jb.s 			page 18


 714              	.LFE75:
 716              		.section	.text.W25Q64_ChipErase,"ax",%progbits
 717              		.align	1
 718              		.global	W25Q64_ChipErase
 719              		.syntax unified
 720              		.thumb
 721              		.thumb_func
 723              	W25Q64_ChipErase:
 724              	.LFB76:
 211:Core/Src/device/w25q64.c **** 
 212:Core/Src/device/w25q64.c **** void W25Q64_ChipErase(void)
 213:Core/Src/device/w25q64.c **** {
 725              		.loc 1 213 1 is_stmt 1 view -0
 726              		.cfi_startproc
 727              		@ args = 0, pretend = 0, frame = 0
 728              		@ frame_needed = 0, uses_anonymous_args = 0
 214:Core/Src/device/w25q64.c ****     W25Q64_WriteEnable();
 729              		.loc 1 214 5 view .LVU167
 213:Core/Src/device/w25q64.c ****     W25Q64_WriteEnable();
 730              		.loc 1 213 1 is_stmt 0 view .LVU168
 731 0000 08B5     		push	{r3, lr}
 732              	.LCFI22:
 733              		.cfi_def_cfa_offset 8
 734              		.cfi_offset 3, -8
 735              		.cfi_offset 14, -4
 736              		.loc 1 214 5 view .LVU169
 737 0002 FFF7FEFF 		bl	W25Q64_WriteEnable
 738              	.LVL74:
 215:Core/Src/device/w25q64.c ****     CS_LOW();
 739              		.loc 1 215 5 is_stmt 1 view .LVU170
 740 0006 FFF7FEFF 		bl	Boot_SPI_CS_Low
 741              	.LVL75:
 216:Core/Src/device/w25q64.c ****     SPI_SendByte(CMD_CHIP_ERASE);
 742              		.loc 1 216 5 view .LVU171
 743 000a C720     		movs	r0, #199
 744 000c FFF7FEFF 		bl	Boot_SPI_Transfer
 745              	.LVL76:
 217:Core/Src/device/w25q64.c ****     CS_HIGH();
 746              		.loc 1 217 5 view .LVU172
 747 0010 FFF7FEFF 		bl	Boot_SPI_CS_High
 748              	.LVL77:
 218:Core/Src/device/w25q64.c ****     W25Q64_WaitBusy();  /* max ~40s for 8MB chip */
 749              		.loc 1 218 5 view .LVU173
 219:Core/Src/device/w25q64.c **** }
 750              		.loc 1 219 1 is_stmt 0 view .LVU174
 751 0014 BDE80840 		pop	{r3, lr}
 752              	.LCFI23:
 753              		.cfi_restore 14
 754              		.cfi_restore 3
 755              		.cfi_def_cfa_offset 0
 218:Core/Src/device/w25q64.c ****     W25Q64_WaitBusy();  /* max ~40s for 8MB chip */
 756              		.loc 1 218 5 view .LVU175
 757 0018 FFF7FEBF 		b	W25Q64_WaitBusy
 758              	.LVL78:
 759              		.cfi_endproc
 760              	.LFE76:
 762              		.section	.text.W25Q64_CRC32,"ax",%progbits
ARM GAS  C:\Users\airforce\AppData\Local\Temp\cc4vm5jb.s 			page 19


 763              		.align	1
 764              		.global	W25Q64_CRC32
 765              		.syntax unified
 766              		.thumb
 767              		.thumb_func
 769              	W25Q64_CRC32:
 770              	.LVL79:
 771              	.LFB77:
 220:Core/Src/device/w25q64.c **** 
 221:Core/Src/device/w25q64.c **** /* ==================================================================
 222:Core/Src/device/w25q64.c ****  *  CRC32 (software, used to verify OTA firmware integrity)
 223:Core/Src/device/w25q64.c ****  *  Polynomial: 0xEDB88320 (standard Ethernet/zip CRC32)
 224:Core/Src/device/w25q64.c ****  * ================================================================== */
 225:Core/Src/device/w25q64.c **** uint32_t W25Q64_CRC32(uint32_t addr, uint32_t len)
 226:Core/Src/device/w25q64.c **** {
 772              		.loc 1 226 1 is_stmt 1 view -0
 773              		.cfi_startproc
 774              		@ args = 0, pretend = 0, frame = 256
 775              		@ frame_needed = 0, uses_anonymous_args = 0
 227:Core/Src/device/w25q64.c ****     static const uint32_t crc32_table[256] = {
 776              		.loc 1 227 5 view .LVU177
 228:Core/Src/device/w25q64.c ****         0x00000000,0x77073096,0xEE0E612C,0x990951BA,0x076DC419,0x706AF48F,
 229:Core/Src/device/w25q64.c ****         0xE963A535,0x9E6495A3,0x0EDB8832,0x79DCB8A4,0xE0D5E91E,0x97D2D988,
 230:Core/Src/device/w25q64.c ****         0x09B64C2B,0x7EB17CBD,0xE7B82D07,0x90BF1D91,0x1DB71064,0x6AB020F2,
 231:Core/Src/device/w25q64.c ****         0xF3B97148,0x84BE41DE,0x1ADAD47D,0x6DDDE4EB,0xF4D4B551,0x83D385C7,
 232:Core/Src/device/w25q64.c ****         0x136C9856,0x646BA8C0,0xFD62F97A,0x8A65C9EC,0x14015C4F,0x63066CD9,
 233:Core/Src/device/w25q64.c ****         0xFA0F3D63,0x8D080DF5,0x3B6E20C8,0x4C69105E,0xD56041E4,0xA2677172,
 234:Core/Src/device/w25q64.c ****         0x3C03E4D1,0x4B04D447,0xD20D85FD,0xA50AB56B,0x35B5A8FA,0x42B2986C,
 235:Core/Src/device/w25q64.c ****         0xDBBBC9D6,0xACBCF940,0x32D86CE3,0x45DF5C75,0xDCD60DCF,0xABD13D59,
 236:Core/Src/device/w25q64.c ****         0x26D930AC,0x51DE003A,0xC8D75180,0xBFD06116,0x21B4F4B5,0x56B3C423,
 237:Core/Src/device/w25q64.c ****         0xCFBA9599,0xB8BDA50F,0x2802B89E,0x5F058808,0xC60CD9B2,0xB10BE924,
 238:Core/Src/device/w25q64.c ****         0x2F6F7C87,0x58684C11,0xC1611DAB,0xB6662D3D,0x76DC4190,0x01DB7106,
 239:Core/Src/device/w25q64.c ****         0x98D220BC,0xEFD5102A,0x71B18589,0x06B6B51F,0x9FBFE4A5,0xE8B8D433,
 240:Core/Src/device/w25q64.c ****         0x7807C9A2,0x0F00F934,0x9609A88E,0xE10E9818,0x7F6A0DBB,0x086D3D2D,
 241:Core/Src/device/w25q64.c ****         0x91646C97,0xE6635C01,0x6B6B51F4,0x1C6C6162,0x856530D8,0xF262004E,
 242:Core/Src/device/w25q64.c ****         0x6C0695ED,0x1B01A57B,0x8208F4C1,0xF50FC457,0x65B0D9C6,0x12B7E950,
 243:Core/Src/device/w25q64.c ****         0x8BBEB8EA,0xFCB9887C,0x62DD1DDF,0x15DA2D49,0x8CD37CF3,0xFBD44C65,
 244:Core/Src/device/w25q64.c ****         0x4DB26158,0x3AB551CE,0xA3BC0074,0xD4BB30E2,0x4ADFA541,0x3DD895D7,
 245:Core/Src/device/w25q64.c ****         0xA4D1C46D,0xD3D6F4FB,0x4369E96A,0x346ED9FC,0xAD678846,0xDA60B8D0,
 246:Core/Src/device/w25q64.c ****         0x44042D73,0x33031DE5,0xAA0A4C5F,0xDD0D7CC9,0x5005713C,0x270241AA,
 247:Core/Src/device/w25q64.c ****         0xBE0B1010,0xC90C2086,0x5768B525,0x206F85B3,0xB966D409,0xCE61E49F,
 248:Core/Src/device/w25q64.c ****         0x5EDEF90E,0x29D9C998,0xB0D09822,0xC7D7A8B4,0x59B33D17,0x2EB40D81,
 249:Core/Src/device/w25q64.c ****         0xB7BD5C3B,0xC0BA6CAD,0xEDB88320,0x9ABFB3B6,0x03B6E20C,0x74B1D29A,
 250:Core/Src/device/w25q64.c ****         0xEAD54739,0x9DD277AF,0x04DB2615,0x73DC1683,0xE3630B12,0x94643B84,
 251:Core/Src/device/w25q64.c ****         0x0D6D6A3E,0x7A6A5AA8,0xE40ECF0B,0x9309FF9D,0x0A00AE27,0x7D079EB1,
 252:Core/Src/device/w25q64.c ****         0xF00F9344,0x8708A3D2,0x1E01F268,0x6906C2FE,0xF762575D,0x806567CB,
 253:Core/Src/device/w25q64.c ****         0x196C3671,0x6E6B06E7,0xFED41B76,0x89D32BE0,0x10DA7A5A,0x67DD4ACC,
 254:Core/Src/device/w25q64.c ****         0xF9B9DF6F,0x8EBEEFF9,0x17B7BE43,0x60B08ED5,0xD6D6A3E8,0xA1D1937E,
 255:Core/Src/device/w25q64.c ****         0x38D8C2C4,0x4FDFF252,0xD1BB67F1,0xA6BC5767,0x3FB506DD,0x48B2364B,
 256:Core/Src/device/w25q64.c ****         0xD80D2BDA,0xAF0A1B4C,0x36034AF6,0x41047A60,0xDF60EFC3,0xA867DF55,
 257:Core/Src/device/w25q64.c ****         0x316E8EEF,0x4669BE79,0xCB61B38C,0xBC66831A,0x256FD2A0,0x5268E236,
 258:Core/Src/device/w25q64.c ****         0xCC0C7795,0xBB0B4703,0x220216B9,0x5505262F,0xC5BA3BBE,0xB2BD0B28,
 259:Core/Src/device/w25q64.c ****         0x2BB45A92,0x5CB30A04,0xC2D7FFA7,0xB5D0CF31,0x2CD99E8B,0x5BDEAE1D,
 260:Core/Src/device/w25q64.c ****         0x9B64C2B0,0xEC63F226,0x756AA39C,0x026D930A,0x9C0906A9,0xEB0E363F,
 261:Core/Src/device/w25q64.c ****         0x72076785,0x05005713,0x95BF4A82,0xE2B87A14,0x7BB12BAE,0x0CB61B38,
 262:Core/Src/device/w25q64.c ****         0x92D28E9B,0xE5D5BE0D,0x7CDCEFB7,0x0BDBDF21,0x86D3D2D4,0xF1D4E242,
 263:Core/Src/device/w25q64.c ****         0x68DDB3F8,0x1FDA836E,0x81BE16CD,0xF6B9265B,0x6FB077E1,0x18B74777,
ARM GAS  C:\Users\airforce\AppData\Local\Temp\cc4vm5jb.s 			page 20


 264:Core/Src/device/w25q64.c ****         0x88085AE6,0xFF0F6A70,0x66063BCA,0x11010B5C,0x8F659EFF,0xF862AE69,
 265:Core/Src/device/w25q64.c ****         0x616BFFD3,0x166CCF45,0xA00AE278,0xD70DD2EE,0x4E048354,0x3903B3C2,
 266:Core/Src/device/w25q64.c ****         0xA7672661,0xD06016F7,0x4969474D,0x3E6E77DB,0xAED16A4A,0xD9D65ADC,
 267:Core/Src/device/w25q64.c ****         0x40DF0B66,0x37D83BF0,0xA9BCAE53,0xDEBB9EC5,0x47B2CF7F,0x30B5FFE9,
 268:Core/Src/device/w25q64.c ****         0xBDBDF21C,0xCABAC28A,0x53B39330,0x24B4A3A6,0xBAD03605,0xCDD70693,
 269:Core/Src/device/w25q64.c ****         0x54DE5729,0x23D967BF,0xB3667A2E,0xC4614AB8,0x5D681B02,0x2A6F2B94,
 270:Core/Src/device/w25q64.c ****         0xB40BBE37,0xC30C8EA1,0x5A05DF1B,0x2D02EF8D
 271:Core/Src/device/w25q64.c ****     };
 272:Core/Src/device/w25q64.c **** 
 273:Core/Src/device/w25q64.c ****     uint32_t crc = 0xFFFFFFFF;
 777              		.loc 1 273 5 view .LVU178
 274:Core/Src/device/w25q64.c ****     uint8_t buf[256];
 778              		.loc 1 274 5 view .LVU179
 275:Core/Src/device/w25q64.c **** 
 276:Core/Src/device/w25q64.c ****     while (len > 0) {
 779              		.loc 1 276 5 view .LVU180
 226:Core/Src/device/w25q64.c ****     static const uint32_t crc32_table[256] = {
 780              		.loc 1 226 1 is_stmt 0 view .LVU181
 781 0000 2DE9F041 		push	{r4, r5, r6, r7, r8, lr}
 782              	.LCFI24:
 783              		.cfi_def_cfa_offset 24
 784              		.cfi_offset 4, -24
 785              		.cfi_offset 5, -20
 786              		.cfi_offset 6, -16
 787              		.cfi_offset 7, -12
 788              		.cfi_offset 8, -8
 789              		.cfi_offset 14, -4
 790 0004 0546     		mov	r5, r0
 791 0006 0C46     		mov	r4, r1
 273:Core/Src/device/w25q64.c ****     uint8_t buf[256];
 792              		.loc 1 273 14 view .LVU182
 793 0008 4FF0FF36 		mov	r6, #-1
 794              	.LBB16:
 795              	.LBB17:
 277:Core/Src/device/w25q64.c ****         uint32_t chunk = (len > sizeof(buf)) ? sizeof(buf) : len;
 278:Core/Src/device/w25q64.c ****         W25Q64_Read(addr, buf, chunk);
 279:Core/Src/device/w25q64.c ****         for (uint32_t i = 0; i < chunk; i++) {
 280:Core/Src/device/w25q64.c ****             crc = crc32_table[(crc ^ buf[i]) & 0xFF] ^ (crc >> 8);
 796              		.loc 1 280 30 view .LVU183
 797 000c DFF84480 		ldr	r8, .L34
 798              	.LBE17:
 799              	.LBE16:
 226:Core/Src/device/w25q64.c ****     static const uint32_t crc32_table[256] = {
 800              		.loc 1 226 1 view .LVU184
 801 0010 C0B0     		sub	sp, sp, #256
 802              	.LCFI25:
 803              		.cfi_def_cfa_offset 280
 804              	.LVL80:
 805              	.L30:
 276:Core/Src/device/w25q64.c ****         uint32_t chunk = (len > sizeof(buf)) ? sizeof(buf) : len;
 806              		.loc 1 276 16 is_stmt 1 view .LVU185
 807 0012 1CB9     		cbnz	r4, .L32
 281:Core/Src/device/w25q64.c ****         }
 282:Core/Src/device/w25q64.c ****         addr += chunk;
 283:Core/Src/device/w25q64.c ****         len  -= chunk;
 284:Core/Src/device/w25q64.c ****     }
 285:Core/Src/device/w25q64.c ****     return crc ^ 0xFFFFFFFF;
ARM GAS  C:\Users\airforce\AppData\Local\Temp\cc4vm5jb.s 			page 21


 808              		.loc 1 285 5 view .LVU186
 286:Core/Src/device/w25q64.c **** }
 809              		.loc 1 286 1 is_stmt 0 view .LVU187
 810 0014 F043     		mvns	r0, r6
 811 0016 40B0     		add	sp, sp, #256
 812              	.LCFI26:
 813              		.cfi_remember_state
 814              		.cfi_def_cfa_offset 24
 815              		@ sp needed
 816 0018 BDE8F081 		pop	{r4, r5, r6, r7, r8, pc}
 817              	.LVL81:
 818              	.L32:
 819              	.LCFI27:
 820              		.cfi_restore_state
 821              	.LBB19:
 277:Core/Src/device/w25q64.c ****         W25Q64_Read(addr, buf, chunk);
 822              		.loc 1 277 9 is_stmt 1 view .LVU188
 277:Core/Src/device/w25q64.c ****         W25Q64_Read(addr, buf, chunk);
 823              		.loc 1 277 18 is_stmt 0 view .LVU189
 824 001c B4F5807F 		cmp	r4, #256
 825 0020 2746     		mov	r7, r4
 826 0022 28BF     		it	cs
 827 0024 4FF48077 		movcs	r7, #256
 828              	.LVL82:
 278:Core/Src/device/w25q64.c ****         for (uint32_t i = 0; i < chunk; i++) {
 829              		.loc 1 278 9 is_stmt 1 view .LVU190
 830 0028 6946     		mov	r1, sp
 831 002a 3A46     		mov	r2, r7
 832 002c 2846     		mov	r0, r5
 833 002e FFF7FEFF 		bl	W25Q64_Read
 834              	.LVL83:
 279:Core/Src/device/w25q64.c ****             crc = crc32_table[(crc ^ buf[i]) & 0xFF] ^ (crc >> 8);
 835              		.loc 1 279 9 view .LVU191
 836              	.LBB18:
 279:Core/Src/device/w25q64.c ****             crc = crc32_table[(crc ^ buf[i]) & 0xFF] ^ (crc >> 8);
 837              		.loc 1 279 14 view .LVU192
 279:Core/Src/device/w25q64.c ****             crc = crc32_table[(crc ^ buf[i]) & 0xFF] ^ (crc >> 8);
 838              		.loc 1 279 32 discriminator 1 view .LVU193
 839 0032 6946     		mov	r1, sp
 279:Core/Src/device/w25q64.c ****             crc = crc32_table[(crc ^ buf[i]) & 0xFF] ^ (crc >> 8);
 840              		.loc 1 279 23 is_stmt 0 view .LVU194
 841 0034 0022     		movs	r2, #0
 842              	.LVL84:
 843              	.L31:
 280:Core/Src/device/w25q64.c ****         }
 844              		.loc 1 280 13 is_stmt 1 view .LVU195
 280:Core/Src/device/w25q64.c ****         }
 845              		.loc 1 280 41 is_stmt 0 view .LVU196
 846 0036 11F8013B 		ldrb	r3, [r1], #1	@ zero_extendqisi2
 279:Core/Src/device/w25q64.c ****             crc = crc32_table[(crc ^ buf[i]) & 0xFF] ^ (crc >> 8);
 847              		.loc 1 279 42 discriminator 3 view .LVU197
 848 003a 0132     		adds	r2, r2, #1
 849              	.LVL85:
 280:Core/Src/device/w25q64.c ****         }
 850              		.loc 1 280 36 view .LVU198
 851 003c 7340     		eors	r3, r3, r6
 280:Core/Src/device/w25q64.c ****         }
ARM GAS  C:\Users\airforce\AppData\Local\Temp\cc4vm5jb.s 			page 22


 852              		.loc 1 280 46 view .LVU199
 853 003e DBB2     		uxtb	r3, r3
 280:Core/Src/device/w25q64.c ****         }
 854              		.loc 1 280 30 view .LVU200
 855 0040 58F82330 		ldr	r3, [r8, r3, lsl #2]
 279:Core/Src/device/w25q64.c ****             crc = crc32_table[(crc ^ buf[i]) & 0xFF] ^ (crc >> 8);
 856              		.loc 1 279 32 discriminator 1 view .LVU201
 857 0044 9742     		cmp	r7, r2
 280:Core/Src/device/w25q64.c ****         }
 858              		.loc 1 280 17 view .LVU202
 859 0046 83EA1626 		eor	r6, r3, r6, lsr #8
 860              	.LVL86:
 279:Core/Src/device/w25q64.c ****             crc = crc32_table[(crc ^ buf[i]) & 0xFF] ^ (crc >> 8);
 861              		.loc 1 279 42 is_stmt 1 discriminator 3 view .LVU203
 279:Core/Src/device/w25q64.c ****             crc = crc32_table[(crc ^ buf[i]) & 0xFF] ^ (crc >> 8);
 862              		.loc 1 279 32 discriminator 1 view .LVU204
 863 004a F4D1     		bne	.L31
 864              	.LBE18:
 282:Core/Src/device/w25q64.c ****         len  -= chunk;
 865              		.loc 1 282 9 view .LVU205
 282:Core/Src/device/w25q64.c ****         len  -= chunk;
 866              		.loc 1 282 14 is_stmt 0 view .LVU206
 867 004c 3D44     		add	r5, r5, r7
 868              	.LVL87:
 283:Core/Src/device/w25q64.c ****     }
 869              		.loc 1 283 9 is_stmt 1 view .LVU207
 283:Core/Src/device/w25q64.c ****     }
 870              		.loc 1 283 14 is_stmt 0 view .LVU208
 871 004e E41B     		subs	r4, r4, r7
 872              	.LVL88:
 283:Core/Src/device/w25q64.c ****     }
 873              		.loc 1 283 14 view .LVU209
 874 0050 DFE7     		b	.L30
 875              	.L35:
 876 0052 00BF     		.align	2
 877              	.L34:
 878 0054 00000000 		.word	crc32_table.0
 879              	.LBE19:
 880              		.cfi_endproc
 881              	.LFE77:
 883              		.section	.rodata.crc32_table.0,"a"
 884              		.align	2
 887              	crc32_table.0:
 888 0000 00000000 		.word	0
 889 0004 96300777 		.word	1996959894
 890 0008 2C610EEE 		.word	-301047508
 891 000c BA510999 		.word	-1727442502
 892 0010 19C46D07 		.word	124634137
 893 0014 8FF46A70 		.word	1886057615
 894 0018 35A563E9 		.word	-379345611
 895 001c A395649E 		.word	-1637575261
 896 0020 3288DB0E 		.word	249268274
 897 0024 A4B8DC79 		.word	2044508324
 898 0028 1EE9D5E0 		.word	-522852066
 899 002c 88D9D297 		.word	-1747789432
 900 0030 2B4CB609 		.word	162941995
 901 0034 BD7CB17E 		.word	2125561021
ARM GAS  C:\Users\airforce\AppData\Local\Temp\cc4vm5jb.s 			page 23


 902 0038 072DB8E7 		.word	-407360249
 903 003c 911DBF90 		.word	-1866523247
 904 0040 6410B71D 		.word	498536548
 905 0044 F220B06A 		.word	1789927666
 906 0048 4871B9F3 		.word	-205950648
 907 004c DE41BE84 		.word	-2067906082
 908 0050 7DD4DA1A 		.word	450548861
 909 0054 EBE4DD6D 		.word	1843258603
 910 0058 51B5D4F4 		.word	-187386543
 911 005c C785D383 		.word	-2083289657
 912 0060 56986C13 		.word	325883990
 913 0064 C0A86B64 		.word	1684777152
 914 0068 7AF962FD 		.word	-43845254
 915 006c ECC9658A 		.word	-1973040660
 916 0070 4F5C0114 		.word	335633487
 917 0074 D96C0663 		.word	1661365465
 918 0078 633D0FFA 		.word	-99664541
 919 007c F50D088D 		.word	-1928851979
 920 0080 C8206E3B 		.word	997073096
 921 0084 5E10694C 		.word	1281953886
 922 0088 E44160D5 		.word	-715111964
 923 008c 727167A2 		.word	-1570279054
 924 0090 D1E4033C 		.word	1006888145
 925 0094 47D4044B 		.word	1258607687
 926 0098 FD850DD2 		.word	-770865667
 927 009c 6BB50AA5 		.word	-1526024853
 928 00a0 FAA8B535 		.word	901097722
 929 00a4 6C98B242 		.word	1119000684
 930 00a8 D6C9BBDB 		.word	-608450090
 931 00ac 40F9BCAC 		.word	-1396901568
 932 00b0 E36CD832 		.word	853044451
 933 00b4 755CDF45 		.word	1172266101
 934 00b8 CF0DD6DC 		.word	-589951537
 935 00bc 593DD1AB 		.word	-1412350631
 936 00c0 AC30D926 		.word	651767980
 937 00c4 3A00DE51 		.word	1373503546
 938 00c8 8051D7C8 		.word	-925412992
 939 00cc 1661D0BF 		.word	-1076862698
 940 00d0 B5F4B421 		.word	565507253
 941 00d4 23C4B356 		.word	1454621731
 942 00d8 9995BACF 		.word	-809855591
 943 00dc 0FA5BDB8 		.word	-1195530993
 944 00e0 9EB80228 		.word	671266974
 945 00e4 0888055F 		.word	1594198024
 946 00e8 B2D90CC6 		.word	-972236366
 947 00ec 24E90BB1 		.word	-1324619484
 948 00f0 877C6F2F 		.word	795835527
 949 00f4 114C6858 		.word	1483230225
 950 00f8 AB1D61C1 		.word	-1050600021
 951 00fc 3D2D66B6 		.word	-1234817731
 952 0100 9041DC76 		.word	1994146192
 953 0104 0671DB01 		.word	31158534
 954 0108 BC20D298 		.word	-1731059524
 955 010c 2A10D5EF 		.word	-271249366
 956 0110 8985B171 		.word	1907459465
 957 0114 1FB5B606 		.word	112637215
 958 0118 A5E4BF9F 		.word	-1614814043
ARM GAS  C:\Users\airforce\AppData\Local\Temp\cc4vm5jb.s 			page 24


 959 011c 33D4B8E8 		.word	-390540237
 960 0120 A2C90778 		.word	2013776290
 961 0124 34F9000F 		.word	251722036
 962 0128 8EA80996 		.word	-1777751922
 963 012c 18980EE1 		.word	-519137256
 964 0130 BB0D6A7F 		.word	2137656763
 965 0134 2D3D6D08 		.word	141376813
 966 0138 976C6491 		.word	-1855689577
 967 013c 015C63E6 		.word	-429695999
 968 0140 F4516B6B 		.word	1802195444
 969 0144 62616C1C 		.word	476864866
 970 0148 D8306585 		.word	-2056965928
 971 014c 4E0062F2 		.word	-228458418
 972 0150 ED95066C 		.word	1812370925
 973 0154 7BA5011B 		.word	453092731
 974 0158 C1F40882 		.word	-2113342271
 975 015c 57C40FF5 		.word	-183516073
 976 0160 C6D9B065 		.word	1706088902
 977 0164 50E9B712 		.word	314042704
 978 0168 EAB8BE8B 		.word	-1950435094
 979 016c 7C88B9FC 		.word	-54949764
 980 0170 DF1DDD62 		.word	1658658271
 981 0174 492DDA15 		.word	366619977
 982 0178 F37CD38C 		.word	-1932296973
 983 017c 654CD4FB 		.word	-69972891
 984 0180 5861B24D 		.word	1303535960
 985 0184 CE51B53A 		.word	984961486
 986 0188 7400BCA3 		.word	-1547960204
 987 018c E230BBD4 		.word	-725929758
 988 0190 41A5DF4A 		.word	1256170817
 989 0194 D795D83D 		.word	1037604311
 990 0198 6DC4D1A4 		.word	-1529756563
 991 019c FBF4D6D3 		.word	-740887301
 992 01a0 6AE96943 		.word	1131014506
 993 01a4 FCD96E34 		.word	879679996
 994 01a8 468867AD 		.word	-1385723834
 995 01ac D0B860DA 		.word	-631195440
 996 01b0 732D0444 		.word	1141124467
 997 01b4 E51D0333 		.word	855842277
 998 01b8 5F4C0AAA 		.word	-1442165665
 999 01bc C97C0DDD 		.word	-586318647
 1000 01c0 3C710550 		.word	1342533948
 1001 01c4 AA410227 		.word	654459306
 1002 01c8 10100BBE 		.word	-1106571248
 1003 01cc 86200CC9 		.word	-921952122
 1004 01d0 25B56857 		.word	1466479909
 1005 01d4 B3856F20 		.word	544179635
 1006 01d8 09D466B9 		.word	-1184443383
 1007 01dc 9FE461CE 		.word	-832445281
 1008 01e0 0EF9DE5E 		.word	1591671054
 1009 01e4 98C9D929 		.word	702138776
 1010 01e8 2298D0B0 		.word	-1328506846
 1011 01ec B4A8D7C7 		.word	-942167884
 1012 01f0 173DB359 		.word	1504918807
 1013 01f4 810DB42E 		.word	783551873
 1014 01f8 3B5CBDB7 		.word	-1212326853
 1015 01fc AD6CBAC0 		.word	-1061524307
ARM GAS  C:\Users\airforce\AppData\Local\Temp\cc4vm5jb.s 			page 25


 1016 0200 2083B8ED 		.word	-306674912
 1017 0204 B6B3BF9A 		.word	-1698712650
 1018 0208 0CE2B603 		.word	62317068
 1019 020c 9AD2B174 		.word	1957810842
 1020 0210 3947D5EA 		.word	-355121351
 1021 0214 AF77D29D 		.word	-1647151185
 1022 0218 1526DB04 		.word	81470997
 1023 021c 8316DC73 		.word	1943803523
 1024 0220 120B63E3 		.word	-480048366
 1025 0224 843B6494 		.word	-1805370492
 1026 0228 3E6A6D0D 		.word	225274430
 1027 022c A85A6A7A 		.word	2053790376
 1028 0230 0BCF0EE4 		.word	-468791541
 1029 0234 9DFF0993 		.word	-1828061283
 1030 0238 27AE000A 		.word	167816743
 1031 023c B19E077D 		.word	2097651377
 1032 0240 44930FF0 		.word	-267414716
 1033 0244 D2A30887 		.word	-2029476910
 1034 0248 68F2011E 		.word	503444072
 1035 024c FEC20669 		.word	1762050814
 1036 0250 5D5762F7 		.word	-144550051
 1037 0254 CB676580 		.word	-2140837941
 1038 0258 71366C19 		.word	426522225
 1039 025c E7066B6E 		.word	1852507879
 1040 0260 761BD4FE 		.word	-19653770
 1041 0264 E02BD389 		.word	-1982649376
 1042 0268 5A7ADA10 		.word	282753626
 1043 026c CC4ADD67 		.word	1742555852
 1044 0270 6FDFB9F9 		.word	-105259153
 1045 0274 F9EFBE8E 		.word	-1900089351
 1046 0278 43BEB717 		.word	397917763
 1047 027c D58EB060 		.word	1622183637
 1048 0280 E8A3D6D6 		.word	-690576408
 1049 0284 7E93D1A1 		.word	-1580100738
 1050 0288 C4C2D838 		.word	953729732
 1051 028c 52F2DF4F 		.word	1340076626
 1052 0290 F167BBD1 		.word	-776247311
 1053 0294 6757BCA6 		.word	-1497606297
 1054 0298 DD06B53F 		.word	1068828381
 1055 029c 4B36B248 		.word	1219638859
 1056 02a0 DA2B0DD8 		.word	-670225446
 1057 02a4 4C1B0AAF 		.word	-1358292148
 1058 02a8 F64A0336 		.word	906185462
 1059 02ac 607A0441 		.word	1090812512
 1060 02b0 C3EF60DF 		.word	-547295293
 1061 02b4 55DF67A8 		.word	-1469587627
 1062 02b8 EF8E6E31 		.word	829329135
 1063 02bc 79BE6946 		.word	1181335161
 1064 02c0 8CB361CB 		.word	-882789492
 1065 02c4 1A8366BC 		.word	-1134132454
 1066 02c8 A0D26F25 		.word	628085408
 1067 02cc 36E26852 		.word	1382605366
 1068 02d0 95770CCC 		.word	-871598187
 1069 02d4 03470BBB 		.word	-1156888829
 1070 02d8 B9160222 		.word	570562233
 1071 02dc 2F260555 		.word	1426400815
 1072 02e0 BE3BBAC5 		.word	-977650754
ARM GAS  C:\Users\airforce\AppData\Local\Temp\cc4vm5jb.s 			page 26


 1073 02e4 280BBDB2 		.word	-1296233688
 1074 02e8 925AB42B 		.word	733239954
 1075 02ec 040AB35C 		.word	1555237380
 1076 02f0 A7FFD7C2 		.word	-1026031705
 1077 02f4 31CFD0B5 		.word	-1244606671
 1078 02f8 8B9ED92C 		.word	752459403
 1079 02fc 1DAEDE5B 		.word	1541320221
 1080 0300 B0C2649B 		.word	-1687895376
 1081 0304 26F263EC 		.word	-328994266
 1082 0308 9CA36A75 		.word	1969922972
 1083 030c 0A936D02 		.word	40735498
 1084 0310 A906099C 		.word	-1677130071
 1085 0314 3F360EEB 		.word	-351390145
 1086 0318 85670772 		.word	1913087877
 1087 031c 13570005 		.word	83908371
 1088 0320 824ABF95 		.word	-1782625662
 1089 0324 147AB8E2 		.word	-491226604
 1090 0328 AE2BB17B 		.word	2075208622
 1091 032c 381BB60C 		.word	213261112
 1092 0330 9B8ED292 		.word	-1831694693
 1093 0334 0DBED5E5 		.word	-438977011
 1094 0338 B7EFDC7C 		.word	2094854071
 1095 033c 21DFDB0B 		.word	198958881
 1096 0340 D4D2D386 		.word	-2032938284
 1097 0344 42E2D4F1 		.word	-237706686
 1098 0348 F8B3DD68 		.word	1759359992
 1099 034c 6E83DA1F 		.word	534414190
 1100 0350 CD16BE81 		.word	-2118248755
 1101 0354 5B26B9F6 		.word	-155638181
 1102 0358 E177B06F 		.word	1873836001
 1103 035c 7747B718 		.word	414664567
 1104 0360 E65A0888 		.word	-2012718362
 1105 0364 706A0FFF 		.word	-15766928
 1106 0368 CA3B0666 		.word	1711684554
 1107 036c 5C0B0111 		.word	285281116
 1108 0370 FF9E658F 		.word	-1889165569
 1109 0374 69AE62F8 		.word	-127750551
 1110 0378 D3FF6B61 		.word	1634467795
 1111 037c 45CF6C16 		.word	376229701
 1112 0380 78E20AA0 		.word	-1609899400
 1113 0384 EED20DD7 		.word	-686959890
 1114 0388 5483044E 		.word	1308918612
 1115 038c C2B30339 		.word	956543938
 1116 0390 612667A7 		.word	-1486412191
 1117 0394 F71660D0 		.word	-799009033
 1118 0398 4D476949 		.word	1231636301
 1119 039c DB776E3E 		.word	1047427035
 1120 03a0 4A6AD1AE 		.word	-1362007478
 1121 03a4 DC5AD6D9 		.word	-640263460
 1122 03a8 660BDF40 		.word	1088359270
 1123 03ac F03BD837 		.word	936918000
 1124 03b0 53AEBCA9 		.word	-1447252397
 1125 03b4 C59EBBDE 		.word	-558129467
 1126 03b8 7FCFB247 		.word	1202900863
 1127 03bc E9FFB530 		.word	817233897
 1128 03c0 1CF2BDBD 		.word	-1111625188
 1129 03c4 8AC2BACA 		.word	-893730166
ARM GAS  C:\Users\airforce\AppData\Local\Temp\cc4vm5jb.s 			page 27


 1130 03c8 3093B353 		.word	1404277552
 1131 03cc A6A3B424 		.word	615818150
 1132 03d0 0536D0BA 		.word	-1160759803
 1133 03d4 9306D7CD 		.word	-841546093
 1134 03d8 2957DE54 		.word	1423857449
 1135 03dc BF67D923 		.word	601450431
 1136 03e0 2E7A66B3 		.word	-1285129682
 1137 03e4 B84A61C4 		.word	-1000256840
 1138 03e8 021B685D 		.word	1567103746
 1139 03ec 942B6F2A 		.word	711928724
 1140 03f0 37BE0BB4 		.word	-1274298825
 1141 03f4 A18E0CC3 		.word	-1022587231
 1142 03f8 1BDF055A 		.word	1510334235
 1143 03fc 8DEF022D 		.word	755167117
 1144              		.text
 1145              	.Letext0:
 1146              		.file 2 "D:/stm32tools/arm-none-eabi-gcc/14.2.1-1.1.1/.content/arm-none-eabi/include/machine/_defa
 1147              		.file 3 "D:/stm32tools/arm-none-eabi-gcc/14.2.1-1.1.1/.content/arm-none-eabi/include/sys/_stdint.h
 1148              		.file 4 "Drivers/CMSIS/Device/ST/STM32F1xx/Include/stm32f103xb.h"
 1149              		.file 5 "Drivers/STM32F1xx_HAL_Driver/Inc/stm32f1xx_hal_gpio.h"
ARM GAS  C:\Users\airforce\AppData\Local\Temp\cc4vm5jb.s 			page 28


DEFINED SYMBOLS
                            *ABS*:00000000 w25q64.c
C:\Users\airforce\AppData\Local\Temp\cc4vm5jb.s:19     .text.SPI_SendAddr:00000000 $t
C:\Users\airforce\AppData\Local\Temp\cc4vm5jb.s:24     .text.SPI_SendAddr:00000000 SPI_SendAddr
C:\Users\airforce\AppData\Local\Temp\cc4vm5jb.s:66     .text.W25Q64_ReadJEDEC_ID:00000000 $t
C:\Users\airforce\AppData\Local\Temp\cc4vm5jb.s:72     .text.W25Q64_ReadJEDEC_ID:00000000 W25Q64_ReadJEDEC_ID
C:\Users\airforce\AppData\Local\Temp\cc4vm5jb.s:131    .text.W25Q64_Init:00000000 $t
C:\Users\airforce\AppData\Local\Temp\cc4vm5jb.s:137    .text.W25Q64_Init:00000000 W25Q64_Init
C:\Users\airforce\AppData\Local\Temp\cc4vm5jb.s:212    .text.W25Q64_Init:0000004c $d
C:\Users\airforce\AppData\Local\Temp\cc4vm5jb.s:217    .text.W25Q64_ReadSR:00000000 $t
C:\Users\airforce\AppData\Local\Temp\cc4vm5jb.s:223    .text.W25Q64_ReadSR:00000000 W25Q64_ReadSR
C:\Users\airforce\AppData\Local\Temp\cc4vm5jb.s:263    .text.W25Q64_WaitBusy:00000000 $t
C:\Users\airforce\AppData\Local\Temp\cc4vm5jb.s:269    .text.W25Q64_WaitBusy:00000000 W25Q64_WaitBusy
C:\Users\airforce\AppData\Local\Temp\cc4vm5jb.s:292    .text.W25Q64_WriteEnable:00000000 $t
C:\Users\airforce\AppData\Local\Temp\cc4vm5jb.s:298    .text.W25Q64_WriteEnable:00000000 W25Q64_WriteEnable
C:\Users\airforce\AppData\Local\Temp\cc4vm5jb.s:332    .text.W25Q64_Read:00000000 $t
C:\Users\airforce\AppData\Local\Temp\cc4vm5jb.s:338    .text.W25Q64_Read:00000000 W25Q64_Read
C:\Users\airforce\AppData\Local\Temp\cc4vm5jb.s:414    .text.W25Q64_PageProgram:00000000 $t
C:\Users\airforce\AppData\Local\Temp\cc4vm5jb.s:420    .text.W25Q64_PageProgram:00000000 W25Q64_PageProgram
C:\Users\airforce\AppData\Local\Temp\cc4vm5jb.s:516    .text.W25Q64_Write:00000000 $t
C:\Users\airforce\AppData\Local\Temp\cc4vm5jb.s:522    .text.W25Q64_Write:00000000 W25Q64_Write
C:\Users\airforce\AppData\Local\Temp\cc4vm5jb.s:609    .text.W25Q64_SectorErase:00000000 $t
C:\Users\airforce\AppData\Local\Temp\cc4vm5jb.s:615    .text.W25Q64_SectorErase:00000000 W25Q64_SectorErase
C:\Users\airforce\AppData\Local\Temp\cc4vm5jb.s:663    .text.W25Q64_BlockErase:00000000 $t
C:\Users\airforce\AppData\Local\Temp\cc4vm5jb.s:669    .text.W25Q64_BlockErase:00000000 W25Q64_BlockErase
C:\Users\airforce\AppData\Local\Temp\cc4vm5jb.s:717    .text.W25Q64_ChipErase:00000000 $t
C:\Users\airforce\AppData\Local\Temp\cc4vm5jb.s:723    .text.W25Q64_ChipErase:00000000 W25Q64_ChipErase
C:\Users\airforce\AppData\Local\Temp\cc4vm5jb.s:763    .text.W25Q64_CRC32:00000000 $t
C:\Users\airforce\AppData\Local\Temp\cc4vm5jb.s:769    .text.W25Q64_CRC32:00000000 W25Q64_CRC32
C:\Users\airforce\AppData\Local\Temp\cc4vm5jb.s:878    .text.W25Q64_CRC32:00000054 $d
C:\Users\airforce\AppData\Local\Temp\cc4vm5jb.s:887    .rodata.crc32_table.0:00000000 crc32_table.0
C:\Users\airforce\AppData\Local\Temp\cc4vm5jb.s:884    .rodata.crc32_table.0:00000000 $d

UNDEFINED SYMBOLS
Boot_SPI_Transfer
Boot_SPI_CS_Low
Boot_SPI_CS_High
HAL_GPIO_Init
Boot_SPI_Init
