ARM GAS  C:\Users\airforce\AppData\Local\Temp\ccUNzBmJ.s 			page 1


   1              		.cpu cortex-m3
   2              		.arch armv7-m
   3              		.fpu softvfp
   4              		.eabi_attribute 20, 1
   5              		.eabi_attribute 21, 1
   6              		.eabi_attribute 23, 3
   7              		.eabi_attribute 24, 1
   8              		.eabi_attribute 25, 1
   9              		.eabi_attribute 26, 1
  10              		.eabi_attribute 30, 1
  11              		.eabi_attribute 34, 1
  12              		.eabi_attribute 18, 4
  13              		.file	"base64.c"
  14              		.text
  15              	.Ltext0:
  16              		.cfi_sections	.debug_frame
  17              		.file 1 "Core/Src/device/base64.c"
  18              		.section	.text.BASE64_Encode,"ax",%progbits
  19              		.align	1
  20              		.global	BASE64_Encode
  21              		.syntax unified
  22              		.thumb
  23              		.thumb_func
  25              	BASE64_Encode:
  26              	.LVL0:
  27              	.LFB3:
   1:Core/Src/device/base64.c **** /**
   2:Core/Src/device/base64.c **** 	************************************************************
   3:Core/Src/device/base64.c **** 	************************************************************
   4:Core/Src/device/base64.c **** 	************************************************************
   5:Core/Src/device/base64.c **** 		文件名： 	base64.c
   6:Core/Src/device/base64.c **** 
   7:Core/Src/device/base64.c **** 		作者：
   8:Core/Src/device/base64.c **** 
   9:Core/Src/device/base64.c **** 		日期： 		2019-08-01
  10:Core/Src/device/base64.c **** 
  11:Core/Src/device/base64.c **** 		版本： 		V1.0
  12:Core/Src/device/base64.c **** 
  13:Core/Src/device/base64.c **** 		说明： 		Base64编解码
  14:Core/Src/device/base64.c **** 
  15:Core/Src/device/base64.c **** 		修改记录：
  16:Core/Src/device/base64.c **** 	************************************************************
  17:Core/Src/device/base64.c **** 	************************************************************
  18:Core/Src/device/base64.c **** 	************************************************************
  19:Core/Src/device/base64.c **** **/
  20:Core/Src/device/base64.c **** 
  21:Core/Src/device/base64.c **** #include "base64.h"
  22:Core/Src/device/base64.c **** 
  23:Core/Src/device/base64.c **** //C库
  24:Core/Src/device/base64.c **** #include <stdint.h>
  25:Core/Src/device/base64.c **** #include <stdio.h>
  26:Core/Src/device/base64.c **** 
  27:Core/Src/device/base64.c **** 
  28:Core/Src/device/base64.c **** #define BASE64_SIZE_T_MAX   ( (size_t) -1 ) /* SIZE_T_MAX is not standard */
  29:Core/Src/device/base64.c **** 
  30:Core/Src/device/base64.c **** 
  31:Core/Src/device/base64.c **** static const unsigned char base64_enc_map[64] =
ARM GAS  C:\Users\airforce\AppData\Local\Temp\ccUNzBmJ.s 			page 2


  32:Core/Src/device/base64.c **** {
  33:Core/Src/device/base64.c **** 	'A', 'B', 'C', 'D', 'E', 'F', 'G', 'H', 'I', 'J',
  34:Core/Src/device/base64.c **** 	'K', 'L', 'M', 'N', 'O', 'P', 'Q', 'R', 'S', 'T',
  35:Core/Src/device/base64.c **** 	'U', 'V', 'W', 'X', 'Y', 'Z', 'a', 'b', 'c', 'd',
  36:Core/Src/device/base64.c **** 	'e', 'f', 'g', 'h', 'i', 'j', 'k', 'l', 'm', 'n',
  37:Core/Src/device/base64.c **** 	'o', 'p', 'q', 'r', 's', 't', 'u', 'v', 'w', 'x',
  38:Core/Src/device/base64.c **** 	'y', 'z', '0', '1', '2', '3', '4', '5', '6', '7',
  39:Core/Src/device/base64.c **** 	'8', '9', '+', '/'
  40:Core/Src/device/base64.c **** };
  41:Core/Src/device/base64.c **** 
  42:Core/Src/device/base64.c **** 
  43:Core/Src/device/base64.c **** static const unsigned char base64_dec_map[128] =
  44:Core/Src/device/base64.c **** {
  45:Core/Src/device/base64.c **** 	127, 127, 127, 127, 127, 127, 127, 127, 127, 127,
  46:Core/Src/device/base64.c **** 	127, 127, 127, 127, 127, 127, 127, 127, 127, 127,
  47:Core/Src/device/base64.c **** 	127, 127, 127, 127, 127, 127, 127, 127, 127, 127,
  48:Core/Src/device/base64.c **** 	127, 127, 127, 127, 127, 127, 127, 127, 127, 127,
  49:Core/Src/device/base64.c **** 	127, 127, 127,  62, 127, 127, 127,  63,  52,  53,
  50:Core/Src/device/base64.c **** 	54,  55,  56,  57,  58,  59,  60,  61, 127, 127,
  51:Core/Src/device/base64.c **** 	127,  64, 127, 127, 127,   0,   1,   2,   3,   4,
  52:Core/Src/device/base64.c **** 	5,   6,   7,   8,   9,  10,  11,  12,  13,  14,
  53:Core/Src/device/base64.c **** 	15,  16,  17,  18,  19,  20,  21,  22,  23,  24,
  54:Core/Src/device/base64.c **** 	25, 127, 127, 127, 127, 127, 127,  26,  27,  28,
  55:Core/Src/device/base64.c **** 	29,  30,  31,  32,  33,  34,  35,  36,  37,  38,
  56:Core/Src/device/base64.c **** 	39,  40,  41,  42,  43,  44,  45,  46,  47,  48,
  57:Core/Src/device/base64.c **** 	49,  50,  51, 127, 127, 127, 127, 127
  58:Core/Src/device/base64.c **** };
  59:Core/Src/device/base64.c **** 
  60:Core/Src/device/base64.c **** 
  61:Core/Src/device/base64.c **** /*
  62:Core/Src/device/base64.c **** ************************************************************
  63:Core/Src/device/base64.c **** *	函数名称：	BASE64_Encode
  64:Core/Src/device/base64.c **** *
  65:Core/Src/device/base64.c **** *	函数功能：	Base64编码
  66:Core/Src/device/base64.c **** *
  67:Core/Src/device/base64.c **** *	入口参数：	dst：保存数据的缓存区
  68:Core/Src/device/base64.c **** *				dlen：保存数据的缓存区长度
  69:Core/Src/device/base64.c **** *				olen：记录写入的字节
  70:Core/Src/device/base64.c **** *				src：输入数据
  71:Core/Src/device/base64.c **** *				slen：输入数据的长度
  72:Core/Src/device/base64.c **** *
  73:Core/Src/device/base64.c **** *	返回参数：	0-成功	其他-失败
  74:Core/Src/device/base64.c **** *
  75:Core/Src/device/base64.c **** *	说明：		
  76:Core/Src/device/base64.c **** ************************************************************
  77:Core/Src/device/base64.c **** */
  78:Core/Src/device/base64.c **** int BASE64_Encode(unsigned char *dst, size_t dlen, size_t *olen,
  79:Core/Src/device/base64.c **** 						  const unsigned char *src, size_t slen)
  80:Core/Src/device/base64.c **** {
  28              		.loc 1 80 1 view -0
  29              		.cfi_startproc
  30              		@ args = 4, pretend = 0, frame = 0
  31              		@ frame_needed = 0, uses_anonymous_args = 0
  32              		.loc 1 80 1 is_stmt 0 view .LVU1
  33 0000 2DE9F043 		push	{r4, r5, r6, r7, r8, r9, lr}
  34              	.LCFI0:
  35              		.cfi_def_cfa_offset 28
ARM GAS  C:\Users\airforce\AppData\Local\Temp\ccUNzBmJ.s 			page 3


  36              		.cfi_offset 4, -28
  37              		.cfi_offset 5, -24
  38              		.cfi_offset 6, -20
  39              		.cfi_offset 7, -16
  40              		.cfi_offset 8, -12
  41              		.cfi_offset 9, -8
  42              		.cfi_offset 14, -4
  43 0004 079F     		ldr	r7, [sp, #28]
  81:Core/Src/device/base64.c **** 	
  82:Core/Src/device/base64.c **** 	size_t i = 0, n = 0;
  44              		.loc 1 82 2 is_stmt 1 view .LVU2
  45              	.LVL1:
  83:Core/Src/device/base64.c **** 	int C1 = 0, C2 = 0, C3 = 0;
  46              		.loc 1 83 2 view .LVU3
  84:Core/Src/device/base64.c **** 	unsigned char *p = (void *)0;
  47              		.loc 1 84 2 view .LVU4
  85:Core/Src/device/base64.c **** 
  86:Core/Src/device/base64.c **** 	if(slen == 0)
  48              		.loc 1 86 2 view .LVU5
  49              		.loc 1 86 4 is_stmt 0 view .LVU6
  50 0006 D7B1     		cbz	r7, .L15
  87:Core/Src/device/base64.c **** 	{
  88:Core/Src/device/base64.c **** 		*olen = 0;
  89:Core/Src/device/base64.c **** 		return 0;
  90:Core/Src/device/base64.c **** 	}
  91:Core/Src/device/base64.c **** 
  92:Core/Src/device/base64.c **** 	n = slen / 3 + (slen % 3 != 0);
  51              		.loc 1 92 2 is_stmt 1 view .LVU7
  52              		.loc 1 92 11 is_stmt 0 view .LVU8
  53 0008 444D     		ldr	r5, .L17
  54 000a A5FB0745 		umull	r4, r5, r5, r7
  55 000e 6E08     		lsrs	r6, r5, #1
  56              		.loc 1 92 23 view .LVU9
  57 0010 25F00104 		bic	r4, r5, #1
  58 0014 04EB5504 		add	r4, r4, r5, lsr #1
  59 0018 3C1B     		subs	r4, r7, r4
  60              		.loc 1 92 27 view .LVU10
  61 001a 003C     		subs	r4, r4, #0
  62 001c 18BF     		it	ne
  63 001e 0124     		movne	r4, #1
  64              		.loc 1 92 4 view .LVU11
  65 0020 04EB5504 		add	r4, r4, r5, lsr #1
  66              	.LVL2:
  93:Core/Src/device/base64.c **** 
  94:Core/Src/device/base64.c **** 	if(n > (BASE64_SIZE_T_MAX - 1) / 4)
  67              		.loc 1 94 2 is_stmt 1 view .LVU12
  68              		.loc 1 94 4 is_stmt 0 view .LVU13
  69 0024 B4F1804F 		cmp	r4, #1073741824
  70 0028 0CD2     		bcs	.L16
  95:Core/Src/device/base64.c **** 	{
  96:Core/Src/device/base64.c **** 		*olen = BASE64_SIZE_T_MAX;
  97:Core/Src/device/base64.c **** 		return MBEDTLS_ERR_BASE64_BUFFER_TOO_SMALL;
  98:Core/Src/device/base64.c **** 	}
  99:Core/Src/device/base64.c **** 
 100:Core/Src/device/base64.c **** 	n *= 4;
  71              		.loc 1 100 2 is_stmt 1 view .LVU14
  72              		.loc 1 100 4 is_stmt 0 view .LVU15
ARM GAS  C:\Users\airforce\AppData\Local\Temp\ccUNzBmJ.s 			page 4


  73 002a A400     		lsls	r4, r4, #2
  74              	.LVL3:
 101:Core/Src/device/base64.c **** 
 102:Core/Src/device/base64.c **** 	if((dlen < n + 1) || (NULL == dst))
  75              		.loc 1 102 2 is_stmt 1 view .LVU16
  76              		.loc 1 102 15 is_stmt 0 view .LVU17
  77 002c 0134     		adds	r4, r4, #1
  78              	.LVL4:
  79              		.loc 1 102 4 view .LVU18
  80 002e 8C42     		cmp	r4, r1
  81 0030 0ED8     		bhi	.L5
  82              		.loc 1 102 20 discriminator 1 view .LVU19
  83 0032 68B1     		cbz	r0, .L5
 103:Core/Src/device/base64.c **** 	{
 104:Core/Src/device/base64.c **** 		*olen = n + 1;
 105:Core/Src/device/base64.c **** 		return MBEDTLS_ERR_BASE64_BUFFER_TOO_SMALL;
 106:Core/Src/device/base64.c **** 	}
 107:Core/Src/device/base64.c **** 
 108:Core/Src/device/base64.c **** 	n = (slen / 3) * 3;
  84              		.loc 1 108 2 is_stmt 1 view .LVU20
  85              		.loc 1 108 4 is_stmt 0 view .LVU21
  86 0034 06EB4606 		add	r6, r6, r6, lsl #1
  87              	.LVL5:
 109:Core/Src/device/base64.c **** 
 110:Core/Src/device/base64.c **** 	for(i = 0, p = dst; i < n; i += 3)
  88              		.loc 1 110 2 is_stmt 1 view .LVU22
  89              		.loc 1 110 15 is_stmt 0 view .LVU23
  90 0038 8446     		mov	ip, r0
  91              		.loc 1 110 8 view .LVU24
  92 003a 0025     		movs	r5, #0
  93              		.loc 1 110 2 view .LVU25
  94 003c 38E0     		b	.L7
  95              	.LVL6:
  96              	.L15:
  88:Core/Src/device/base64.c **** 		return 0;
  97              		.loc 1 88 3 is_stmt 1 view .LVU26
  88:Core/Src/device/base64.c **** 		return 0;
  98              		.loc 1 88 9 is_stmt 0 view .LVU27
  99 003e 0020     		movs	r0, #0
 100              	.LVL7:
  88:Core/Src/device/base64.c **** 		return 0;
 101              		.loc 1 88 9 view .LVU28
 102 0040 1060     		str	r0, [r2]
  89:Core/Src/device/base64.c **** 	}
 103              		.loc 1 89 3 is_stmt 1 view .LVU29
  89:Core/Src/device/base64.c **** 	}
 104              		.loc 1 89 10 is_stmt 0 view .LVU30
 105 0042 61E0     		b	.L1
 106              	.LVL8:
 107              	.L16:
  96:Core/Src/device/base64.c **** 		return MBEDTLS_ERR_BASE64_BUFFER_TOO_SMALL;
 108              		.loc 1 96 3 is_stmt 1 view .LVU31
  96:Core/Src/device/base64.c **** 		return MBEDTLS_ERR_BASE64_BUFFER_TOO_SMALL;
 109              		.loc 1 96 9 is_stmt 0 view .LVU32
 110 0044 4FF0FF33 		mov	r3, #-1
 111              	.LVL9:
  96:Core/Src/device/base64.c **** 		return MBEDTLS_ERR_BASE64_BUFFER_TOO_SMALL;
ARM GAS  C:\Users\airforce\AppData\Local\Temp\ccUNzBmJ.s 			page 5


 112              		.loc 1 96 9 view .LVU33
 113 0048 1360     		str	r3, [r2]
  97:Core/Src/device/base64.c **** 	}
 114              		.loc 1 97 3 is_stmt 1 view .LVU34
  97:Core/Src/device/base64.c **** 	}
 115              		.loc 1 97 10 is_stmt 0 view .LVU35
 116 004a 6FF02900 		mvn	r0, #41
 117              	.LVL10:
  97:Core/Src/device/base64.c **** 	}
 118              		.loc 1 97 10 view .LVU36
 119 004e 5BE0     		b	.L1
 120              	.LVL11:
 121              	.L5:
 104:Core/Src/device/base64.c **** 		return MBEDTLS_ERR_BASE64_BUFFER_TOO_SMALL;
 122              		.loc 1 104 3 is_stmt 1 view .LVU37
 104:Core/Src/device/base64.c **** 		return MBEDTLS_ERR_BASE64_BUFFER_TOO_SMALL;
 123              		.loc 1 104 9 is_stmt 0 view .LVU38
 124 0050 1460     		str	r4, [r2]
 105:Core/Src/device/base64.c **** 	}
 125              		.loc 1 105 3 is_stmt 1 view .LVU39
 105:Core/Src/device/base64.c **** 	}
 126              		.loc 1 105 10 is_stmt 0 view .LVU40
 127 0052 6FF02900 		mvn	r0, #41
 128              	.LVL12:
 105:Core/Src/device/base64.c **** 	}
 129              		.loc 1 105 10 view .LVU41
 130 0056 57E0     		b	.L1
 131              	.LVL13:
 132              	.L8:
 111:Core/Src/device/base64.c **** 	{
 112:Core/Src/device/base64.c **** 		C1 = *src++;
 133              		.loc 1 112 3 is_stmt 1 view .LVU42
 134              		.loc 1 112 8 is_stmt 0 view .LVU43
 135 0058 93F80080 		ldrb	r8, [r3]	@ zero_extendqisi2
 136              	.LVL14:
 113:Core/Src/device/base64.c **** 		C2 = *src++;
 137              		.loc 1 113 3 is_stmt 1 view .LVU44
 138              		.loc 1 113 8 is_stmt 0 view .LVU45
 139 005c 5978     		ldrb	r1, [r3, #1]	@ zero_extendqisi2
 140              	.LVL15:
 114:Core/Src/device/base64.c **** 		C3 = *src++;
 141              		.loc 1 114 3 is_stmt 1 view .LVU46
 142              		.loc 1 114 8 is_stmt 0 view .LVU47
 143 005e 93F802E0 		ldrb	lr, [r3, #2]	@ zero_extendqisi2
 144              	.LVL16:
 115:Core/Src/device/base64.c **** 
 116:Core/Src/device/base64.c **** 		*p++ = base64_enc_map[(C1 >> 2) & 0x3F];
 145              		.loc 1 116 3 is_stmt 1 view .LVU48
 146              		.loc 1 116 35 is_stmt 0 view .LVU49
 147 0062 4FEA9809 		lsr	r9, r8, #2
 148              	.LVL17:
 149              		.loc 1 116 24 view .LVU50
 150 0066 2E4C     		ldr	r4, .L17+4
 151 0068 14F80990 		ldrb	r9, [r4, r9]	@ zero_extendqisi2
 152              		.loc 1 116 8 view .LVU51
 153 006c 8CF80090 		strb	r9, [ip]
 117:Core/Src/device/base64.c **** 		*p++ = base64_enc_map[(((C1 &  3) << 4) + (C2 >> 4)) & 0x3F];
ARM GAS  C:\Users\airforce\AppData\Local\Temp\ccUNzBmJ.s 			page 6


 154              		.loc 1 117 3 is_stmt 1 view .LVU52
 155              		.loc 1 117 37 is_stmt 0 view .LVU53
 156 0070 4FEA0818 		lsl	r8, r8, #4
 157              	.LVL18:
 158              		.loc 1 117 37 view .LVU54
 159 0074 08F03008 		and	r8, r8, #48
 160              		.loc 1 117 43 view .LVU55
 161 0078 08EB2118 		add	r8, r8, r1, asr #4
 162              		.loc 1 117 56 view .LVU56
 163 007c 08F03F08 		and	r8, r8, #63
 164              	.LVL19:
 165              		.loc 1 117 24 view .LVU57
 166 0080 14F80880 		ldrb	r8, [r4, r8]	@ zero_extendqisi2
 167              		.loc 1 117 8 view .LVU58
 168 0084 8CF80180 		strb	r8, [ip, #1]
 118:Core/Src/device/base64.c **** 		*p++ = base64_enc_map[(((C2 & 15) << 2) + (C3 >> 6)) & 0x3F];
 169              		.loc 1 118 3 is_stmt 1 view .LVU59
 170              		.loc 1 118 37 is_stmt 0 view .LVU60
 171 0088 8900     		lsls	r1, r1, #2
 172              	.LVL20:
 173              		.loc 1 118 37 view .LVU61
 174 008a 01F03C01 		and	r1, r1, #60
 175              		.loc 1 118 43 view .LVU62
 176 008e 01EBAE11 		add	r1, r1, lr, asr #6
 177              		.loc 1 118 56 view .LVU63
 178 0092 01F03F01 		and	r1, r1, #63
 179              	.LVL21:
 180              		.loc 1 118 24 view .LVU64
 181 0096 615C     		ldrb	r1, [r4, r1]	@ zero_extendqisi2
 182              		.loc 1 118 8 view .LVU65
 183 0098 8CF80210 		strb	r1, [ip, #2]
 119:Core/Src/device/base64.c **** 		*p++ = base64_enc_map[C3 & 0x3F];
 184              		.loc 1 119 3 is_stmt 1 view .LVU66
 185              		.loc 1 119 28 is_stmt 0 view .LVU67
 186 009c 0EF03F0E 		and	lr, lr, #63
 187              	.LVL22:
 188              		.loc 1 119 24 view .LVU68
 189 00a0 14F80E10 		ldrb	r1, [r4, lr]	@ zero_extendqisi2
 190              		.loc 1 119 8 view .LVU69
 191 00a4 8CF80310 		strb	r1, [ip, #3]
 110:Core/Src/device/base64.c **** 	{
 192              		.loc 1 110 31 is_stmt 1 discriminator 3 view .LVU70
 193 00a8 0335     		adds	r5, r5, #3
 194              	.LVL23:
 195              		.loc 1 119 5 is_stmt 0 view .LVU71
 196 00aa 0CF1040C 		add	ip, ip, #4
 197              	.LVL24:
 114:Core/Src/device/base64.c **** 
 198              		.loc 1 114 12 view .LVU72
 199 00ae 0333     		adds	r3, r3, #3
 200              	.LVL25:
 201              	.L7:
 110:Core/Src/device/base64.c **** 	{
 202              		.loc 1 110 24 is_stmt 1 discriminator 1 view .LVU73
 203 00b0 B542     		cmp	r5, r6
 204 00b2 D1D3     		bcc	.L8
 120:Core/Src/device/base64.c **** 	}
ARM GAS  C:\Users\airforce\AppData\Local\Temp\ccUNzBmJ.s 			page 7


 121:Core/Src/device/base64.c **** 
 122:Core/Src/device/base64.c **** 	if(i < slen)
 205              		.loc 1 122 2 view .LVU74
 206              		.loc 1 122 4 is_stmt 0 view .LVU75
 207 00b4 BD42     		cmp	r5, r7
 208 00b6 21D2     		bcs	.L9
 123:Core/Src/device/base64.c **** 	{
 124:Core/Src/device/base64.c **** 		C1 = *src++;
 209              		.loc 1 124 3 is_stmt 1 view .LVU76
 210              	.LVL26:
 211              		.loc 1 124 8 is_stmt 0 view .LVU77
 212 00b8 1978     		ldrb	r1, [r3]	@ zero_extendqisi2
 213              	.LVL27:
 125:Core/Src/device/base64.c **** 		C2 = ((i + 1) < slen) ? *src++ : 0;
 214              		.loc 1 125 3 is_stmt 1 view .LVU78
 215              		.loc 1 125 12 is_stmt 0 view .LVU79
 216 00ba 0135     		adds	r5, r5, #1
 217              	.LVL28:
 218              		.loc 1 125 34 view .LVU80
 219 00bc BD42     		cmp	r5, r7
 220 00be 25D2     		bcs	.L13
 221              	.LVL29:
 222              		.loc 1 125 27 discriminator 1 view .LVU81
 223 00c0 5C78     		ldrb	r4, [r3, #1]	@ zero_extendqisi2
 224              	.LVL30:
 225              	.L10:
 126:Core/Src/device/base64.c **** 
 127:Core/Src/device/base64.c **** 		*p++ = base64_enc_map[(C1 >> 2) & 0x3F];
 226              		.loc 1 127 3 is_stmt 1 view .LVU82
 227              		.loc 1 127 35 is_stmt 0 view .LVU83
 228 00c2 8B08     		lsrs	r3, r1, #2
 229              	.LVL31:
 230              		.loc 1 127 24 view .LVU84
 231 00c4 164E     		ldr	r6, .L17+4
 232              	.LVL32:
 233              		.loc 1 127 24 view .LVU85
 234 00c6 F35C     		ldrb	r3, [r6, r3]	@ zero_extendqisi2
 235              		.loc 1 127 8 view .LVU86
 236 00c8 8CF80030 		strb	r3, [ip]
 128:Core/Src/device/base64.c **** 		*p++ = base64_enc_map[(((C1 & 3) << 4) + (C2 >> 4)) & 0x3F];
 237              		.loc 1 128 3 is_stmt 1 view .LVU87
 238              		.loc 1 128 36 is_stmt 0 view .LVU88
 239 00cc 0B01     		lsls	r3, r1, #4
 240 00ce 03F03003 		and	r3, r3, #48
 241              		.loc 1 128 42 view .LVU89
 242 00d2 03EB2413 		add	r3, r3, r4, asr #4
 243              		.loc 1 128 55 view .LVU90
 244 00d6 03F03F03 		and	r3, r3, #63
 245              	.LVL33:
 246              		.loc 1 128 24 view .LVU91
 247 00da F35C     		ldrb	r3, [r6, r3]	@ zero_extendqisi2
 248              		.loc 1 128 8 view .LVU92
 249 00dc 8CF80130 		strb	r3, [ip, #1]
 129:Core/Src/device/base64.c **** 
 130:Core/Src/device/base64.c **** 		if((i + 1) < slen)
 250              		.loc 1 130 3 is_stmt 1 view .LVU93
 251              		.loc 1 130 5 is_stmt 0 view .LVU94
ARM GAS  C:\Users\airforce\AppData\Local\Temp\ccUNzBmJ.s 			page 8


 252 00e0 BD42     		cmp	r5, r7
 253 00e2 15D2     		bcs	.L11
 131:Core/Src/device/base64.c **** 			*p++ = base64_enc_map[((C2 & 15) << 2) & 0x3F];
 254              		.loc 1 131 4 is_stmt 1 view .LVU95
 255              		.loc 1 131 37 is_stmt 0 view .LVU96
 256 00e4 A400     		lsls	r4, r4, #2
 257              	.LVL34:
 258              		.loc 1 131 43 view .LVU97
 259 00e6 04F03C04 		and	r4, r4, #60
 260              		.loc 1 131 6 view .LVU98
 261 00ea 0CF10303 		add	r3, ip, #3
 262              	.LVL35:
 263              		.loc 1 131 25 view .LVU99
 264 00ee 315D     		ldrb	r1, [r6, r4]	@ zero_extendqisi2
 265              	.LVL36:
 266              		.loc 1 131 9 view .LVU100
 267 00f0 8CF80210 		strb	r1, [ip, #2]
 268              	.L12:
 132:Core/Src/device/base64.c **** 
 133:Core/Src/device/base64.c **** 		else *p++ = '=';
 134:Core/Src/device/base64.c **** 
 135:Core/Src/device/base64.c **** 		*p++ = '=';
 269              		.loc 1 135 3 is_stmt 1 view .LVU101
 270              		.loc 1 135 5 is_stmt 0 view .LVU102
 271 00f4 9C46     		mov	ip, r3
 272              	.LVL37:
 273              		.loc 1 135 8 view .LVU103
 274 00f6 3D23     		movs	r3, #61
 275              	.LVL38:
 276              		.loc 1 135 8 view .LVU104
 277 00f8 0CF8013B 		strb	r3, [ip], #1
 278              	.LVL39:
 279              	.L9:
 136:Core/Src/device/base64.c **** 	}
 137:Core/Src/device/base64.c **** 
 138:Core/Src/device/base64.c **** 	*olen = p - dst;
 280              		.loc 1 138 2 is_stmt 1 view .LVU105
 281              		.loc 1 138 12 is_stmt 0 view .LVU106
 282 00fc ACEB0000 		sub	r0, ip, r0
 283              	.LVL40:
 284              		.loc 1 138 8 view .LVU107
 285 0100 1060     		str	r0, [r2]
 139:Core/Src/device/base64.c **** 	*p = 0;
 286              		.loc 1 139 2 is_stmt 1 view .LVU108
 287              		.loc 1 139 5 is_stmt 0 view .LVU109
 288 0102 0020     		movs	r0, #0
 289 0104 8CF80000 		strb	r0, [ip]
 140:Core/Src/device/base64.c **** 
 141:Core/Src/device/base64.c **** 	return 0;
 290              		.loc 1 141 2 is_stmt 1 view .LVU110
 291              	.LVL41:
 292              	.L1:
 142:Core/Src/device/base64.c **** 	
 143:Core/Src/device/base64.c **** }
 293              		.loc 1 143 1 is_stmt 0 view .LVU111
 294 0108 BDE8F083 		pop	{r4, r5, r6, r7, r8, r9, pc}
 295              	.LVL42:
ARM GAS  C:\Users\airforce\AppData\Local\Temp\ccUNzBmJ.s 			page 9


 296              	.L13:
 125:Core/Src/device/base64.c **** 
 297              		.loc 1 125 34 discriminator 2 view .LVU112
 298 010c 0024     		movs	r4, #0
 299 010e D8E7     		b	.L10
 300              	.LVL43:
 301              	.L11:
 133:Core/Src/device/base64.c **** 
 302              		.loc 1 133 8 is_stmt 1 view .LVU113
 133:Core/Src/device/base64.c **** 
 303              		.loc 1 133 10 is_stmt 0 view .LVU114
 304 0110 0CF10303 		add	r3, ip, #3
 305              	.LVL44:
 133:Core/Src/device/base64.c **** 
 306              		.loc 1 133 13 view .LVU115
 307 0114 3D21     		movs	r1, #61
 308              	.LVL45:
 133:Core/Src/device/base64.c **** 
 309              		.loc 1 133 13 view .LVU116
 310 0116 8CF80210 		strb	r1, [ip, #2]
 311 011a EBE7     		b	.L12
 312              	.L18:
 313              		.align	2
 314              	.L17:
 315 011c ABAAAAAA 		.word	-1431655765
 316 0120 00000000 		.word	base64_enc_map
 317              		.cfi_endproc
 318              	.LFE3:
 320              		.section	.text.BASE64_Decode,"ax",%progbits
 321              		.align	1
 322              		.global	BASE64_Decode
 323              		.syntax unified
 324              		.thumb
 325              		.thumb_func
 327              	BASE64_Decode:
 328              	.LVL46:
 329              	.LFB4:
 144:Core/Src/device/base64.c **** 
 145:Core/Src/device/base64.c **** /*
 146:Core/Src/device/base64.c **** ************************************************************
 147:Core/Src/device/base64.c **** *	函数名称：	BASE64_Decode
 148:Core/Src/device/base64.c **** *
 149:Core/Src/device/base64.c **** *	函数功能：	Base64解码
 150:Core/Src/device/base64.c **** *
 151:Core/Src/device/base64.c **** *	入口参数：	dst：保存数据的缓存区
 152:Core/Src/device/base64.c **** *				dlen：保存数据的缓存区长度
 153:Core/Src/device/base64.c **** *				olen：记录写入的字节
 154:Core/Src/device/base64.c **** *				src：输入数据
 155:Core/Src/device/base64.c **** *				slen：输入数据的长度
 156:Core/Src/device/base64.c **** *
 157:Core/Src/device/base64.c **** *	返回参数：	0-成功	其他-失败
 158:Core/Src/device/base64.c **** *
 159:Core/Src/device/base64.c **** *	说明：		
 160:Core/Src/device/base64.c **** ************************************************************
 161:Core/Src/device/base64.c **** */
 162:Core/Src/device/base64.c **** int BASE64_Decode(unsigned char *dst, size_t dlen, size_t *olen,
 163:Core/Src/device/base64.c **** 						  const unsigned char *src, size_t slen)
ARM GAS  C:\Users\airforce\AppData\Local\Temp\ccUNzBmJ.s 			page 10


 164:Core/Src/device/base64.c **** {
 330              		.loc 1 164 1 is_stmt 1 view -0
 331              		.cfi_startproc
 332              		@ args = 4, pretend = 0, frame = 0
 333              		@ frame_needed = 0, uses_anonymous_args = 0
 334              		.loc 1 164 1 is_stmt 0 view .LVU118
 335 0000 2DE9F041 		push	{r4, r5, r6, r7, r8, lr}
 336              	.LCFI1:
 337              		.cfi_def_cfa_offset 24
 338              		.cfi_offset 4, -24
 339              		.cfi_offset 5, -20
 340              		.cfi_offset 6, -16
 341              		.cfi_offset 7, -12
 342              		.cfi_offset 8, -8
 343              		.cfi_offset 14, -4
 344 0004 0446     		mov	r4, r0
 345 0006 0D46     		mov	r5, r1
 346 0008 1646     		mov	r6, r2
 347 000a 9E46     		mov	lr, r3
 348 000c 0699     		ldr	r1, [sp, #24]
 349              	.LVL47:
 165:Core/Src/device/base64.c **** 	
 166:Core/Src/device/base64.c **** 	size_t i = 0, n = 0;
 350              		.loc 1 166 2 is_stmt 1 view .LVU119
 167:Core/Src/device/base64.c **** 	uint32_t j = 0, x = 0;
 351              		.loc 1 167 2 view .LVU120
 168:Core/Src/device/base64.c **** 	unsigned char *p = (void *)0;
 352              		.loc 1 168 2 view .LVU121
 169:Core/Src/device/base64.c **** 
 170:Core/Src/device/base64.c **** 	/* First pass: check for validity and get output length */
 171:Core/Src/device/base64.c **** 	for(i = n = j = 0; i < slen; i++)
 353              		.loc 1 171 2 view .LVU122
 354              		.loc 1 171 16 is_stmt 0 view .LVU123
 355 000e 0027     		movs	r7, #0
 356              		.loc 1 171 12 view .LVU124
 357 0010 3846     		mov	r0, r7
 358              	.LVL48:
 359              		.loc 1 171 8 view .LVU125
 360 0012 3B46     		mov	r3, r7
 361              	.LVL49:
 362              		.loc 1 171 2 view .LVU126
 363 0014 2EE0     		b	.L20
 364              	.LVL50:
 365              	.L22:
 172:Core/Src/device/base64.c **** 	{
 173:Core/Src/device/base64.c **** 		/* Skip spaces before checking for EOL */
 174:Core/Src/device/base64.c **** 		x = 0;
 175:Core/Src/device/base64.c **** 
 176:Core/Src/device/base64.c **** 		while(i < slen && src[i] == ' ')
 177:Core/Src/device/base64.c **** 		{
 178:Core/Src/device/base64.c **** 			++i;
 366              		.loc 1 178 4 is_stmt 1 view .LVU127
 367 0016 0133     		adds	r3, r3, #1
 368              	.LVL51:
 179:Core/Src/device/base64.c **** 			++x;
 369              		.loc 1 179 4 view .LVU128
 370 0018 0132     		adds	r2, r2, #1
ARM GAS  C:\Users\airforce\AppData\Local\Temp\ccUNzBmJ.s 			page 11


 371              	.LVL52:
 372              	.L29:
 176:Core/Src/device/base64.c **** 		{
 373              		.loc 1 176 18 view .LVU129
 374 001a 8B42     		cmp	r3, r1
 375 001c 04D2     		bcs	.L21
 176:Core/Src/device/base64.c **** 		{
 376              		.loc 1 176 24 is_stmt 0 discriminator 1 view .LVU130
 377 001e 1EF803C0 		ldrb	ip, [lr, r3]	@ zero_extendqisi2
 176:Core/Src/device/base64.c **** 		{
 378              		.loc 1 176 18 discriminator 1 view .LVU131
 379 0022 BCF1200F 		cmp	ip, #32
 380 0026 F6D0     		beq	.L22
 381              	.L21:
 180:Core/Src/device/base64.c **** 		}
 181:Core/Src/device/base64.c **** 
 182:Core/Src/device/base64.c **** 		/* Spaces at end of buffer are OK */
 183:Core/Src/device/base64.c **** 		if(i == slen)
 382              		.loc 1 183 3 is_stmt 1 view .LVU132
 383              		.loc 1 183 5 is_stmt 0 view .LVU133
 384 0028 8B42     		cmp	r3, r1
 385 002a 35D0     		beq	.L23
 184:Core/Src/device/base64.c **** 			break;
 185:Core/Src/device/base64.c **** 
 186:Core/Src/device/base64.c **** 		if((slen - i) >= 2 &&
 386              		.loc 1 186 3 is_stmt 1 view .LVU134
 387              		.loc 1 186 12 is_stmt 0 view .LVU135
 388 002c A1EB030C 		sub	ip, r1, r3
 389              		.loc 1 186 5 view .LVU136
 390 0030 BCF1010F 		cmp	ip, #1
 391 0034 04D9     		bls	.L24
 187:Core/Src/device/base64.c **** 				src[i] == '\r' && src[i + 1] == '\n')
 392              		.loc 1 187 8 view .LVU137
 393 0036 1EF803C0 		ldrb	ip, [lr, r3]	@ zero_extendqisi2
 186:Core/Src/device/base64.c **** 				src[i] == '\r' && src[i + 1] == '\n')
 394              		.loc 1 186 22 discriminator 1 view .LVU138
 395 003a BCF10D0F 		cmp	ip, #13
 396 003e 1DD0     		beq	.L47
 397              	.L24:
 188:Core/Src/device/base64.c **** 			continue;
 189:Core/Src/device/base64.c **** 
 190:Core/Src/device/base64.c **** 		if(src[i] == '\n')
 398              		.loc 1 190 3 is_stmt 1 view .LVU139
 399              		.loc 1 190 9 is_stmt 0 view .LVU140
 400 0040 1EF803C0 		ldrb	ip, [lr, r3]	@ zero_extendqisi2
 401              		.loc 1 190 5 view .LVU141
 402 0044 BCF10A0F 		cmp	ip, #10
 403 0048 13D0     		beq	.L25
 191:Core/Src/device/base64.c **** 			continue;
 192:Core/Src/device/base64.c **** 
 193:Core/Src/device/base64.c **** 		/* Space inside a line is an error */
 194:Core/Src/device/base64.c **** 		if(x != 0)
 404              		.loc 1 194 3 is_stmt 1 view .LVU142
 405              		.loc 1 194 5 is_stmt 0 view .LVU143
 406 004a 002A     		cmp	r2, #0
 407 004c 7AD1     		bne	.L37
 195:Core/Src/device/base64.c **** 			return MBEDTLS_ERR_BASE64_INVALID_CHARACTER;
ARM GAS  C:\Users\airforce\AppData\Local\Temp\ccUNzBmJ.s 			page 12


 196:Core/Src/device/base64.c **** 
 197:Core/Src/device/base64.c **** 		if(src[i] == '=' && ++j > 2)
 408              		.loc 1 197 3 is_stmt 1 view .LVU144
 409              		.loc 1 197 5 is_stmt 0 view .LVU145
 410 004e BCF13D0F 		cmp	ip, #61
 411 0052 1BD0     		beq	.L48
 412              	.L27:
 198:Core/Src/device/base64.c **** 			return MBEDTLS_ERR_BASE64_INVALID_CHARACTER;
 199:Core/Src/device/base64.c **** 
 200:Core/Src/device/base64.c **** 		if(src[i] > 127 || base64_dec_map[src[i]] == 127)
 413              		.loc 1 200 3 is_stmt 1 view .LVU146
 414              		.loc 1 200 5 is_stmt 0 view .LVU147
 415 0054 1CF0800F 		tst	ip, #128
 416 0058 77D1     		bne	.L39
 417              		.loc 1 200 36 discriminator 1 view .LVU148
 418 005a 404A     		ldr	r2, .L52
 419              	.LVL53:
 420              		.loc 1 200 36 discriminator 1 view .LVU149
 421 005c 12F80CC0 		ldrb	ip, [r2, ip]	@ zero_extendqisi2
 422              		.loc 1 200 19 discriminator 1 view .LVU150
 423 0060 BCF17F0F 		cmp	ip, #127
 424 0064 74D0     		beq	.L40
 201:Core/Src/device/base64.c **** 			return MBEDTLS_ERR_BASE64_INVALID_CHARACTER;
 202:Core/Src/device/base64.c **** 
 203:Core/Src/device/base64.c **** 		if(base64_dec_map[src[i]] < 64 && j != 0)
 425              		.loc 1 203 3 is_stmt 1 view .LVU151
 426              		.loc 1 203 5 is_stmt 0 view .LVU152
 427 0066 BCF13F0F 		cmp	ip, #63
 428 006a 01D8     		bhi	.L28
 429              		.loc 1 203 34 discriminator 1 view .LVU153
 430 006c 002F     		cmp	r7, #0
 431 006e 72D1     		bne	.L41
 432              	.L28:
 204:Core/Src/device/base64.c **** 			return MBEDTLS_ERR_BASE64_INVALID_CHARACTER;
 205:Core/Src/device/base64.c **** 
 206:Core/Src/device/base64.c **** 		n++;
 433              		.loc 1 206 3 is_stmt 1 view .LVU154
 434              		.loc 1 206 4 is_stmt 0 view .LVU155
 435 0070 0130     		adds	r0, r0, #1
 436              	.LVL54:
 437              	.L25:
 171:Core/Src/device/base64.c **** 	{
 438              		.loc 1 171 32 is_stmt 1 discriminator 2 view .LVU156
 439 0072 0133     		adds	r3, r3, #1
 440              	.LVL55:
 441              	.L20:
 171:Core/Src/device/base64.c **** 	{
 442              		.loc 1 171 23 discriminator 1 view .LVU157
 443 0074 8B42     		cmp	r3, r1
 444 0076 0FD2     		bcs	.L23
 174:Core/Src/device/base64.c **** 
 445              		.loc 1 174 5 is_stmt 0 view .LVU158
 446 0078 0022     		movs	r2, #0
 447 007a CEE7     		b	.L29
 448              	.LVL56:
 449              	.L47:
 187:Core/Src/device/base64.c **** 			continue;
ARM GAS  C:\Users\airforce\AppData\Local\Temp\ccUNzBmJ.s 			page 13


 450              		.loc 1 187 26 view .LVU159
 451 007c 0EEB030C 		add	ip, lr, r3
 452 0080 9CF801C0 		ldrb	ip, [ip, #1]	@ zero_extendqisi2
 187:Core/Src/device/base64.c **** 			continue;
 453              		.loc 1 187 20 view .LVU160
 454 0084 BCF10A0F 		cmp	ip, #10
 455 0088 DAD1     		bne	.L24
 456 008a F2E7     		b	.L25
 457              	.L48:
 197:Core/Src/device/base64.c **** 			return MBEDTLS_ERR_BASE64_INVALID_CHARACTER;
 458              		.loc 1 197 20 discriminator 1 view .LVU161
 459 008c 0137     		adds	r7, r7, #1
 460              	.LVL57:
 197:Core/Src/device/base64.c **** 			return MBEDTLS_ERR_BASE64_INVALID_CHARACTER;
 461              		.loc 1 197 20 discriminator 1 view .LVU162
 462 008e 022F     		cmp	r7, #2
 463 0090 E0D9     		bls	.L27
 198:Core/Src/device/base64.c **** 
 464              		.loc 1 198 11 view .LVU163
 465 0092 6FF02B00 		mvn	r0, #43
 466              	.LVL58:
 198:Core/Src/device/base64.c **** 
 467              		.loc 1 198 11 view .LVU164
 468 0096 53E0     		b	.L19
 469              	.LVL59:
 470              	.L23:
 207:Core/Src/device/base64.c **** 	}
 208:Core/Src/device/base64.c **** 
 209:Core/Src/device/base64.c **** 	if(n == 0)
 471              		.loc 1 209 2 is_stmt 1 view .LVU165
 472              		.loc 1 209 4 is_stmt 0 view .LVU166
 473 0098 A0B1     		cbz	r0, .L49
 210:Core/Src/device/base64.c **** 	{
 211:Core/Src/device/base64.c **** 		*olen = 0;
 212:Core/Src/device/base64.c **** 		return 0;
 213:Core/Src/device/base64.c **** 	}
 214:Core/Src/device/base64.c **** 
 215:Core/Src/device/base64.c **** 	/*  The following expression is to calculate the following formula without
 216:Core/Src/device/base64.c **** 	    risk of integer overflow in n:
 217:Core/Src/device/base64.c **** 	       n = ( ( n * 6 ) + 7 ) >> 3;
 218:Core/Src/device/base64.c **** 	*/
 219:Core/Src/device/base64.c **** 	n = (6 * (n >> 3)) + ((6 * (n & 0x7) + 7) >> 3);
 474              		.loc 1 219 2 is_stmt 1 view .LVU167
 475              		.loc 1 219 14 is_stmt 0 view .LVU168
 476 009a C208     		lsrs	r2, r0, #3
 477              		.loc 1 219 9 view .LVU169
 478 009c 02EB4201 		add	r1, r2, r2, lsl #1
 479              		.loc 1 219 32 view .LVU170
 480 00a0 00F0070C 		and	ip, r0, #7
 481              		.loc 1 219 27 view .LVU171
 482 00a4 0CEB4C00 		add	r0, ip, ip, lsl #1
 483              	.LVL60:
 484              		.loc 1 219 27 view .LVU172
 485 00a8 4200     		lsls	r2, r0, #1
 486              		.loc 1 219 39 view .LVU173
 487 00aa 0732     		adds	r2, r2, #7
 488              		.loc 1 219 44 view .LVU174
ARM GAS  C:\Users\airforce\AppData\Local\Temp\ccUNzBmJ.s 			page 14


 489 00ac D208     		lsrs	r2, r2, #3
 490              		.loc 1 219 4 view .LVU175
 491 00ae 02EB4102 		add	r2, r2, r1, lsl #1
 492              	.LVL61:
 220:Core/Src/device/base64.c **** 	n -= j;
 493              		.loc 1 220 2 is_stmt 1 view .LVU176
 494              		.loc 1 220 4 is_stmt 0 view .LVU177
 495 00b2 D21B     		subs	r2, r2, r7
 496              	.LVL62:
 221:Core/Src/device/base64.c **** 
 222:Core/Src/device/base64.c **** 	if(dst == NULL || dlen < n)
 497              		.loc 1 222 2 is_stmt 1 view .LVU178
 498              		.loc 1 222 4 is_stmt 0 view .LVU179
 499 00b4 44B1     		cbz	r4, .L31
 500              		.loc 1 222 17 discriminator 1 view .LVU180
 501 00b6 AA42     		cmp	r2, r5
 502 00b8 06D8     		bhi	.L31
 223:Core/Src/device/base64.c **** 	{
 224:Core/Src/device/base64.c **** 		*olen = n;
 225:Core/Src/device/base64.c **** 		return MBEDTLS_ERR_BASE64_BUFFER_TOO_SMALL;
 226:Core/Src/device/base64.c **** 	}
 227:Core/Src/device/base64.c **** 
 228:Core/Src/device/base64.c **** 	for(j = 3, n = x = 0, p = dst; i > 0; i--, src++)
 503              		.loc 1 228 26 view .LVU181
 504 00ba A446     		mov	ip, r4
 505              		.loc 1 228 19 view .LVU182
 506 00bc 0027     		movs	r7, #0
 507              	.LVL63:
 508              		.loc 1 228 8 view .LVU183
 509 00be 0325     		movs	r5, #3
 510              	.LVL64:
 511              		.loc 1 228 15 view .LVU184
 512 00c0 3846     		mov	r0, r7
 513 00c2 15E0     		b	.L32
 514              	.LVL65:
 515              	.L49:
 211:Core/Src/device/base64.c **** 		return 0;
 516              		.loc 1 211 3 is_stmt 1 view .LVU185
 211:Core/Src/device/base64.c **** 		return 0;
 517              		.loc 1 211 9 is_stmt 0 view .LVU186
 518 00c4 3060     		str	r0, [r6]
 212:Core/Src/device/base64.c **** 	}
 519              		.loc 1 212 3 is_stmt 1 view .LVU187
 212:Core/Src/device/base64.c **** 	}
 520              		.loc 1 212 10 is_stmt 0 view .LVU188
 521 00c6 3BE0     		b	.L19
 522              	.LVL66:
 523              	.L31:
 224:Core/Src/device/base64.c **** 		return MBEDTLS_ERR_BASE64_BUFFER_TOO_SMALL;
 524              		.loc 1 224 3 is_stmt 1 view .LVU189
 224:Core/Src/device/base64.c **** 		return MBEDTLS_ERR_BASE64_BUFFER_TOO_SMALL;
 525              		.loc 1 224 9 is_stmt 0 view .LVU190
 526 00c8 3260     		str	r2, [r6]
 225:Core/Src/device/base64.c **** 	}
 527              		.loc 1 225 3 is_stmt 1 view .LVU191
 225:Core/Src/device/base64.c **** 	}
 528              		.loc 1 225 10 is_stmt 0 view .LVU192
ARM GAS  C:\Users\airforce\AppData\Local\Temp\ccUNzBmJ.s 			page 15


 529 00ca 6FF02900 		mvn	r0, #41
 530 00ce 37E0     		b	.L19
 531              	.LVL67:
 532              	.L33:
 229:Core/Src/device/base64.c **** 	{
 230:Core/Src/device/base64.c **** 		if(*src == '\r' || *src == '\n' || *src == ' ')
 231:Core/Src/device/base64.c **** 			continue;
 232:Core/Src/device/base64.c **** 
 233:Core/Src/device/base64.c **** 		j -= (base64_dec_map[*src] == 64);
 533              		.loc 1 233 3 is_stmt 1 view .LVU193
 534              		.loc 1 233 23 is_stmt 0 view .LVU194
 535 00d0 224A     		ldr	r2, .L52
 536 00d2 12F80820 		ldrb	r2, [r2, r8]	@ zero_extendqisi2
 537              		.loc 1 233 5 view .LVU195
 538 00d6 402A     		cmp	r2, #64
 539 00d8 08BF     		it	eq
 540 00da 013D     		subeq	r5, r5, #1
 541              	.LVL68:
 234:Core/Src/device/base64.c **** 		x  = (x << 6) | (base64_dec_map[*src] & 0x3F);
 542              		.loc 1 234 3 is_stmt 1 view .LVU196
 543              		.loc 1 234 41 is_stmt 0 view .LVU197
 544 00dc 02F03F02 		and	r2, r2, #63
 545              		.loc 1 234 6 view .LVU198
 546 00e0 42EA8717 		orr	r7, r2, r7, lsl #6
 547              	.LVL69:
 235:Core/Src/device/base64.c **** 
 236:Core/Src/device/base64.c **** 		if(++n == 4)
 548              		.loc 1 236 3 is_stmt 1 view .LVU199
 549              		.loc 1 236 5 is_stmt 0 view .LVU200
 550 00e4 0130     		adds	r0, r0, #1
 551              	.LVL70:
 552              		.loc 1 236 5 view .LVU201
 553 00e6 0428     		cmp	r0, #4
 554 00e8 11D0     		beq	.L50
 555              	.LVL71:
 556              	.L34:
 228:Core/Src/device/base64.c **** 	{
 557              		.loc 1 228 43 is_stmt 1 discriminator 2 view .LVU202
 228:Core/Src/device/base64.c **** 	{
 558              		.loc 1 228 41 is_stmt 0 discriminator 2 view .LVU203
 559 00ea 013B     		subs	r3, r3, #1
 560              	.LVL72:
 228:Core/Src/device/base64.c **** 	{
 561              		.loc 1 228 48 discriminator 2 view .LVU204
 562 00ec 0EF1010E 		add	lr, lr, #1
 563              	.LVL73:
 564              	.L32:
 228:Core/Src/device/base64.c **** 	{
 565              		.loc 1 228 35 is_stmt 1 discriminator 1 view .LVU205
 566 00f0 13B3     		cbz	r3, .L51
 230:Core/Src/device/base64.c **** 			continue;
 567              		.loc 1 230 3 view .LVU206
 230:Core/Src/device/base64.c **** 			continue;
 568              		.loc 1 230 6 is_stmt 0 view .LVU207
 569 00f2 9EF80080 		ldrb	r8, [lr]	@ zero_extendqisi2
 570 00f6 A8F10A02 		sub	r2, r8, #10
 571 00fa D2B2     		uxtb	r2, r2
ARM GAS  C:\Users\airforce\AppData\Local\Temp\ccUNzBmJ.s 			page 16


 572 00fc 162A     		cmp	r2, #22
 573 00fe E7D8     		bhi	.L33
 574 0100 1749     		ldr	r1, .L52+4
 575 0102 21FA02F2 		lsr	r2, r1, r2
 576 0106 12F0010F 		tst	r2, #1
 577 010a E1D0     		beq	.L33
 578 010c EDE7     		b	.L34
 579              	.L50:
 237:Core/Src/device/base64.c **** 		{
 238:Core/Src/device/base64.c **** 			n = 0;
 580              		.loc 1 238 4 is_stmt 1 view .LVU208
 581              	.LVL74:
 239:Core/Src/device/base64.c **** 
 240:Core/Src/device/base64.c **** 			if(j > 0)
 582              		.loc 1 240 4 view .LVU209
 583              		.loc 1 240 6 is_stmt 0 view .LVU210
 584 010e 4DB1     		cbz	r5, .L35
 241:Core/Src/device/base64.c **** 				*p++ = (unsigned char)(x >> 16);
 585              		.loc 1 241 5 is_stmt 1 view .LVU211
 586              	.LVL75:
 587              		.loc 1 241 12 is_stmt 0 view .LVU212
 588 0110 C7F30742 		ubfx	r2, r7, #16, #8
 589              		.loc 1 241 10 view .LVU213
 590 0114 0CF8012B 		strb	r2, [ip], #1
 591              	.LVL76:
 242:Core/Src/device/base64.c **** 
 243:Core/Src/device/base64.c **** 			if(j > 1)
 592              		.loc 1 243 4 is_stmt 1 view .LVU214
 593              		.loc 1 243 6 is_stmt 0 view .LVU215
 594 0118 012D     		cmp	r5, #1
 595 011a 09D9     		bls	.L44
 244:Core/Src/device/base64.c **** 				*p++ = (unsigned char)(x >>  8);
 596              		.loc 1 244 5 is_stmt 1 view .LVU216
 597              	.LVL77:
 598              		.loc 1 244 12 is_stmt 0 view .LVU217
 599 011c C7F30722 		ubfx	r2, r7, #8, #8
 600              		.loc 1 244 10 view .LVU218
 601 0120 0CF8012B 		strb	r2, [ip], #1
 602              	.LVL78:
 603              	.L35:
 245:Core/Src/device/base64.c **** 
 246:Core/Src/device/base64.c **** 			if(j > 2)
 604              		.loc 1 246 4 is_stmt 1 view .LVU219
 605              		.loc 1 246 6 is_stmt 0 view .LVU220
 606 0124 022D     		cmp	r5, #2
 607 0126 05D9     		bls	.L45
 247:Core/Src/device/base64.c **** 				*p++ = (unsigned char)(x);
 608              		.loc 1 247 5 is_stmt 1 view .LVU221
 609              	.LVL79:
 610              		.loc 1 247 10 is_stmt 0 view .LVU222
 611 0128 0CF8017B 		strb	r7, [ip], #1
 612              	.LVL80:
 238:Core/Src/device/base64.c **** 
 613              		.loc 1 238 6 view .LVU223
 614 012c 0020     		movs	r0, #0
 615 012e DCE7     		b	.L34
 616              	.L44:
ARM GAS  C:\Users\airforce\AppData\Local\Temp\ccUNzBmJ.s 			page 17


 238:Core/Src/device/base64.c **** 
 617              		.loc 1 238 6 view .LVU224
 618 0130 0020     		movs	r0, #0
 619 0132 DAE7     		b	.L34
 620              	.L45:
 238:Core/Src/device/base64.c **** 
 621              		.loc 1 238 6 view .LVU225
 622 0134 0020     		movs	r0, #0
 623 0136 D8E7     		b	.L34
 624              	.LVL81:
 625              	.L51:
 248:Core/Src/device/base64.c **** 		}
 249:Core/Src/device/base64.c **** 	}
 250:Core/Src/device/base64.c **** 
 251:Core/Src/device/base64.c **** 	*olen = p - dst;
 626              		.loc 1 251 2 is_stmt 1 view .LVU226
 627              		.loc 1 251 12 is_stmt 0 view .LVU227
 628 0138 ACEB0404 		sub	r4, ip, r4
 629              	.LVL82:
 630              		.loc 1 251 8 view .LVU228
 631 013c 3460     		str	r4, [r6]
 252:Core/Src/device/base64.c **** 
 253:Core/Src/device/base64.c **** 	return 0;
 632              		.loc 1 253 2 is_stmt 1 view .LVU229
 633              		.loc 1 253 9 is_stmt 0 view .LVU230
 634 013e 0020     		movs	r0, #0
 635              	.LVL83:
 636              	.L19:
 254:Core/Src/device/base64.c **** 	
 255:Core/Src/device/base64.c **** }
 637              		.loc 1 255 1 view .LVU231
 638 0140 BDE8F081 		pop	{r4, r5, r6, r7, r8, pc}
 639              	.LVL84:
 640              	.L37:
 195:Core/Src/device/base64.c **** 
 641              		.loc 1 195 11 view .LVU232
 642 0144 6FF02B00 		mvn	r0, #43
 643              	.LVL85:
 195:Core/Src/device/base64.c **** 
 644              		.loc 1 195 11 view .LVU233
 645 0148 FAE7     		b	.L19
 646              	.LVL86:
 647              	.L39:
 201:Core/Src/device/base64.c **** 
 648              		.loc 1 201 11 view .LVU234
 649 014a 6FF02B00 		mvn	r0, #43
 650              	.LVL87:
 201:Core/Src/device/base64.c **** 
 651              		.loc 1 201 11 view .LVU235
 652 014e F7E7     		b	.L19
 653              	.LVL88:
 654              	.L40:
 201:Core/Src/device/base64.c **** 
 655              		.loc 1 201 11 view .LVU236
 656 0150 6FF02B00 		mvn	r0, #43
 657              	.LVL89:
 201:Core/Src/device/base64.c **** 
ARM GAS  C:\Users\airforce\AppData\Local\Temp\ccUNzBmJ.s 			page 18


 658              		.loc 1 201 11 view .LVU237
 659 0154 F4E7     		b	.L19
 660              	.LVL90:
 661              	.L41:
 204:Core/Src/device/base64.c **** 
 662              		.loc 1 204 11 view .LVU238
 663 0156 6FF02B00 		mvn	r0, #43
 664              	.LVL91:
 204:Core/Src/device/base64.c **** 
 665              		.loc 1 204 11 view .LVU239
 666 015a F1E7     		b	.L19
 667              	.L53:
 668              		.align	2
 669              	.L52:
 670 015c 00000000 		.word	base64_dec_map
 671 0160 09004000 		.word	4194313
 672              		.cfi_endproc
 673              	.LFE4:
 675              		.section	.rodata.base64_dec_map,"a"
 676              		.align	2
 679              	base64_dec_map:
 680 0000 7F7F7F7F 		.ascii	"\177\177\177\177\177\177\177\177\177\177\177\177\177"
 680      7F7F7F7F 
 680      7F7F7F7F 
 680      7F
 681 000d 7F7F7F7F 		.ascii	"\177\177\177\177\177\177\177\177\177\177\177\177\177"
 681      7F7F7F7F 
 681      7F7F7F7F 
 681      7F
 682 001a 7F7F7F7F 		.ascii	"\177\177\177\177\177\177\177\177\177\177\177\177\177"
 682      7F7F7F7F 
 682      7F7F7F7F 
 682      7F
 683 0027 7F7F7F7F 		.ascii	"\177\177\177\177>\177\177\177?456789:;<=\177\177\177"
 683      3E7F7F7F 
 683      3F343536 
 683      3738393A 
 683      3B3C3D7F 
 684 003d 407F7F7F 		.ascii	"@\177\177\177\000\001\002\003\004\005\006\007\010\011"
 684      00010203 
 684      04050607 
 684      0809
 685 004b 0A0B0C0D 		.ascii	"\012\013\014\015\016\017\020\021\022\023\024\025\026"
 685      0E0F1011 
 685      12131415 
 685      16
 686 0058 1718197F 		.ascii	"\027\030\031\177\177\177\177\177\177\032\033\034\035"
 686      7F7F7F7F 
 686      7F1A1B1C 
 686      1D
 687 0065 1E1F2021 		.ascii	"\036\037 !\"#$%&'()*+,-./0123\177\177\177\177\177"
 687      22232425 
 687      26272829 
 687      2A2B2C2D 
 687      2E2F3031 
 688              		.section	.rodata.base64_enc_map,"a"
 689              		.align	2
ARM GAS  C:\Users\airforce\AppData\Local\Temp\ccUNzBmJ.s 			page 19


 692              	base64_enc_map:
 693 0000 41424344 		.ascii	"ABCDEFGHIJKLMNOPQRSTUVWXYZabcdefghijklmnopqrstuvwxy"
 693      45464748 
 693      494A4B4C 
 693      4D4E4F50 
 693      51525354 
 694 0033 7A303132 		.ascii	"z0123456789+/"
 694      33343536 
 694      3738392B 
 694      2F
 695              		.text
 696              	.Letext0:
 697              		.file 2 "D:/stm32tools/arm-none-eabi-gcc/14.2.1-1.1.1/.content/lib/gcc/arm-none-eabi/14.2.1/includ
 698              		.file 3 "D:/stm32tools/arm-none-eabi-gcc/14.2.1-1.1.1/.content/arm-none-eabi/include/machine/_defa
 699              		.file 4 "D:/stm32tools/arm-none-eabi-gcc/14.2.1-1.1.1/.content/arm-none-eabi/include/sys/_stdint.h
ARM GAS  C:\Users\airforce\AppData\Local\Temp\ccUNzBmJ.s 			page 20


DEFINED SYMBOLS
                            *ABS*:00000000 base64.c
C:\Users\airforce\AppData\Local\Temp\ccUNzBmJ.s:19     .text.BASE64_Encode:00000000 $t
C:\Users\airforce\AppData\Local\Temp\ccUNzBmJ.s:25     .text.BASE64_Encode:00000000 BASE64_Encode
C:\Users\airforce\AppData\Local\Temp\ccUNzBmJ.s:315    .text.BASE64_Encode:0000011c $d
C:\Users\airforce\AppData\Local\Temp\ccUNzBmJ.s:692    .rodata.base64_enc_map:00000000 base64_enc_map
C:\Users\airforce\AppData\Local\Temp\ccUNzBmJ.s:321    .text.BASE64_Decode:00000000 $t
C:\Users\airforce\AppData\Local\Temp\ccUNzBmJ.s:327    .text.BASE64_Decode:00000000 BASE64_Decode
C:\Users\airforce\AppData\Local\Temp\ccUNzBmJ.s:670    .text.BASE64_Decode:0000015c $d
C:\Users\airforce\AppData\Local\Temp\ccUNzBmJ.s:679    .rodata.base64_dec_map:00000000 base64_dec_map
C:\Users\airforce\AppData\Local\Temp\ccUNzBmJ.s:676    .rodata.base64_dec_map:00000000 $d
C:\Users\airforce\AppData\Local\Temp\ccUNzBmJ.s:689    .rodata.base64_enc_map:00000000 $d

NO UNDEFINED SYMBOLS
