ARM GAS  C:\Users\airforce\AppData\Local\Temp\cc2Vub0Y.s 			page 1


   1              		.cpu cortex-m3
   2              		.arch armv7-m
   3              		.fpu softvfp
   4              		.eabi_attribute 20, 1
   5              		.eabi_attribute 21, 1
   6              		.eabi_attribute 23, 3
   7              		.eabi_attribute 24, 1
   8              		.eabi_attribute 25, 1
   9              		.eabi_attribute 26, 1
  10              		.eabi_attribute 30, 1
  11              		.eabi_attribute 34, 1
  12              		.eabi_attribute 18, 4
  13              		.file	"bsp_uart.c"
  14              		.text
  15              	.Ltext0:
  16              		.cfi_sections	.debug_frame
  17              		.file 1 "Core/Src/bsp/bsp_uart.c"
  18              		.section	.text.BSP_UART_Send,"ax",%progbits
  19              		.align	1
  20              		.global	BSP_UART_Send
  21              		.syntax unified
  22              		.thumb
  23              		.thumb_func
  25              	BSP_UART_Send:
  26              	.LVL0:
  27              	.LFB65:
   1:Core/Src/bsp/bsp_uart.c **** #include "bsp_uart.h"
   2:Core/Src/bsp/bsp_uart.c **** 
   3:Core/Src/bsp/bsp_uart.c **** /* ---- 注册的接收回调（每个 UART 一个） ---- */
   4:Core/Src/bsp/bsp_uart.c **** static BSP_UART_RxCallback rxCallback1 = NULL;
   5:Core/Src/bsp/bsp_uart.c **** static BSP_UART_RxCallback rxCallback2 = NULL;
   6:Core/Src/bsp/bsp_uart.c **** 
   7:Core/Src/bsp/bsp_uart.c **** /* ---- DMA 缓冲区信息（IDLE 中断后自动重启用） ---- */
   8:Core/Src/bsp/bsp_uart.c **** static uint8_t *dmaBuf1 = NULL, *dmaBuf2 = NULL;
   9:Core/Src/bsp/bsp_uart.c **** static uint16_t dmaSize1 = 0,  dmaSize2 = 0;
  10:Core/Src/bsp/bsp_uart.c **** 
  11:Core/Src/bsp/bsp_uart.c **** /* ---- 发送（阻塞） ---- */
  12:Core/Src/bsp/bsp_uart.c **** void BSP_UART_Send(UART_HandleTypeDef *huart, const uint8_t *data, uint16_t len)
  13:Core/Src/bsp/bsp_uart.c **** {
  28              		.loc 1 13 1 view -0
  29              		.cfi_startproc
  30              		@ args = 0, pretend = 0, frame = 0
  31              		@ frame_needed = 0, uses_anonymous_args = 0
  32              		.loc 1 13 1 is_stmt 0 view .LVU1
  33 0000 08B5     		push	{r3, lr}
  34              	.LCFI0:
  35              		.cfi_def_cfa_offset 8
  36              		.cfi_offset 3, -8
  37              		.cfi_offset 14, -4
  14:Core/Src/bsp/bsp_uart.c ****     HAL_UART_Transmit(huart, (uint8_t *)data, len, HAL_MAX_DELAY);
  38              		.loc 1 14 5 is_stmt 1 view .LVU2
  39 0002 4FF0FF33 		mov	r3, #-1
  40 0006 FFF7FEFF 		bl	HAL_UART_Transmit
  41              	.LVL1:
  15:Core/Src/bsp/bsp_uart.c **** }
  42              		.loc 1 15 1 is_stmt 0 view .LVU3
  43 000a 08BD     		pop	{r3, pc}
ARM GAS  C:\Users\airforce\AppData\Local\Temp\cc2Vub0Y.s 			page 2


  44              		.cfi_endproc
  45              	.LFE65:
  47              		.section	.text.BSP_UART_RegisterRxCallback,"ax",%progbits
  48              		.align	1
  49              		.global	BSP_UART_RegisterRxCallback
  50              		.syntax unified
  51              		.thumb
  52              		.thumb_func
  54              	BSP_UART_RegisterRxCallback:
  55              	.LVL2:
  56              	.LFB66:
  16:Core/Src/bsp/bsp_uart.c **** 
  17:Core/Src/bsp/bsp_uart.c **** /* ---- 注册接收回调 ---- */
  18:Core/Src/bsp/bsp_uart.c **** void BSP_UART_RegisterRxCallback(UART_HandleTypeDef *huart, BSP_UART_RxCallback cb)
  19:Core/Src/bsp/bsp_uart.c **** {
  57              		.loc 1 19 1 is_stmt 1 view -0
  58              		.cfi_startproc
  59              		@ args = 0, pretend = 0, frame = 0
  60              		@ frame_needed = 0, uses_anonymous_args = 0
  61              		@ link register save eliminated.
  20:Core/Src/bsp/bsp_uart.c ****     if (huart->Instance == USART1) {
  62              		.loc 1 20 5 view .LVU5
  63              		.loc 1 20 14 is_stmt 0 view .LVU6
  64 0000 0368     		ldr	r3, [r0]
  65              		.loc 1 20 8 view .LVU7
  66 0002 064A     		ldr	r2, .L8
  67 0004 9342     		cmp	r3, r2
  68 0006 03D0     		beq	.L6
  21:Core/Src/bsp/bsp_uart.c ****         rxCallback1 = cb;
  22:Core/Src/bsp/bsp_uart.c ****     } else if (huart->Instance == USART2) {
  69              		.loc 1 22 12 is_stmt 1 view .LVU8
  70              		.loc 1 22 15 is_stmt 0 view .LVU9
  71 0008 054A     		ldr	r2, .L8+4
  72 000a 9342     		cmp	r3, r2
  73 000c 03D0     		beq	.L7
  74              	.L3:
  23:Core/Src/bsp/bsp_uart.c ****         rxCallback2 = cb;
  24:Core/Src/bsp/bsp_uart.c ****     }
  25:Core/Src/bsp/bsp_uart.c **** }
  75              		.loc 1 25 1 view .LVU10
  76 000e 7047     		bx	lr
  77              	.L6:
  21:Core/Src/bsp/bsp_uart.c ****         rxCallback1 = cb;
  78              		.loc 1 21 9 is_stmt 1 view .LVU11
  21:Core/Src/bsp/bsp_uart.c ****         rxCallback1 = cb;
  79              		.loc 1 21 21 is_stmt 0 view .LVU12
  80 0010 044B     		ldr	r3, .L8+8
  81 0012 1960     		str	r1, [r3]
  82 0014 7047     		bx	lr
  83              	.L7:
  23:Core/Src/bsp/bsp_uart.c ****         rxCallback2 = cb;
  84              		.loc 1 23 9 is_stmt 1 view .LVU13
  23:Core/Src/bsp/bsp_uart.c ****         rxCallback2 = cb;
  85              		.loc 1 23 21 is_stmt 0 view .LVU14
  86 0016 044B     		ldr	r3, .L8+12
  87 0018 1960     		str	r1, [r3]
  88              		.loc 1 25 1 view .LVU15
ARM GAS  C:\Users\airforce\AppData\Local\Temp\cc2Vub0Y.s 			page 3


  89 001a F8E7     		b	.L3
  90              	.L9:
  91              		.align	2
  92              	.L8:
  93 001c 00380140 		.word	1073821696
  94 0020 00440040 		.word	1073759232
  95 0024 00000000 		.word	rxCallback1
  96 0028 00000000 		.word	rxCallback2
  97              		.cfi_endproc
  98              	.LFE66:
 100              		.section	.text.BSP_UART_StartRx_DMA,"ax",%progbits
 101              		.align	1
 102              		.global	BSP_UART_StartRx_DMA
 103              		.syntax unified
 104              		.thumb
 105              		.thumb_func
 107              	BSP_UART_StartRx_DMA:
 108              	.LVL3:
 109              	.LFB67:
  26:Core/Src/bsp/bsp_uart.c **** 
  27:Core/Src/bsp/bsp_uart.c **** /* ---- 启动 DMA 接收（同时记录缓冲区信息以便自动重启） ---- */
  28:Core/Src/bsp/bsp_uart.c **** void BSP_UART_StartRx_DMA(UART_HandleTypeDef *huart, uint8_t *buf, uint16_t bufSize)
  29:Core/Src/bsp/bsp_uart.c **** {
 110              		.loc 1 29 1 is_stmt 1 view -0
 111              		.cfi_startproc
 112              		@ args = 0, pretend = 0, frame = 0
 113              		@ frame_needed = 0, uses_anonymous_args = 0
 114              		.loc 1 29 1 is_stmt 0 view .LVU17
 115 0000 10B5     		push	{r4, lr}
 116              	.LCFI1:
 117              		.cfi_def_cfa_offset 8
 118              		.cfi_offset 4, -8
 119              		.cfi_offset 14, -4
  30:Core/Src/bsp/bsp_uart.c ****     if (huart->Instance == USART1) {
 120              		.loc 1 30 5 is_stmt 1 view .LVU18
 121              		.loc 1 30 14 is_stmt 0 view .LVU19
 122 0002 0368     		ldr	r3, [r0]
 123              		.loc 1 30 8 view .LVU20
 124 0004 094C     		ldr	r4, .L16
 125 0006 A342     		cmp	r3, r4
 126 0008 05D0     		beq	.L14
  31:Core/Src/bsp/bsp_uart.c ****         dmaBuf1  = buf;
  32:Core/Src/bsp/bsp_uart.c ****         dmaSize1 = bufSize;
  33:Core/Src/bsp/bsp_uart.c ****     } else if (huart->Instance == USART2) {
 127              		.loc 1 33 12 is_stmt 1 view .LVU21
 128              		.loc 1 33 15 is_stmt 0 view .LVU22
 129 000a 094C     		ldr	r4, .L16+4
 130 000c A342     		cmp	r3, r4
 131 000e 07D0     		beq	.L15
 132              	.L12:
  34:Core/Src/bsp/bsp_uart.c ****         dmaBuf2  = buf;
  35:Core/Src/bsp/bsp_uart.c ****         dmaSize2 = bufSize;
  36:Core/Src/bsp/bsp_uart.c ****     }
  37:Core/Src/bsp/bsp_uart.c ****     HAL_UARTEx_ReceiveToIdle_DMA(huart, buf, bufSize);
 133              		.loc 1 37 5 is_stmt 1 view .LVU23
 134 0010 FFF7FEFF 		bl	HAL_UARTEx_ReceiveToIdle_DMA
 135              	.LVL4:
ARM GAS  C:\Users\airforce\AppData\Local\Temp\cc2Vub0Y.s 			page 4


  38:Core/Src/bsp/bsp_uart.c **** }
 136              		.loc 1 38 1 is_stmt 0 view .LVU24
 137 0014 10BD     		pop	{r4, pc}
 138              	.LVL5:
 139              	.L14:
  31:Core/Src/bsp/bsp_uart.c ****         dmaBuf1  = buf;
 140              		.loc 1 31 9 is_stmt 1 view .LVU25
  31:Core/Src/bsp/bsp_uart.c ****         dmaBuf1  = buf;
 141              		.loc 1 31 18 is_stmt 0 view .LVU26
 142 0016 074B     		ldr	r3, .L16+8
 143 0018 1960     		str	r1, [r3]
  32:Core/Src/bsp/bsp_uart.c ****     } else if (huart->Instance == USART2) {
 144              		.loc 1 32 9 is_stmt 1 view .LVU27
  32:Core/Src/bsp/bsp_uart.c ****     } else if (huart->Instance == USART2) {
 145              		.loc 1 32 18 is_stmt 0 view .LVU28
 146 001a 074B     		ldr	r3, .L16+12
 147 001c 1A80     		strh	r2, [r3]	@ movhi
 148 001e F7E7     		b	.L12
 149              	.L15:
  34:Core/Src/bsp/bsp_uart.c ****         dmaBuf2  = buf;
 150              		.loc 1 34 9 is_stmt 1 view .LVU29
  34:Core/Src/bsp/bsp_uart.c ****         dmaBuf2  = buf;
 151              		.loc 1 34 18 is_stmt 0 view .LVU30
 152 0020 064B     		ldr	r3, .L16+16
 153 0022 1960     		str	r1, [r3]
  35:Core/Src/bsp/bsp_uart.c ****     }
 154              		.loc 1 35 9 is_stmt 1 view .LVU31
  35:Core/Src/bsp/bsp_uart.c ****     }
 155              		.loc 1 35 18 is_stmt 0 view .LVU32
 156 0024 064B     		ldr	r3, .L16+20
 157 0026 1A80     		strh	r2, [r3]	@ movhi
 158 0028 F2E7     		b	.L12
 159              	.L17:
 160 002a 00BF     		.align	2
 161              	.L16:
 162 002c 00380140 		.word	1073821696
 163 0030 00440040 		.word	1073759232
 164 0034 00000000 		.word	dmaBuf1
 165 0038 00000000 		.word	dmaSize1
 166 003c 00000000 		.word	dmaBuf2
 167 0040 00000000 		.word	dmaSize2
 168              		.cfi_endproc
 169              	.LFE67:
 171              		.section	.text.BSP_UART_HandleIdle,"ax",%progbits
 172              		.align	1
 173              		.global	BSP_UART_HandleIdle
 174              		.syntax unified
 175              		.thumb
 176              		.thumb_func
 178              	BSP_UART_HandleIdle:
 179              	.LVL6:
 180              	.LFB68:
  39:Core/Src/bsp/bsp_uart.c **** 
  40:Core/Src/bsp/bsp_uart.c **** /* ---- USART IDLE 中断处理（stm32f1xx_it.c 中调用） ---- */
  41:Core/Src/bsp/bsp_uart.c **** void BSP_UART_HandleIdle(UART_HandleTypeDef *huart, uint16_t rxLen)
  42:Core/Src/bsp/bsp_uart.c **** {
 181              		.loc 1 42 1 is_stmt 1 view -0
ARM GAS  C:\Users\airforce\AppData\Local\Temp\cc2Vub0Y.s 			page 5


 182              		.cfi_startproc
 183              		@ args = 0, pretend = 0, frame = 0
 184              		@ frame_needed = 0, uses_anonymous_args = 0
 185              		.loc 1 42 1 is_stmt 0 view .LVU34
 186 0000 F8B5     		push	{r3, r4, r5, r6, r7, lr}
 187              	.LCFI2:
 188              		.cfi_def_cfa_offset 24
 189              		.cfi_offset 3, -24
 190              		.cfi_offset 4, -20
 191              		.cfi_offset 5, -16
 192              		.cfi_offset 6, -12
 193              		.cfi_offset 7, -8
 194              		.cfi_offset 14, -4
 195 0002 0446     		mov	r4, r0
 196 0004 0F46     		mov	r7, r1
  43:Core/Src/bsp/bsp_uart.c ****     HAL_GPIO_TogglePin(GPIOC, GPIO_PIN_14);  /* LED 确认 ISR 到达 */
 197              		.loc 1 43 5 is_stmt 1 view .LVU35
 198 0006 4FF48041 		mov	r1, #16384
 199              	.LVL7:
 200              		.loc 1 43 5 is_stmt 0 view .LVU36
 201 000a 1548     		ldr	r0, .L28
 202              	.LVL8:
 203              		.loc 1 43 5 view .LVU37
 204 000c FFF7FEFF 		bl	HAL_GPIO_TogglePin
 205              	.LVL9:
  44:Core/Src/bsp/bsp_uart.c ****     BSP_UART_RxCallback cb  = NULL;
 206              		.loc 1 44 5 is_stmt 1 view .LVU38
  45:Core/Src/bsp/bsp_uart.c ****     uint8_t          *restartBuf  = NULL;
 207              		.loc 1 45 5 view .LVU39
  46:Core/Src/bsp/bsp_uart.c ****     uint16_t          restartSize = 0;
 208              		.loc 1 46 5 view .LVU40
  47:Core/Src/bsp/bsp_uart.c **** 
  48:Core/Src/bsp/bsp_uart.c ****     if (huart->Instance == USART1) {
 209              		.loc 1 48 5 view .LVU41
 210              		.loc 1 48 14 is_stmt 0 view .LVU42
 211 0010 2368     		ldr	r3, [r4]
 212              		.loc 1 48 8 view .LVU43
 213 0012 144A     		ldr	r2, .L28+4
 214 0014 9342     		cmp	r3, r2
 215 0016 07D0     		beq	.L25
  49:Core/Src/bsp/bsp_uart.c ****         cb          = rxCallback1;
  50:Core/Src/bsp/bsp_uart.c ****         restartBuf  = dmaBuf1;
  51:Core/Src/bsp/bsp_uart.c ****         restartSize = dmaSize1;
  52:Core/Src/bsp/bsp_uart.c ****     } else if (huart->Instance == USART2) {
 216              		.loc 1 52 12 is_stmt 1 view .LVU44
 217              		.loc 1 52 15 is_stmt 0 view .LVU45
 218 0018 134A     		ldr	r2, .L28+8
 219 001a 9342     		cmp	r3, r2
 220 001c 10D0     		beq	.L26
  46:Core/Src/bsp/bsp_uart.c **** 
 221              		.loc 1 46 23 view .LVU46
 222 001e 0025     		movs	r5, #0
  45:Core/Src/bsp/bsp_uart.c ****     uint16_t          restartSize = 0;
 223              		.loc 1 45 23 view .LVU47
 224 0020 2E46     		mov	r6, r5
 225              	.LVL10:
 226              	.L21:
ARM GAS  C:\Users\airforce\AppData\Local\Temp\cc2Vub0Y.s 			page 6


  53:Core/Src/bsp/bsp_uart.c ****         cb          = rxCallback2;
  54:Core/Src/bsp/bsp_uart.c ****         restartBuf  = dmaBuf2;
  55:Core/Src/bsp/bsp_uart.c ****         restartSize = dmaSize2;
  56:Core/Src/bsp/bsp_uart.c ****     }
  57:Core/Src/bsp/bsp_uart.c ****     if (cb) {
  58:Core/Src/bsp/bsp_uart.c ****         cb(huart, rxLen);
  59:Core/Src/bsp/bsp_uart.c ****     }
  60:Core/Src/bsp/bsp_uart.c ****     /* 关键：HAL_UARTEx_ReceiveToIdle_DMA 要求 RxState == READY，
  61:Core/Src/bsp/bsp_uart.c ****      * 但 IDLE 事件后 RxState 仍为 BUSY_RX，必须先复位再重启 */
  62:Core/Src/bsp/bsp_uart.c ****     if (restartBuf && restartSize > 0) {
 227              		.loc 1 62 5 is_stmt 1 view .LVU48
 228              		.loc 1 62 8 is_stmt 0 view .LVU49
 229 0022 06B1     		cbz	r6, .L18
 230              		.loc 1 62 20 discriminator 1 view .LVU50
 231 0024 9DB9     		cbnz	r5, .L27
 232              	.L18:
  63:Core/Src/bsp/bsp_uart.c ****         huart->RxState = HAL_UART_STATE_READY;
  64:Core/Src/bsp/bsp_uart.c ****         HAL_UARTEx_ReceiveToIdle_DMA(huart, restartBuf, restartSize);
  65:Core/Src/bsp/bsp_uart.c ****     }
  66:Core/Src/bsp/bsp_uart.c **** }
 233              		.loc 1 66 1 view .LVU51
 234 0026 F8BD     		pop	{r3, r4, r5, r6, r7, pc}
 235              	.LVL11:
 236              	.L25:
  49:Core/Src/bsp/bsp_uart.c ****         restartBuf  = dmaBuf1;
 237              		.loc 1 49 9 is_stmt 1 view .LVU52
  49:Core/Src/bsp/bsp_uart.c ****         restartBuf  = dmaBuf1;
 238              		.loc 1 49 21 is_stmt 0 view .LVU53
 239 0028 104B     		ldr	r3, .L28+12
 240 002a 1B68     		ldr	r3, [r3]
 241              	.LVL12:
  50:Core/Src/bsp/bsp_uart.c ****         restartSize = dmaSize1;
 242              		.loc 1 50 9 is_stmt 1 view .LVU54
  50:Core/Src/bsp/bsp_uart.c ****         restartSize = dmaSize1;
 243              		.loc 1 50 21 is_stmt 0 view .LVU55
 244 002c 104A     		ldr	r2, .L28+16
 245 002e 1668     		ldr	r6, [r2]
 246              	.LVL13:
  51:Core/Src/bsp/bsp_uart.c ****     } else if (huart->Instance == USART2) {
 247              		.loc 1 51 9 is_stmt 1 view .LVU56
  51:Core/Src/bsp/bsp_uart.c ****     } else if (huart->Instance == USART2) {
 248              		.loc 1 51 21 is_stmt 0 view .LVU57
 249 0030 104A     		ldr	r2, .L28+20
 250 0032 1588     		ldrh	r5, [r2]
 251              	.LVL14:
 252              	.L20:
  57:Core/Src/bsp/bsp_uart.c ****         cb(huart, rxLen);
 253              		.loc 1 57 5 is_stmt 1 view .LVU58
  57:Core/Src/bsp/bsp_uart.c ****         cb(huart, rxLen);
 254              		.loc 1 57 8 is_stmt 0 view .LVU59
 255 0034 002B     		cmp	r3, #0
 256 0036 F4D0     		beq	.L21
  58:Core/Src/bsp/bsp_uart.c ****     }
 257              		.loc 1 58 9 is_stmt 1 view .LVU60
 258 0038 3946     		mov	r1, r7
 259 003a 2046     		mov	r0, r4
 260 003c 9847     		blx	r3
ARM GAS  C:\Users\airforce\AppData\Local\Temp\cc2Vub0Y.s 			page 7


 261              	.LVL15:
  58:Core/Src/bsp/bsp_uart.c ****     }
 262              		.loc 1 58 9 is_stmt 0 view .LVU61
 263 003e F0E7     		b	.L21
 264              	.LVL16:
 265              	.L26:
  53:Core/Src/bsp/bsp_uart.c ****         restartBuf  = dmaBuf2;
 266              		.loc 1 53 9 is_stmt 1 view .LVU62
  53:Core/Src/bsp/bsp_uart.c ****         restartBuf  = dmaBuf2;
 267              		.loc 1 53 21 is_stmt 0 view .LVU63
 268 0040 0D4B     		ldr	r3, .L28+24
 269 0042 1B68     		ldr	r3, [r3]
 270              	.LVL17:
  54:Core/Src/bsp/bsp_uart.c ****         restartSize = dmaSize2;
 271              		.loc 1 54 9 is_stmt 1 view .LVU64
  54:Core/Src/bsp/bsp_uart.c ****         restartSize = dmaSize2;
 272              		.loc 1 54 21 is_stmt 0 view .LVU65
 273 0044 0D4A     		ldr	r2, .L28+28
 274 0046 1668     		ldr	r6, [r2]
 275              	.LVL18:
  55:Core/Src/bsp/bsp_uart.c ****     }
 276              		.loc 1 55 9 is_stmt 1 view .LVU66
  55:Core/Src/bsp/bsp_uart.c ****     }
 277              		.loc 1 55 21 is_stmt 0 view .LVU67
 278 0048 0D4A     		ldr	r2, .L28+32
 279 004a 1588     		ldrh	r5, [r2]
 280 004c F2E7     		b	.L20
 281              	.LVL19:
 282              	.L27:
  63:Core/Src/bsp/bsp_uart.c ****         HAL_UARTEx_ReceiveToIdle_DMA(huart, restartBuf, restartSize);
 283              		.loc 1 63 9 is_stmt 1 view .LVU68
  63:Core/Src/bsp/bsp_uart.c ****         HAL_UARTEx_ReceiveToIdle_DMA(huart, restartBuf, restartSize);
 284              		.loc 1 63 24 is_stmt 0 view .LVU69
 285 004e 2023     		movs	r3, #32
 286 0050 84F84230 		strb	r3, [r4, #66]
  64:Core/Src/bsp/bsp_uart.c ****     }
 287              		.loc 1 64 9 is_stmt 1 view .LVU70
 288 0054 2A46     		mov	r2, r5
 289 0056 3146     		mov	r1, r6
 290 0058 2046     		mov	r0, r4
 291 005a FFF7FEFF 		bl	HAL_UARTEx_ReceiveToIdle_DMA
 292              	.LVL20:
 293              		.loc 1 66 1 is_stmt 0 view .LVU71
 294 005e E2E7     		b	.L18
 295              	.L29:
 296              		.align	2
 297              	.L28:
 298 0060 00100140 		.word	1073811456
 299 0064 00380140 		.word	1073821696
 300 0068 00440040 		.word	1073759232
 301 006c 00000000 		.word	rxCallback1
 302 0070 00000000 		.word	dmaBuf1
 303 0074 00000000 		.word	dmaSize1
 304 0078 00000000 		.word	rxCallback2
 305 007c 00000000 		.word	dmaBuf2
 306 0080 00000000 		.word	dmaSize2
 307              		.cfi_endproc
ARM GAS  C:\Users\airforce\AppData\Local\Temp\cc2Vub0Y.s 			page 8


 308              	.LFE68:
 310              		.section	.bss.dmaSize2,"aw",%nobits
 311              		.align	1
 314              	dmaSize2:
 315 0000 0000     		.space	2
 316              		.section	.bss.dmaSize1,"aw",%nobits
 317              		.align	1
 320              	dmaSize1:
 321 0000 0000     		.space	2
 322              		.section	.bss.dmaBuf2,"aw",%nobits
 323              		.align	2
 326              	dmaBuf2:
 327 0000 00000000 		.space	4
 328              		.section	.bss.dmaBuf1,"aw",%nobits
 329              		.align	2
 332              	dmaBuf1:
 333 0000 00000000 		.space	4
 334              		.section	.bss.rxCallback2,"aw",%nobits
 335              		.align	2
 338              	rxCallback2:
 339 0000 00000000 		.space	4
 340              		.section	.bss.rxCallback1,"aw",%nobits
 341              		.align	2
 344              	rxCallback1:
 345 0000 00000000 		.space	4
 346              		.text
 347              	.Letext0:
 348              		.file 2 "D:/stm32tools/arm-none-eabi-gcc/14.2.1-1.1.1/.content/arm-none-eabi/include/machine/_defa
 349              		.file 3 "D:/stm32tools/arm-none-eabi-gcc/14.2.1-1.1.1/.content/arm-none-eabi/include/sys/_stdint.h
 350              		.file 4 "Drivers/CMSIS/Device/ST/STM32F1xx/Include/stm32f103xb.h"
 351              		.file 5 "Drivers/STM32F1xx_HAL_Driver/Inc/stm32f1xx_hal_def.h"
 352              		.file 6 "Drivers/STM32F1xx_HAL_Driver/Inc/stm32f1xx_hal_dma.h"
 353              		.file 7 "Drivers/STM32F1xx_HAL_Driver/Inc/stm32f1xx_hal_uart.h"
 354              		.file 8 "Core/Inc/bsp/bsp_uart.h"
 355              		.file 9 "Drivers/STM32F1xx_HAL_Driver/Inc/stm32f1xx_hal_gpio.h"
ARM GAS  C:\Users\airforce\AppData\Local\Temp\cc2Vub0Y.s 			page 9


DEFINED SYMBOLS
                            *ABS*:00000000 bsp_uart.c
C:\Users\airforce\AppData\Local\Temp\cc2Vub0Y.s:19     .text.BSP_UART_Send:00000000 $t
C:\Users\airforce\AppData\Local\Temp\cc2Vub0Y.s:25     .text.BSP_UART_Send:00000000 BSP_UART_Send
C:\Users\airforce\AppData\Local\Temp\cc2Vub0Y.s:48     .text.BSP_UART_RegisterRxCallback:00000000 $t
C:\Users\airforce\AppData\Local\Temp\cc2Vub0Y.s:54     .text.BSP_UART_RegisterRxCallback:00000000 BSP_UART_RegisterRxCallback
C:\Users\airforce\AppData\Local\Temp\cc2Vub0Y.s:93     .text.BSP_UART_RegisterRxCallback:0000001c $d
C:\Users\airforce\AppData\Local\Temp\cc2Vub0Y.s:344    .bss.rxCallback1:00000000 rxCallback1
C:\Users\airforce\AppData\Local\Temp\cc2Vub0Y.s:338    .bss.rxCallback2:00000000 rxCallback2
C:\Users\airforce\AppData\Local\Temp\cc2Vub0Y.s:101    .text.BSP_UART_StartRx_DMA:00000000 $t
C:\Users\airforce\AppData\Local\Temp\cc2Vub0Y.s:107    .text.BSP_UART_StartRx_DMA:00000000 BSP_UART_StartRx_DMA
C:\Users\airforce\AppData\Local\Temp\cc2Vub0Y.s:162    .text.BSP_UART_StartRx_DMA:0000002c $d
C:\Users\airforce\AppData\Local\Temp\cc2Vub0Y.s:332    .bss.dmaBuf1:00000000 dmaBuf1
C:\Users\airforce\AppData\Local\Temp\cc2Vub0Y.s:320    .bss.dmaSize1:00000000 dmaSize1
C:\Users\airforce\AppData\Local\Temp\cc2Vub0Y.s:326    .bss.dmaBuf2:00000000 dmaBuf2
C:\Users\airforce\AppData\Local\Temp\cc2Vub0Y.s:314    .bss.dmaSize2:00000000 dmaSize2
C:\Users\airforce\AppData\Local\Temp\cc2Vub0Y.s:172    .text.BSP_UART_HandleIdle:00000000 $t
C:\Users\airforce\AppData\Local\Temp\cc2Vub0Y.s:178    .text.BSP_UART_HandleIdle:00000000 BSP_UART_HandleIdle
C:\Users\airforce\AppData\Local\Temp\cc2Vub0Y.s:298    .text.BSP_UART_HandleIdle:00000060 $d
C:\Users\airforce\AppData\Local\Temp\cc2Vub0Y.s:311    .bss.dmaSize2:00000000 $d
C:\Users\airforce\AppData\Local\Temp\cc2Vub0Y.s:317    .bss.dmaSize1:00000000 $d
C:\Users\airforce\AppData\Local\Temp\cc2Vub0Y.s:323    .bss.dmaBuf2:00000000 $d
C:\Users\airforce\AppData\Local\Temp\cc2Vub0Y.s:329    .bss.dmaBuf1:00000000 $d
C:\Users\airforce\AppData\Local\Temp\cc2Vub0Y.s:335    .bss.rxCallback2:00000000 $d
C:\Users\airforce\AppData\Local\Temp\cc2Vub0Y.s:341    .bss.rxCallback1:00000000 $d

UNDEFINED SYMBOLS
HAL_UART_Transmit
HAL_UARTEx_ReceiveToIdle_DMA
HAL_GPIO_TogglePin
