ARM GAS  C:\Users\airforce\AppData\Local\Temp\ccQhg3kC.s 			page 1


   1              		.cpu cortex-m3
   2              		.arch armv7-m
   3              		.fpu softvfp
   4              		.eabi_attribute 20, 1
   5              		.eabi_attribute 21, 1
   6              		.eabi_attribute 23, 3
   7              		.eabi_attribute 24, 1
   8              		.eabi_attribute 25, 1
   9              		.eabi_attribute 26, 1
  10              		.eabi_attribute 30, 1
  11              		.eabi_attribute 34, 1
  12              		.eabi_attribute 18, 4
  13              		.file	"debug_uart.c"
  14              		.text
  15              	.Ltext0:
  16              		.cfi_sections	.debug_frame
  17              		.file 1 "Core/Src/debug_uart.c"
  18              		.section	.text.vUartTxTask,"ax",%progbits
  19              		.align	1
  20              		.global	vUartTxTask
  21              		.syntax unified
  22              		.thumb
  23              		.thumb_func
  25              	vUartTxTask:
  26              	.LFB75:
   1:Core/Src/debug_uart.c **** #include <stdio.h>
   2:Core/Src/debug_uart.c **** #include <string.h>
   3:Core/Src/debug_uart.c **** #include "FreeRTOS.h"
   4:Core/Src/debug_uart.c **** #include "task.h"
   5:Core/Src/debug_uart.c **** #include "queue.h"
   6:Core/Src/debug_uart.c **** #include "semphr.h"
   7:Core/Src/debug_uart.c **** #include "usart.h"
   8:Core/Src/debug_uart.c **** #include "debug_uart.h"
   9:Core/Src/debug_uart.c **** 
  10:Core/Src/debug_uart.c **** #define UART_TX_QUEUE_LEN   16    /* queue depth: buffer 16 messages */
  11:Core/Src/debug_uart.c **** #define UART_TX_BUF_SIZE    64    /* max bytes per message */
  12:Core/Src/debug_uart.c **** 
  13:Core/Src/debug_uart.c **** static QueueHandle_t     xUartTxQueue      = NULL;
  14:Core/Src/debug_uart.c **** static SemaphoreHandle_t xTxDmaSemaphore   = NULL;  /* DMA TX complete signal */
  15:Core/Src/debug_uart.c **** 
  16:Core/Src/debug_uart.c **** typedef struct {
  17:Core/Src/debug_uart.c ****     char data[UART_TX_BUF_SIZE];
  18:Core/Src/debug_uart.c ****     uint16_t len;
  19:Core/Src/debug_uart.c **** } UartTxMsg_t;
  20:Core/Src/debug_uart.c **** 
  21:Core/Src/debug_uart.c **** /* forward declaration */
  22:Core/Src/debug_uart.c **** void vUartTxTask(void *pvParameters);
  23:Core/Src/debug_uart.c **** 
  24:Core/Src/debug_uart.c **** /* ===== Init debug UART (create queue + TX task + DMA semaphore) ===== */
  25:Core/Src/debug_uart.c **** void DebugUART_Init(void)
  26:Core/Src/debug_uart.c **** {
  27:Core/Src/debug_uart.c ****     if (xUartTxQueue != NULL) return;  /* already initialized */
  28:Core/Src/debug_uart.c **** 
  29:Core/Src/debug_uart.c ****     /* Create binary semaphore for DMA TX complete signaling */
  30:Core/Src/debug_uart.c ****     xTxDmaSemaphore = xSemaphoreCreateBinary();
  31:Core/Src/debug_uart.c ****     if (xTxDmaSemaphore == NULL) return;
  32:Core/Src/debug_uart.c **** 
ARM GAS  C:\Users\airforce\AppData\Local\Temp\ccQhg3kC.s 			page 2


  33:Core/Src/debug_uart.c ****     xUartTxQueue = xQueueCreate(UART_TX_QUEUE_LEN, sizeof(UartTxMsg_t));
  34:Core/Src/debug_uart.c ****     if (xUartTxQueue != NULL) {
  35:Core/Src/debug_uart.c ****         xTaskCreate(vUartTxTask, "UartTX", 256, NULL, 1, NULL);
  36:Core/Src/debug_uart.c ****     }
  37:Core/Src/debug_uart.c **** }
  38:Core/Src/debug_uart.c **** 
  39:Core/Src/debug_uart.c **** /* ===== _write: printf redirect to UART ===== */
  40:Core/Src/debug_uart.c **** int _write(int file, char *ptr, int len)
  41:Core/Src/debug_uart.c **** {
  42:Core/Src/debug_uart.c ****     (void)file;
  43:Core/Src/debug_uart.c **** 
  44:Core/Src/debug_uart.c ****     /* Before scheduler starts, fallback to blocking polling transmit */
  45:Core/Src/debug_uart.c ****     if (xUartTxQueue == NULL) {
  46:Core/Src/debug_uart.c ****         HAL_UART_Transmit(&huart1, (uint8_t *)ptr, len, HAL_MAX_DELAY);
  47:Core/Src/debug_uart.c ****         return len;
  48:Core/Src/debug_uart.c ****     }
  49:Core/Src/debug_uart.c **** 
  50:Core/Src/debug_uart.c ****     /* Push data chunks into queue */
  51:Core/Src/debug_uart.c ****     size_t offset = 0;
  52:Core/Src/debug_uart.c ****     while (offset < (size_t)len) {
  53:Core/Src/debug_uart.c ****         UartTxMsg_t msg;
  54:Core/Src/debug_uart.c ****         size_t chunk = (size_t)len - offset;
  55:Core/Src/debug_uart.c ****         if (chunk > UART_TX_BUF_SIZE) chunk = UART_TX_BUF_SIZE;
  56:Core/Src/debug_uart.c ****         memcpy(msg.data, ptr + offset, chunk);
  57:Core/Src/debug_uart.c ****         msg.len = (uint16_t)chunk;
  58:Core/Src/debug_uart.c **** 
  59:Core/Src/debug_uart.c ****         if (xQueueSend(xUartTxQueue, &msg, pdMS_TO_TICKS(10)) != pdPASS) {
  60:Core/Src/debug_uart.c ****             break;  /* drop remaining data if queue full */
  61:Core/Src/debug_uart.c ****         }
  62:Core/Src/debug_uart.c ****         offset += chunk;
  63:Core/Src/debug_uart.c ****     }
  64:Core/Src/debug_uart.c ****     return len;
  65:Core/Src/debug_uart.c **** }
  66:Core/Src/debug_uart.c **** 
  67:Core/Src/debug_uart.c **** /* ===== UART TX task: dequeues messages, sends via DMA ===== */
  68:Core/Src/debug_uart.c **** void vUartTxTask(void *pvParameters)
  69:Core/Src/debug_uart.c **** {
  27              		.loc 1 69 1 view -0
  28              		.cfi_startproc
  29              		@ Volatile: function does not return.
  30              		@ args = 0, pretend = 0, frame = 72
  31              		@ frame_needed = 0, uses_anonymous_args = 0
  32              	.LVL0:
  33              		.loc 1 69 1 is_stmt 0 view .LVU1
  34 0000 00B5     		push	{lr}
  35              	.LCFI0:
  36              		.cfi_def_cfa_offset 4
  37              		.cfi_offset 14, -4
  38 0002 93B0     		sub	sp, sp, #76
  39              	.LCFI1:
  40              		.cfi_def_cfa_offset 80
  41              	.LVL1:
  42              	.L2:
  70:Core/Src/debug_uart.c ****     (void)pvParameters;
  43              		.loc 1 70 5 is_stmt 1 view .LVU2
  71:Core/Src/debug_uart.c ****     UartTxMsg_t msg;
  44              		.loc 1 71 5 view .LVU3
ARM GAS  C:\Users\airforce\AppData\Local\Temp\ccQhg3kC.s 			page 3


  72:Core/Src/debug_uart.c **** 
  73:Core/Src/debug_uart.c ****     while (1) {
  45              		.loc 1 73 5 view .LVU4
  74:Core/Src/debug_uart.c ****         /* Block until a message arrives */
  75:Core/Src/debug_uart.c ****         if (xQueueReceive(xUartTxQueue, &msg, portMAX_DELAY) == pdPASS) {
  46              		.loc 1 75 9 view .LVU5
  47              		.loc 1 75 13 is_stmt 0 view .LVU6
  48 0004 4FF0FF32 		mov	r2, #-1
  49 0008 01A9     		add	r1, sp, #4
  50 000a 0A4B     		ldr	r3, .L6
  51 000c 1868     		ldr	r0, [r3]
  52 000e FFF7FEFF 		bl	xQueueReceive
  53              	.LVL2:
  54              		.loc 1 75 12 discriminator 1 view .LVU7
  55 0012 0128     		cmp	r0, #1
  56 0014 F6D1     		bne	.L2
  76:Core/Src/debug_uart.c ****             /* Start DMA transfer (non-blocking) */
  77:Core/Src/debug_uart.c ****             if (HAL_UART_Transmit_DMA(&huart1, (uint8_t *)msg.data, msg.len) == HAL_OK) {
  57              		.loc 1 77 13 is_stmt 1 view .LVU8
  58              		.loc 1 77 17 is_stmt 0 view .LVU9
  59 0016 BDF84420 		ldrh	r2, [sp, #68]
  60 001a 01A9     		add	r1, sp, #4
  61 001c 0648     		ldr	r0, .L6+4
  62 001e FFF7FEFF 		bl	HAL_UART_Transmit_DMA
  63              	.LVL3:
  64              		.loc 1 77 16 discriminator 1 view .LVU10
  65 0022 0028     		cmp	r0, #0
  66 0024 EED1     		bne	.L2
  78:Core/Src/debug_uart.c ****                 /* Wait for DMA to finish before sending next message */
  79:Core/Src/debug_uart.c ****                 xSemaphoreTake(xTxDmaSemaphore, portMAX_DELAY);
  67              		.loc 1 79 17 is_stmt 1 view .LVU11
  68 0026 4FF0FF31 		mov	r1, #-1
  69 002a 044B     		ldr	r3, .L6+8
  70 002c 1868     		ldr	r0, [r3]
  71 002e FFF7FEFF 		bl	xQueueSemaphoreTake
  72              	.LVL4:
  73 0032 E7E7     		b	.L2
  74              	.L7:
  75              		.align	2
  76              	.L6:
  77 0034 00000000 		.word	xUartTxQueue
  78 0038 00000000 		.word	huart1
  79 003c 00000000 		.word	xTxDmaSemaphore
  80              		.cfi_endproc
  81              	.LFE75:
  83              		.section	.rodata.DebugUART_Init.str1.4,"aMS",%progbits,1
  84              		.align	2
  85              	.LC0:
  86 0000 55617274 		.ascii	"UartTX\000"
  86      545800
  87              		.section	.text.DebugUART_Init,"ax",%progbits
  88              		.align	1
  89              		.global	DebugUART_Init
  90              		.syntax unified
  91              		.thumb
  92              		.thumb_func
  94              	DebugUART_Init:
ARM GAS  C:\Users\airforce\AppData\Local\Temp\ccQhg3kC.s 			page 4


  95              	.LFB73:
  26:Core/Src/debug_uart.c ****     if (xUartTxQueue != NULL) return;  /* already initialized */
  96              		.loc 1 26 1 view -0
  97              		.cfi_startproc
  98              		@ args = 0, pretend = 0, frame = 0
  99              		@ frame_needed = 0, uses_anonymous_args = 0
  27:Core/Src/debug_uart.c **** 
 100              		.loc 1 27 5 view .LVU13
  27:Core/Src/debug_uart.c **** 
 101              		.loc 1 27 22 is_stmt 0 view .LVU14
 102 0000 114B     		ldr	r3, .L15
 103 0002 1B68     		ldr	r3, [r3]
  27:Core/Src/debug_uart.c **** 
 104              		.loc 1 27 8 view .LVU15
 105 0004 03B1     		cbz	r3, .L14
 106 0006 7047     		bx	lr
 107              	.L14:
  26:Core/Src/debug_uart.c ****     if (xUartTxQueue != NULL) return;  /* already initialized */
 108              		.loc 1 26 1 view .LVU16
 109 0008 00B5     		push	{lr}
 110              	.LCFI2:
 111              		.cfi_def_cfa_offset 4
 112              		.cfi_offset 14, -4
 113 000a 83B0     		sub	sp, sp, #12
 114              	.LCFI3:
 115              		.cfi_def_cfa_offset 16
  30:Core/Src/debug_uart.c ****     if (xTxDmaSemaphore == NULL) return;
 116              		.loc 1 30 5 is_stmt 1 view .LVU17
  30:Core/Src/debug_uart.c ****     if (xTxDmaSemaphore == NULL) return;
 117              		.loc 1 30 23 is_stmt 0 view .LVU18
 118 000c 0322     		movs	r2, #3
 119 000e 0021     		movs	r1, #0
 120 0010 0120     		movs	r0, #1
 121 0012 FFF7FEFF 		bl	xQueueGenericCreate
 122              	.LVL5:
  30:Core/Src/debug_uart.c ****     if (xTxDmaSemaphore == NULL) return;
 123              		.loc 1 30 21 discriminator 1 view .LVU19
 124 0016 0D4B     		ldr	r3, .L15+4
 125 0018 1860     		str	r0, [r3]
  31:Core/Src/debug_uart.c **** 
 126              		.loc 1 31 5 is_stmt 1 view .LVU20
  31:Core/Src/debug_uart.c **** 
 127              		.loc 1 31 8 is_stmt 0 view .LVU21
 128 001a 88B1     		cbz	r0, .L8
  33:Core/Src/debug_uart.c ****     if (xUartTxQueue != NULL) {
 129              		.loc 1 33 5 is_stmt 1 view .LVU22
  33:Core/Src/debug_uart.c ****     if (xUartTxQueue != NULL) {
 130              		.loc 1 33 20 is_stmt 0 view .LVU23
 131 001c 0022     		movs	r2, #0
 132 001e 4221     		movs	r1, #66
 133 0020 1020     		movs	r0, #16
 134 0022 FFF7FEFF 		bl	xQueueGenericCreate
 135              	.LVL6:
  33:Core/Src/debug_uart.c ****     if (xUartTxQueue != NULL) {
 136              		.loc 1 33 18 discriminator 1 view .LVU24
 137 0026 084B     		ldr	r3, .L15
 138 0028 1860     		str	r0, [r3]
ARM GAS  C:\Users\airforce\AppData\Local\Temp\ccQhg3kC.s 			page 5


  34:Core/Src/debug_uart.c ****         xTaskCreate(vUartTxTask, "UartTX", 256, NULL, 1, NULL);
 139              		.loc 1 34 5 is_stmt 1 view .LVU25
  34:Core/Src/debug_uart.c ****         xTaskCreate(vUartTxTask, "UartTX", 256, NULL, 1, NULL);
 140              		.loc 1 34 8 is_stmt 0 view .LVU26
 141 002a 48B1     		cbz	r0, .L8
  35:Core/Src/debug_uart.c ****     }
 142              		.loc 1 35 9 is_stmt 1 view .LVU27
 143 002c 0023     		movs	r3, #0
 144 002e 0193     		str	r3, [sp, #4]
 145 0030 0122     		movs	r2, #1
 146 0032 0092     		str	r2, [sp]
 147 0034 4FF48072 		mov	r2, #256
 148 0038 0549     		ldr	r1, .L15+8
 149 003a 0648     		ldr	r0, .L15+12
 150 003c FFF7FEFF 		bl	xTaskCreate
 151              	.LVL7:
 152              	.L8:
  37:Core/Src/debug_uart.c **** 
 153              		.loc 1 37 1 is_stmt 0 view .LVU28
 154 0040 03B0     		add	sp, sp, #12
 155              	.LCFI4:
 156              		.cfi_def_cfa_offset 4
 157              		@ sp needed
 158 0042 5DF804FB 		ldr	pc, [sp], #4
 159              	.L16:
 160 0046 00BF     		.align	2
 161              	.L15:
 162 0048 00000000 		.word	xUartTxQueue
 163 004c 00000000 		.word	xTxDmaSemaphore
 164 0050 00000000 		.word	.LC0
 165 0054 00000000 		.word	vUartTxTask
 166              		.cfi_endproc
 167              	.LFE73:
 169              		.section	.text._write,"ax",%progbits
 170              		.align	1
 171              		.global	_write
 172              		.syntax unified
 173              		.thumb
 174              		.thumb_func
 176              	_write:
 177              	.LVL8:
 178              	.LFB74:
  41:Core/Src/debug_uart.c ****     (void)file;
 179              		.loc 1 41 1 is_stmt 1 view -0
 180              		.cfi_startproc
 181              		@ args = 0, pretend = 0, frame = 72
 182              		@ frame_needed = 0, uses_anonymous_args = 0
  41:Core/Src/debug_uart.c ****     (void)file;
 183              		.loc 1 41 1 is_stmt 0 view .LVU30
 184 0000 2DE9F041 		push	{r4, r5, r6, r7, r8, lr}
 185              	.LCFI5:
 186              		.cfi_def_cfa_offset 24
 187              		.cfi_offset 4, -24
 188              		.cfi_offset 5, -20
 189              		.cfi_offset 6, -16
 190              		.cfi_offset 7, -12
 191              		.cfi_offset 8, -8
ARM GAS  C:\Users\airforce\AppData\Local\Temp\ccQhg3kC.s 			page 6


 192              		.cfi_offset 14, -4
 193 0004 92B0     		sub	sp, sp, #72
 194              	.LCFI6:
 195              		.cfi_def_cfa_offset 96
 196 0006 8846     		mov	r8, r1
 197 0008 1746     		mov	r7, r2
  42:Core/Src/debug_uart.c **** 
 198              		.loc 1 42 5 is_stmt 1 view .LVU31
  45:Core/Src/debug_uart.c ****         HAL_UART_Transmit(&huart1, (uint8_t *)ptr, len, HAL_MAX_DELAY);
 199              		.loc 1 45 5 view .LVU32
  45:Core/Src/debug_uart.c ****         HAL_UART_Transmit(&huart1, (uint8_t *)ptr, len, HAL_MAX_DELAY);
 200              		.loc 1 45 22 is_stmt 0 view .LVU33
 201 000a 144B     		ldr	r3, .L27
 202 000c 1B68     		ldr	r3, [r3]
  45:Core/Src/debug_uart.c ****         HAL_UART_Transmit(&huart1, (uint8_t *)ptr, len, HAL_MAX_DELAY);
 203              		.loc 1 45 8 view .LVU34
 204 000e 0BB1     		cbz	r3, .L26
  51:Core/Src/debug_uart.c ****     while (offset < (size_t)len) {
 205              		.loc 1 51 12 view .LVU35
 206 0010 0025     		movs	r5, #0
 207 0012 1CE0     		b	.L18
 208              	.L26:
  46:Core/Src/debug_uart.c ****         return len;
 209              		.loc 1 46 9 is_stmt 1 view .LVU36
 210 0014 4FF0FF33 		mov	r3, #-1
 211 0018 92B2     		uxth	r2, r2
 212              	.LVL9:
  46:Core/Src/debug_uart.c ****         return len;
 213              		.loc 1 46 9 is_stmt 0 view .LVU37
 214 001a 1148     		ldr	r0, .L27+4
 215              	.LVL10:
  46:Core/Src/debug_uart.c ****         return len;
 216              		.loc 1 46 9 view .LVU38
 217 001c FFF7FEFF 		bl	HAL_UART_Transmit
 218              	.LVL11:
  47:Core/Src/debug_uart.c ****     }
 219              		.loc 1 47 9 is_stmt 1 view .LVU39
 220              	.L19:
  65:Core/Src/debug_uart.c **** 
 221              		.loc 1 65 1 is_stmt 0 view .LVU40
 222 0020 3846     		mov	r0, r7
 223 0022 12B0     		add	sp, sp, #72
 224              	.LCFI7:
 225              		.cfi_remember_state
 226              		.cfi_def_cfa_offset 24
 227              		@ sp needed
 228 0024 BDE8F081 		pop	{r4, r5, r6, r7, r8, pc}
 229              	.LVL12:
 230              	.L20:
 231              	.LCFI8:
 232              		.cfi_restore_state
 233              	.LBB2:
  56:Core/Src/debug_uart.c ****         msg.len = (uint16_t)chunk;
 234              		.loc 1 56 9 is_stmt 1 view .LVU41
 235 0028 01AE     		add	r6, sp, #4
 236 002a 2246     		mov	r2, r4
 237 002c 08EB0501 		add	r1, r8, r5
ARM GAS  C:\Users\airforce\AppData\Local\Temp\ccQhg3kC.s 			page 7


 238 0030 3046     		mov	r0, r6
 239 0032 FFF7FEFF 		bl	memcpy
 240              	.LVL13:
  57:Core/Src/debug_uart.c **** 
 241              		.loc 1 57 9 view .LVU42
  57:Core/Src/debug_uart.c **** 
 242              		.loc 1 57 17 is_stmt 0 view .LVU43
 243 0036 ADF84440 		strh	r4, [sp, #68]	@ movhi
  59:Core/Src/debug_uart.c ****             break;  /* drop remaining data if queue full */
 244              		.loc 1 59 9 is_stmt 1 view .LVU44
  59:Core/Src/debug_uart.c ****             break;  /* drop remaining data if queue full */
 245              		.loc 1 59 13 is_stmt 0 view .LVU45
 246 003a 0023     		movs	r3, #0
 247 003c 0A22     		movs	r2, #10
 248 003e 3146     		mov	r1, r6
 249 0040 0648     		ldr	r0, .L27
 250 0042 0068     		ldr	r0, [r0]
 251 0044 FFF7FEFF 		bl	xQueueGenericSend
 252              	.LVL14:
  59:Core/Src/debug_uart.c ****             break;  /* drop remaining data if queue full */
 253              		.loc 1 59 12 discriminator 1 view .LVU46
 254 0048 0128     		cmp	r0, #1
 255 004a E9D1     		bne	.L19
  62:Core/Src/debug_uart.c ****     }
 256              		.loc 1 62 9 is_stmt 1 view .LVU47
  62:Core/Src/debug_uart.c ****     }
 257              		.loc 1 62 16 is_stmt 0 view .LVU48
 258 004c 2544     		add	r5, r5, r4
 259              	.LVL15:
 260              	.L18:
  62:Core/Src/debug_uart.c ****     }
 261              		.loc 1 62 16 view .LVU49
 262              	.LBE2:
  52:Core/Src/debug_uart.c ****         UartTxMsg_t msg;
 263              		.loc 1 52 19 is_stmt 1 view .LVU50
 264 004e AF42     		cmp	r7, r5
 265 0050 E6D9     		bls	.L19
 266              	.LBB3:
  53:Core/Src/debug_uart.c ****         size_t chunk = (size_t)len - offset;
 267              		.loc 1 53 9 view .LVU51
  54:Core/Src/debug_uart.c ****         if (chunk > UART_TX_BUF_SIZE) chunk = UART_TX_BUF_SIZE;
 268              		.loc 1 54 9 view .LVU52
  54:Core/Src/debug_uart.c ****         if (chunk > UART_TX_BUF_SIZE) chunk = UART_TX_BUF_SIZE;
 269              		.loc 1 54 16 is_stmt 0 view .LVU53
 270 0052 7C1B     		subs	r4, r7, r5
 271              	.LVL16:
  55:Core/Src/debug_uart.c ****         memcpy(msg.data, ptr + offset, chunk);
 272              		.loc 1 55 9 is_stmt 1 view .LVU54
  55:Core/Src/debug_uart.c ****         memcpy(msg.data, ptr + offset, chunk);
 273              		.loc 1 55 12 is_stmt 0 view .LVU55
 274 0054 402C     		cmp	r4, #64
 275 0056 E7D9     		bls	.L20
  55:Core/Src/debug_uart.c ****         memcpy(msg.data, ptr + offset, chunk);
 276              		.loc 1 55 45 discriminator 1 view .LVU56
 277 0058 4024     		movs	r4, #64
 278              	.LVL17:
  55:Core/Src/debug_uart.c ****         memcpy(msg.data, ptr + offset, chunk);
ARM GAS  C:\Users\airforce\AppData\Local\Temp\ccQhg3kC.s 			page 8


 279              		.loc 1 55 45 discriminator 1 view .LVU57
 280 005a E5E7     		b	.L20
 281              	.L28:
 282              		.align	2
 283              	.L27:
 284 005c 00000000 		.word	xUartTxQueue
 285 0060 00000000 		.word	huart1
 286              	.LBE3:
 287              		.cfi_endproc
 288              	.LFE74:
 290              		.section	.text.HAL_UART_TxCpltCallback,"ax",%progbits
 291              		.align	1
 292              		.global	HAL_UART_TxCpltCallback
 293              		.syntax unified
 294              		.thumb
 295              		.thumb_func
 297              	HAL_UART_TxCpltCallback:
 298              	.LVL18:
 299              	.LFB76:
  80:Core/Src/debug_uart.c ****             }
  81:Core/Src/debug_uart.c ****         }
  82:Core/Src/debug_uart.c ****     }
  83:Core/Src/debug_uart.c **** }
  84:Core/Src/debug_uart.c **** 
  85:Core/Src/debug_uart.c **** /* ===== HAL callback: DMA TX complete → signal semaphore from ISR ===== */
  86:Core/Src/debug_uart.c **** void HAL_UART_TxCpltCallback(UART_HandleTypeDef *huart)
  87:Core/Src/debug_uart.c **** {
 300              		.loc 1 87 1 is_stmt 1 view -0
 301              		.cfi_startproc
 302              		@ args = 0, pretend = 0, frame = 8
 303              		@ frame_needed = 0, uses_anonymous_args = 0
  88:Core/Src/debug_uart.c ****     if (huart->Instance == USART1 && xTxDmaSemaphore != NULL) {
 304              		.loc 1 88 5 view .LVU59
 305              		.loc 1 88 14 is_stmt 0 view .LVU60
 306 0000 0268     		ldr	r2, [r0]
 307              		.loc 1 88 8 view .LVU61
 308 0002 0F4B     		ldr	r3, .L37
 309 0004 9A42     		cmp	r2, r3
 310 0006 00D0     		beq	.L36
 311              	.LVL19:
 312              	.L33:
 313              		.loc 1 88 8 view .LVU62
 314 0008 7047     		bx	lr
 315              	.LVL20:
 316              	.L36:
 317              		.loc 1 88 54 discriminator 1 view .LVU63
 318 000a 0E4B     		ldr	r3, .L37+4
 319 000c 1868     		ldr	r0, [r3]
 320              	.LVL21:
 321              		.loc 1 88 35 discriminator 1 view .LVU64
 322 000e 0028     		cmp	r0, #0
 323 0010 FAD0     		beq	.L33
  87:Core/Src/debug_uart.c ****     if (huart->Instance == USART1 && xTxDmaSemaphore != NULL) {
 324              		.loc 1 87 1 view .LVU65
 325 0012 00B5     		push	{lr}
 326              	.LCFI9:
 327              		.cfi_def_cfa_offset 4
ARM GAS  C:\Users\airforce\AppData\Local\Temp\ccQhg3kC.s 			page 9


 328              		.cfi_offset 14, -4
 329 0014 83B0     		sub	sp, sp, #12
 330              	.LCFI10:
 331              		.cfi_def_cfa_offset 16
 332              	.LBB4:
  89:Core/Src/debug_uart.c ****         BaseType_t xHigherPriorityTaskWoken = pdFALSE;
 333              		.loc 1 89 9 is_stmt 1 view .LVU66
 334              		.loc 1 89 20 is_stmt 0 view .LVU67
 335 0016 0023     		movs	r3, #0
 336 0018 0193     		str	r3, [sp, #4]
  90:Core/Src/debug_uart.c ****         xSemaphoreGiveFromISR(xTxDmaSemaphore, &xHigherPriorityTaskWoken);
 337              		.loc 1 90 9 is_stmt 1 view .LVU68
 338 001a 01A9     		add	r1, sp, #4
 339 001c FFF7FEFF 		bl	xQueueGiveFromISR
 340              	.LVL22:
  91:Core/Src/debug_uart.c ****         portYIELD_FROM_ISR(xHigherPriorityTaskWoken);
 341              		.loc 1 91 9 view .LVU69
 342              		.loc 1 91 9 view .LVU70
 343 0020 019B     		ldr	r3, [sp, #4]
 344 0022 4BB1     		cbz	r3, .L29
 345              		.loc 1 91 9 discriminator 1 view .LVU71
 346 0024 4FF0E023 		mov	r3, #-536813568
 347 0028 4FF08052 		mov	r2, #268435456
 348 002c C3F8042D 		str	r2, [r3, #3332]
 349              		.loc 1 91 9 view .LVU72
 350              		.loc 1 91 9 is_stmt 0 discriminator 1 view .LVU73
 351              		.syntax unified
 352              	@ 91 "Core/Src/debug_uart.c" 1
 353 0030 BFF34F8F 		dsb
 354              	@ 0 "" 2
 355              		.loc 1 91 9 is_stmt 1 view .LVU74
 356              		.loc 1 91 9 is_stmt 0 discriminator 1 view .LVU75
 357              	@ 91 "Core/Src/debug_uart.c" 1
 358 0034 BFF36F8F 		isb
 359              	@ 0 "" 2
 360              		.loc 1 91 9 is_stmt 1 discriminator 3 view .LVU76
 361              		.loc 1 91 9 discriminator 3 view .LVU77
 362              		.thumb
 363              		.syntax unified
 364              	.L29:
 365              	.LBE4:
  92:Core/Src/debug_uart.c ****     }
  93:Core/Src/debug_uart.c **** }
 366              		.loc 1 93 1 is_stmt 0 view .LVU78
 367 0038 03B0     		add	sp, sp, #12
 368              	.LCFI11:
 369              		.cfi_def_cfa_offset 4
 370              		@ sp needed
 371 003a 5DF804FB 		ldr	pc, [sp], #4
 372              	.L38:
 373 003e 00BF     		.align	2
 374              	.L37:
 375 0040 00380140 		.word	1073821696
 376 0044 00000000 		.word	xTxDmaSemaphore
 377              		.cfi_endproc
 378              	.LFE76:
 380              		.section	.text.DebugUART_StartRx,"ax",%progbits
ARM GAS  C:\Users\airforce\AppData\Local\Temp\ccQhg3kC.s 			page 10


 381              		.align	1
 382              		.global	DebugUART_StartRx
 383              		.syntax unified
 384              		.thumb
 385              		.thumb_func
 387              	DebugUART_StartRx:
 388              	.LFB77:
  94:Core/Src/debug_uart.c **** 
  95:Core/Src/debug_uart.c **** /* ==================================================================
  96:Core/Src/debug_uart.c ****  *  DMA RX (USART1 IDLE detection)
  97:Core/Src/debug_uart.c ****  *  Receives variable-length data from host PC.
  98:Core/Src/debug_uart.c ****  *  HAL_UARTEx_ReceiveToIdle_DMA → IDLE interrupt → RxEventCallback
  99:Core/Src/debug_uart.c ****  * ================================================================== */
 100:Core/Src/debug_uart.c **** 
 101:Core/Src/debug_uart.c **** #define UART_RX_BUF_SIZE    256
 102:Core/Src/debug_uart.c **** 
 103:Core/Src/debug_uart.c **** static uint8_t uart_rx_buf[UART_RX_BUF_SIZE];
 104:Core/Src/debug_uart.c **** 
 105:Core/Src/debug_uart.c **** /* Start DMA reception with IDLE detection */
 106:Core/Src/debug_uart.c **** void DebugUART_StartRx(void)
 107:Core/Src/debug_uart.c **** {
 389              		.loc 1 107 1 is_stmt 1 view -0
 390              		.cfi_startproc
 391              		@ args = 0, pretend = 0, frame = 0
 392              		@ frame_needed = 0, uses_anonymous_args = 0
 393 0000 08B5     		push	{r3, lr}
 394              	.LCFI12:
 395              		.cfi_def_cfa_offset 8
 396              		.cfi_offset 3, -8
 397              		.cfi_offset 14, -4
 108:Core/Src/debug_uart.c ****     HAL_UARTEx_ReceiveToIdle_DMA(&huart1, uart_rx_buf, UART_RX_BUF_SIZE);
 398              		.loc 1 108 5 view .LVU80
 399 0002 4FF48072 		mov	r2, #256
 400 0006 0249     		ldr	r1, .L41
 401 0008 0248     		ldr	r0, .L41+4
 402 000a FFF7FEFF 		bl	HAL_UARTEx_ReceiveToIdle_DMA
 403              	.LVL23:
 109:Core/Src/debug_uart.c **** }
 404              		.loc 1 109 1 is_stmt 0 view .LVU81
 405 000e 08BD     		pop	{r3, pc}
 406              	.L42:
 407              		.align	2
 408              	.L41:
 409 0010 00000000 		.word	uart_rx_buf
 410 0014 00000000 		.word	huart1
 411              		.cfi_endproc
 412              	.LFE77:
 414              		.section	.text.HAL_UARTEx_RxEventCallback,"ax",%progbits
 415              		.align	1
 416              		.global	HAL_UARTEx_RxEventCallback
 417              		.syntax unified
 418              		.thumb
 419              		.thumb_func
 421              	HAL_UARTEx_RxEventCallback:
 422              	.LVL24:
 423              	.LFB78:
 110:Core/Src/debug_uart.c **** 
ARM GAS  C:\Users\airforce\AppData\Local\Temp\ccQhg3kC.s 			page 11


 111:Core/Src/debug_uart.c **** /* HAL callback: DMA RX complete (full buffer or IDLE detected) */
 112:Core/Src/debug_uart.c **** void HAL_UARTEx_RxEventCallback(UART_HandleTypeDef *huart, uint16_t Size)
 113:Core/Src/debug_uart.c **** {
 424              		.loc 1 113 1 is_stmt 1 view -0
 425              		.cfi_startproc
 426              		@ args = 0, pretend = 0, frame = 72
 427              		@ frame_needed = 0, uses_anonymous_args = 0
 114:Core/Src/debug_uart.c ****     if (huart->Instance == USART1 && Size > 0 && xUartTxQueue != NULL) {
 428              		.loc 1 114 5 view .LVU83
 429              		.loc 1 114 14 is_stmt 0 view .LVU84
 430 0000 0268     		ldr	r2, [r0]
 431              		.loc 1 114 8 view .LVU85
 432 0002 1E4B     		ldr	r3, .L56
 433 0004 9A42     		cmp	r2, r3
 434 0006 00D0     		beq	.L54
 435 0008 7047     		bx	lr
 436              	.L54:
 113:Core/Src/debug_uart.c ****     if (huart->Instance == USART1 && Size > 0 && xUartTxQueue != NULL) {
 437              		.loc 1 113 1 view .LVU86
 438 000a F0B5     		push	{r4, r5, r6, r7, lr}
 439              	.LCFI13:
 440              		.cfi_def_cfa_offset 20
 441              		.cfi_offset 4, -20
 442              		.cfi_offset 5, -16
 443              		.cfi_offset 6, -12
 444              		.cfi_offset 7, -8
 445              		.cfi_offset 14, -4
 446 000c 93B0     		sub	sp, sp, #76
 447              	.LCFI14:
 448              		.cfi_def_cfa_offset 96
 449 000e 0E46     		mov	r6, r1
 450              		.loc 1 114 35 discriminator 1 view .LVU87
 451 0010 89B3     		cbz	r1, .L43
 452              		.loc 1 114 63 discriminator 2 view .LVU88
 453 0012 1B4B     		ldr	r3, .L56+4
 454 0014 1B68     		ldr	r3, [r3]
 455              		.loc 1 114 47 discriminator 2 view .LVU89
 456 0016 73B3     		cbz	r3, .L43
 457              	.LBB5:
 115:Core/Src/debug_uart.c ****         BaseType_t xHigherPriorityTaskWoken = pdFALSE;
 458              		.loc 1 115 9 is_stmt 1 view .LVU90
 459              		.loc 1 115 20 is_stmt 0 view .LVU91
 460 0018 0024     		movs	r4, #0
 461 001a 0094     		str	r4, [sp]
 116:Core/Src/debug_uart.c **** 
 117:Core/Src/debug_uart.c ****         /* Echo received data back as-is (proof of RX functionality) */
 118:Core/Src/debug_uart.c ****         for (uint16_t i = 0; i < Size; ) {
 462              		.loc 1 118 9 is_stmt 1 view .LVU92
 463              	.LBB6:
 464              		.loc 1 118 14 view .LVU93
 465              	.LVL25:
 466              		.loc 1 118 9 is_stmt 0 view .LVU94
 467 001c 11E0     		b	.L45
 468              	.LVL26:
 469              	.L46:
 470              	.LBB7:
 119:Core/Src/debug_uart.c ****             UartTxMsg_t msg;
ARM GAS  C:\Users\airforce\AppData\Local\Temp\ccQhg3kC.s 			page 12


 120:Core/Src/debug_uart.c ****             uint16_t chunk = Size - i;
 121:Core/Src/debug_uart.c ****             if (chunk > UART_TX_BUF_SIZE) chunk = UART_TX_BUF_SIZE;
 122:Core/Src/debug_uart.c ****             memcpy(msg.data, (char *)&uart_rx_buf[i], chunk);
 471              		.loc 1 122 13 is_stmt 1 view .LVU95
 472 001e 01AF     		add	r7, sp, #4
 473 0020 2A46     		mov	r2, r5
 474 0022 1849     		ldr	r1, .L56+8
 475 0024 2144     		add	r1, r1, r4
 476 0026 3846     		mov	r0, r7
 477 0028 FFF7FEFF 		bl	memcpy
 478              	.LVL27:
 123:Core/Src/debug_uart.c ****             msg.len = chunk;
 479              		.loc 1 123 13 view .LVU96
 480              		.loc 1 123 21 is_stmt 0 view .LVU97
 481 002c ADF84450 		strh	r5, [sp, #68]	@ movhi
 124:Core/Src/debug_uart.c ****             xQueueSendFromISR(xUartTxQueue, &msg, &xHigherPriorityTaskWoken);
 482              		.loc 1 124 13 is_stmt 1 view .LVU98
 483 0030 0023     		movs	r3, #0
 484 0032 6A46     		mov	r2, sp
 485 0034 3946     		mov	r1, r7
 486 0036 1248     		ldr	r0, .L56+4
 487 0038 0068     		ldr	r0, [r0]
 488 003a FFF7FEFF 		bl	xQueueGenericSendFromISR
 489              	.LVL28:
 125:Core/Src/debug_uart.c ****             i += chunk;
 490              		.loc 1 125 13 view .LVU99
 491              		.loc 1 125 15 is_stmt 0 view .LVU100
 492 003e 2C44     		add	r4, r4, r5
 493              	.LVL29:
 494              		.loc 1 125 15 view .LVU101
 495 0040 A4B2     		uxth	r4, r4
 496              	.LVL30:
 497              	.L45:
 498              		.loc 1 125 15 view .LVU102
 499              	.LBE7:
 118:Core/Src/debug_uart.c ****             UartTxMsg_t msg;
 500              		.loc 1 118 32 is_stmt 1 discriminator 1 view .LVU103
 501 0042 B442     		cmp	r4, r6
 502 0044 05D2     		bcs	.L55
 503              	.LBB8:
 119:Core/Src/debug_uart.c ****             uint16_t chunk = Size - i;
 504              		.loc 1 119 13 view .LVU104
 120:Core/Src/debug_uart.c ****             if (chunk > UART_TX_BUF_SIZE) chunk = UART_TX_BUF_SIZE;
 505              		.loc 1 120 13 view .LVU105
 120:Core/Src/debug_uart.c ****             if (chunk > UART_TX_BUF_SIZE) chunk = UART_TX_BUF_SIZE;
 506              		.loc 1 120 22 is_stmt 0 view .LVU106
 507 0046 351B     		subs	r5, r6, r4
 508 0048 ADB2     		uxth	r5, r5
 509              	.LVL31:
 121:Core/Src/debug_uart.c ****             memcpy(msg.data, (char *)&uart_rx_buf[i], chunk);
 510              		.loc 1 121 13 is_stmt 1 view .LVU107
 121:Core/Src/debug_uart.c ****             memcpy(msg.data, (char *)&uart_rx_buf[i], chunk);
 511              		.loc 1 121 16 is_stmt 0 view .LVU108
 512 004a 402D     		cmp	r5, #64
 513 004c E7D9     		bls	.L46
 121:Core/Src/debug_uart.c ****             memcpy(msg.data, (char *)&uart_rx_buf[i], chunk);
 514              		.loc 1 121 49 discriminator 1 view .LVU109
ARM GAS  C:\Users\airforce\AppData\Local\Temp\ccQhg3kC.s 			page 13


 515 004e 4025     		movs	r5, #64
 516              	.LVL32:
 121:Core/Src/debug_uart.c ****             memcpy(msg.data, (char *)&uart_rx_buf[i], chunk);
 517              		.loc 1 121 49 discriminator 1 view .LVU110
 518 0050 E5E7     		b	.L46
 519              	.LVL33:
 520              	.L55:
 121:Core/Src/debug_uart.c ****             memcpy(msg.data, (char *)&uart_rx_buf[i], chunk);
 521              		.loc 1 121 49 discriminator 1 view .LVU111
 522              	.LBE8:
 523              	.LBE6:
 126:Core/Src/debug_uart.c ****         }
 127:Core/Src/debug_uart.c **** 
 128:Core/Src/debug_uart.c ****         /* Restart DMA reception for next frame */
 129:Core/Src/debug_uart.c ****         HAL_UARTEx_ReceiveToIdle_DMA(&huart1, uart_rx_buf, UART_RX_BUF_SIZE);
 524              		.loc 1 129 9 is_stmt 1 view .LVU112
 525 0052 4FF48072 		mov	r2, #256
 526 0056 0B49     		ldr	r1, .L56+8
 527 0058 0B48     		ldr	r0, .L56+12
 528 005a FFF7FEFF 		bl	HAL_UARTEx_ReceiveToIdle_DMA
 529              	.LVL34:
 130:Core/Src/debug_uart.c **** 
 131:Core/Src/debug_uart.c ****         portYIELD_FROM_ISR(xHigherPriorityTaskWoken);
 530              		.loc 1 131 9 view .LVU113
 531              		.loc 1 131 9 view .LVU114
 532 005e 009B     		ldr	r3, [sp]
 533 0060 4BB1     		cbz	r3, .L43
 534              		.loc 1 131 9 discriminator 1 view .LVU115
 535 0062 4FF0E023 		mov	r3, #-536813568
 536 0066 4FF08052 		mov	r2, #268435456
 537 006a C3F8042D 		str	r2, [r3, #3332]
 538              		.loc 1 131 9 view .LVU116
 539              		.loc 1 131 9 is_stmt 0 discriminator 1 view .LVU117
 540              		.syntax unified
 541              	@ 131 "Core/Src/debug_uart.c" 1
 542 006e BFF34F8F 		dsb
 543              	@ 0 "" 2
 544              		.loc 1 131 9 is_stmt 1 view .LVU118
 545              		.loc 1 131 9 is_stmt 0 discriminator 1 view .LVU119
 546              	@ 131 "Core/Src/debug_uart.c" 1
 547 0072 BFF36F8F 		isb
 548              	@ 0 "" 2
 549              		.loc 1 131 9 is_stmt 1 discriminator 3 view .LVU120
 550              		.loc 1 131 9 discriminator 3 view .LVU121
 551              	.LVL35:
 552              		.thumb
 553              		.syntax unified
 554              	.L43:
 555              		.loc 1 131 9 is_stmt 0 discriminator 3 view .LVU122
 556              	.LBE5:
 132:Core/Src/debug_uart.c ****     }
 133:Core/Src/debug_uart.c **** }
 557              		.loc 1 133 1 view .LVU123
 558 0076 13B0     		add	sp, sp, #76
 559              	.LCFI15:
 560              		.cfi_def_cfa_offset 20
 561              		@ sp needed
ARM GAS  C:\Users\airforce\AppData\Local\Temp\ccQhg3kC.s 			page 14


 562 0078 F0BD     		pop	{r4, r5, r6, r7, pc}
 563              	.L57:
 564 007a 00BF     		.align	2
 565              	.L56:
 566 007c 00380140 		.word	1073821696
 567 0080 00000000 		.word	xUartTxQueue
 568 0084 00000000 		.word	uart_rx_buf
 569 0088 00000000 		.word	huart1
 570              		.cfi_endproc
 571              	.LFE78:
 573              		.section	.bss.uart_rx_buf,"aw",%nobits
 574              		.align	2
 577              	uart_rx_buf:
 578 0000 00000000 		.space	256
 578      00000000 
 578      00000000 
 578      00000000 
 578      00000000 
 579              		.section	.bss.xTxDmaSemaphore,"aw",%nobits
 580              		.align	2
 583              	xTxDmaSemaphore:
 584 0000 00000000 		.space	4
 585              		.section	.bss.xUartTxQueue,"aw",%nobits
 586              		.align	2
 589              	xUartTxQueue:
 590 0000 00000000 		.space	4
 591              		.text
 592              	.Letext0:
 593              		.file 2 "D:/stm32tools/arm-none-eabi-gcc/14.2.1-1.1.1/.content/arm-none-eabi/include/machine/_defa
 594              		.file 3 "D:/stm32tools/arm-none-eabi-gcc/14.2.1-1.1.1/.content/lib/gcc/arm-none-eabi/14.2.1/includ
 595              		.file 4 "D:/stm32tools/arm-none-eabi-gcc/14.2.1-1.1.1/.content/arm-none-eabi/include/sys/_stdint.h
 596              		.file 5 "Drivers/CMSIS/Device/ST/STM32F1xx/Include/stm32f103xb.h"
 597              		.file 6 "Drivers/STM32F1xx_HAL_Driver/Inc/stm32f1xx_hal_def.h"
 598              		.file 7 "Drivers/STM32F1xx_HAL_Driver/Inc/stm32f1xx_hal_dma.h"
 599              		.file 8 "Drivers/STM32F1xx_HAL_Driver/Inc/stm32f1xx_hal_uart.h"
 600              		.file 9 "Middlewares/FreeRTOS/Source/include/projdefs.h"
 601              		.file 10 "Middlewares/FreeRTOS/Source/portable/GCC/ARM_CM3/portmacro.h"
 602              		.file 11 "Middlewares/FreeRTOS/Source/include/task.h"
 603              		.file 12 "Middlewares/FreeRTOS/Source/include/queue.h"
 604              		.file 13 "Middlewares/FreeRTOS/Source/include/semphr.h"
 605              		.file 14 "D:/stm32tools/arm-none-eabi-gcc/14.2.1-1.1.1/.content/arm-none-eabi/include/string.h"
 606              		.file 15 "Core/Inc/usart.h"
 607              		.file 16 "<built-in>"
ARM GAS  C:\Users\airforce\AppData\Local\Temp\ccQhg3kC.s 			page 15


DEFINED SYMBOLS
                            *ABS*:00000000 debug_uart.c
C:\Users\airforce\AppData\Local\Temp\ccQhg3kC.s:19     .text.vUartTxTask:00000000 $t
C:\Users\airforce\AppData\Local\Temp\ccQhg3kC.s:25     .text.vUartTxTask:00000000 vUartTxTask
C:\Users\airforce\AppData\Local\Temp\ccQhg3kC.s:77     .text.vUartTxTask:00000034 $d
C:\Users\airforce\AppData\Local\Temp\ccQhg3kC.s:589    .bss.xUartTxQueue:00000000 xUartTxQueue
C:\Users\airforce\AppData\Local\Temp\ccQhg3kC.s:583    .bss.xTxDmaSemaphore:00000000 xTxDmaSemaphore
C:\Users\airforce\AppData\Local\Temp\ccQhg3kC.s:84     .rodata.DebugUART_Init.str1.4:00000000 $d
C:\Users\airforce\AppData\Local\Temp\ccQhg3kC.s:88     .text.DebugUART_Init:00000000 $t
C:\Users\airforce\AppData\Local\Temp\ccQhg3kC.s:94     .text.DebugUART_Init:00000000 DebugUART_Init
C:\Users\airforce\AppData\Local\Temp\ccQhg3kC.s:162    .text.DebugUART_Init:00000048 $d
C:\Users\airforce\AppData\Local\Temp\ccQhg3kC.s:170    .text._write:00000000 $t
C:\Users\airforce\AppData\Local\Temp\ccQhg3kC.s:176    .text._write:00000000 _write
C:\Users\airforce\AppData\Local\Temp\ccQhg3kC.s:284    .text._write:0000005c $d
C:\Users\airforce\AppData\Local\Temp\ccQhg3kC.s:291    .text.HAL_UART_TxCpltCallback:00000000 $t
C:\Users\airforce\AppData\Local\Temp\ccQhg3kC.s:297    .text.HAL_UART_TxCpltCallback:00000000 HAL_UART_TxCpltCallback
C:\Users\airforce\AppData\Local\Temp\ccQhg3kC.s:375    .text.HAL_UART_TxCpltCallback:00000040 $d
C:\Users\airforce\AppData\Local\Temp\ccQhg3kC.s:381    .text.DebugUART_StartRx:00000000 $t
C:\Users\airforce\AppData\Local\Temp\ccQhg3kC.s:387    .text.DebugUART_StartRx:00000000 DebugUART_StartRx
C:\Users\airforce\AppData\Local\Temp\ccQhg3kC.s:409    .text.DebugUART_StartRx:00000010 $d
C:\Users\airforce\AppData\Local\Temp\ccQhg3kC.s:577    .bss.uart_rx_buf:00000000 uart_rx_buf
C:\Users\airforce\AppData\Local\Temp\ccQhg3kC.s:415    .text.HAL_UARTEx_RxEventCallback:00000000 $t
C:\Users\airforce\AppData\Local\Temp\ccQhg3kC.s:421    .text.HAL_UARTEx_RxEventCallback:00000000 HAL_UARTEx_RxEventCallback
C:\Users\airforce\AppData\Local\Temp\ccQhg3kC.s:566    .text.HAL_UARTEx_RxEventCallback:0000007c $d
C:\Users\airforce\AppData\Local\Temp\ccQhg3kC.s:574    .bss.uart_rx_buf:00000000 $d
C:\Users\airforce\AppData\Local\Temp\ccQhg3kC.s:580    .bss.xTxDmaSemaphore:00000000 $d
C:\Users\airforce\AppData\Local\Temp\ccQhg3kC.s:586    .bss.xUartTxQueue:00000000 $d

UNDEFINED SYMBOLS
xQueueReceive
HAL_UART_Transmit_DMA
xQueueSemaphoreTake
huart1
xQueueGenericCreate
xTaskCreate
HAL_UART_Transmit
memcpy
xQueueGenericSend
xQueueGiveFromISR
HAL_UARTEx_ReceiveToIdle_DMA
xQueueGenericSendFromISR
