ARM GAS  C:\Users\airforce\AppData\Local\Temp\ccQrQV5H.s 			page 1


   1              		.cpu cortex-m3
   2              		.arch armv7-m
   3              		.fpu softvfp
   4              		.eabi_attribute 20, 1
   5              		.eabi_attribute 21, 1
   6              		.eabi_attribute 23, 3
   7              		.eabi_attribute 24, 1
   8              		.eabi_attribute 25, 1
   9              		.eabi_attribute 26, 1
  10              		.eabi_attribute 30, 4
  11              		.eabi_attribute 34, 1
  12              		.eabi_attribute 18, 4
  13              		.file	"dma.c"
  14              		.text
  15              	.Ltext0:
  16              		.cfi_sections	.debug_frame
  17              		.file 1 "Core/Src/dma.c"
  18              		.section	.text.MX_DMA_Init,"ax",%progbits
  19              		.align	1
  20              		.global	MX_DMA_Init
  21              		.syntax unified
  22              		.thumb
  23              		.thumb_func
  25              	MX_DMA_Init:
  26              	.LFB65:
   1:Core/Src/dma.c **** /* USER CODE BEGIN Header */
   2:Core/Src/dma.c **** /**
   3:Core/Src/dma.c ****   ******************************************************************************
   4:Core/Src/dma.c ****   * @file    dma.c
   5:Core/Src/dma.c ****   * @brief   This file provides code for the configuration
   6:Core/Src/dma.c ****   *          of all the requested memory to memory DMA transfers.
   7:Core/Src/dma.c ****   ******************************************************************************
   8:Core/Src/dma.c ****   * @attention
   9:Core/Src/dma.c ****   *
  10:Core/Src/dma.c ****   * Copyright (c) 2026 STMicroelectronics.
  11:Core/Src/dma.c ****   * All rights reserved.
  12:Core/Src/dma.c ****   *
  13:Core/Src/dma.c ****   * This software is licensed under terms that can be found in the LICENSE file
  14:Core/Src/dma.c ****   * in the root directory of this software component.
  15:Core/Src/dma.c ****   * If no LICENSE file comes with this software, it is provided AS-IS.
  16:Core/Src/dma.c ****   *
  17:Core/Src/dma.c ****   ******************************************************************************
  18:Core/Src/dma.c ****   */
  19:Core/Src/dma.c **** /* USER CODE END Header */
  20:Core/Src/dma.c **** 
  21:Core/Src/dma.c **** /* Includes ------------------------------------------------------------------*/
  22:Core/Src/dma.c **** #include "dma.h"
  23:Core/Src/dma.c **** 
  24:Core/Src/dma.c **** /* USER CODE BEGIN 0 */
  25:Core/Src/dma.c **** 
  26:Core/Src/dma.c **** /* USER CODE END 0 */
  27:Core/Src/dma.c **** 
  28:Core/Src/dma.c **** /*----------------------------------------------------------------------------*/
  29:Core/Src/dma.c **** /* Configure DMA                                                              */
  30:Core/Src/dma.c **** /*----------------------------------------------------------------------------*/
  31:Core/Src/dma.c **** 
  32:Core/Src/dma.c **** /* USER CODE BEGIN 1 */
ARM GAS  C:\Users\airforce\AppData\Local\Temp\ccQrQV5H.s 			page 2


  33:Core/Src/dma.c **** 
  34:Core/Src/dma.c **** /* USER CODE END 1 */
  35:Core/Src/dma.c **** 
  36:Core/Src/dma.c **** /**
  37:Core/Src/dma.c ****   * Enable DMA controller clock
  38:Core/Src/dma.c ****   */
  39:Core/Src/dma.c **** void MX_DMA_Init(void)
  40:Core/Src/dma.c **** {
  27              		.loc 1 40 1 view -0
  28              		.cfi_startproc
  29              		@ args = 0, pretend = 0, frame = 8
  30              		@ frame_needed = 0, uses_anonymous_args = 0
  41:Core/Src/dma.c **** 
  42:Core/Src/dma.c ****   /* DMA controller clock enable */
  43:Core/Src/dma.c ****   __HAL_RCC_DMA1_CLK_ENABLE();
  31              		.loc 1 43 3 view .LVU1
  32              	.LBB2:
  33              		.loc 1 43 3 view .LVU2
  34              		.loc 1 43 3 view .LVU3
  35 0000 124B     		ldr	r3, .L2
  36              	.LBE2:
  40:Core/Src/dma.c **** 
  37              		.loc 1 40 1 is_stmt 0 view .LVU4
  38 0002 07B5     		push	{r0, r1, r2, lr}
  39              	.LCFI0:
  40              		.cfi_def_cfa_offset 16
  41              		.cfi_offset 14, -4
  42              	.LBB3:
  43              		.loc 1 43 3 view .LVU5
  44 0004 5A69     		ldr	r2, [r3, #20]
  45              	.LBE3:
  44:Core/Src/dma.c **** 
  45:Core/Src/dma.c ****   /* DMA interrupt init */
  46:Core/Src/dma.c ****   /* DMA1_Channel4_IRQn interrupt configuration */
  47:Core/Src/dma.c ****   HAL_NVIC_SetPriority(DMA1_Channel4_IRQn, 0, 0);
  46              		.loc 1 47 3 view .LVU6
  47 0006 0E20     		movs	r0, #14
  48              	.LBB4:
  43:Core/Src/dma.c **** 
  49              		.loc 1 43 3 view .LVU7
  50 0008 42F00102 		orr	r2, r2, #1
  51 000c 5A61     		str	r2, [r3, #20]
  43:Core/Src/dma.c **** 
  52              		.loc 1 43 3 is_stmt 1 view .LVU8
  53              	.LBE4:
  54              		.loc 1 47 3 is_stmt 0 view .LVU9
  55 000e 0022     		movs	r2, #0
  56              	.LBB5:
  43:Core/Src/dma.c **** 
  57              		.loc 1 43 3 view .LVU10
  58 0010 5B69     		ldr	r3, [r3, #20]
  59              	.LBE5:
  60              		.loc 1 47 3 view .LVU11
  61 0012 1146     		mov	r1, r2
  62              	.LBB6:
  43:Core/Src/dma.c **** 
  63              		.loc 1 43 3 view .LVU12
ARM GAS  C:\Users\airforce\AppData\Local\Temp\ccQrQV5H.s 			page 3


  64 0014 03F00103 		and	r3, r3, #1
  65 0018 0193     		str	r3, [sp, #4]
  43:Core/Src/dma.c **** 
  66              		.loc 1 43 3 is_stmt 1 view .LVU13
  67 001a 019B     		ldr	r3, [sp, #4]
  68              	.LBE6:
  43:Core/Src/dma.c **** 
  69              		.loc 1 43 3 view .LVU14
  70              		.loc 1 47 3 view .LVU15
  71 001c FFF7FEFF 		bl	HAL_NVIC_SetPriority
  72              	.LVL0:
  48:Core/Src/dma.c ****   HAL_NVIC_EnableIRQ(DMA1_Channel4_IRQn);
  73              		.loc 1 48 3 view .LVU16
  74 0020 0E20     		movs	r0, #14
  75 0022 FFF7FEFF 		bl	HAL_NVIC_EnableIRQ
  76              	.LVL1:
  49:Core/Src/dma.c ****   /* DMA1_Channel5_IRQn interrupt configuration */
  50:Core/Src/dma.c ****   HAL_NVIC_SetPriority(DMA1_Channel5_IRQn, 0, 0);
  77              		.loc 1 50 3 view .LVU17
  78 0026 0022     		movs	r2, #0
  79 0028 0F20     		movs	r0, #15
  80 002a 1146     		mov	r1, r2
  81 002c FFF7FEFF 		bl	HAL_NVIC_SetPriority
  82              	.LVL2:
  51:Core/Src/dma.c ****   HAL_NVIC_EnableIRQ(DMA1_Channel5_IRQn);
  83              		.loc 1 51 3 view .LVU18
  84 0030 0F20     		movs	r0, #15
  85 0032 FFF7FEFF 		bl	HAL_NVIC_EnableIRQ
  86              	.LVL3:
  52:Core/Src/dma.c ****   /* DMA1_Channel6_IRQn interrupt configuration */
  53:Core/Src/dma.c ****   HAL_NVIC_SetPriority(DMA1_Channel6_IRQn, 0, 0);
  87              		.loc 1 53 3 view .LVU19
  88 0036 0022     		movs	r2, #0
  89 0038 1020     		movs	r0, #16
  90 003a 1146     		mov	r1, r2
  91 003c FFF7FEFF 		bl	HAL_NVIC_SetPriority
  92              	.LVL4:
  54:Core/Src/dma.c ****   HAL_NVIC_EnableIRQ(DMA1_Channel6_IRQn);
  93              		.loc 1 54 3 view .LVU20
  94 0040 1020     		movs	r0, #16
  55:Core/Src/dma.c **** 
  56:Core/Src/dma.c **** }
  95              		.loc 1 56 1 is_stmt 0 view .LVU21
  96 0042 03B0     		add	sp, sp, #12
  97              	.LCFI1:
  98              		.cfi_def_cfa_offset 4
  99              		@ sp needed
 100 0044 5DF804EB 		ldr	lr, [sp], #4
 101              	.LCFI2:
 102              		.cfi_restore 14
 103              		.cfi_def_cfa_offset 0
  54:Core/Src/dma.c ****   HAL_NVIC_EnableIRQ(DMA1_Channel6_IRQn);
 104              		.loc 1 54 3 view .LVU22
 105 0048 FFF7FEBF 		b	HAL_NVIC_EnableIRQ
 106              	.LVL5:
 107              	.L3:
 108              		.align	2
ARM GAS  C:\Users\airforce\AppData\Local\Temp\ccQrQV5H.s 			page 4


 109              	.L2:
 110 004c 00100240 		.word	1073876992
 111              		.cfi_endproc
 112              	.LFE65:
 114              		.text
 115              	.Letext0:
 116              		.file 2 "Drivers/CMSIS/Device/ST/STM32F1xx/Include/stm32f103xb.h"
 117              		.file 3 "D:/stm32tools/arm-none-eabi-gcc/14.2.1-1.1.1/.content/arm-none-eabi/include/machine/_defa
 118              		.file 4 "D:/stm32tools/arm-none-eabi-gcc/14.2.1-1.1.1/.content/arm-none-eabi/include/sys/_stdint.h
 119              		.file 5 "Drivers/STM32F1xx_HAL_Driver/Inc/stm32f1xx_hal_cortex.h"
ARM GAS  C:\Users\airforce\AppData\Local\Temp\ccQrQV5H.s 			page 5


DEFINED SYMBOLS
                            *ABS*:00000000 dma.c
C:\Users\airforce\AppData\Local\Temp\ccQrQV5H.s:19     .text.MX_DMA_Init:00000000 $t
C:\Users\airforce\AppData\Local\Temp\ccQrQV5H.s:25     .text.MX_DMA_Init:00000000 MX_DMA_Init
C:\Users\airforce\AppData\Local\Temp\ccQrQV5H.s:110    .text.MX_DMA_Init:0000004c $d

UNDEFINED SYMBOLS
HAL_NVIC_SetPriority
HAL_NVIC_EnableIRQ
