ARM GAS  C:\Users\airforce\AppData\Local\Temp\ccDN0wTc.s 			page 1


   1              		.cpu cortex-m3
   2              		.arch armv7-m
   3              		.fpu softvfp
   4              		.eabi_attribute 20, 1
   5              		.eabi_attribute 21, 1
   6              		.eabi_attribute 23, 3
   7              		.eabi_attribute 24, 1
   8              		.eabi_attribute 25, 1
   9              		.eabi_attribute 26, 1
  10              		.eabi_attribute 30, 1
  11              		.eabi_attribute 34, 1
  12              		.eabi_attribute 18, 4
  13              		.file	"esp8266.c"
  14              		.text
  15              	.Ltext0:
  16              		.cfi_sections	.debug_frame
  17              		.file 1 "Core/Src/device/esp8266.c"
  18              		.section	.text.ESP8266_WaitRecive,"ax",%progbits
  19              		.align	1
  20              		.syntax unified
  21              		.thumb
  22              		.thumb_func
  24              	ESP8266_WaitRecive:
  25              	.LFB71:
   1:Core/Src/device/esp8266.c **** /**
   2:Core/Src/device/esp8266.c ****  * 文件名： esp8266.c
   3:Core/Src/device/esp8266.c ****  * 说明：   ESP8266 简单驱动（HAL 移植版）
   4:Core/Src/device/esp8266.c ****  *         中断逐字节接收 + 轮询等待模式，匹配 NET 包 onenet.c 调用约定
   5:Core/Src/device/esp8266.c ****  */
   6:Core/Src/device/esp8266.c **** #include "esp8266.h"
   7:Core/Src/device/esp8266.c **** #include "usart.h"
   8:Core/Src/device/esp8266.c **** #include <string.h>
   9:Core/Src/device/esp8266.c **** #include <stdio.h>
  10:Core/Src/device/esp8266.c **** 
  11:Core/Src/device/esp8266.c **** /* ---- 全局接收缓冲（ISR 填充） ---- */
  12:Core/Src/device/esp8266.c **** unsigned char esp8266_buf[512];
  13:Core/Src/device/esp8266.c **** volatile unsigned short esp8266_cnt    = 0;
  14:Core/Src/device/esp8266.c **** volatile unsigned short esp8266_cntPre = 0;
  15:Core/Src/device/esp8266.c **** static uint8_t esp8266_rxByte;    /* HAL_UART_Receive_IT 单字节接收缓冲 */
  16:Core/Src/device/esp8266.c **** 
  17:Core/Src/device/esp8266.c **** /* ---- 内部延时（阻塞，10ms 粒度，调度器启动前可用） ---- */
  18:Core/Src/device/esp8266.c **** static void DelayXms(unsigned short ms)
  19:Core/Src/device/esp8266.c **** {
  20:Core/Src/device/esp8266.c ****     HAL_Delay(ms);
  21:Core/Src/device/esp8266.c **** }
  22:Core/Src/device/esp8266.c **** 
  23:Core/Src/device/esp8266.c **** /* ---- UART 发送（阻塞） ---- */
  24:Core/Src/device/esp8266.c **** static void Usart_SendString(UART_HandleTypeDef *huart, unsigned char *data, unsigned short len)
  25:Core/Src/device/esp8266.c **** {
  26:Core/Src/device/esp8266.c ****     HAL_UART_Transmit(huart, data, len, HAL_MAX_DELAY);
  27:Core/Src/device/esp8266.c **** }
  28:Core/Src/device/esp8266.c **** 
  29:Core/Src/device/esp8266.c **** /* ==================================================================
  30:Core/Src/device/esp8266.c ****  *  ESP8266_Clear — 清空接收缓冲区
  31:Core/Src/device/esp8266.c ****  * ================================================================== */
  32:Core/Src/device/esp8266.c **** void ESP8266_Clear(void)
  33:Core/Src/device/esp8266.c **** {
ARM GAS  C:\Users\airforce\AppData\Local\Temp\ccDN0wTc.s 			page 2


  34:Core/Src/device/esp8266.c ****     memset(esp8266_buf, 0, sizeof(esp8266_buf));
  35:Core/Src/device/esp8266.c ****     esp8266_cnt = 0;
  36:Core/Src/device/esp8266.c **** }
  37:Core/Src/device/esp8266.c **** 
  38:Core/Src/device/esp8266.c **** /* ==================================================================
  39:Core/Src/device/esp8266.c ****  *  ESP8266_WaitRecive — 检测是否收到完整一帧
  40:Core/Src/device/esp8266.c ****  *  原理：中断把字节写入 esp8266_buf 并递增 esp8266_cnt，
  41:Core/Src/device/esp8266.c ****  *        当 esp8266_cnt 不再增长时认为接收完毕。
  42:Core/Src/device/esp8266.c ****  * ================================================================== */
  43:Core/Src/device/esp8266.c **** static _Bool ESP8266_WaitRecive(void)
  44:Core/Src/device/esp8266.c **** {
  26              		.loc 1 44 1 view -0
  27              		.cfi_startproc
  28              		@ args = 0, pretend = 0, frame = 0
  29              		@ frame_needed = 0, uses_anonymous_args = 0
  30              		@ link register save eliminated.
  45:Core/Src/device/esp8266.c ****     if (esp8266_cnt == 0)
  31              		.loc 1 45 5 view .LVU1
  32              		.loc 1 45 21 is_stmt 0 view .LVU2
  33 0000 0C4B     		ldr	r3, .L6
  34 0002 1B88     		ldrh	r3, [r3]
  35 0004 9BB2     		uxth	r3, r3
  36              		.loc 1 45 8 view .LVU3
  37 0006 93B1     		cbz	r3, .L4
  46:Core/Src/device/esp8266.c ****         return 1;   /* 还没收到数据 */
  47:Core/Src/device/esp8266.c **** 
  48:Core/Src/device/esp8266.c ****     if (esp8266_cnt == esp8266_cntPre) {
  38              		.loc 1 48 5 is_stmt 1 view .LVU4
  39              		.loc 1 48 21 is_stmt 0 view .LVU5
  40 0008 0A4B     		ldr	r3, .L6
  41 000a 1A88     		ldrh	r2, [r3]
  42 000c 92B2     		uxth	r2, r2
  43 000e 0A4B     		ldr	r3, .L6+4
  44 0010 1B88     		ldrh	r3, [r3]
  45 0012 9BB2     		uxth	r3, r3
  46              		.loc 1 48 8 view .LVU6
  47 0014 9A42     		cmp	r2, r3
  48 0016 06D0     		beq	.L5
  49:Core/Src/device/esp8266.c ****         esp8266_cnt = 0;    /* 计数稳定 → 接收完毕 */
  50:Core/Src/device/esp8266.c ****         return 0;           /* REV_OK */
  51:Core/Src/device/esp8266.c ****     }
  52:Core/Src/device/esp8266.c **** 
  53:Core/Src/device/esp8266.c ****     esp8266_cntPre = esp8266_cnt;
  49              		.loc 1 53 5 is_stmt 1 view .LVU7
  50              		.loc 1 53 20 is_stmt 0 view .LVU8
  51 0018 064B     		ldr	r3, .L6
  52 001a 1B88     		ldrh	r3, [r3]
  53 001c 9BB2     		uxth	r3, r3
  54 001e 064A     		ldr	r2, .L6+4
  55 0020 1380     		strh	r3, [r2]	@ movhi
  54:Core/Src/device/esp8266.c ****     return 1;               /* REV_WAIT */
  56              		.loc 1 54 5 is_stmt 1 view .LVU9
  57              		.loc 1 54 12 is_stmt 0 view .LVU10
  58 0022 0120     		movs	r0, #1
  59 0024 7047     		bx	lr
  60              	.L5:
  49:Core/Src/device/esp8266.c ****         esp8266_cnt = 0;    /* 计数稳定 → 接收完毕 */
ARM GAS  C:\Users\airforce\AppData\Local\Temp\ccDN0wTc.s 			page 3


  61              		.loc 1 49 9 is_stmt 1 view .LVU11
  49:Core/Src/device/esp8266.c ****         esp8266_cnt = 0;    /* 计数稳定 → 接收完毕 */
  62              		.loc 1 49 21 is_stmt 0 view .LVU12
  63 0026 0020     		movs	r0, #0
  64 0028 024B     		ldr	r3, .L6
  65 002a 1880     		strh	r0, [r3]	@ movhi
  50:Core/Src/device/esp8266.c ****     }
  66              		.loc 1 50 9 is_stmt 1 view .LVU13
  50:Core/Src/device/esp8266.c ****     }
  67              		.loc 1 50 16 is_stmt 0 view .LVU14
  68 002c 7047     		bx	lr
  69              	.L4:
  46:Core/Src/device/esp8266.c **** 
  70              		.loc 1 46 16 view .LVU15
  71 002e 0120     		movs	r0, #1
  55:Core/Src/device/esp8266.c **** }
  72              		.loc 1 55 1 view .LVU16
  73 0030 7047     		bx	lr
  74              	.L7:
  75 0032 00BF     		.align	2
  76              	.L6:
  77 0034 00000000 		.word	esp8266_cnt
  78 0038 00000000 		.word	esp8266_cntPre
  79              		.cfi_endproc
  80              	.LFE71:
  82              		.section	.text.Usart_SendString,"ax",%progbits
  83              		.align	1
  84              		.syntax unified
  85              		.thumb
  86              		.thumb_func
  88              	Usart_SendString:
  89              	.LVL0:
  90              	.LFB69:
  25:Core/Src/device/esp8266.c ****     HAL_UART_Transmit(huart, data, len, HAL_MAX_DELAY);
  91              		.loc 1 25 1 is_stmt 1 view -0
  92              		.cfi_startproc
  93              		@ args = 0, pretend = 0, frame = 0
  94              		@ frame_needed = 0, uses_anonymous_args = 0
  25:Core/Src/device/esp8266.c ****     HAL_UART_Transmit(huart, data, len, HAL_MAX_DELAY);
  95              		.loc 1 25 1 is_stmt 0 view .LVU18
  96 0000 08B5     		push	{r3, lr}
  97              	.LCFI0:
  98              		.cfi_def_cfa_offset 8
  99              		.cfi_offset 3, -8
 100              		.cfi_offset 14, -4
  26:Core/Src/device/esp8266.c **** }
 101              		.loc 1 26 5 is_stmt 1 view .LVU19
 102 0002 4FF0FF33 		mov	r3, #-1
 103 0006 FFF7FEFF 		bl	HAL_UART_Transmit
 104              	.LVL1:
  27:Core/Src/device/esp8266.c **** 
 105              		.loc 1 27 1 is_stmt 0 view .LVU20
 106 000a 08BD     		pop	{r3, pc}
 107              		.cfi_endproc
 108              	.LFE69:
 110              		.section	.text.DelayXms,"ax",%progbits
 111              		.align	1
ARM GAS  C:\Users\airforce\AppData\Local\Temp\ccDN0wTc.s 			page 4


 112              		.syntax unified
 113              		.thumb
 114              		.thumb_func
 116              	DelayXms:
 117              	.LVL2:
 118              	.LFB68:
  19:Core/Src/device/esp8266.c ****     HAL_Delay(ms);
 119              		.loc 1 19 1 is_stmt 1 view -0
 120              		.cfi_startproc
 121              		@ args = 0, pretend = 0, frame = 0
 122              		@ frame_needed = 0, uses_anonymous_args = 0
  19:Core/Src/device/esp8266.c ****     HAL_Delay(ms);
 123              		.loc 1 19 1 is_stmt 0 view .LVU22
 124 0000 08B5     		push	{r3, lr}
 125              	.LCFI1:
 126              		.cfi_def_cfa_offset 8
 127              		.cfi_offset 3, -8
 128              		.cfi_offset 14, -4
  20:Core/Src/device/esp8266.c **** }
 129              		.loc 1 20 5 is_stmt 1 view .LVU23
 130 0002 FFF7FEFF 		bl	HAL_Delay
 131              	.LVL3:
  21:Core/Src/device/esp8266.c **** 
 132              		.loc 1 21 1 is_stmt 0 view .LVU24
 133 0006 08BD     		pop	{r3, pc}
 134              		.cfi_endproc
 135              	.LFE68:
 137              		.section	.text.ESP8266_Clear,"ax",%progbits
 138              		.align	1
 139              		.global	ESP8266_Clear
 140              		.syntax unified
 141              		.thumb
 142              		.thumb_func
 144              	ESP8266_Clear:
 145              	.LFB70:
  33:Core/Src/device/esp8266.c ****     memset(esp8266_buf, 0, sizeof(esp8266_buf));
 146              		.loc 1 33 1 is_stmt 1 view -0
 147              		.cfi_startproc
 148              		@ args = 0, pretend = 0, frame = 0
 149              		@ frame_needed = 0, uses_anonymous_args = 0
 150 0000 08B5     		push	{r3, lr}
 151              	.LCFI2:
 152              		.cfi_def_cfa_offset 8
 153              		.cfi_offset 3, -8
 154              		.cfi_offset 14, -4
  34:Core/Src/device/esp8266.c ****     esp8266_cnt = 0;
 155              		.loc 1 34 5 view .LVU26
 156 0002 4FF40072 		mov	r2, #512
 157 0006 0021     		movs	r1, #0
 158 0008 0348     		ldr	r0, .L14
 159 000a FFF7FEFF 		bl	memset
 160              	.LVL4:
  35:Core/Src/device/esp8266.c **** }
 161              		.loc 1 35 5 view .LVU27
  35:Core/Src/device/esp8266.c **** }
 162              		.loc 1 35 17 is_stmt 0 view .LVU28
 163 000e 034B     		ldr	r3, .L14+4
ARM GAS  C:\Users\airforce\AppData\Local\Temp\ccDN0wTc.s 			page 5


 164 0010 0022     		movs	r2, #0
 165 0012 1A80     		strh	r2, [r3]	@ movhi
  36:Core/Src/device/esp8266.c **** 
 166              		.loc 1 36 1 view .LVU29
 167 0014 08BD     		pop	{r3, pc}
 168              	.L15:
 169 0016 00BF     		.align	2
 170              	.L14:
 171 0018 00000000 		.word	esp8266_buf
 172 001c 00000000 		.word	esp8266_cnt
 173              		.cfi_endproc
 174              	.LFE70:
 176              		.section	.text.ESP8266_SendCmd,"ax",%progbits
 177              		.align	1
 178              		.global	ESP8266_SendCmd
 179              		.syntax unified
 180              		.thumb
 181              		.thumb_func
 183              	ESP8266_SendCmd:
 184              	.LVL5:
 185              	.LFB72:
  56:Core/Src/device/esp8266.c **** 
  57:Core/Src/device/esp8266.c **** /* ==================================================================
  58:Core/Src/device/esp8266.c ****  *  ESP8266_SendCmd — 发送 AT 命令，阻塞等待回复
  59:Core/Src/device/esp8266.c ****  *  返回 0=成功（回复中包含 res） 1=超时
  60:Core/Src/device/esp8266.c ****  * ================================================================== */
  61:Core/Src/device/esp8266.c **** _Bool ESP8266_SendCmd(char *cmd, char *res)
  62:Core/Src/device/esp8266.c **** {
 186              		.loc 1 62 1 is_stmt 1 view -0
 187              		.cfi_startproc
 188              		@ args = 0, pretend = 0, frame = 0
 189              		@ frame_needed = 0, uses_anonymous_args = 0
 190              		.loc 1 62 1 is_stmt 0 view .LVU31
 191 0000 70B5     		push	{r4, r5, r6, lr}
 192              	.LCFI3:
 193              		.cfi_def_cfa_offset 16
 194              		.cfi_offset 4, -16
 195              		.cfi_offset 5, -12
 196              		.cfi_offset 6, -8
 197              		.cfi_offset 14, -4
 198 0002 0446     		mov	r4, r0
 199 0004 0E46     		mov	r6, r1
  63:Core/Src/device/esp8266.c ****     unsigned char timeOut = 200;   /* 200 × 10ms = 2 秒超时 */
 200              		.loc 1 63 5 is_stmt 1 view .LVU32
 201              	.LVL6:
  64:Core/Src/device/esp8266.c **** 
  65:Core/Src/device/esp8266.c ****     Usart_SendString(&huart2, (unsigned char *)cmd, strlen(cmd));
 202              		.loc 1 65 5 view .LVU33
 203              		.loc 1 65 53 is_stmt 0 view .LVU34
 204 0006 FFF7FEFF 		bl	strlen
 205              	.LVL7:
 206              		.loc 1 65 5 discriminator 1 view .LVU35
 207 000a 82B2     		uxth	r2, r0
 208 000c 2146     		mov	r1, r4
 209 000e 0E48     		ldr	r0, .L23
 210 0010 FFF7FEFF 		bl	Usart_SendString
 211              	.LVL8:
ARM GAS  C:\Users\airforce\AppData\Local\Temp\ccDN0wTc.s 			page 6


  66:Core/Src/device/esp8266.c **** 
  67:Core/Src/device/esp8266.c ****     while (timeOut--) {
 212              		.loc 1 67 5 is_stmt 1 view .LVU36
  63:Core/Src/device/esp8266.c **** 
 213              		.loc 1 63 19 is_stmt 0 view .LVU37
 214 0014 C822     		movs	r2, #200
 215              		.loc 1 67 11 view .LVU38
 216 0016 03E0     		b	.L17
 217              	.LVL9:
 218              	.L18:
  68:Core/Src/device/esp8266.c ****         if (ESP8266_WaitRecive() == 0) {
  69:Core/Src/device/esp8266.c ****             if (strstr((const char *)esp8266_buf, res) != NULL) {
  70:Core/Src/device/esp8266.c ****                 ESP8266_Clear();
  71:Core/Src/device/esp8266.c ****                 return 0;   /* 成功 */
  72:Core/Src/device/esp8266.c ****             }
  73:Core/Src/device/esp8266.c ****         }
  74:Core/Src/device/esp8266.c ****         DelayXms(10);
 219              		.loc 1 74 9 is_stmt 1 view .LVU39
 220 0018 0A20     		movs	r0, #10
 221 001a FFF7FEFF 		bl	DelayXms
 222              	.LVL10:
  67:Core/Src/device/esp8266.c ****         if (ESP8266_WaitRecive() == 0) {
 223              		.loc 1 67 19 is_stmt 0 view .LVU40
 224 001e 2246     		mov	r2, r4
 225              	.LVL11:
 226              	.L17:
  67:Core/Src/device/esp8266.c ****         if (ESP8266_WaitRecive() == 0) {
 227              		.loc 1 67 12 is_stmt 1 view .LVU41
  67:Core/Src/device/esp8266.c ****         if (ESP8266_WaitRecive() == 0) {
 228              		.loc 1 67 19 is_stmt 0 view .LVU42
 229 0020 531E     		subs	r3, r2, #1
 230 0022 DCB2     		uxtb	r4, r3
 231              	.LVL12:
  67:Core/Src/device/esp8266.c ****         if (ESP8266_WaitRecive() == 0) {
 232              		.loc 1 67 12 view .LVU43
 233 0024 72B1     		cbz	r2, .L22
  68:Core/Src/device/esp8266.c ****         if (ESP8266_WaitRecive() == 0) {
 234              		.loc 1 68 9 is_stmt 1 view .LVU44
  68:Core/Src/device/esp8266.c ****         if (ESP8266_WaitRecive() == 0) {
 235              		.loc 1 68 13 is_stmt 0 view .LVU45
 236 0026 FFF7FEFF 		bl	ESP8266_WaitRecive
 237              	.LVL13:
  68:Core/Src/device/esp8266.c ****         if (ESP8266_WaitRecive() == 0) {
 238              		.loc 1 68 12 discriminator 1 view .LVU46
 239 002a 0546     		mov	r5, r0
 240 002c 0028     		cmp	r0, #0
 241 002e F3D1     		bne	.L18
  69:Core/Src/device/esp8266.c ****                 ESP8266_Clear();
 242              		.loc 1 69 13 is_stmt 1 view .LVU47
  69:Core/Src/device/esp8266.c ****                 ESP8266_Clear();
 243              		.loc 1 69 17 is_stmt 0 view .LVU48
 244 0030 3146     		mov	r1, r6
 245 0032 0648     		ldr	r0, .L23+4
 246 0034 FFF7FEFF 		bl	strstr
 247              	.LVL14:
  69:Core/Src/device/esp8266.c ****                 ESP8266_Clear();
 248              		.loc 1 69 16 discriminator 1 view .LVU49
ARM GAS  C:\Users\airforce\AppData\Local\Temp\ccDN0wTc.s 			page 7


 249 0038 0028     		cmp	r0, #0
 250 003a EDD0     		beq	.L18
  70:Core/Src/device/esp8266.c ****                 return 0;   /* 成功 */
 251              		.loc 1 70 17 is_stmt 1 view .LVU50
 252 003c FFF7FEFF 		bl	ESP8266_Clear
 253              	.LVL15:
  71:Core/Src/device/esp8266.c ****             }
 254              		.loc 1 71 17 view .LVU51
 255              	.L19:
  75:Core/Src/device/esp8266.c ****     }
  76:Core/Src/device/esp8266.c ****     return 1;   /* 超时 */
  77:Core/Src/device/esp8266.c **** }
 256              		.loc 1 77 1 is_stmt 0 view .LVU52
 257 0040 2846     		mov	r0, r5
 258 0042 70BD     		pop	{r4, r5, r6, pc}
 259              	.LVL16:
 260              	.L22:
  76:Core/Src/device/esp8266.c **** }
 261              		.loc 1 76 12 view .LVU53
 262 0044 0125     		movs	r5, #1
 263 0046 FBE7     		b	.L19
 264              	.L24:
 265              		.align	2
 266              	.L23:
 267 0048 00000000 		.word	huart2
 268 004c 00000000 		.word	esp8266_buf
 269              		.cfi_endproc
 270              	.LFE72:
 272              		.section	.rodata.ESP8266_SendData.str1.4,"aMS",%progbits,1
 273              		.align	2
 274              	.LC0:
 275 0000 41542B43 		.ascii	"AT+CIPSEND=%d\015\012\000"
 275      49505345 
 275      4E443D25 
 275      640D0A00 
 276              		.align	2
 277              	.LC1:
 278 0010 3E00     		.ascii	">\000"
 279              		.section	.text.ESP8266_SendData,"ax",%progbits
 280              		.align	1
 281              		.global	ESP8266_SendData
 282              		.syntax unified
 283              		.thumb
 284              		.thumb_func
 286              	ESP8266_SendData:
 287              	.LVL17:
 288              	.LFB73:
  78:Core/Src/device/esp8266.c **** 
  79:Core/Src/device/esp8266.c **** /* ==================================================================
  80:Core/Src/device/esp8266.c ****  *  ESP8266_SendData — 发送 TCP 数据
  81:Core/Src/device/esp8266.c ****  *  先发 AT+CIPSEND=len，等 '>' 提示符后发送原始数据
  82:Core/Src/device/esp8266.c ****  * ================================================================== */
  83:Core/Src/device/esp8266.c **** void ESP8266_SendData(unsigned char *data, unsigned short len)
  84:Core/Src/device/esp8266.c **** {
 289              		.loc 1 84 1 is_stmt 1 view -0
 290              		.cfi_startproc
 291              		@ args = 0, pretend = 0, frame = 32
ARM GAS  C:\Users\airforce\AppData\Local\Temp\ccDN0wTc.s 			page 8


 292              		@ frame_needed = 0, uses_anonymous_args = 0
 293              		.loc 1 84 1 is_stmt 0 view .LVU55
 294 0000 70B5     		push	{r4, r5, r6, lr}
 295              	.LCFI4:
 296              		.cfi_def_cfa_offset 16
 297              		.cfi_offset 4, -16
 298              		.cfi_offset 5, -12
 299              		.cfi_offset 6, -8
 300              		.cfi_offset 14, -4
 301 0002 88B0     		sub	sp, sp, #32
 302              	.LCFI5:
 303              		.cfi_def_cfa_offset 48
 304 0004 0546     		mov	r5, r0
 305 0006 0C46     		mov	r4, r1
  85:Core/Src/device/esp8266.c ****     char cmdBuf[32];
 306              		.loc 1 85 5 is_stmt 1 view .LVU56
  86:Core/Src/device/esp8266.c **** 
  87:Core/Src/device/esp8266.c ****     ESP8266_Clear();
 307              		.loc 1 87 5 view .LVU57
 308 0008 FFF7FEFF 		bl	ESP8266_Clear
 309              	.LVL18:
  88:Core/Src/device/esp8266.c ****     snprintf(cmdBuf, sizeof(cmdBuf), "AT+CIPSEND=%d\r\n", len);
 310              		.loc 1 88 5 view .LVU58
 311 000c 2346     		mov	r3, r4
 312 000e 094A     		ldr	r2, .L29
 313 0010 2021     		movs	r1, #32
 314 0012 6846     		mov	r0, sp
 315 0014 FFF7FEFF 		bl	snprintf
 316              	.LVL19:
  89:Core/Src/device/esp8266.c ****     if (ESP8266_SendCmd(cmdBuf, ">") == 0) {
 317              		.loc 1 89 5 view .LVU59
 318              		.loc 1 89 9 is_stmt 0 view .LVU60
 319 0018 0749     		ldr	r1, .L29+4
 320 001a 6846     		mov	r0, sp
 321 001c FFF7FEFF 		bl	ESP8266_SendCmd
 322              	.LVL20:
 323              		.loc 1 89 8 discriminator 1 view .LVU61
 324 0020 08B1     		cbz	r0, .L28
 325              	.L25:
  90:Core/Src/device/esp8266.c ****         Usart_SendString(&huart2, data, len);
  91:Core/Src/device/esp8266.c ****     }
  92:Core/Src/device/esp8266.c **** }
 326              		.loc 1 92 1 view .LVU62
 327 0022 08B0     		add	sp, sp, #32
 328              	.LCFI6:
 329              		.cfi_remember_state
 330              		.cfi_def_cfa_offset 16
 331              		@ sp needed
 332 0024 70BD     		pop	{r4, r5, r6, pc}
 333              	.LVL21:
 334              	.L28:
 335              	.LCFI7:
 336              		.cfi_restore_state
  90:Core/Src/device/esp8266.c ****         Usart_SendString(&huart2, data, len);
 337              		.loc 1 90 9 is_stmt 1 view .LVU63
 338 0026 2246     		mov	r2, r4
 339 0028 2946     		mov	r1, r5
ARM GAS  C:\Users\airforce\AppData\Local\Temp\ccDN0wTc.s 			page 9


 340 002a 0448     		ldr	r0, .L29+8
 341 002c FFF7FEFF 		bl	Usart_SendString
 342              	.LVL22:
 343              		.loc 1 92 1 is_stmt 0 view .LVU64
 344 0030 F7E7     		b	.L25
 345              	.L30:
 346 0032 00BF     		.align	2
 347              	.L29:
 348 0034 00000000 		.word	.LC0
 349 0038 10000000 		.word	.LC1
 350 003c 00000000 		.word	huart2
 351              		.cfi_endproc
 352              	.LFE73:
 354              		.section	.rodata.ESP8266_GetIPD.str1.4,"aMS",%progbits,1
 355              		.align	2
 356              	.LC2:
 357 0000 4950442C 		.ascii	"IPD,\000"
 357      00
 358              		.section	.text.ESP8266_GetIPD,"ax",%progbits
 359              		.align	1
 360              		.global	ESP8266_GetIPD
 361              		.syntax unified
 362              		.thumb
 363              		.thumb_func
 365              	ESP8266_GetIPD:
 366              	.LVL23:
 367              	.LFB74:
  93:Core/Src/device/esp8266.c **** 
  94:Core/Src/device/esp8266.c **** /* ==================================================================
  95:Core/Src/device/esp8266.c ****  *  ESP8266_GetIPD — 等待 +IPD TCP 传入数据
  96:Core/Src/device/esp8266.c ****  *  返回指向数据内容的指针（esp8266_buf 内部偏移），超时返回 NULL
  97:Core/Src/device/esp8266.c ****  * ================================================================== */
  98:Core/Src/device/esp8266.c **** unsigned char *ESP8266_GetIPD(unsigned short timeOut)
  99:Core/Src/device/esp8266.c **** {
 368              		.loc 1 99 1 is_stmt 1 view -0
 369              		.cfi_startproc
 370              		@ args = 0, pretend = 0, frame = 0
 371              		@ frame_needed = 0, uses_anonymous_args = 0
 372              		.loc 1 99 1 is_stmt 0 view .LVU66
 373 0000 10B5     		push	{r4, lr}
 374              	.LCFI8:
 375              		.cfi_def_cfa_offset 8
 376              		.cfi_offset 4, -8
 377              		.cfi_offset 14, -4
 378 0002 0446     		mov	r4, r0
 100:Core/Src/device/esp8266.c ****     char *ptrIPD = NULL;
 379              		.loc 1 100 5 is_stmt 1 view .LVU67
 380              	.LVL24:
 381              		.loc 1 100 5 is_stmt 0 view .LVU68
 382 0004 06E0     		b	.L34
 383              	.LVL25:
 384              	.L32:
 101:Core/Src/device/esp8266.c **** 
 102:Core/Src/device/esp8266.c ****     do {
 103:Core/Src/device/esp8266.c ****         if (ESP8266_WaitRecive() == 0) {
 104:Core/Src/device/esp8266.c ****             ptrIPD = strstr((char *)esp8266_buf, "IPD,");
 105:Core/Src/device/esp8266.c ****             if (ptrIPD == NULL) {
ARM GAS  C:\Users\airforce\AppData\Local\Temp\ccDN0wTc.s 			page 10


 106:Core/Src/device/esp8266.c ****                 /* IPD 可能延迟，继续等 */
 107:Core/Src/device/esp8266.c ****             } else {
 108:Core/Src/device/esp8266.c ****                 ptrIPD = strchr(ptrIPD, ':');
 109:Core/Src/device/esp8266.c ****                 if (ptrIPD != NULL) {
 110:Core/Src/device/esp8266.c ****                     ptrIPD++;
 111:Core/Src/device/esp8266.c ****                     return (unsigned char *)ptrIPD;
 112:Core/Src/device/esp8266.c ****                 }
 113:Core/Src/device/esp8266.c ****                 return NULL;
 114:Core/Src/device/esp8266.c ****             }
 115:Core/Src/device/esp8266.c ****         }
 116:Core/Src/device/esp8266.c ****         DelayXms(5);
 385              		.loc 1 116 9 is_stmt 1 view .LVU69
 386 0006 0520     		movs	r0, #5
 387 0008 FFF7FEFF 		bl	DelayXms
 388              	.LVL26:
 117:Core/Src/device/esp8266.c ****     } while (timeOut--);
 389              		.loc 1 117 14 view .LVU70
 390              		.loc 1 117 21 is_stmt 0 view .LVU71
 391 000c 631E     		subs	r3, r4, #1
 392 000e 9BB2     		uxth	r3, r3
 393              	.LVL27:
 394              		.loc 1 117 14 view .LVU72
 395 0010 84B1     		cbz	r4, .L37
 396              		.loc 1 117 21 view .LVU73
 397 0012 1C46     		mov	r4, r3
 398              	.LVL28:
 399              	.L34:
 102:Core/Src/device/esp8266.c ****         if (ESP8266_WaitRecive() == 0) {
 400              		.loc 1 102 5 is_stmt 1 view .LVU74
 103:Core/Src/device/esp8266.c ****             ptrIPD = strstr((char *)esp8266_buf, "IPD,");
 401              		.loc 1 103 9 view .LVU75
 103:Core/Src/device/esp8266.c ****             ptrIPD = strstr((char *)esp8266_buf, "IPD,");
 402              		.loc 1 103 13 is_stmt 0 view .LVU76
 403 0014 FFF7FEFF 		bl	ESP8266_WaitRecive
 404              	.LVL29:
 103:Core/Src/device/esp8266.c ****             ptrIPD = strstr((char *)esp8266_buf, "IPD,");
 405              		.loc 1 103 12 discriminator 1 view .LVU77
 406 0018 0028     		cmp	r0, #0
 407 001a F4D1     		bne	.L32
 104:Core/Src/device/esp8266.c ****             if (ptrIPD == NULL) {
 408              		.loc 1 104 13 is_stmt 1 view .LVU78
 104:Core/Src/device/esp8266.c ****             if (ptrIPD == NULL) {
 409              		.loc 1 104 22 is_stmt 0 view .LVU79
 410 001c 0649     		ldr	r1, .L38
 411 001e 0748     		ldr	r0, .L38+4
 412 0020 FFF7FEFF 		bl	strstr
 413              	.LVL30:
 105:Core/Src/device/esp8266.c ****                 /* IPD 可能延迟，继续等 */
 414              		.loc 1 105 13 is_stmt 1 view .LVU80
 105:Core/Src/device/esp8266.c ****                 /* IPD 可能延迟，继续等 */
 415              		.loc 1 105 16 is_stmt 0 view .LVU81
 416 0024 0028     		cmp	r0, #0
 417 0026 EED0     		beq	.L32
 108:Core/Src/device/esp8266.c ****                 if (ptrIPD != NULL) {
 418              		.loc 1 108 17 is_stmt 1 view .LVU82
 108:Core/Src/device/esp8266.c ****                 if (ptrIPD != NULL) {
 419              		.loc 1 108 26 is_stmt 0 view .LVU83
ARM GAS  C:\Users\airforce\AppData\Local\Temp\ccDN0wTc.s 			page 11


 420 0028 3A21     		movs	r1, #58
 421 002a FFF7FEFF 		bl	strchr
 422              	.LVL31:
 109:Core/Src/device/esp8266.c ****                     ptrIPD++;
 423              		.loc 1 109 17 is_stmt 1 view .LVU84
 109:Core/Src/device/esp8266.c ****                     ptrIPD++;
 424              		.loc 1 109 20 is_stmt 0 view .LVU85
 425 002e 10B1     		cbz	r0, .L31
 110:Core/Src/device/esp8266.c ****                     return (unsigned char *)ptrIPD;
 426              		.loc 1 110 21 is_stmt 1 view .LVU86
 110:Core/Src/device/esp8266.c ****                     return (unsigned char *)ptrIPD;
 427              		.loc 1 110 27 is_stmt 0 view .LVU87
 428 0030 0130     		adds	r0, r0, #1
 429              	.LVL32:
 111:Core/Src/device/esp8266.c ****                 }
 430              		.loc 1 111 21 is_stmt 1 view .LVU88
 111:Core/Src/device/esp8266.c ****                 }
 431              		.loc 1 111 28 is_stmt 0 view .LVU89
 432 0032 00E0     		b	.L31
 433              	.LVL33:
 434              	.L37:
 118:Core/Src/device/esp8266.c **** 
 119:Core/Src/device/esp8266.c ****     return NULL;
 435              		.loc 1 119 12 view .LVU90
 436 0034 0020     		movs	r0, #0
 437              	.LVL34:
 438              	.L31:
 120:Core/Src/device/esp8266.c **** }
 439              		.loc 1 120 1 view .LVU91
 440 0036 10BD     		pop	{r4, pc}
 441              	.L39:
 442              		.align	2
 443              	.L38:
 444 0038 00000000 		.word	.LC2
 445 003c 00000000 		.word	esp8266_buf
 446              		.cfi_endproc
 447              	.LFE74:
 449              		.section	.rodata.ESP8266_Init.str1.4,"aMS",%progbits,1
 450              		.align	2
 451              	.LC3:
 452 0000 5B455350 		.ascii	"[ESP] 1. AT\015\000"
 452      5D20312E 
 452      2041540D 
 452      00
 453 000d 000000   		.align	2
 454              	.LC4:
 455 0010 4F4B00   		.ascii	"OK\000"
 456 0013 00       		.align	2
 457              	.LC5:
 458 0014 41540D0A 		.ascii	"AT\015\012\000"
 458      00
 459 0019 000000   		.align	2
 460              	.LC6:
 461 001c 5B455350 		.ascii	"[ESP] 2. ATE0\015\000"
 461      5D20322E 
 461      20415445 
 461      300D00
ARM GAS  C:\Users\airforce\AppData\Local\Temp\ccDN0wTc.s 			page 12


 462 002b 00       		.align	2
 463              	.LC7:
 464 002c 41544530 		.ascii	"ATE0\015\012\000"
 464      0D0A00
 465 0033 00       		.align	2
 466              	.LC8:
 467 0034 5B455350 		.ascii	"[ESP] 3. CWMODE=1\015\000"
 467      5D20332E 
 467      2043574D 
 467      4F44453D 
 467      310D00
 468 0047 00       		.align	2
 469              	.LC9:
 470 0048 41542B43 		.ascii	"AT+CWMODE=1\015\012\000"
 470      574D4F44 
 470      453D310D 
 470      0A00
 471 0056 0000     		.align	2
 472              	.LC10:
 473 0058 5B455350 		.ascii	"[ESP] 4. CWDHCP\015\000"
 473      5D20342E 
 473      20435744 
 473      4843500D 
 473      00
 474 0069 000000   		.align	2
 475              	.LC11:
 476 006c 41542B43 		.ascii	"AT+CWDHCP=1,1\015\012\000"
 476      57444843 
 476      503D312C 
 476      310D0A00 
 477              		.align	2
 478              	.LC12:
 479 007c 5B455350 		.ascii	"[ESP] 5. CWJAP\015\000"
 479      5D20352E 
 479      2043574A 
 479      41500D00 
 480              		.align	2
 481              	.LC13:
 482 008c 5869616F 		.ascii	"Xiaomi 13\000"
 482      6D692031 
 482      3300
 483 0096 0000     		.align	2
 484              	.LC14:
 485 0098 41542B43 		.ascii	"AT+CWJAP=\"%s\",\"%s\"\015\012\000"
 485      574A4150 
 485      3D222573 
 485      222C2225 
 485      73220D0A 
 486 00ad 000000   		.align	2
 487              	.LC15:
 488 00b0 31323334 		.ascii	"123456789\000"
 488      35363738 
 488      3900
 489 00ba 0000     		.align	2
 490              	.LC16:
 491 00bc 474F5420 		.ascii	"GOT IP\000"
 491      495000
ARM GAS  C:\Users\airforce\AppData\Local\Temp\ccDN0wTc.s 			page 13


 492 00c3 00       		.align	2
 493              	.LC17:
 494 00c4 5B455350 		.ascii	"[ESP] Init OK\015\000"
 494      5D20496E 
 494      6974204F 
 494      4B0D00
 495              		.section	.text.ESP8266_Init,"ax",%progbits
 496              		.align	1
 497              		.global	ESP8266_Init
 498              		.syntax unified
 499              		.thumb
 500              		.thumb_func
 502              	ESP8266_Init:
 503              	.LFB75:
 121:Core/Src/device/esp8266.c **** 
 122:Core/Src/device/esp8266.c **** /* ==================================================================
 123:Core/Src/device/esp8266.c ****  *  ESP8266_Init — 上电初始化（阻塞，直到连上 WiFi）
 124:Core/Src/device/esp8266.c ****  *  流程：AT 检测 → 关回显 → STA 模式 → DHCP → 连 WiFi
 125:Core/Src/device/esp8266.c ****  * ================================================================== */
 126:Core/Src/device/esp8266.c **** void ESP8266_Init(void)
 127:Core/Src/device/esp8266.c **** {
 504              		.loc 1 127 1 is_stmt 1 view -0
 505              		.cfi_startproc
 506              		@ args = 0, pretend = 0, frame = 128
 507              		@ frame_needed = 0, uses_anonymous_args = 0
 508 0000 00B5     		push	{lr}
 509              	.LCFI9:
 510              		.cfi_def_cfa_offset 4
 511              		.cfi_offset 14, -4
 512 0002 A3B0     		sub	sp, sp, #140
 513              	.LCFI10:
 514              		.cfi_def_cfa_offset 144
 128:Core/Src/device/esp8266.c ****     char cmdBuf[128];
 515              		.loc 1 128 5 view .LVU93
 129:Core/Src/device/esp8266.c **** 
 130:Core/Src/device/esp8266.c ****     ESP8266_Clear();
 516              		.loc 1 130 5 view .LVU94
 517 0004 FFF7FEFF 		bl	ESP8266_Clear
 518              	.LVL35:
 131:Core/Src/device/esp8266.c **** 
 132:Core/Src/device/esp8266.c ****     printf("[ESP] 1. AT\r\n");
 519              		.loc 1 132 5 view .LVU95
 520 0008 2948     		ldr	r0, .L52
 521 000a FFF7FEFF 		bl	puts
 522              	.LVL36:
 133:Core/Src/device/esp8266.c ****     while (ESP8266_SendCmd("AT\r\n", "OK"))
 523              		.loc 1 133 5 view .LVU96
 524              		.loc 1 133 11 is_stmt 0 view .LVU97
 525 000e 03E0     		b	.L41
 526              	.L42:
 134:Core/Src/device/esp8266.c ****         DelayXms(500);
 527              		.loc 1 134 9 is_stmt 1 view .LVU98
 528 0010 4FF4FA70 		mov	r0, #500
 529 0014 FFF7FEFF 		bl	DelayXms
 530              	.LVL37:
 531              	.L41:
 133:Core/Src/device/esp8266.c ****     while (ESP8266_SendCmd("AT\r\n", "OK"))
ARM GAS  C:\Users\airforce\AppData\Local\Temp\ccDN0wTc.s 			page 14


 532              		.loc 1 133 12 view .LVU99
 533 0018 2649     		ldr	r1, .L52+4
 534 001a 2748     		ldr	r0, .L52+8
 535 001c FFF7FEFF 		bl	ESP8266_SendCmd
 536              	.LVL38:
 133:Core/Src/device/esp8266.c ****     while (ESP8266_SendCmd("AT\r\n", "OK"))
 537              		.loc 1 133 12 is_stmt 0 discriminator 1 view .LVU100
 538 0020 0028     		cmp	r0, #0
 539 0022 F5D1     		bne	.L42
 135:Core/Src/device/esp8266.c **** 
 136:Core/Src/device/esp8266.c ****     printf("[ESP] 2. ATE0\r\n");
 540              		.loc 1 136 5 is_stmt 1 view .LVU101
 541 0024 2548     		ldr	r0, .L52+12
 542 0026 FFF7FEFF 		bl	puts
 543              	.LVL39:
 137:Core/Src/device/esp8266.c ****     while (ESP8266_SendCmd("ATE0\r\n", "OK"))
 544              		.loc 1 137 5 view .LVU102
 545              		.loc 1 137 11 is_stmt 0 view .LVU103
 546 002a 03E0     		b	.L43
 547              	.L44:
 138:Core/Src/device/esp8266.c ****         DelayXms(500);
 548              		.loc 1 138 9 is_stmt 1 view .LVU104
 549 002c 4FF4FA70 		mov	r0, #500
 550 0030 FFF7FEFF 		bl	DelayXms
 551              	.LVL40:
 552              	.L43:
 137:Core/Src/device/esp8266.c ****     while (ESP8266_SendCmd("ATE0\r\n", "OK"))
 553              		.loc 1 137 12 view .LVU105
 554 0034 1F49     		ldr	r1, .L52+4
 555 0036 2248     		ldr	r0, .L52+16
 556 0038 FFF7FEFF 		bl	ESP8266_SendCmd
 557              	.LVL41:
 137:Core/Src/device/esp8266.c ****     while (ESP8266_SendCmd("ATE0\r\n", "OK"))
 558              		.loc 1 137 12 is_stmt 0 discriminator 1 view .LVU106
 559 003c 0028     		cmp	r0, #0
 560 003e F5D1     		bne	.L44
 139:Core/Src/device/esp8266.c **** 
 140:Core/Src/device/esp8266.c ****     printf("[ESP] 3. CWMODE=1\r\n");
 561              		.loc 1 140 5 is_stmt 1 view .LVU107
 562 0040 2048     		ldr	r0, .L52+20
 563 0042 FFF7FEFF 		bl	puts
 564              	.LVL42:
 141:Core/Src/device/esp8266.c ****     while (ESP8266_SendCmd("AT+CWMODE=1\r\n", "OK"))
 565              		.loc 1 141 5 view .LVU108
 566              		.loc 1 141 11 is_stmt 0 view .LVU109
 567 0046 03E0     		b	.L45
 568              	.L46:
 142:Core/Src/device/esp8266.c ****         DelayXms(500);
 569              		.loc 1 142 9 is_stmt 1 view .LVU110
 570 0048 4FF4FA70 		mov	r0, #500
 571 004c FFF7FEFF 		bl	DelayXms
 572              	.LVL43:
 573              	.L45:
 141:Core/Src/device/esp8266.c ****     while (ESP8266_SendCmd("AT+CWMODE=1\r\n", "OK"))
 574              		.loc 1 141 12 view .LVU111
 575 0050 1849     		ldr	r1, .L52+4
 576 0052 1D48     		ldr	r0, .L52+24
ARM GAS  C:\Users\airforce\AppData\Local\Temp\ccDN0wTc.s 			page 15


 577 0054 FFF7FEFF 		bl	ESP8266_SendCmd
 578              	.LVL44:
 141:Core/Src/device/esp8266.c ****     while (ESP8266_SendCmd("AT+CWMODE=1\r\n", "OK"))
 579              		.loc 1 141 12 is_stmt 0 discriminator 1 view .LVU112
 580 0058 0028     		cmp	r0, #0
 581 005a F5D1     		bne	.L46
 143:Core/Src/device/esp8266.c **** 
 144:Core/Src/device/esp8266.c ****     printf("[ESP] 4. CWDHCP\r\n");
 582              		.loc 1 144 5 is_stmt 1 view .LVU113
 583 005c 1B48     		ldr	r0, .L52+28
 584 005e FFF7FEFF 		bl	puts
 585              	.LVL45:
 145:Core/Src/device/esp8266.c ****     while (ESP8266_SendCmd("AT+CWDHCP=1,1\r\n", "OK"))
 586              		.loc 1 145 5 view .LVU114
 587              		.loc 1 145 11 is_stmt 0 view .LVU115
 588 0062 03E0     		b	.L47
 589              	.L48:
 146:Core/Src/device/esp8266.c ****         DelayXms(500);
 590              		.loc 1 146 9 is_stmt 1 view .LVU116
 591 0064 4FF4FA70 		mov	r0, #500
 592 0068 FFF7FEFF 		bl	DelayXms
 593              	.LVL46:
 594              	.L47:
 145:Core/Src/device/esp8266.c ****     while (ESP8266_SendCmd("AT+CWDHCP=1,1\r\n", "OK"))
 595              		.loc 1 145 12 view .LVU117
 596 006c 1149     		ldr	r1, .L52+4
 597 006e 1848     		ldr	r0, .L52+32
 598 0070 FFF7FEFF 		bl	ESP8266_SendCmd
 599              	.LVL47:
 145:Core/Src/device/esp8266.c ****     while (ESP8266_SendCmd("AT+CWDHCP=1,1\r\n", "OK"))
 600              		.loc 1 145 12 is_stmt 0 discriminator 1 view .LVU118
 601 0074 0028     		cmp	r0, #0
 602 0076 F5D1     		bne	.L48
 147:Core/Src/device/esp8266.c **** 
 148:Core/Src/device/esp8266.c ****     printf("[ESP] 5. CWJAP\r\n");
 603              		.loc 1 148 5 is_stmt 1 view .LVU119
 604 0078 1648     		ldr	r0, .L52+36
 605 007a FFF7FEFF 		bl	puts
 606              	.LVL48:
 149:Core/Src/device/esp8266.c ****     snprintf(cmdBuf, sizeof(cmdBuf), "AT+CWJAP=\"%s\",\"%s\"\r\n",
 607              		.loc 1 149 5 view .LVU120
 608 007e 164B     		ldr	r3, .L52+40
 609 0080 0093     		str	r3, [sp]
 610 0082 164B     		ldr	r3, .L52+44
 611 0084 164A     		ldr	r2, .L52+48
 612 0086 8021     		movs	r1, #128
 613 0088 02A8     		add	r0, sp, #8
 614 008a FFF7FEFF 		bl	snprintf
 615              	.LVL49:
 150:Core/Src/device/esp8266.c ****              ESP8266_WIFI_SSID, ESP8266_WIFI_PWD);
 151:Core/Src/device/esp8266.c ****     while (ESP8266_SendCmd(cmdBuf, "GOT IP"))
 616              		.loc 1 151 5 view .LVU121
 617              		.loc 1 151 11 is_stmt 0 view .LVU122
 618 008e 03E0     		b	.L49
 619              	.L50:
 152:Core/Src/device/esp8266.c ****         DelayXms(500);
 620              		.loc 1 152 9 is_stmt 1 view .LVU123
ARM GAS  C:\Users\airforce\AppData\Local\Temp\ccDN0wTc.s 			page 16


 621 0090 4FF4FA70 		mov	r0, #500
 622 0094 FFF7FEFF 		bl	DelayXms
 623              	.LVL50:
 624              	.L49:
 151:Core/Src/device/esp8266.c ****         DelayXms(500);
 625              		.loc 1 151 12 view .LVU124
 626 0098 1249     		ldr	r1, .L52+52
 627 009a 02A8     		add	r0, sp, #8
 628 009c FFF7FEFF 		bl	ESP8266_SendCmd
 629              	.LVL51:
 151:Core/Src/device/esp8266.c ****         DelayXms(500);
 630              		.loc 1 151 12 is_stmt 0 discriminator 1 view .LVU125
 631 00a0 0028     		cmp	r0, #0
 632 00a2 F5D1     		bne	.L50
 153:Core/Src/device/esp8266.c **** 
 154:Core/Src/device/esp8266.c ****     printf("[ESP] Init OK\r\n");
 633              		.loc 1 154 5 is_stmt 1 view .LVU126
 634 00a4 1048     		ldr	r0, .L52+56
 635 00a6 FFF7FEFF 		bl	puts
 636              	.LVL52:
 155:Core/Src/device/esp8266.c **** }
 637              		.loc 1 155 1 is_stmt 0 view .LVU127
 638 00aa 23B0     		add	sp, sp, #140
 639              	.LCFI11:
 640              		.cfi_def_cfa_offset 4
 641              		@ sp needed
 642 00ac 5DF804FB 		ldr	pc, [sp], #4
 643              	.L53:
 644              		.align	2
 645              	.L52:
 646 00b0 00000000 		.word	.LC3
 647 00b4 10000000 		.word	.LC4
 648 00b8 14000000 		.word	.LC5
 649 00bc 1C000000 		.word	.LC6
 650 00c0 2C000000 		.word	.LC7
 651 00c4 34000000 		.word	.LC8
 652 00c8 48000000 		.word	.LC9
 653 00cc 58000000 		.word	.LC10
 654 00d0 6C000000 		.word	.LC11
 655 00d4 7C000000 		.word	.LC12
 656 00d8 B0000000 		.word	.LC15
 657 00dc 8C000000 		.word	.LC13
 658 00e0 98000000 		.word	.LC14
 659 00e4 BC000000 		.word	.LC16
 660 00e8 C4000000 		.word	.LC17
 661              		.cfi_endproc
 662              	.LFE75:
 664              		.section	.text.HAL_UART_RxCpltCallback,"ax",%progbits
 665              		.align	1
 666              		.global	HAL_UART_RxCpltCallback
 667              		.syntax unified
 668              		.thumb
 669              		.thumb_func
 671              	HAL_UART_RxCpltCallback:
 672              	.LVL53:
 673              	.LFB76:
 156:Core/Src/device/esp8266.c **** 
ARM GAS  C:\Users\airforce\AppData\Local\Temp\ccDN0wTc.s 			page 17


 157:Core/Src/device/esp8266.c **** /* ==================================================================
 158:Core/Src/device/esp8266.c ****  *  HAL_UART_RxCpltCallback — USART2 每收到一个字节的回调
 159:Core/Src/device/esp8266.c ****  * ================================================================== */
 160:Core/Src/device/esp8266.c **** void HAL_UART_RxCpltCallback(UART_HandleTypeDef *huart)
 161:Core/Src/device/esp8266.c **** {
 674              		.loc 1 161 1 is_stmt 1 view -0
 675              		.cfi_startproc
 676              		@ args = 0, pretend = 0, frame = 0
 677              		@ frame_needed = 0, uses_anonymous_args = 0
 678              		.loc 1 161 1 is_stmt 0 view .LVU129
 679 0000 08B5     		push	{r3, lr}
 680              	.LCFI12:
 681              		.cfi_def_cfa_offset 8
 682              		.cfi_offset 3, -8
 683              		.cfi_offset 14, -4
 162:Core/Src/device/esp8266.c ****     if (huart->Instance == USART2) {
 684              		.loc 1 162 5 is_stmt 1 view .LVU130
 685              		.loc 1 162 14 is_stmt 0 view .LVU131
 686 0002 0268     		ldr	r2, [r0]
 687              		.loc 1 162 8 view .LVU132
 688 0004 0D4B     		ldr	r3, .L59
 689 0006 9A42     		cmp	r2, r3
 690 0008 00D0     		beq	.L58
 691              	.LVL54:
 692              	.L54:
 163:Core/Src/device/esp8266.c ****         if (esp8266_cnt >= sizeof(esp8266_buf))
 164:Core/Src/device/esp8266.c ****             esp8266_cnt = 0;
 165:Core/Src/device/esp8266.c ****         esp8266_buf[esp8266_cnt++] = esp8266_rxByte;
 166:Core/Src/device/esp8266.c ****         /* 继续接收下一个字节 */
 167:Core/Src/device/esp8266.c ****         HAL_UART_Receive_IT(&huart2, &esp8266_rxByte, 1);
 168:Core/Src/device/esp8266.c ****     }
 169:Core/Src/device/esp8266.c **** }
 693              		.loc 1 169 1 view .LVU133
 694 000a 08BD     		pop	{r3, pc}
 695              	.LVL55:
 696              	.L58:
 163:Core/Src/device/esp8266.c ****         if (esp8266_cnt >= sizeof(esp8266_buf))
 697              		.loc 1 163 9 is_stmt 1 view .LVU134
 163:Core/Src/device/esp8266.c ****         if (esp8266_cnt >= sizeof(esp8266_buf))
 698              		.loc 1 163 25 is_stmt 0 view .LVU135
 699 000c 0C4B     		ldr	r3, .L59+4
 700 000e 1B88     		ldrh	r3, [r3]
 701 0010 9BB2     		uxth	r3, r3
 163:Core/Src/device/esp8266.c ****         if (esp8266_cnt >= sizeof(esp8266_buf))
 702              		.loc 1 163 12 view .LVU136
 703 0012 B3F5007F 		cmp	r3, #512
 704 0016 02D3     		bcc	.L56
 164:Core/Src/device/esp8266.c ****         esp8266_buf[esp8266_cnt++] = esp8266_rxByte;
 705              		.loc 1 164 13 is_stmt 1 view .LVU137
 164:Core/Src/device/esp8266.c ****         esp8266_buf[esp8266_cnt++] = esp8266_rxByte;
 706              		.loc 1 164 25 is_stmt 0 view .LVU138
 707 0018 094B     		ldr	r3, .L59+4
 708 001a 0022     		movs	r2, #0
 709 001c 1A80     		strh	r2, [r3]	@ movhi
 710              	.L56:
 165:Core/Src/device/esp8266.c ****         /* 继续接收下一个字节 */
 711              		.loc 1 165 9 is_stmt 1 view .LVU139
ARM GAS  C:\Users\airforce\AppData\Local\Temp\ccDN0wTc.s 			page 18


 165:Core/Src/device/esp8266.c ****         /* 继续接收下一个字节 */
 712              		.loc 1 165 32 is_stmt 0 view .LVU140
 713 001e 0849     		ldr	r1, .L59+4
 714 0020 0B88     		ldrh	r3, [r1]
 715 0022 9BB2     		uxth	r3, r3
 716 0024 5A1C     		adds	r2, r3, #1
 717 0026 92B2     		uxth	r2, r2
 718 0028 0A80     		strh	r2, [r1]	@ movhi
 165:Core/Src/device/esp8266.c ****         /* 继续接收下一个字节 */
 719              		.loc 1 165 36 view .LVU141
 720 002a 0649     		ldr	r1, .L59+8
 721 002c 0878     		ldrb	r0, [r1]	@ zero_extendqisi2
 722              	.LVL56:
 165:Core/Src/device/esp8266.c ****         /* 继续接收下一个字节 */
 723              		.loc 1 165 36 view .LVU142
 724 002e 064A     		ldr	r2, .L59+12
 725 0030 D054     		strb	r0, [r2, r3]
 167:Core/Src/device/esp8266.c ****     }
 726              		.loc 1 167 9 is_stmt 1 view .LVU143
 727 0032 0122     		movs	r2, #1
 728 0034 0548     		ldr	r0, .L59+16
 729 0036 FFF7FEFF 		bl	HAL_UART_Receive_IT
 730              	.LVL57:
 731              		.loc 1 169 1 is_stmt 0 view .LVU144
 732 003a E6E7     		b	.L54
 733              	.L60:
 734              		.align	2
 735              	.L59:
 736 003c 00440040 		.word	1073759232
 737 0040 00000000 		.word	esp8266_cnt
 738 0044 00000000 		.word	esp8266_rxByte
 739 0048 00000000 		.word	esp8266_buf
 740 004c 00000000 		.word	huart2
 741              		.cfi_endproc
 742              	.LFE76:
 744              		.section	.text.ESP8266_StartRx,"ax",%progbits
 745              		.align	1
 746              		.global	ESP8266_StartRx
 747              		.syntax unified
 748              		.thumb
 749              		.thumb_func
 751              	ESP8266_StartRx:
 752              	.LFB77:
 170:Core/Src/device/esp8266.c **** 
 171:Core/Src/device/esp8266.c **** /* ==================================================================
 172:Core/Src/device/esp8266.c ****  *  ESP8266_StartRx — 启动中断接收（MX_USART2_UART_Init 之后调用）
 173:Core/Src/device/esp8266.c ****  * ================================================================== */
 174:Core/Src/device/esp8266.c **** void ESP8266_StartRx(void)
 175:Core/Src/device/esp8266.c **** {
 753              		.loc 1 175 1 is_stmt 1 view -0
 754              		.cfi_startproc
 755              		@ args = 0, pretend = 0, frame = 0
 756              		@ frame_needed = 0, uses_anonymous_args = 0
 757 0000 08B5     		push	{r3, lr}
 758              	.LCFI13:
 759              		.cfi_def_cfa_offset 8
 760              		.cfi_offset 3, -8
ARM GAS  C:\Users\airforce\AppData\Local\Temp\ccDN0wTc.s 			page 19


 761              		.cfi_offset 14, -4
 176:Core/Src/device/esp8266.c ****     HAL_UART_Receive_IT(&huart2, &esp8266_rxByte, 1);
 762              		.loc 1 176 5 view .LVU146
 763 0002 0122     		movs	r2, #1
 764 0004 0249     		ldr	r1, .L63
 765 0006 0348     		ldr	r0, .L63+4
 766 0008 FFF7FEFF 		bl	HAL_UART_Receive_IT
 767              	.LVL58:
 177:Core/Src/device/esp8266.c **** }
 768              		.loc 1 177 1 is_stmt 0 view .LVU147
 769 000c 08BD     		pop	{r3, pc}
 770              	.L64:
 771 000e 00BF     		.align	2
 772              	.L63:
 773 0010 00000000 		.word	esp8266_rxByte
 774 0014 00000000 		.word	huart2
 775              		.cfi_endproc
 776              	.LFE77:
 778              		.section	.bss.esp8266_rxByte,"aw",%nobits
 781              	esp8266_rxByte:
 782 0000 00       		.space	1
 783              		.global	esp8266_cntPre
 784              		.section	.bss.esp8266_cntPre,"aw",%nobits
 785              		.align	1
 788              	esp8266_cntPre:
 789 0000 0000     		.space	2
 790              		.global	esp8266_cnt
 791              		.section	.bss.esp8266_cnt,"aw",%nobits
 792              		.align	1
 795              	esp8266_cnt:
 796 0000 0000     		.space	2
 797              		.global	esp8266_buf
 798              		.section	.bss.esp8266_buf,"aw",%nobits
 799              		.align	2
 802              	esp8266_buf:
 803 0000 00000000 		.space	512
 803      00000000 
 803      00000000 
 803      00000000 
 803      00000000 
 804              		.text
 805              	.Letext0:
 806              		.file 2 "D:/stm32tools/arm-none-eabi-gcc/14.2.1-1.1.1/.content/arm-none-eabi/include/machine/_defa
 807              		.file 3 "D:/stm32tools/arm-none-eabi-gcc/14.2.1-1.1.1/.content/arm-none-eabi/include/sys/_stdint.h
 808              		.file 4 "Drivers/CMSIS/Device/ST/STM32F1xx/Include/stm32f103xb.h"
 809              		.file 5 "D:/stm32tools/arm-none-eabi-gcc/14.2.1-1.1.1/.content/lib/gcc/arm-none-eabi/14.2.1/includ
 810              		.file 6 "Drivers/STM32F1xx_HAL_Driver/Inc/stm32f1xx_hal_def.h"
 811              		.file 7 "Drivers/STM32F1xx_HAL_Driver/Inc/stm32f1xx_hal_dma.h"
 812              		.file 8 "Drivers/STM32F1xx_HAL_Driver/Inc/stm32f1xx_hal_uart.h"
 813              		.file 9 "Core/Inc/device/esp8266.h"
 814              		.file 10 "Core/Inc/usart.h"
 815              		.file 11 "D:/stm32tools/arm-none-eabi-gcc/14.2.1-1.1.1/.content/arm-none-eabi/include/string.h"
 816              		.file 12 "D:/stm32tools/arm-none-eabi-gcc/14.2.1-1.1.1/.content/arm-none-eabi/include/stdio.h"
 817              		.file 13 "<built-in>"
 818              		.file 14 "Drivers/STM32F1xx_HAL_Driver/Inc/stm32f1xx_hal.h"
ARM GAS  C:\Users\airforce\AppData\Local\Temp\ccDN0wTc.s 			page 20


DEFINED SYMBOLS
                            *ABS*:00000000 esp8266.c
C:\Users\airforce\AppData\Local\Temp\ccDN0wTc.s:19     .text.ESP8266_WaitRecive:00000000 $t
C:\Users\airforce\AppData\Local\Temp\ccDN0wTc.s:24     .text.ESP8266_WaitRecive:00000000 ESP8266_WaitRecive
C:\Users\airforce\AppData\Local\Temp\ccDN0wTc.s:77     .text.ESP8266_WaitRecive:00000034 $d
C:\Users\airforce\AppData\Local\Temp\ccDN0wTc.s:795    .bss.esp8266_cnt:00000000 esp8266_cnt
C:\Users\airforce\AppData\Local\Temp\ccDN0wTc.s:788    .bss.esp8266_cntPre:00000000 esp8266_cntPre
C:\Users\airforce\AppData\Local\Temp\ccDN0wTc.s:83     .text.Usart_SendString:00000000 $t
C:\Users\airforce\AppData\Local\Temp\ccDN0wTc.s:88     .text.Usart_SendString:00000000 Usart_SendString
C:\Users\airforce\AppData\Local\Temp\ccDN0wTc.s:111    .text.DelayXms:00000000 $t
C:\Users\airforce\AppData\Local\Temp\ccDN0wTc.s:116    .text.DelayXms:00000000 DelayXms
C:\Users\airforce\AppData\Local\Temp\ccDN0wTc.s:138    .text.ESP8266_Clear:00000000 $t
C:\Users\airforce\AppData\Local\Temp\ccDN0wTc.s:144    .text.ESP8266_Clear:00000000 ESP8266_Clear
C:\Users\airforce\AppData\Local\Temp\ccDN0wTc.s:171    .text.ESP8266_Clear:00000018 $d
C:\Users\airforce\AppData\Local\Temp\ccDN0wTc.s:802    .bss.esp8266_buf:00000000 esp8266_buf
C:\Users\airforce\AppData\Local\Temp\ccDN0wTc.s:177    .text.ESP8266_SendCmd:00000000 $t
C:\Users\airforce\AppData\Local\Temp\ccDN0wTc.s:183    .text.ESP8266_SendCmd:00000000 ESP8266_SendCmd
C:\Users\airforce\AppData\Local\Temp\ccDN0wTc.s:267    .text.ESP8266_SendCmd:00000048 $d
C:\Users\airforce\AppData\Local\Temp\ccDN0wTc.s:273    .rodata.ESP8266_SendData.str1.4:00000000 $d
C:\Users\airforce\AppData\Local\Temp\ccDN0wTc.s:280    .text.ESP8266_SendData:00000000 $t
C:\Users\airforce\AppData\Local\Temp\ccDN0wTc.s:286    .text.ESP8266_SendData:00000000 ESP8266_SendData
C:\Users\airforce\AppData\Local\Temp\ccDN0wTc.s:348    .text.ESP8266_SendData:00000034 $d
C:\Users\airforce\AppData\Local\Temp\ccDN0wTc.s:355    .rodata.ESP8266_GetIPD.str1.4:00000000 $d
C:\Users\airforce\AppData\Local\Temp\ccDN0wTc.s:359    .text.ESP8266_GetIPD:00000000 $t
C:\Users\airforce\AppData\Local\Temp\ccDN0wTc.s:365    .text.ESP8266_GetIPD:00000000 ESP8266_GetIPD
C:\Users\airforce\AppData\Local\Temp\ccDN0wTc.s:444    .text.ESP8266_GetIPD:00000038 $d
C:\Users\airforce\AppData\Local\Temp\ccDN0wTc.s:450    .rodata.ESP8266_Init.str1.4:00000000 $d
C:\Users\airforce\AppData\Local\Temp\ccDN0wTc.s:496    .text.ESP8266_Init:00000000 $t
C:\Users\airforce\AppData\Local\Temp\ccDN0wTc.s:502    .text.ESP8266_Init:00000000 ESP8266_Init
C:\Users\airforce\AppData\Local\Temp\ccDN0wTc.s:646    .text.ESP8266_Init:000000b0 $d
C:\Users\airforce\AppData\Local\Temp\ccDN0wTc.s:665    .text.HAL_UART_RxCpltCallback:00000000 $t
C:\Users\airforce\AppData\Local\Temp\ccDN0wTc.s:671    .text.HAL_UART_RxCpltCallback:00000000 HAL_UART_RxCpltCallback
C:\Users\airforce\AppData\Local\Temp\ccDN0wTc.s:736    .text.HAL_UART_RxCpltCallback:0000003c $d
C:\Users\airforce\AppData\Local\Temp\ccDN0wTc.s:781    .bss.esp8266_rxByte:00000000 esp8266_rxByte
C:\Users\airforce\AppData\Local\Temp\ccDN0wTc.s:745    .text.ESP8266_StartRx:00000000 $t
C:\Users\airforce\AppData\Local\Temp\ccDN0wTc.s:751    .text.ESP8266_StartRx:00000000 ESP8266_StartRx
C:\Users\airforce\AppData\Local\Temp\ccDN0wTc.s:773    .text.ESP8266_StartRx:00000010 $d
C:\Users\airforce\AppData\Local\Temp\ccDN0wTc.s:782    .bss.esp8266_rxByte:00000000 $d
C:\Users\airforce\AppData\Local\Temp\ccDN0wTc.s:785    .bss.esp8266_cntPre:00000000 $d
C:\Users\airforce\AppData\Local\Temp\ccDN0wTc.s:792    .bss.esp8266_cnt:00000000 $d
C:\Users\airforce\AppData\Local\Temp\ccDN0wTc.s:799    .bss.esp8266_buf:00000000 $d

UNDEFINED SYMBOLS
HAL_UART_Transmit
HAL_Delay
memset
strlen
strstr
huart2
snprintf
strchr
puts
HAL_UART_Receive_IT
