ARM GAS  C:\Users\airforce\AppData\Local\Temp\ccq3IRxH.s 			page 1


   1              		.cpu cortex-m3
   2              		.arch armv7-m
   3              		.fpu softvfp
   4              		.eabi_attribute 20, 1
   5              		.eabi_attribute 21, 1
   6              		.eabi_attribute 23, 3
   7              		.eabi_attribute 24, 1
   8              		.eabi_attribute 25, 1
   9              		.eabi_attribute 26, 1
  10              		.eabi_attribute 30, 1
  11              		.eabi_attribute 34, 1
  12              		.eabi_attribute 18, 4
  13              		.file	"gpio.c"
  14              		.text
  15              	.Ltext0:
  16              		.cfi_sections	.debug_frame
  17              		.file 1 "Core/Src/gpio.c"
  18              		.section	.text.MX_GPIO_Init,"ax",%progbits
  19              		.align	1
  20              		.global	MX_GPIO_Init
  21              		.syntax unified
  22              		.thumb
  23              		.thumb_func
  25              	MX_GPIO_Init:
  26              	.LFB65:
   1:Core/Src/gpio.c **** /* USER CODE BEGIN Header */
   2:Core/Src/gpio.c **** /**
   3:Core/Src/gpio.c ****   ******************************************************************************
   4:Core/Src/gpio.c ****   * @file    gpio.c
   5:Core/Src/gpio.c ****   * @brief   This file provides code for the configuration
   6:Core/Src/gpio.c ****   *          of all used GPIO pins.
   7:Core/Src/gpio.c ****   ******************************************************************************
   8:Core/Src/gpio.c ****   * @attention
   9:Core/Src/gpio.c ****   *
  10:Core/Src/gpio.c ****   * Copyright (c) 2026 STMicroelectronics.
  11:Core/Src/gpio.c ****   * All rights reserved.
  12:Core/Src/gpio.c ****   *
  13:Core/Src/gpio.c ****   * This software is licensed under terms that can be found in the LICENSE file
  14:Core/Src/gpio.c ****   * in the root directory of this software component.
  15:Core/Src/gpio.c ****   * If no LICENSE file comes with this software, it is provided AS-IS.
  16:Core/Src/gpio.c ****   *
  17:Core/Src/gpio.c ****   ******************************************************************************
  18:Core/Src/gpio.c ****   */
  19:Core/Src/gpio.c **** /* USER CODE END Header */
  20:Core/Src/gpio.c **** 
  21:Core/Src/gpio.c **** /* Includes ------------------------------------------------------------------*/
  22:Core/Src/gpio.c **** #include "gpio.h"
  23:Core/Src/gpio.c **** 
  24:Core/Src/gpio.c **** /* USER CODE BEGIN 0 */
  25:Core/Src/gpio.c **** 
  26:Core/Src/gpio.c **** /* USER CODE END 0 */
  27:Core/Src/gpio.c **** 
  28:Core/Src/gpio.c **** /*----------------------------------------------------------------------------*/
  29:Core/Src/gpio.c **** /* Configure GPIO                                                             */
  30:Core/Src/gpio.c **** /*----------------------------------------------------------------------------*/
  31:Core/Src/gpio.c **** /* USER CODE BEGIN 1 */
  32:Core/Src/gpio.c **** 
ARM GAS  C:\Users\airforce\AppData\Local\Temp\ccq3IRxH.s 			page 2


  33:Core/Src/gpio.c **** /* USER CODE END 1 */
  34:Core/Src/gpio.c **** 
  35:Core/Src/gpio.c **** /** Configure pins as
  36:Core/Src/gpio.c ****         * Analog
  37:Core/Src/gpio.c ****         * Input
  38:Core/Src/gpio.c ****         * Output
  39:Core/Src/gpio.c ****         * EVENT_OUT
  40:Core/Src/gpio.c ****         * EXTI
  41:Core/Src/gpio.c **** */
  42:Core/Src/gpio.c **** void MX_GPIO_Init(void)
  43:Core/Src/gpio.c **** {
  27              		.loc 1 43 1 view -0
  28              		.cfi_startproc
  29              		@ args = 0, pretend = 0, frame = 32
  30              		@ frame_needed = 0, uses_anonymous_args = 0
  31 0000 2DE9F043 		push	{r4, r5, r6, r7, r8, r9, lr}
  32              	.LCFI0:
  33              		.cfi_def_cfa_offset 28
  34              		.cfi_offset 4, -28
  35              		.cfi_offset 5, -24
  36              		.cfi_offset 6, -20
  37              		.cfi_offset 7, -16
  38              		.cfi_offset 8, -12
  39              		.cfi_offset 9, -8
  40              		.cfi_offset 14, -4
  41 0004 89B0     		sub	sp, sp, #36
  42              	.LCFI1:
  43              		.cfi_def_cfa_offset 64
  44:Core/Src/gpio.c **** 
  45:Core/Src/gpio.c ****   GPIO_InitTypeDef GPIO_InitStruct = {0};
  44              		.loc 1 45 3 view .LVU1
  45              		.loc 1 45 20 is_stmt 0 view .LVU2
  46 0006 04AD     		add	r5, sp, #16
  47 0008 0024     		movs	r4, #0
  48 000a 0494     		str	r4, [sp, #16]
  49 000c 0594     		str	r4, [sp, #20]
  50 000e 0694     		str	r4, [sp, #24]
  51 0010 0794     		str	r4, [sp, #28]
  46:Core/Src/gpio.c **** 
  47:Core/Src/gpio.c ****   /* GPIO Ports Clock Enable */
  48:Core/Src/gpio.c ****   __HAL_RCC_GPIOC_CLK_ENABLE();
  52              		.loc 1 48 3 is_stmt 1 view .LVU3
  53              	.LBB2:
  54              		.loc 1 48 3 view .LVU4
  55              		.loc 1 48 3 view .LVU5
  56 0012 2F4B     		ldr	r3, .L3
  57 0014 9A69     		ldr	r2, [r3, #24]
  58 0016 42F01002 		orr	r2, r2, #16
  59 001a 9A61     		str	r2, [r3, #24]
  60              		.loc 1 48 3 view .LVU6
  61 001c 9A69     		ldr	r2, [r3, #24]
  62 001e 02F01002 		and	r2, r2, #16
  63 0022 0092     		str	r2, [sp]
  64              		.loc 1 48 3 view .LVU7
  65 0024 009A     		ldr	r2, [sp]
  66              	.LBE2:
  67              		.loc 1 48 3 view .LVU8
ARM GAS  C:\Users\airforce\AppData\Local\Temp\ccq3IRxH.s 			page 3


  49:Core/Src/gpio.c ****   __HAL_RCC_GPIOD_CLK_ENABLE();
  68              		.loc 1 49 3 view .LVU9
  69              	.LBB3:
  70              		.loc 1 49 3 view .LVU10
  71              		.loc 1 49 3 view .LVU11
  72 0026 9A69     		ldr	r2, [r3, #24]
  73 0028 42F02002 		orr	r2, r2, #32
  74 002c 9A61     		str	r2, [r3, #24]
  75              		.loc 1 49 3 view .LVU12
  76 002e 9A69     		ldr	r2, [r3, #24]
  77 0030 02F02002 		and	r2, r2, #32
  78 0034 0192     		str	r2, [sp, #4]
  79              		.loc 1 49 3 view .LVU13
  80 0036 019A     		ldr	r2, [sp, #4]
  81              	.LBE3:
  82              		.loc 1 49 3 view .LVU14
  50:Core/Src/gpio.c ****   __HAL_RCC_GPIOA_CLK_ENABLE();
  83              		.loc 1 50 3 view .LVU15
  84              	.LBB4:
  85              		.loc 1 50 3 view .LVU16
  86              		.loc 1 50 3 view .LVU17
  87 0038 9A69     		ldr	r2, [r3, #24]
  88 003a 42F00402 		orr	r2, r2, #4
  89 003e 9A61     		str	r2, [r3, #24]
  90              		.loc 1 50 3 view .LVU18
  91 0040 9A69     		ldr	r2, [r3, #24]
  92 0042 02F00402 		and	r2, r2, #4
  93 0046 0292     		str	r2, [sp, #8]
  94              		.loc 1 50 3 view .LVU19
  95 0048 029A     		ldr	r2, [sp, #8]
  96              	.LBE4:
  97              		.loc 1 50 3 view .LVU20
  51:Core/Src/gpio.c ****   __HAL_RCC_GPIOB_CLK_ENABLE();
  98              		.loc 1 51 3 view .LVU21
  99              	.LBB5:
 100              		.loc 1 51 3 view .LVU22
 101              		.loc 1 51 3 view .LVU23
 102 004a 9A69     		ldr	r2, [r3, #24]
 103 004c 42F00802 		orr	r2, r2, #8
 104 0050 9A61     		str	r2, [r3, #24]
 105              		.loc 1 51 3 view .LVU24
 106 0052 9B69     		ldr	r3, [r3, #24]
 107 0054 03F00803 		and	r3, r3, #8
 108 0058 0393     		str	r3, [sp, #12]
 109              		.loc 1 51 3 view .LVU25
 110 005a 039B     		ldr	r3, [sp, #12]
 111              	.LBE5:
 112              		.loc 1 51 3 view .LVU26
  52:Core/Src/gpio.c **** 
  53:Core/Src/gpio.c ****   /*Configure GPIO pin Output Level */
  54:Core/Src/gpio.c ****   HAL_GPIO_WritePin(GPIOC, GPIO_PIN_13|GPIO_PIN_14|GPIO_PIN_15, GPIO_PIN_RESET);
 113              		.loc 1 54 3 view .LVU27
 114 005c DFF87490 		ldr	r9, .L3+4
 115 0060 2246     		mov	r2, r4
 116 0062 4FF46041 		mov	r1, #57344
 117 0066 4846     		mov	r0, r9
 118 0068 FFF7FEFF 		bl	HAL_GPIO_WritePin
ARM GAS  C:\Users\airforce\AppData\Local\Temp\ccq3IRxH.s 			page 4


 119              	.LVL0:
  55:Core/Src/gpio.c **** 
  56:Core/Src/gpio.c ****   /*Configure GPIO pin Output Level */
  57:Core/Src/gpio.c ****   HAL_GPIO_WritePin(GPIOA, GPIO_PIN_4, GPIO_PIN_RESET);
 120              		.loc 1 57 3 view .LVU28
 121 006c 1A4E     		ldr	r6, .L3+8
 122 006e 2246     		mov	r2, r4
 123 0070 1021     		movs	r1, #16
 124 0072 3046     		mov	r0, r6
 125 0074 FFF7FEFF 		bl	HAL_GPIO_WritePin
 126              	.LVL1:
  58:Core/Src/gpio.c **** 
  59:Core/Src/gpio.c ****   /*Configure GPIO pins : PC13 PC14 PC15 */
  60:Core/Src/gpio.c ****   GPIO_InitStruct.Pin = GPIO_PIN_13|GPIO_PIN_14|GPIO_PIN_15;
 127              		.loc 1 60 3 view .LVU29
 128              		.loc 1 60 23 is_stmt 0 view .LVU30
 129 0078 4FF46043 		mov	r3, #57344
 130 007c 0493     		str	r3, [sp, #16]
  61:Core/Src/gpio.c ****   GPIO_InitStruct.Mode = GPIO_MODE_OUTPUT_PP;
 131              		.loc 1 61 3 is_stmt 1 view .LVU31
 132              		.loc 1 61 24 is_stmt 0 view .LVU32
 133 007e 0127     		movs	r7, #1
 134 0080 0597     		str	r7, [sp, #20]
  62:Core/Src/gpio.c ****   GPIO_InitStruct.Pull = GPIO_NOPULL;
 135              		.loc 1 62 3 is_stmt 1 view .LVU33
 136              		.loc 1 62 24 is_stmt 0 view .LVU34
 137 0082 0694     		str	r4, [sp, #24]
  63:Core/Src/gpio.c ****   GPIO_InitStruct.Speed = GPIO_SPEED_FREQ_LOW;
 138              		.loc 1 63 3 is_stmt 1 view .LVU35
 139              		.loc 1 63 25 is_stmt 0 view .LVU36
 140 0084 4FF00208 		mov	r8, #2
 141 0088 CDF81C80 		str	r8, [sp, #28]
  64:Core/Src/gpio.c ****   HAL_GPIO_Init(GPIOC, &GPIO_InitStruct);
 142              		.loc 1 64 3 is_stmt 1 view .LVU37
 143 008c 2946     		mov	r1, r5
 144 008e 4846     		mov	r0, r9
 145 0090 FFF7FEFF 		bl	HAL_GPIO_Init
 146              	.LVL2:
  65:Core/Src/gpio.c **** 
  66:Core/Src/gpio.c ****   /*Configure GPIO pin : PA0 */
  67:Core/Src/gpio.c ****   GPIO_InitStruct.Pin = GPIO_PIN_0;
 147              		.loc 1 67 3 view .LVU38
 148              		.loc 1 67 23 is_stmt 0 view .LVU39
 149 0094 0497     		str	r7, [sp, #16]
  68:Core/Src/gpio.c ****   GPIO_InitStruct.Mode = GPIO_MODE_IT_RISING;
 150              		.loc 1 68 3 is_stmt 1 view .LVU40
 151              		.loc 1 68 24 is_stmt 0 view .LVU41
 152 0096 114B     		ldr	r3, .L3+12
 153 0098 0593     		str	r3, [sp, #20]
  69:Core/Src/gpio.c ****   GPIO_InitStruct.Pull = GPIO_NOPULL;
 154              		.loc 1 69 3 is_stmt 1 view .LVU42
 155              		.loc 1 69 24 is_stmt 0 view .LVU43
 156 009a 0694     		str	r4, [sp, #24]
  70:Core/Src/gpio.c ****   HAL_GPIO_Init(GPIOA, &GPIO_InitStruct);
 157              		.loc 1 70 3 is_stmt 1 view .LVU44
 158 009c 2946     		mov	r1, r5
 159 009e 3046     		mov	r0, r6
ARM GAS  C:\Users\airforce\AppData\Local\Temp\ccq3IRxH.s 			page 5


 160 00a0 FFF7FEFF 		bl	HAL_GPIO_Init
 161              	.LVL3:
  71:Core/Src/gpio.c **** 
  72:Core/Src/gpio.c ****   /*Configure GPIO pin : PA4 */
  73:Core/Src/gpio.c ****   GPIO_InitStruct.Pin = GPIO_PIN_4;
 162              		.loc 1 73 3 view .LVU45
 163              		.loc 1 73 23 is_stmt 0 view .LVU46
 164 00a4 1023     		movs	r3, #16
 165 00a6 0493     		str	r3, [sp, #16]
  74:Core/Src/gpio.c ****   GPIO_InitStruct.Mode = GPIO_MODE_OUTPUT_PP;
 166              		.loc 1 74 3 is_stmt 1 view .LVU47
 167              		.loc 1 74 24 is_stmt 0 view .LVU48
 168 00a8 0597     		str	r7, [sp, #20]
  75:Core/Src/gpio.c ****   GPIO_InitStruct.Pull = GPIO_NOPULL;
 169              		.loc 1 75 3 is_stmt 1 view .LVU49
 170              		.loc 1 75 24 is_stmt 0 view .LVU50
 171 00aa 0694     		str	r4, [sp, #24]
  76:Core/Src/gpio.c ****   GPIO_InitStruct.Speed = GPIO_SPEED_FREQ_LOW;
 172              		.loc 1 76 3 is_stmt 1 view .LVU51
 173              		.loc 1 76 25 is_stmt 0 view .LVU52
 174 00ac CDF81C80 		str	r8, [sp, #28]
  77:Core/Src/gpio.c ****   HAL_GPIO_Init(GPIOA, &GPIO_InitStruct);
 175              		.loc 1 77 3 is_stmt 1 view .LVU53
 176 00b0 2946     		mov	r1, r5
 177 00b2 3046     		mov	r0, r6
 178 00b4 FFF7FEFF 		bl	HAL_GPIO_Init
 179              	.LVL4:
  78:Core/Src/gpio.c **** 
  79:Core/Src/gpio.c ****   /* EXTI interrupt init*/
  80:Core/Src/gpio.c ****   HAL_NVIC_SetPriority(EXTI0_IRQn, 5, 0);
 180              		.loc 1 80 3 view .LVU54
 181 00b8 2246     		mov	r2, r4
 182 00ba 0521     		movs	r1, #5
 183 00bc 0620     		movs	r0, #6
 184 00be FFF7FEFF 		bl	HAL_NVIC_SetPriority
 185              	.LVL5:
  81:Core/Src/gpio.c ****   HAL_NVIC_EnableIRQ(EXTI0_IRQn);
 186              		.loc 1 81 3 view .LVU55
 187 00c2 0620     		movs	r0, #6
 188 00c4 FFF7FEFF 		bl	HAL_NVIC_EnableIRQ
 189              	.LVL6:
  82:Core/Src/gpio.c **** 
  83:Core/Src/gpio.c **** }
 190              		.loc 1 83 1 is_stmt 0 view .LVU56
 191 00c8 09B0     		add	sp, sp, #36
 192              	.LCFI2:
 193              		.cfi_def_cfa_offset 28
 194              		@ sp needed
 195 00ca BDE8F083 		pop	{r4, r5, r6, r7, r8, r9, pc}
 196              	.L4:
 197 00ce 00BF     		.align	2
 198              	.L3:
 199 00d0 00100240 		.word	1073876992
 200 00d4 00100140 		.word	1073811456
 201 00d8 00080140 		.word	1073809408
 202 00dc 00001110 		.word	269549568
 203              		.cfi_endproc
ARM GAS  C:\Users\airforce\AppData\Local\Temp\ccq3IRxH.s 			page 6


 204              	.LFE65:
 206              		.text
 207              	.Letext0:
 208              		.file 2 "Drivers/CMSIS/Device/ST/STM32F1xx/Include/stm32f103xb.h"
 209              		.file 3 "D:/stm32tools/arm-none-eabi-gcc/14.2.1-1.1.1/.content/arm-none-eabi/include/machine/_defa
 210              		.file 4 "D:/stm32tools/arm-none-eabi-gcc/14.2.1-1.1.1/.content/arm-none-eabi/include/sys/_stdint.h
 211              		.file 5 "Drivers/STM32F1xx_HAL_Driver/Inc/stm32f1xx_hal_gpio.h"
 212              		.file 6 "Drivers/STM32F1xx_HAL_Driver/Inc/stm32f1xx_hal_cortex.h"
ARM GAS  C:\Users\airforce\AppData\Local\Temp\ccq3IRxH.s 			page 7


DEFINED SYMBOLS
                            *ABS*:00000000 gpio.c
C:\Users\airforce\AppData\Local\Temp\ccq3IRxH.s:19     .text.MX_GPIO_Init:00000000 $t
C:\Users\airforce\AppData\Local\Temp\ccq3IRxH.s:25     .text.MX_GPIO_Init:00000000 MX_GPIO_Init
C:\Users\airforce\AppData\Local\Temp\ccq3IRxH.s:199    .text.MX_GPIO_Init:000000d0 $d

UNDEFINED SYMBOLS
HAL_GPIO_WritePin
HAL_GPIO_Init
HAL_NVIC_SetPriority
HAL_NVIC_EnableIRQ
