ARM GAS  C:\Users\airforce\AppData\Local\Temp\ccWL8RKK.s 			page 1


   1              		.cpu cortex-m3
   2              		.arch armv7-m
   3              		.fpu softvfp
   4              		.eabi_attribute 20, 1
   5              		.eabi_attribute 21, 1
   6              		.eabi_attribute 23, 3
   7              		.eabi_attribute 24, 1
   8              		.eabi_attribute 25, 1
   9              		.eabi_attribute 26, 1
  10              		.eabi_attribute 30, 4
  11              		.eabi_attribute 34, 1
  12              		.eabi_attribute 18, 4
  13              		.file	"i2c.c"
  14              		.text
  15              	.Ltext0:
  16              		.cfi_sections	.debug_frame
  17              		.file 1 "Core/Src/i2c.c"
  18              		.section	.text.MX_I2C1_Init,"ax",%progbits
  19              		.align	1
  20              		.global	MX_I2C1_Init
  21              		.syntax unified
  22              		.thumb
  23              		.thumb_func
  25              	MX_I2C1_Init:
  26              	.LFB65:
   1:Core/Src/i2c.c **** /* USER CODE BEGIN Header */
   2:Core/Src/i2c.c **** /**
   3:Core/Src/i2c.c ****   ******************************************************************************
   4:Core/Src/i2c.c ****   * @file    i2c.c
   5:Core/Src/i2c.c ****   * @brief   This file provides code for the configuration
   6:Core/Src/i2c.c ****   *          of the I2C instances.
   7:Core/Src/i2c.c ****   ******************************************************************************
   8:Core/Src/i2c.c ****   * @attention
   9:Core/Src/i2c.c ****   *
  10:Core/Src/i2c.c ****   * Copyright (c) 2026 STMicroelectronics.
  11:Core/Src/i2c.c ****   * All rights reserved.
  12:Core/Src/i2c.c ****   *
  13:Core/Src/i2c.c ****   * This software is licensed under terms that can be found in the LICENSE file
  14:Core/Src/i2c.c ****   * in the root directory of this software component.
  15:Core/Src/i2c.c ****   * If no LICENSE file comes with this software, it is provided AS-IS.
  16:Core/Src/i2c.c ****   *
  17:Core/Src/i2c.c ****   ******************************************************************************
  18:Core/Src/i2c.c ****   */
  19:Core/Src/i2c.c **** /* USER CODE END Header */
  20:Core/Src/i2c.c **** /* Includes ------------------------------------------------------------------*/
  21:Core/Src/i2c.c **** #include "i2c.h"
  22:Core/Src/i2c.c **** 
  23:Core/Src/i2c.c **** /* USER CODE BEGIN 0 */
  24:Core/Src/i2c.c **** 
  25:Core/Src/i2c.c **** /* USER CODE END 0 */
  26:Core/Src/i2c.c **** 
  27:Core/Src/i2c.c **** I2C_HandleTypeDef hi2c1;
  28:Core/Src/i2c.c **** 
  29:Core/Src/i2c.c **** /* I2C1 init function */
  30:Core/Src/i2c.c **** void MX_I2C1_Init(void)
  31:Core/Src/i2c.c **** {
  27              		.loc 1 31 1 view -0
ARM GAS  C:\Users\airforce\AppData\Local\Temp\ccWL8RKK.s 			page 2


  28              		.cfi_startproc
  29              		@ args = 0, pretend = 0, frame = 0
  30              		@ frame_needed = 0, uses_anonymous_args = 0
  32:Core/Src/i2c.c **** 
  33:Core/Src/i2c.c ****   /* USER CODE BEGIN I2C1_Init 0 */
  34:Core/Src/i2c.c **** 
  35:Core/Src/i2c.c ****   /* USER CODE END I2C1_Init 0 */
  36:Core/Src/i2c.c **** 
  37:Core/Src/i2c.c ****   /* USER CODE BEGIN I2C1_Init 1 */
  38:Core/Src/i2c.c **** 
  39:Core/Src/i2c.c ****   /* USER CODE END I2C1_Init 1 */
  40:Core/Src/i2c.c ****   hi2c1.Instance = I2C1;
  31              		.loc 1 40 3 view .LVU1
  31:Core/Src/i2c.c **** 
  32              		.loc 1 31 1 is_stmt 0 view .LVU2
  33 0000 08B5     		push	{r3, lr}
  34              	.LCFI0:
  35              		.cfi_def_cfa_offset 8
  36              		.cfi_offset 3, -8
  37              		.cfi_offset 14, -4
  38              		.loc 1 40 18 view .LVU3
  39 0002 0C49     		ldr	r1, .L3
  40 0004 0C4B     		ldr	r3, .L3+4
  41:Core/Src/i2c.c ****   hi2c1.Init.ClockSpeed = 400000;
  42:Core/Src/i2c.c ****   hi2c1.Init.DutyCycle = I2C_DUTYCYCLE_2;
  41              		.loc 1 42 24 view .LVU4
  42 0006 0D4A     		ldr	r2, .L3+8
  40:Core/Src/i2c.c ****   hi2c1.Init.ClockSpeed = 400000;
  43              		.loc 1 40 18 view .LVU5
  44 0008 0B60     		str	r3, [r1]
  41:Core/Src/i2c.c ****   hi2c1.Init.ClockSpeed = 400000;
  45              		.loc 1 41 3 is_stmt 1 view .LVU6
  46              		.loc 1 42 24 is_stmt 0 view .LVU7
  47 000a 0023     		movs	r3, #0
  48 000c C1E90123 		strd	r2, r3, [r1, #4]
  43:Core/Src/i2c.c ****   hi2c1.Init.OwnAddress1 = 0;
  49              		.loc 1 43 3 is_stmt 1 view .LVU8
  44:Core/Src/i2c.c ****   hi2c1.Init.AddressingMode = I2C_ADDRESSINGMODE_7BIT;
  50              		.loc 1 44 29 is_stmt 0 view .LVU9
  51 0010 4FF48042 		mov	r2, #16384
  45:Core/Src/i2c.c ****   hi2c1.Init.DualAddressMode = I2C_DUALADDRESS_DISABLE;
  46:Core/Src/i2c.c ****   hi2c1.Init.OwnAddress2 = 0;
  47:Core/Src/i2c.c ****   hi2c1.Init.GeneralCallMode = I2C_GENERALCALL_DISABLE;
  48:Core/Src/i2c.c ****   hi2c1.Init.NoStretchMode = I2C_NOSTRETCH_DISABLE;
  49:Core/Src/i2c.c ****   if (HAL_I2C_Init(&hi2c1) != HAL_OK)
  52              		.loc 1 49 7 view .LVU10
  53 0014 0846     		mov	r0, r1
  45:Core/Src/i2c.c ****   hi2c1.Init.DualAddressMode = I2C_DUALADDRESS_DISABLE;
  54              		.loc 1 45 30 view .LVU11
  55 0016 C1E90423 		strd	r2, r3, [r1, #16]
  47:Core/Src/i2c.c ****   hi2c1.Init.NoStretchMode = I2C_NOSTRETCH_DISABLE;
  56              		.loc 1 47 30 view .LVU12
  57 001a C1E90633 		strd	r3, r3, [r1, #24]
  43:Core/Src/i2c.c ****   hi2c1.Init.AddressingMode = I2C_ADDRESSINGMODE_7BIT;
  58              		.loc 1 43 26 view .LVU13
  59 001e CB60     		str	r3, [r1, #12]
  44:Core/Src/i2c.c ****   hi2c1.Init.DualAddressMode = I2C_DUALADDRESS_DISABLE;
ARM GAS  C:\Users\airforce\AppData\Local\Temp\ccWL8RKK.s 			page 3


  60              		.loc 1 44 3 is_stmt 1 view .LVU14
  46:Core/Src/i2c.c ****   hi2c1.Init.GeneralCallMode = I2C_GENERALCALL_DISABLE;
  61              		.loc 1 46 3 view .LVU15
  48:Core/Src/i2c.c ****   if (HAL_I2C_Init(&hi2c1) != HAL_OK)
  62              		.loc 1 48 3 view .LVU16
  48:Core/Src/i2c.c ****   if (HAL_I2C_Init(&hi2c1) != HAL_OK)
  63              		.loc 1 48 28 is_stmt 0 view .LVU17
  64 0020 0B62     		str	r3, [r1, #32]
  65              		.loc 1 49 3 is_stmt 1 view .LVU18
  66              		.loc 1 49 7 is_stmt 0 view .LVU19
  67 0022 FFF7FEFF 		bl	HAL_I2C_Init
  68              	.LVL0:
  69              		.loc 1 49 6 discriminator 1 view .LVU20
  70 0026 18B1     		cbz	r0, .L1
  50:Core/Src/i2c.c ****   {
  51:Core/Src/i2c.c ****     Error_Handler();
  71              		.loc 1 51 5 is_stmt 1 view .LVU21
  52:Core/Src/i2c.c ****   }
  53:Core/Src/i2c.c ****   /* USER CODE BEGIN I2C1_Init 2 */
  54:Core/Src/i2c.c **** 
  55:Core/Src/i2c.c ****   /* USER CODE END I2C1_Init 2 */
  56:Core/Src/i2c.c **** 
  57:Core/Src/i2c.c **** }
  72              		.loc 1 57 1 is_stmt 0 view .LVU22
  73 0028 BDE80840 		pop	{r3, lr}
  74              	.LCFI1:
  75              		.cfi_remember_state
  76              		.cfi_restore 14
  77              		.cfi_restore 3
  78              		.cfi_def_cfa_offset 0
  51:Core/Src/i2c.c ****   }
  79              		.loc 1 51 5 view .LVU23
  80 002c FFF7FEBF 		b	Error_Handler
  81              	.LVL1:
  82              	.L1:
  83              	.LCFI2:
  84              		.cfi_restore_state
  85              		.loc 1 57 1 view .LVU24
  86 0030 08BD     		pop	{r3, pc}
  87              	.L4:
  88 0032 00BF     		.align	2
  89              	.L3:
  90 0034 00000000 		.word	hi2c1
  91 0038 00540040 		.word	1073763328
  92 003c 801A0600 		.word	400000
  93              		.cfi_endproc
  94              	.LFE65:
  96              		.section	.text.HAL_I2C_MspInit,"ax",%progbits
  97              		.align	1
  98              		.global	HAL_I2C_MspInit
  99              		.syntax unified
 100              		.thumb
 101              		.thumb_func
 103              	HAL_I2C_MspInit:
 104              	.LVL2:
 105              	.LFB66:
  58:Core/Src/i2c.c **** 
ARM GAS  C:\Users\airforce\AppData\Local\Temp\ccWL8RKK.s 			page 4


  59:Core/Src/i2c.c **** void HAL_I2C_MspInit(I2C_HandleTypeDef* i2cHandle)
  60:Core/Src/i2c.c **** {
 106              		.loc 1 60 1 is_stmt 1 view -0
 107              		.cfi_startproc
 108              		@ args = 0, pretend = 0, frame = 24
 109              		@ frame_needed = 0, uses_anonymous_args = 0
  61:Core/Src/i2c.c **** 
  62:Core/Src/i2c.c ****   GPIO_InitTypeDef GPIO_InitStruct = {0};
 110              		.loc 1 62 3 view .LVU26
  60:Core/Src/i2c.c **** 
 111              		.loc 1 60 1 is_stmt 0 view .LVU27
 112 0000 10B5     		push	{r4, lr}
 113              	.LCFI3:
 114              		.cfi_def_cfa_offset 8
 115              		.cfi_offset 4, -8
 116              		.cfi_offset 14, -4
 117 0002 0446     		mov	r4, r0
 118 0004 86B0     		sub	sp, sp, #24
 119              	.LCFI4:
 120              		.cfi_def_cfa_offset 32
 121              		.loc 1 62 20 view .LVU28
 122 0006 1022     		movs	r2, #16
 123 0008 0021     		movs	r1, #0
 124 000a 02A8     		add	r0, sp, #8
 125              	.LVL3:
 126              		.loc 1 62 20 view .LVU29
 127 000c FFF7FEFF 		bl	memset
 128              	.LVL4:
  63:Core/Src/i2c.c ****   if(i2cHandle->Instance==I2C1)
 129              		.loc 1 63 3 is_stmt 1 view .LVU30
 130              		.loc 1 63 5 is_stmt 0 view .LVU31
 131 0010 2268     		ldr	r2, [r4]
 132 0012 114B     		ldr	r3, .L7
 133 0014 9A42     		cmp	r2, r3
 134 0016 1CD1     		bne	.L5
  64:Core/Src/i2c.c ****   {
  65:Core/Src/i2c.c ****   /* USER CODE BEGIN I2C1_MspInit 0 */
  66:Core/Src/i2c.c **** 
  67:Core/Src/i2c.c ****   /* USER CODE END I2C1_MspInit 0 */
  68:Core/Src/i2c.c **** 
  69:Core/Src/i2c.c ****     __HAL_RCC_GPIOB_CLK_ENABLE();
 135              		.loc 1 69 5 is_stmt 1 view .LVU32
 136              	.LBB2:
 137              		.loc 1 69 5 view .LVU33
 138              		.loc 1 69 5 view .LVU34
 139 0018 104C     		ldr	r4, .L7+4
 140              	.LVL5:
 141              		.loc 1 69 5 is_stmt 0 view .LVU35
 142              	.LBE2:
  70:Core/Src/i2c.c ****     /**I2C1 GPIO Configuration
  71:Core/Src/i2c.c ****     PB6     ------> I2C1_SCL
  72:Core/Src/i2c.c ****     PB7     ------> I2C1_SDA
  73:Core/Src/i2c.c ****     */
  74:Core/Src/i2c.c ****     GPIO_InitStruct.Pin = GPIO_PIN_6|GPIO_PIN_7;
  75:Core/Src/i2c.c ****     GPIO_InitStruct.Mode = GPIO_MODE_AF_OD;
 143              		.loc 1 75 26 view .LVU36
 144 001a C022     		movs	r2, #192
ARM GAS  C:\Users\airforce\AppData\Local\Temp\ccWL8RKK.s 			page 5


 145              	.LBB3:
  69:Core/Src/i2c.c ****     /**I2C1 GPIO Configuration
 146              		.loc 1 69 5 view .LVU37
 147 001c A369     		ldr	r3, [r4, #24]
 148              	.LBE3:
  76:Core/Src/i2c.c ****     GPIO_InitStruct.Speed = GPIO_SPEED_FREQ_HIGH;
  77:Core/Src/i2c.c ****     HAL_GPIO_Init(GPIOB, &GPIO_InitStruct);
 149              		.loc 1 77 5 view .LVU38
 150 001e 1048     		ldr	r0, .L7+8
 151              	.LBB4:
  69:Core/Src/i2c.c ****     /**I2C1 GPIO Configuration
 152              		.loc 1 69 5 view .LVU39
 153 0020 43F00803 		orr	r3, r3, #8
 154 0024 A361     		str	r3, [r4, #24]
  69:Core/Src/i2c.c ****     /**I2C1 GPIO Configuration
 155              		.loc 1 69 5 is_stmt 1 view .LVU40
 156 0026 A369     		ldr	r3, [r4, #24]
 157              	.LBE4:
 158              		.loc 1 77 5 is_stmt 0 view .LVU41
 159 0028 02A9     		add	r1, sp, #8
 160              	.LBB5:
  69:Core/Src/i2c.c ****     /**I2C1 GPIO Configuration
 161              		.loc 1 69 5 view .LVU42
 162 002a 03F00803 		and	r3, r3, #8
 163 002e 0093     		str	r3, [sp]
  69:Core/Src/i2c.c ****     /**I2C1 GPIO Configuration
 164              		.loc 1 69 5 is_stmt 1 view .LVU43
 165 0030 009B     		ldr	r3, [sp]
 166              	.LBE5:
  69:Core/Src/i2c.c ****     /**I2C1 GPIO Configuration
 167              		.loc 1 69 5 view .LVU44
  74:Core/Src/i2c.c ****     GPIO_InitStruct.Mode = GPIO_MODE_AF_OD;
 168              		.loc 1 74 5 view .LVU45
  75:Core/Src/i2c.c ****     GPIO_InitStruct.Speed = GPIO_SPEED_FREQ_HIGH;
 169              		.loc 1 75 26 is_stmt 0 view .LVU46
 170 0032 1223     		movs	r3, #18
 171 0034 CDE90223 		strd	r2, r3, [sp, #8]
  76:Core/Src/i2c.c ****     GPIO_InitStruct.Speed = GPIO_SPEED_FREQ_HIGH;
 172              		.loc 1 76 5 is_stmt 1 view .LVU47
  76:Core/Src/i2c.c ****     GPIO_InitStruct.Speed = GPIO_SPEED_FREQ_HIGH;
 173              		.loc 1 76 27 is_stmt 0 view .LVU48
 174 0038 0323     		movs	r3, #3
 175 003a 0593     		str	r3, [sp, #20]
 176              		.loc 1 77 5 is_stmt 1 view .LVU49
 177 003c FFF7FEFF 		bl	HAL_GPIO_Init
 178              	.LVL6:
  78:Core/Src/i2c.c **** 
  79:Core/Src/i2c.c ****     /* I2C1 clock enable */
  80:Core/Src/i2c.c ****     __HAL_RCC_I2C1_CLK_ENABLE();
 179              		.loc 1 80 5 view .LVU50
 180              	.LBB6:
 181              		.loc 1 80 5 view .LVU51
 182              		.loc 1 80 5 view .LVU52
 183 0040 E369     		ldr	r3, [r4, #28]
 184 0042 43F40013 		orr	r3, r3, #2097152
 185 0046 E361     		str	r3, [r4, #28]
 186              		.loc 1 80 5 view .LVU53
ARM GAS  C:\Users\airforce\AppData\Local\Temp\ccWL8RKK.s 			page 6


 187 0048 E369     		ldr	r3, [r4, #28]
 188 004a 03F40013 		and	r3, r3, #2097152
 189 004e 0193     		str	r3, [sp, #4]
 190              		.loc 1 80 5 view .LVU54
 191 0050 019B     		ldr	r3, [sp, #4]
 192              	.LBE6:
 193              		.loc 1 80 5 discriminator 1 view .LVU55
 194              	.L5:
  81:Core/Src/i2c.c ****   /* USER CODE BEGIN I2C1_MspInit 1 */
  82:Core/Src/i2c.c **** 
  83:Core/Src/i2c.c ****   /* USER CODE END I2C1_MspInit 1 */
  84:Core/Src/i2c.c ****   }
  85:Core/Src/i2c.c **** }
 195              		.loc 1 85 1 is_stmt 0 view .LVU56
 196 0052 06B0     		add	sp, sp, #24
 197              	.LCFI5:
 198              		.cfi_def_cfa_offset 8
 199              		@ sp needed
 200 0054 10BD     		pop	{r4, pc}
 201              	.L8:
 202 0056 00BF     		.align	2
 203              	.L7:
 204 0058 00540040 		.word	1073763328
 205 005c 00100240 		.word	1073876992
 206 0060 000C0140 		.word	1073810432
 207              		.cfi_endproc
 208              	.LFE66:
 210              		.section	.text.HAL_I2C_MspDeInit,"ax",%progbits
 211              		.align	1
 212              		.global	HAL_I2C_MspDeInit
 213              		.syntax unified
 214              		.thumb
 215              		.thumb_func
 217              	HAL_I2C_MspDeInit:
 218              	.LVL7:
 219              	.LFB67:
  86:Core/Src/i2c.c **** 
  87:Core/Src/i2c.c **** void HAL_I2C_MspDeInit(I2C_HandleTypeDef* i2cHandle)
  88:Core/Src/i2c.c **** {
 220              		.loc 1 88 1 is_stmt 1 view -0
 221              		.cfi_startproc
 222              		@ args = 0, pretend = 0, frame = 0
 223              		@ frame_needed = 0, uses_anonymous_args = 0
  89:Core/Src/i2c.c **** 
  90:Core/Src/i2c.c ****   if(i2cHandle->Instance==I2C1)
 224              		.loc 1 90 3 view .LVU58
  88:Core/Src/i2c.c **** 
 225              		.loc 1 88 1 is_stmt 0 view .LVU59
 226 0000 08B5     		push	{r3, lr}
 227              	.LCFI6:
 228              		.cfi_def_cfa_offset 8
 229              		.cfi_offset 3, -8
 230              		.cfi_offset 14, -4
 231              		.loc 1 90 5 view .LVU60
 232 0002 0268     		ldr	r2, [r0]
 233 0004 094B     		ldr	r3, .L11
 234 0006 9A42     		cmp	r2, r3
ARM GAS  C:\Users\airforce\AppData\Local\Temp\ccWL8RKK.s 			page 7


 235 0008 0ED1     		bne	.L9
  91:Core/Src/i2c.c ****   {
  92:Core/Src/i2c.c ****   /* USER CODE BEGIN I2C1_MspDeInit 0 */
  93:Core/Src/i2c.c **** 
  94:Core/Src/i2c.c ****   /* USER CODE END I2C1_MspDeInit 0 */
  95:Core/Src/i2c.c ****     /* Peripheral clock disable */
  96:Core/Src/i2c.c ****     __HAL_RCC_I2C1_CLK_DISABLE();
 236              		.loc 1 96 5 is_stmt 1 view .LVU61
 237 000a 094A     		ldr	r2, .L11+4
  97:Core/Src/i2c.c **** 
  98:Core/Src/i2c.c ****     /**I2C1 GPIO Configuration
  99:Core/Src/i2c.c ****     PB6     ------> I2C1_SCL
 100:Core/Src/i2c.c ****     PB7     ------> I2C1_SDA
 101:Core/Src/i2c.c ****     */
 102:Core/Src/i2c.c ****     HAL_GPIO_DeInit(GPIOB, GPIO_PIN_6);
 238              		.loc 1 102 5 is_stmt 0 view .LVU62
 239 000c 4021     		movs	r1, #64
  96:Core/Src/i2c.c **** 
 240              		.loc 1 96 5 view .LVU63
 241 000e D369     		ldr	r3, [r2, #28]
 242              		.loc 1 102 5 view .LVU64
 243 0010 0848     		ldr	r0, .L11+8
 244              	.LVL8:
  96:Core/Src/i2c.c **** 
 245              		.loc 1 96 5 view .LVU65
 246 0012 23F40013 		bic	r3, r3, #2097152
 247 0016 D361     		str	r3, [r2, #28]
 248              		.loc 1 102 5 is_stmt 1 view .LVU66
 249 0018 FFF7FEFF 		bl	HAL_GPIO_DeInit
 250              	.LVL9:
 103:Core/Src/i2c.c **** 
 104:Core/Src/i2c.c ****     HAL_GPIO_DeInit(GPIOB, GPIO_PIN_7);
 251              		.loc 1 104 5 view .LVU67
 105:Core/Src/i2c.c **** 
 106:Core/Src/i2c.c ****   /* USER CODE BEGIN I2C1_MspDeInit 1 */
 107:Core/Src/i2c.c **** 
 108:Core/Src/i2c.c ****   /* USER CODE END I2C1_MspDeInit 1 */
 109:Core/Src/i2c.c ****   }
 110:Core/Src/i2c.c **** }
 252              		.loc 1 110 1 is_stmt 0 view .LVU68
 253 001c BDE80840 		pop	{r3, lr}
 254              	.LCFI7:
 255              		.cfi_remember_state
 256              		.cfi_restore 14
 257              		.cfi_restore 3
 258              		.cfi_def_cfa_offset 0
 104:Core/Src/i2c.c **** 
 259              		.loc 1 104 5 view .LVU69
 260 0020 8021     		movs	r1, #128
 261 0022 0448     		ldr	r0, .L11+8
 262 0024 FFF7FEBF 		b	HAL_GPIO_DeInit
 263              	.LVL10:
 264              	.L9:
 265              	.LCFI8:
 266              		.cfi_restore_state
 267              		.loc 1 110 1 view .LVU70
 268 0028 08BD     		pop	{r3, pc}
ARM GAS  C:\Users\airforce\AppData\Local\Temp\ccWL8RKK.s 			page 8


 269              	.L12:
 270 002a 00BF     		.align	2
 271              	.L11:
 272 002c 00540040 		.word	1073763328
 273 0030 00100240 		.word	1073876992
 274 0034 000C0140 		.word	1073810432
 275              		.cfi_endproc
 276              	.LFE67:
 278              		.global	hi2c1
 279              		.section	.bss.hi2c1,"aw",%nobits
 280              		.align	2
 283              	hi2c1:
 284 0000 00000000 		.space	84
 284      00000000 
 284      00000000 
 284      00000000 
 284      00000000 
 285              		.text
 286              	.Letext0:
 287              		.file 2 "D:/stm32tools/arm-none-eabi-gcc/14.2.1-1.1.1/.content/arm-none-eabi/include/machine/_defa
 288              		.file 3 "D:/stm32tools/arm-none-eabi-gcc/14.2.1-1.1.1/.content/arm-none-eabi/include/sys/_stdint.h
 289              		.file 4 "Drivers/CMSIS/Device/ST/STM32F1xx/Include/stm32f103xb.h"
 290              		.file 5 "Drivers/STM32F1xx_HAL_Driver/Inc/stm32f1xx_hal_def.h"
 291              		.file 6 "Drivers/STM32F1xx_HAL_Driver/Inc/stm32f1xx_hal_gpio.h"
 292              		.file 7 "Drivers/STM32F1xx_HAL_Driver/Inc/stm32f1xx_hal_dma.h"
 293              		.file 8 "Drivers/STM32F1xx_HAL_Driver/Inc/stm32f1xx_hal_i2c.h"
 294              		.file 9 "Core/Inc/i2c.h"
 295              		.file 10 "Core/Inc/main.h"
 296              		.file 11 "<built-in>"
ARM GAS  C:\Users\airforce\AppData\Local\Temp\ccWL8RKK.s 			page 9


DEFINED SYMBOLS
                            *ABS*:00000000 i2c.c
C:\Users\airforce\AppData\Local\Temp\ccWL8RKK.s:19     .text.MX_I2C1_Init:00000000 $t
C:\Users\airforce\AppData\Local\Temp\ccWL8RKK.s:25     .text.MX_I2C1_Init:00000000 MX_I2C1_Init
C:\Users\airforce\AppData\Local\Temp\ccWL8RKK.s:90     .text.MX_I2C1_Init:00000034 $d
C:\Users\airforce\AppData\Local\Temp\ccWL8RKK.s:283    .bss.hi2c1:00000000 hi2c1
C:\Users\airforce\AppData\Local\Temp\ccWL8RKK.s:97     .text.HAL_I2C_MspInit:00000000 $t
C:\Users\airforce\AppData\Local\Temp\ccWL8RKK.s:103    .text.HAL_I2C_MspInit:00000000 HAL_I2C_MspInit
C:\Users\airforce\AppData\Local\Temp\ccWL8RKK.s:204    .text.HAL_I2C_MspInit:00000058 $d
C:\Users\airforce\AppData\Local\Temp\ccWL8RKK.s:211    .text.HAL_I2C_MspDeInit:00000000 $t
C:\Users\airforce\AppData\Local\Temp\ccWL8RKK.s:217    .text.HAL_I2C_MspDeInit:00000000 HAL_I2C_MspDeInit
C:\Users\airforce\AppData\Local\Temp\ccWL8RKK.s:272    .text.HAL_I2C_MspDeInit:0000002c $d
C:\Users\airforce\AppData\Local\Temp\ccWL8RKK.s:280    .bss.hi2c1:00000000 $d

UNDEFINED SYMBOLS
HAL_I2C_Init
Error_Handler
memset
HAL_GPIO_Init
HAL_GPIO_DeInit
