ARM GAS  C:\Users\airforce\AppData\Local\Temp\ccWv2fGD.s 			page 1


   1              		.cpu cortex-m3
   2              		.arch armv7-m
   3              		.fpu softvfp
   4              		.eabi_attribute 20, 1
   5              		.eabi_attribute 21, 1
   6              		.eabi_attribute 23, 3
   7              		.eabi_attribute 24, 1
   8              		.eabi_attribute 25, 1
   9              		.eabi_attribute 26, 1
  10              		.eabi_attribute 30, 4
  11              		.eabi_attribute 34, 1
  12              		.eabi_attribute 18, 4
  13              		.file	"list.c"
  14              		.text
  15              	.Ltext0:
  16              		.cfi_sections	.debug_frame
  17              		.file 1 "Middlewares/FreeRTOS/Source/list.c"
  18              		.section	.text.vListInitialise,"ax",%progbits
  19              		.align	1
  20              		.global	vListInitialise
  21              		.syntax unified
  22              		.thumb
  23              		.thumb_func
  25              	vListInitialise:
  26              	.LVL0:
  27              	.LFB70:
   1:Middlewares/FreeRTOS/Source/list.c **** /*
   2:Middlewares/FreeRTOS/Source/list.c ****  * FreeRTOS Kernel V10.4.6
   3:Middlewares/FreeRTOS/Source/list.c ****  * Copyright (C) 2021 Amazon.com, Inc. or its affiliates.  All Rights Reserved.
   4:Middlewares/FreeRTOS/Source/list.c ****  *
   5:Middlewares/FreeRTOS/Source/list.c ****  * SPDX-License-Identifier: MIT
   6:Middlewares/FreeRTOS/Source/list.c ****  *
   7:Middlewares/FreeRTOS/Source/list.c ****  * Permission is hereby granted, free of charge, to any person obtaining a copy of
   8:Middlewares/FreeRTOS/Source/list.c ****  * this software and associated documentation files (the "Software"), to deal in
   9:Middlewares/FreeRTOS/Source/list.c ****  * the Software without restriction, including without limitation the rights to
  10:Middlewares/FreeRTOS/Source/list.c ****  * use, copy, modify, merge, publish, distribute, sublicense, and/or sell copies of
  11:Middlewares/FreeRTOS/Source/list.c ****  * the Software, and to permit persons to whom the Software is furnished to do so,
  12:Middlewares/FreeRTOS/Source/list.c ****  * subject to the following conditions:
  13:Middlewares/FreeRTOS/Source/list.c ****  *
  14:Middlewares/FreeRTOS/Source/list.c ****  * The above copyright notice and this permission notice shall be included in all
  15:Middlewares/FreeRTOS/Source/list.c ****  * copies or substantial portions of the Software.
  16:Middlewares/FreeRTOS/Source/list.c ****  *
  17:Middlewares/FreeRTOS/Source/list.c ****  * THE SOFTWARE IS PROVIDED "AS IS", WITHOUT WARRANTY OF ANY KIND, EXPRESS OR
  18:Middlewares/FreeRTOS/Source/list.c ****  * IMPLIED, INCLUDING BUT NOT LIMITED TO THE WARRANTIES OF MERCHANTABILITY, FITNESS
  19:Middlewares/FreeRTOS/Source/list.c ****  * FOR A PARTICULAR PURPOSE AND NONINFRINGEMENT. IN NO EVENT SHALL THE AUTHORS OR
  20:Middlewares/FreeRTOS/Source/list.c ****  * COPYRIGHT HOLDERS BE LIABLE FOR ANY CLAIM, DAMAGES OR OTHER LIABILITY, WHETHER
  21:Middlewares/FreeRTOS/Source/list.c ****  * IN AN ACTION OF CONTRACT, TORT OR OTHERWISE, ARISING FROM, OUT OF OR IN
  22:Middlewares/FreeRTOS/Source/list.c ****  * CONNECTION WITH THE SOFTWARE OR THE USE OR OTHER DEALINGS IN THE SOFTWARE.
  23:Middlewares/FreeRTOS/Source/list.c ****  *
  24:Middlewares/FreeRTOS/Source/list.c ****  * https://www.FreeRTOS.org
  25:Middlewares/FreeRTOS/Source/list.c ****  * https://github.com/FreeRTOS
  26:Middlewares/FreeRTOS/Source/list.c ****  *
  27:Middlewares/FreeRTOS/Source/list.c ****  */
  28:Middlewares/FreeRTOS/Source/list.c **** 
  29:Middlewares/FreeRTOS/Source/list.c **** 
  30:Middlewares/FreeRTOS/Source/list.c **** #include <stdlib.h>
  31:Middlewares/FreeRTOS/Source/list.c **** 
ARM GAS  C:\Users\airforce\AppData\Local\Temp\ccWv2fGD.s 			page 2


  32:Middlewares/FreeRTOS/Source/list.c **** /* Defining MPU_WRAPPERS_INCLUDED_FROM_API_FILE prevents task.h from redefining
  33:Middlewares/FreeRTOS/Source/list.c ****  * all the API functions to use the MPU wrappers.  That should only be done when
  34:Middlewares/FreeRTOS/Source/list.c ****  * task.h is included from an application file. */
  35:Middlewares/FreeRTOS/Source/list.c **** #define MPU_WRAPPERS_INCLUDED_FROM_API_FILE
  36:Middlewares/FreeRTOS/Source/list.c **** 
  37:Middlewares/FreeRTOS/Source/list.c **** #include "FreeRTOS.h"
  38:Middlewares/FreeRTOS/Source/list.c **** #include "list.h"
  39:Middlewares/FreeRTOS/Source/list.c **** 
  40:Middlewares/FreeRTOS/Source/list.c **** /* Lint e9021, e961 and e750 are suppressed as a MISRA exception justified
  41:Middlewares/FreeRTOS/Source/list.c ****  * because the MPU ports require MPU_WRAPPERS_INCLUDED_FROM_API_FILE to be
  42:Middlewares/FreeRTOS/Source/list.c ****  * defined for the header files above, but not in this file, in order to
  43:Middlewares/FreeRTOS/Source/list.c ****  * generate the correct privileged Vs unprivileged linkage and placement. */
  44:Middlewares/FreeRTOS/Source/list.c **** #undef MPU_WRAPPERS_INCLUDED_FROM_API_FILE /*lint !e961 !e750 !e9021. */
  45:Middlewares/FreeRTOS/Source/list.c **** 
  46:Middlewares/FreeRTOS/Source/list.c **** /*-----------------------------------------------------------
  47:Middlewares/FreeRTOS/Source/list.c **** * PUBLIC LIST API documented in list.h
  48:Middlewares/FreeRTOS/Source/list.c **** *----------------------------------------------------------*/
  49:Middlewares/FreeRTOS/Source/list.c **** 
  50:Middlewares/FreeRTOS/Source/list.c **** void vListInitialise( List_t * const pxList )
  51:Middlewares/FreeRTOS/Source/list.c **** {
  28              		.loc 1 51 1 view -0
  29              		.cfi_startproc
  30              		@ args = 0, pretend = 0, frame = 0
  31              		@ frame_needed = 0, uses_anonymous_args = 0
  32              		@ link register save eliminated.
  52:Middlewares/FreeRTOS/Source/list.c ****     /* The list structure contains a list item which is used to mark the
  53:Middlewares/FreeRTOS/Source/list.c ****      * end of the list.  To initialise the list the list end is inserted
  54:Middlewares/FreeRTOS/Source/list.c ****      * as the only list entry. */
  55:Middlewares/FreeRTOS/Source/list.c ****     pxList->pxIndex = ( ListItem_t * ) &( pxList->xListEnd ); /*lint !e826 !e740 !e9087 The mini li
  33              		.loc 1 55 5 view .LVU1
  56:Middlewares/FreeRTOS/Source/list.c **** 
  57:Middlewares/FreeRTOS/Source/list.c ****     /* The list end value is the highest possible value in the list to
  58:Middlewares/FreeRTOS/Source/list.c ****      * ensure it remains at the end of the list. */
  59:Middlewares/FreeRTOS/Source/list.c ****     pxList->xListEnd.xItemValue = portMAX_DELAY;
  34              		.loc 1 59 33 is_stmt 0 view .LVU2
  35 0000 4FF0FF32 		mov	r2, #-1
  55:Middlewares/FreeRTOS/Source/list.c **** 
  36              		.loc 1 55 40 view .LVU3
  37 0004 00F10803 		add	r3, r0, #8
  60:Middlewares/FreeRTOS/Source/list.c **** 
  61:Middlewares/FreeRTOS/Source/list.c ****     /* The list end next and previous pointers point to itself so we know
  62:Middlewares/FreeRTOS/Source/list.c ****      * when the list is empty. */
  63:Middlewares/FreeRTOS/Source/list.c ****     pxList->xListEnd.pxNext = ( ListItem_t * ) &( pxList->xListEnd );     /*lint !e826 !e740 !e9087
  38              		.loc 1 63 29 view .LVU4
  39 0008 C0E90223 		strd	r2, r3, [r0, #8]
  55:Middlewares/FreeRTOS/Source/list.c **** 
  40              		.loc 1 55 21 view .LVU5
  41 000c 4360     		str	r3, [r0, #4]
  59:Middlewares/FreeRTOS/Source/list.c **** 
  42              		.loc 1 59 5 is_stmt 1 view .LVU6
  64:Middlewares/FreeRTOS/Source/list.c ****     pxList->xListEnd.pxPrevious = ( ListItem_t * ) &( pxList->xListEnd ); /*lint !e826 !e740 !e9087
  43              		.loc 1 64 5 view .LVU7
  44              		.loc 1 64 33 is_stmt 0 view .LVU8
  45 000e 0361     		str	r3, [r0, #16]
  65:Middlewares/FreeRTOS/Source/list.c **** 
  66:Middlewares/FreeRTOS/Source/list.c ****     pxList->uxNumberOfItems = ( UBaseType_t ) 0U;
  46              		.loc 1 66 5 is_stmt 1 view .LVU9
ARM GAS  C:\Users\airforce\AppData\Local\Temp\ccWv2fGD.s 			page 3


  47              		.loc 1 66 29 is_stmt 0 view .LVU10
  48 0010 0023     		movs	r3, #0
  49 0012 0360     		str	r3, [r0]
  67:Middlewares/FreeRTOS/Source/list.c **** 
  68:Middlewares/FreeRTOS/Source/list.c ****     /* Write known values into the list if
  69:Middlewares/FreeRTOS/Source/list.c ****      * configUSE_LIST_DATA_INTEGRITY_CHECK_BYTES is set to 1. */
  70:Middlewares/FreeRTOS/Source/list.c ****     listSET_LIST_INTEGRITY_CHECK_1_VALUE( pxList );
  50              		.loc 1 70 51 is_stmt 1 view .LVU11
  71:Middlewares/FreeRTOS/Source/list.c ****     listSET_LIST_INTEGRITY_CHECK_2_VALUE( pxList );
  51              		.loc 1 71 51 view .LVU12
  72:Middlewares/FreeRTOS/Source/list.c **** }
  52              		.loc 1 72 1 is_stmt 0 view .LVU13
  53 0014 7047     		bx	lr
  54              		.cfi_endproc
  55              	.LFE70:
  57              		.section	.text.vListInitialiseItem,"ax",%progbits
  58              		.align	1
  59              		.global	vListInitialiseItem
  60              		.syntax unified
  61              		.thumb
  62              		.thumb_func
  64              	vListInitialiseItem:
  65              	.LVL1:
  66              	.LFB71:
  73:Middlewares/FreeRTOS/Source/list.c **** /*-----------------------------------------------------------*/
  74:Middlewares/FreeRTOS/Source/list.c **** 
  75:Middlewares/FreeRTOS/Source/list.c **** void vListInitialiseItem( ListItem_t * const pxItem )
  76:Middlewares/FreeRTOS/Source/list.c **** {
  67              		.loc 1 76 1 is_stmt 1 view -0
  68              		.cfi_startproc
  69              		@ args = 0, pretend = 0, frame = 0
  70              		@ frame_needed = 0, uses_anonymous_args = 0
  71              		@ link register save eliminated.
  77:Middlewares/FreeRTOS/Source/list.c ****     /* Make sure the list item is not recorded as being on a list. */
  78:Middlewares/FreeRTOS/Source/list.c ****     pxItem->pxContainer = NULL;
  72              		.loc 1 78 5 view .LVU15
  73              		.loc 1 78 25 is_stmt 0 view .LVU16
  74 0000 0023     		movs	r3, #0
  75 0002 0361     		str	r3, [r0, #16]
  79:Middlewares/FreeRTOS/Source/list.c **** 
  80:Middlewares/FreeRTOS/Source/list.c ****     /* Write known values into the list item if
  81:Middlewares/FreeRTOS/Source/list.c ****      * configUSE_LIST_DATA_INTEGRITY_CHECK_BYTES is set to 1. */
  82:Middlewares/FreeRTOS/Source/list.c ****     listSET_FIRST_LIST_ITEM_INTEGRITY_CHECK_VALUE( pxItem );
  76              		.loc 1 82 60 is_stmt 1 view .LVU17
  83:Middlewares/FreeRTOS/Source/list.c ****     listSET_SECOND_LIST_ITEM_INTEGRITY_CHECK_VALUE( pxItem );
  77              		.loc 1 83 61 view .LVU18
  84:Middlewares/FreeRTOS/Source/list.c **** }
  78              		.loc 1 84 1 is_stmt 0 view .LVU19
  79 0004 7047     		bx	lr
  80              		.cfi_endproc
  81              	.LFE71:
  83              		.section	.text.vListInsertEnd,"ax",%progbits
  84              		.align	1
  85              		.global	vListInsertEnd
  86              		.syntax unified
  87              		.thumb
  88              		.thumb_func
ARM GAS  C:\Users\airforce\AppData\Local\Temp\ccWv2fGD.s 			page 4


  90              	vListInsertEnd:
  91              	.LVL2:
  92              	.LFB72:
  85:Middlewares/FreeRTOS/Source/list.c **** /*-----------------------------------------------------------*/
  86:Middlewares/FreeRTOS/Source/list.c **** 
  87:Middlewares/FreeRTOS/Source/list.c **** void vListInsertEnd( List_t * const pxList,
  88:Middlewares/FreeRTOS/Source/list.c ****                      ListItem_t * const pxNewListItem )
  89:Middlewares/FreeRTOS/Source/list.c **** {
  93              		.loc 1 89 1 is_stmt 1 view -0
  94              		.cfi_startproc
  95              		@ args = 0, pretend = 0, frame = 0
  96              		@ frame_needed = 0, uses_anonymous_args = 0
  97              		@ link register save eliminated.
  90:Middlewares/FreeRTOS/Source/list.c ****     ListItem_t * const pxIndex = pxList->pxIndex;
  98              		.loc 1 90 5 view .LVU21
  99              		.loc 1 90 24 is_stmt 0 view .LVU22
 100 0000 4368     		ldr	r3, [r0, #4]
 101              	.LVL3:
  91:Middlewares/FreeRTOS/Source/list.c **** 
  92:Middlewares/FreeRTOS/Source/list.c ****     /* Only effective when configASSERT() is also defined, these tests may catch
  93:Middlewares/FreeRTOS/Source/list.c ****      * the list data structures being overwritten in memory.  They will not catch
  94:Middlewares/FreeRTOS/Source/list.c ****      * data errors caused by incorrect configuration or use of FreeRTOS. */
  95:Middlewares/FreeRTOS/Source/list.c ****     listTEST_LIST_INTEGRITY( pxList );
 102              		.loc 1 95 38 is_stmt 1 view .LVU23
  96:Middlewares/FreeRTOS/Source/list.c ****     listTEST_LIST_ITEM_INTEGRITY( pxNewListItem );
 103              		.loc 1 96 50 view .LVU24
  97:Middlewares/FreeRTOS/Source/list.c **** 
  98:Middlewares/FreeRTOS/Source/list.c ****     /* Insert a new list item into pxList, but rather than sort the list,
  99:Middlewares/FreeRTOS/Source/list.c ****      * makes the new list item the last item to be removed by a call to
 100:Middlewares/FreeRTOS/Source/list.c ****      * listGET_OWNER_OF_NEXT_ENTRY(). */
 101:Middlewares/FreeRTOS/Source/list.c ****     pxNewListItem->pxNext = pxIndex;
 104              		.loc 1 101 5 view .LVU25
 102:Middlewares/FreeRTOS/Source/list.c ****     pxNewListItem->pxPrevious = pxIndex->pxPrevious;
 105              		.loc 1 102 40 is_stmt 0 view .LVU26
 106 0002 9A68     		ldr	r2, [r3, #8]
 101:Middlewares/FreeRTOS/Source/list.c ****     pxNewListItem->pxPrevious = pxIndex->pxPrevious;
 107              		.loc 1 101 27 view .LVU27
 108 0004 4B60     		str	r3, [r1, #4]
 109              		.loc 1 102 5 is_stmt 1 view .LVU28
 110              		.loc 1 102 31 is_stmt 0 view .LVU29
 111 0006 8A60     		str	r2, [r1, #8]
 103:Middlewares/FreeRTOS/Source/list.c **** 
 104:Middlewares/FreeRTOS/Source/list.c ****     /* Only used during decision coverage testing. */
 105:Middlewares/FreeRTOS/Source/list.c ****     mtCOVERAGE_TEST_DELAY();
 112              		.loc 1 105 28 is_stmt 1 view .LVU30
 106:Middlewares/FreeRTOS/Source/list.c **** 
 107:Middlewares/FreeRTOS/Source/list.c ****     pxIndex->pxPrevious->pxNext = pxNewListItem;
 113              		.loc 1 107 5 view .LVU31
 114              		.loc 1 107 33 is_stmt 0 view .LVU32
 115 0008 5160     		str	r1, [r2, #4]
 108:Middlewares/FreeRTOS/Source/list.c ****     pxIndex->pxPrevious = pxNewListItem;
 116              		.loc 1 108 5 is_stmt 1 view .LVU33
 117              		.loc 1 108 25 is_stmt 0 view .LVU34
 118 000a 9960     		str	r1, [r3, #8]
 109:Middlewares/FreeRTOS/Source/list.c **** 
 110:Middlewares/FreeRTOS/Source/list.c ****     /* Remember which list the item is in. */
 111:Middlewares/FreeRTOS/Source/list.c ****     pxNewListItem->pxContainer = pxList;
ARM GAS  C:\Users\airforce\AppData\Local\Temp\ccWv2fGD.s 			page 5


 119              		.loc 1 111 5 is_stmt 1 view .LVU35
 112:Middlewares/FreeRTOS/Source/list.c **** 
 113:Middlewares/FreeRTOS/Source/list.c ****     ( pxList->uxNumberOfItems )++;
 120              		.loc 1 113 13 is_stmt 0 view .LVU36
 121 000c 0368     		ldr	r3, [r0]
 122              	.LVL4:
 111:Middlewares/FreeRTOS/Source/list.c **** 
 123              		.loc 1 111 32 view .LVU37
 124 000e 0861     		str	r0, [r1, #16]
 125              		.loc 1 113 5 is_stmt 1 view .LVU38
 126              		.loc 1 113 32 is_stmt 0 view .LVU39
 127 0010 0133     		adds	r3, r3, #1
 128 0012 0360     		str	r3, [r0]
 114:Middlewares/FreeRTOS/Source/list.c **** }
 129              		.loc 1 114 1 view .LVU40
 130 0014 7047     		bx	lr
 131              		.cfi_endproc
 132              	.LFE72:
 134              		.section	.text.vListInsert,"ax",%progbits
 135              		.align	1
 136              		.global	vListInsert
 137              		.syntax unified
 138              		.thumb
 139              		.thumb_func
 141              	vListInsert:
 142              	.LVL5:
 143              	.LFB73:
 115:Middlewares/FreeRTOS/Source/list.c **** /*-----------------------------------------------------------*/
 116:Middlewares/FreeRTOS/Source/list.c **** 
 117:Middlewares/FreeRTOS/Source/list.c **** void vListInsert( List_t * const pxList,
 118:Middlewares/FreeRTOS/Source/list.c ****                   ListItem_t * const pxNewListItem )
 119:Middlewares/FreeRTOS/Source/list.c **** {
 144              		.loc 1 119 1 is_stmt 1 view -0
 145              		.cfi_startproc
 146              		@ args = 0, pretend = 0, frame = 0
 147              		@ frame_needed = 0, uses_anonymous_args = 0
 120:Middlewares/FreeRTOS/Source/list.c ****     ListItem_t * pxIterator;
 148              		.loc 1 120 5 view .LVU42
 121:Middlewares/FreeRTOS/Source/list.c ****     const TickType_t xValueOfInsertion = pxNewListItem->xItemValue;
 149              		.loc 1 121 5 view .LVU43
 119:Middlewares/FreeRTOS/Source/list.c ****     ListItem_t * pxIterator;
 150              		.loc 1 119 1 is_stmt 0 view .LVU44
 151 0000 30B5     		push	{r4, r5, lr}
 152              	.LCFI0:
 153              		.cfi_def_cfa_offset 12
 154              		.cfi_offset 4, -12
 155              		.cfi_offset 5, -8
 156              		.cfi_offset 14, -4
 157              		.loc 1 121 22 view .LVU45
 158 0002 0C68     		ldr	r4, [r1]
 159              	.LVL6:
 122:Middlewares/FreeRTOS/Source/list.c **** 
 123:Middlewares/FreeRTOS/Source/list.c ****     /* Only effective when configASSERT() is also defined, these tests may catch
 124:Middlewares/FreeRTOS/Source/list.c ****      * the list data structures being overwritten in memory.  They will not catch
 125:Middlewares/FreeRTOS/Source/list.c ****      * data errors caused by incorrect configuration or use of FreeRTOS. */
 126:Middlewares/FreeRTOS/Source/list.c ****     listTEST_LIST_INTEGRITY( pxList );
 160              		.loc 1 126 38 is_stmt 1 view .LVU46
ARM GAS  C:\Users\airforce\AppData\Local\Temp\ccWv2fGD.s 			page 6


 127:Middlewares/FreeRTOS/Source/list.c ****     listTEST_LIST_ITEM_INTEGRITY( pxNewListItem );
 161              		.loc 1 127 50 view .LVU47
 128:Middlewares/FreeRTOS/Source/list.c **** 
 129:Middlewares/FreeRTOS/Source/list.c ****     /* Insert the new list item into the list, sorted in xItemValue order.
 130:Middlewares/FreeRTOS/Source/list.c ****      *
 131:Middlewares/FreeRTOS/Source/list.c ****      * If the list already contains a list item with the same item value then the
 132:Middlewares/FreeRTOS/Source/list.c ****      * new list item should be placed after it.  This ensures that TCBs which are
 133:Middlewares/FreeRTOS/Source/list.c ****      * stored in ready lists (all of which have the same xItemValue value) get a
 134:Middlewares/FreeRTOS/Source/list.c ****      * share of the CPU.  However, if the xItemValue is the same as the back marker
 135:Middlewares/FreeRTOS/Source/list.c ****      * the iteration loop below will not end.  Therefore the value is checked
 136:Middlewares/FreeRTOS/Source/list.c ****      * first, and the algorithm slightly modified if necessary. */
 137:Middlewares/FreeRTOS/Source/list.c ****     if( xValueOfInsertion == portMAX_DELAY )
 162              		.loc 1 137 5 view .LVU48
 163              		.loc 1 137 7 is_stmt 0 view .LVU49
 164 0004 631C     		adds	r3, r4, #1
 165 0006 0AD1     		bne	.L5
 138:Middlewares/FreeRTOS/Source/list.c ****     {
 139:Middlewares/FreeRTOS/Source/list.c ****         pxIterator = pxList->xListEnd.pxPrevious;
 166              		.loc 1 139 9 is_stmt 1 view .LVU50
 167              		.loc 1 139 20 is_stmt 0 view .LVU51
 168 0008 0369     		ldr	r3, [r0, #16]
 169              	.LVL7:
 170              	.L6:
 140:Middlewares/FreeRTOS/Source/list.c ****     }
 141:Middlewares/FreeRTOS/Source/list.c ****     else
 142:Middlewares/FreeRTOS/Source/list.c ****     {
 143:Middlewares/FreeRTOS/Source/list.c ****         /* *** NOTE ***********************************************************
 144:Middlewares/FreeRTOS/Source/list.c ****         *  If you find your application is crashing here then likely causes are
 145:Middlewares/FreeRTOS/Source/list.c ****         *  listed below.  In addition see https://www.FreeRTOS.org/FAQHelp.html for
 146:Middlewares/FreeRTOS/Source/list.c ****         *  more tips, and ensure configASSERT() is defined!
 147:Middlewares/FreeRTOS/Source/list.c ****         *  https://www.FreeRTOS.org/a00110.html#configASSERT
 148:Middlewares/FreeRTOS/Source/list.c ****         *
 149:Middlewares/FreeRTOS/Source/list.c ****         *   1) Stack overflow -
 150:Middlewares/FreeRTOS/Source/list.c ****         *      see https://www.FreeRTOS.org/Stacks-and-stack-overflow-checking.html
 151:Middlewares/FreeRTOS/Source/list.c ****         *   2) Incorrect interrupt priority assignment, especially on Cortex-M
 152:Middlewares/FreeRTOS/Source/list.c ****         *      parts where numerically high priority values denote low actual
 153:Middlewares/FreeRTOS/Source/list.c ****         *      interrupt priorities, which can seem counter intuitive.  See
 154:Middlewares/FreeRTOS/Source/list.c ****         *      https://www.FreeRTOS.org/RTOS-Cortex-M3-M4.html and the definition
 155:Middlewares/FreeRTOS/Source/list.c ****         *      of configMAX_SYSCALL_INTERRUPT_PRIORITY on
 156:Middlewares/FreeRTOS/Source/list.c ****         *      https://www.FreeRTOS.org/a00110.html
 157:Middlewares/FreeRTOS/Source/list.c ****         *   3) Calling an API function from within a critical section or when
 158:Middlewares/FreeRTOS/Source/list.c ****         *      the scheduler is suspended, or calling an API function that does
 159:Middlewares/FreeRTOS/Source/list.c ****         *      not end in "FromISR" from an interrupt.
 160:Middlewares/FreeRTOS/Source/list.c ****         *   4) Using a queue or semaphore before it has been initialised or
 161:Middlewares/FreeRTOS/Source/list.c ****         *      before the scheduler has been started (are interrupts firing
 162:Middlewares/FreeRTOS/Source/list.c ****         *      before vTaskStartScheduler() has been called?).
 163:Middlewares/FreeRTOS/Source/list.c ****         *   5) If the FreeRTOS port supports interrupt nesting then ensure that
 164:Middlewares/FreeRTOS/Source/list.c ****         *      the priority of the tick interrupt is at or below
 165:Middlewares/FreeRTOS/Source/list.c ****         *      configMAX_SYSCALL_INTERRUPT_PRIORITY.
 166:Middlewares/FreeRTOS/Source/list.c ****         **********************************************************************/
 167:Middlewares/FreeRTOS/Source/list.c **** 
 168:Middlewares/FreeRTOS/Source/list.c ****         for( pxIterator = ( ListItem_t * ) &( pxList->xListEnd ); pxIterator->pxNext->xItemValue <=
 169:Middlewares/FreeRTOS/Source/list.c ****         {
 170:Middlewares/FreeRTOS/Source/list.c ****             /* There is nothing to do here, just iterating to the wanted
 171:Middlewares/FreeRTOS/Source/list.c ****              * insertion position. */
 172:Middlewares/FreeRTOS/Source/list.c ****         }
 173:Middlewares/FreeRTOS/Source/list.c ****     }
ARM GAS  C:\Users\airforce\AppData\Local\Temp\ccWv2fGD.s 			page 7


 174:Middlewares/FreeRTOS/Source/list.c **** 
 175:Middlewares/FreeRTOS/Source/list.c ****     pxNewListItem->pxNext = pxIterator->pxNext;
 171              		.loc 1 175 5 is_stmt 1 view .LVU52
 172              		.loc 1 175 39 is_stmt 0 view .LVU53
 173 000a 5A68     		ldr	r2, [r3, #4]
 174              		.loc 1 175 27 view .LVU54
 175 000c 4A60     		str	r2, [r1, #4]
 176:Middlewares/FreeRTOS/Source/list.c ****     pxNewListItem->pxNext->pxPrevious = pxNewListItem;
 176              		.loc 1 176 5 is_stmt 1 view .LVU55
 177              		.loc 1 176 39 is_stmt 0 view .LVU56
 178 000e 9160     		str	r1, [r2, #8]
 177:Middlewares/FreeRTOS/Source/list.c ****     pxNewListItem->pxPrevious = pxIterator;
 179              		.loc 1 177 5 is_stmt 1 view .LVU57
 180              		.loc 1 177 31 is_stmt 0 view .LVU58
 181 0010 8B60     		str	r3, [r1, #8]
 178:Middlewares/FreeRTOS/Source/list.c ****     pxIterator->pxNext = pxNewListItem;
 182              		.loc 1 178 5 is_stmt 1 view .LVU59
 183              		.loc 1 178 24 is_stmt 0 view .LVU60
 184 0012 5960     		str	r1, [r3, #4]
 179:Middlewares/FreeRTOS/Source/list.c **** 
 180:Middlewares/FreeRTOS/Source/list.c ****     /* Remember which list the item is in.  This allows fast removal of the
 181:Middlewares/FreeRTOS/Source/list.c ****      * item later. */
 182:Middlewares/FreeRTOS/Source/list.c ****     pxNewListItem->pxContainer = pxList;
 185              		.loc 1 182 5 is_stmt 1 view .LVU61
 183:Middlewares/FreeRTOS/Source/list.c **** 
 184:Middlewares/FreeRTOS/Source/list.c ****     ( pxList->uxNumberOfItems )++;
 186              		.loc 1 184 13 is_stmt 0 view .LVU62
 187 0014 0368     		ldr	r3, [r0]
 188              	.LVL8:
 182:Middlewares/FreeRTOS/Source/list.c **** 
 189              		.loc 1 182 32 view .LVU63
 190 0016 0861     		str	r0, [r1, #16]
 191              		.loc 1 184 5 is_stmt 1 view .LVU64
 192              		.loc 1 184 32 is_stmt 0 view .LVU65
 193 0018 0133     		adds	r3, r3, #1
 194 001a 0360     		str	r3, [r0]
 185:Middlewares/FreeRTOS/Source/list.c **** }
 195              		.loc 1 185 1 view .LVU66
 196 001c 30BD     		pop	{r4, r5, pc}
 197              	.LVL9:
 198              	.L5:
 168:Middlewares/FreeRTOS/Source/list.c ****         {
 199              		.loc 1 168 9 is_stmt 1 view .LVU67
 168:Middlewares/FreeRTOS/Source/list.c ****         {
 200              		.loc 1 168 25 is_stmt 0 view .LVU68
 201 001e 00F10802 		add	r2, r0, #8
 202              	.L7:
 203              	.LVL10:
 168:Middlewares/FreeRTOS/Source/list.c ****         {
 204              		.loc 1 168 98 is_stmt 1 discriminator 1 view .LVU69
 205 0022 1346     		mov	r3, r2
 168:Middlewares/FreeRTOS/Source/list.c ****         {
 206              		.loc 1 168 77 is_stmt 0 discriminator 1 view .LVU70
 207 0024 5268     		ldr	r2, [r2, #4]
 208              	.LVL11:
 168:Middlewares/FreeRTOS/Source/list.c ****         {
 209              		.loc 1 168 98 discriminator 1 view .LVU71
ARM GAS  C:\Users\airforce\AppData\Local\Temp\ccWv2fGD.s 			page 8


 210 0026 1568     		ldr	r5, [r2]
 211 0028 A542     		cmp	r5, r4
 212 002a FAD9     		bls	.L7
 213 002c EDE7     		b	.L6
 214              		.cfi_endproc
 215              	.LFE73:
 217              		.section	.text.uxListRemove,"ax",%progbits
 218              		.align	1
 219              		.global	uxListRemove
 220              		.syntax unified
 221              		.thumb
 222              		.thumb_func
 224              	uxListRemove:
 225              	.LVL12:
 226              	.LFB74:
 186:Middlewares/FreeRTOS/Source/list.c **** /*-----------------------------------------------------------*/
 187:Middlewares/FreeRTOS/Source/list.c **** 
 188:Middlewares/FreeRTOS/Source/list.c **** UBaseType_t uxListRemove( ListItem_t * const pxItemToRemove )
 189:Middlewares/FreeRTOS/Source/list.c **** {
 227              		.loc 1 189 1 is_stmt 1 view -0
 228              		.cfi_startproc
 229              		@ args = 0, pretend = 0, frame = 0
 230              		@ frame_needed = 0, uses_anonymous_args = 0
 231              		@ link register save eliminated.
 190:Middlewares/FreeRTOS/Source/list.c **** /* The list item knows which list it is in.  Obtain the list from the list
 191:Middlewares/FreeRTOS/Source/list.c ****  * item. */
 192:Middlewares/FreeRTOS/Source/list.c ****     List_t * const pxList = pxItemToRemove->pxContainer;
 232              		.loc 1 192 5 view .LVU73
 233              		.loc 1 192 20 is_stmt 0 view .LVU74
 234 0000 0369     		ldr	r3, [r0, #16]
 235              	.LVL13:
 193:Middlewares/FreeRTOS/Source/list.c **** 
 194:Middlewares/FreeRTOS/Source/list.c ****     pxItemToRemove->pxNext->pxPrevious = pxItemToRemove->pxPrevious;
 236              		.loc 1 194 5 is_stmt 1 view .LVU75
 237              		.loc 1 194 56 is_stmt 0 view .LVU76
 238 0002 D0E90112 		ldrd	r1, r2, [r0, #4]
 239              		.loc 1 194 40 view .LVU77
 240 0006 8A60     		str	r2, [r1, #8]
 195:Middlewares/FreeRTOS/Source/list.c ****     pxItemToRemove->pxPrevious->pxNext = pxItemToRemove->pxNext;
 241              		.loc 1 195 5 is_stmt 1 view .LVU78
 242              		.loc 1 195 40 is_stmt 0 view .LVU79
 243 0008 5160     		str	r1, [r2, #4]
 196:Middlewares/FreeRTOS/Source/list.c **** 
 197:Middlewares/FreeRTOS/Source/list.c ****     /* Only used during decision coverage testing. */
 198:Middlewares/FreeRTOS/Source/list.c ****     mtCOVERAGE_TEST_DELAY();
 244              		.loc 1 198 28 is_stmt 1 view .LVU80
 199:Middlewares/FreeRTOS/Source/list.c **** 
 200:Middlewares/FreeRTOS/Source/list.c ****     /* Make sure the index is left pointing to a valid item. */
 201:Middlewares/FreeRTOS/Source/list.c ****     if( pxList->pxIndex == pxItemToRemove )
 245              		.loc 1 201 5 view .LVU81
 246              		.loc 1 201 7 is_stmt 0 view .LVU82
 247 000a 5968     		ldr	r1, [r3, #4]
 248 000c 8142     		cmp	r1, r0
 202:Middlewares/FreeRTOS/Source/list.c ****     {
 203:Middlewares/FreeRTOS/Source/list.c ****         pxList->pxIndex = pxItemToRemove->pxPrevious;
 249              		.loc 1 203 9 is_stmt 1 view .LVU83
 250              		.loc 1 203 25 is_stmt 0 view .LVU84
ARM GAS  C:\Users\airforce\AppData\Local\Temp\ccWv2fGD.s 			page 9


 251 000e 08BF     		it	eq
 252 0010 5A60     		streq	r2, [r3, #4]
 204:Middlewares/FreeRTOS/Source/list.c ****     }
 205:Middlewares/FreeRTOS/Source/list.c ****     else
 206:Middlewares/FreeRTOS/Source/list.c ****     {
 207:Middlewares/FreeRTOS/Source/list.c ****         mtCOVERAGE_TEST_MARKER();
 253              		.loc 1 207 33 is_stmt 1 view .LVU85
 208:Middlewares/FreeRTOS/Source/list.c ****     }
 209:Middlewares/FreeRTOS/Source/list.c **** 
 210:Middlewares/FreeRTOS/Source/list.c ****     pxItemToRemove->pxContainer = NULL;
 254              		.loc 1 210 5 view .LVU86
 255              		.loc 1 210 33 is_stmt 0 view .LVU87
 256 0012 0022     		movs	r2, #0
 257 0014 0261     		str	r2, [r0, #16]
 211:Middlewares/FreeRTOS/Source/list.c ****     ( pxList->uxNumberOfItems )--;
 258              		.loc 1 211 5 is_stmt 1 view .LVU88
 259              		.loc 1 211 13 is_stmt 0 view .LVU89
 260 0016 1A68     		ldr	r2, [r3]
 261              		.loc 1 211 32 view .LVU90
 262 0018 013A     		subs	r2, r2, #1
 263 001a 1A60     		str	r2, [r3]
 212:Middlewares/FreeRTOS/Source/list.c **** 
 213:Middlewares/FreeRTOS/Source/list.c ****     return pxList->uxNumberOfItems;
 264              		.loc 1 213 5 is_stmt 1 view .LVU91
 265              		.loc 1 213 18 is_stmt 0 view .LVU92
 266 001c 1868     		ldr	r0, [r3]
 267              	.LVL14:
 214:Middlewares/FreeRTOS/Source/list.c **** }
 268              		.loc 1 214 1 view .LVU93
 269 001e 7047     		bx	lr
 270              		.cfi_endproc
 271              	.LFE74:
 273              		.text
 274              	.Letext0:
 275              		.file 2 "D:/stm32tools/arm-none-eabi-gcc/14.2.1-1.1.1/.content/arm-none-eabi/include/machine/_defa
 276              		.file 3 "D:/stm32tools/arm-none-eabi-gcc/14.2.1-1.1.1/.content/arm-none-eabi/include/sys/_stdint.h
 277              		.file 4 "Middlewares/FreeRTOS/Source/portable/GCC/ARM_CM3/portmacro.h"
 278              		.file 5 "Middlewares/FreeRTOS/Source/include/list.h"
ARM GAS  C:\Users\airforce\AppData\Local\Temp\ccWv2fGD.s 			page 10


DEFINED SYMBOLS
                            *ABS*:00000000 list.c
C:\Users\airforce\AppData\Local\Temp\ccWv2fGD.s:19     .text.vListInitialise:00000000 $t
C:\Users\airforce\AppData\Local\Temp\ccWv2fGD.s:25     .text.vListInitialise:00000000 vListInitialise
C:\Users\airforce\AppData\Local\Temp\ccWv2fGD.s:58     .text.vListInitialiseItem:00000000 $t
C:\Users\airforce\AppData\Local\Temp\ccWv2fGD.s:64     .text.vListInitialiseItem:00000000 vListInitialiseItem
C:\Users\airforce\AppData\Local\Temp\ccWv2fGD.s:84     .text.vListInsertEnd:00000000 $t
C:\Users\airforce\AppData\Local\Temp\ccWv2fGD.s:90     .text.vListInsertEnd:00000000 vListInsertEnd
C:\Users\airforce\AppData\Local\Temp\ccWv2fGD.s:135    .text.vListInsert:00000000 $t
C:\Users\airforce\AppData\Local\Temp\ccWv2fGD.s:141    .text.vListInsert:00000000 vListInsert
C:\Users\airforce\AppData\Local\Temp\ccWv2fGD.s:218    .text.uxListRemove:00000000 $t
C:\Users\airforce\AppData\Local\Temp\ccWv2fGD.s:224    .text.uxListRemove:00000000 uxListRemove

NO UNDEFINED SYMBOLS
