ARM GAS  C:\Users\airforce\AppData\Local\Temp\cc4XyLcZ.s 			page 1


   1              		.cpu cortex-m3
   2              		.arch armv7-m
   3              		.fpu softvfp
   4              		.eabi_attribute 20, 1
   5              		.eabi_attribute 21, 1
   6              		.eabi_attribute 23, 3
   7              		.eabi_attribute 24, 1
   8              		.eabi_attribute 25, 1
   9              		.eabi_attribute 26, 1
  10              		.eabi_attribute 30, 1
  11              		.eabi_attribute 34, 1
  12              		.eabi_attribute 18, 4
  13              		.file	"mpu6050.c"
  14              		.text
  15              	.Ltext0:
  16              		.cfi_sections	.debug_frame
  17              		.file 1 "Core/Src/mpu6050.c"
  18              		.section	.text.I2C_WriteReg,"ax",%progbits
  19              		.align	1
  20              		.syntax unified
  21              		.thumb
  22              		.thumb_func
  24              	I2C_WriteReg:
  25              	.LVL0:
  26              	.LFB65:
   1:Core/Src/mpu6050.c **** #include "mpu6050.h"
   2:Core/Src/mpu6050.c **** 
   3:Core/Src/mpu6050.c **** /* 超时时间（tick 数） */
   4:Core/Src/mpu6050.c **** #define I2C_TIMEOUT  100
   5:Core/Src/mpu6050.c **** 
   6:Core/Src/mpu6050.c **** /* ---- 私有辅助函数：F1 的 HAL_I2C_Mem_Read/Write 有重复起始 bug ----
   7:Core/Src/mpu6050.c ****  * 改用两步法：先 Master_Transmit 写寄存器号，再 Master_Receive 读数据   */
   8:Core/Src/mpu6050.c **** 
   9:Core/Src/mpu6050.c **** static HAL_StatusTypeDef I2C_WriteReg(uint8_t devAddr, uint8_t regAddr, uint8_t val)
  10:Core/Src/mpu6050.c **** {
  27              		.loc 1 10 1 view -0
  28              		.cfi_startproc
  29              		@ args = 0, pretend = 0, frame = 8
  30              		@ frame_needed = 0, uses_anonymous_args = 0
  31              		.loc 1 10 1 is_stmt 0 view .LVU1
  32 0000 00B5     		push	{lr}
  33              	.LCFI0:
  34              		.cfi_def_cfa_offset 4
  35              		.cfi_offset 14, -4
  36 0002 85B0     		sub	sp, sp, #20
  37              	.LCFI1:
  38              		.cfi_def_cfa_offset 24
  11:Core/Src/mpu6050.c ****     uint8_t buf[2] = { regAddr, val };
  39              		.loc 1 11 5 is_stmt 1 view .LVU2
  40              		.loc 1 11 13 is_stmt 0 view .LVU3
  41 0004 8DF80C10 		strb	r1, [sp, #12]
  42 0008 8DF80D20 		strb	r2, [sp, #13]
  12:Core/Src/mpu6050.c ****     return HAL_I2C_Master_Transmit(&hi2c1, devAddr, buf, 2, I2C_TIMEOUT);
  43              		.loc 1 12 5 is_stmt 1 view .LVU4
  44              		.loc 1 12 12 is_stmt 0 view .LVU5
  45 000c 6423     		movs	r3, #100
  46 000e 0093     		str	r3, [sp]
ARM GAS  C:\Users\airforce\AppData\Local\Temp\cc4XyLcZ.s 			page 2


  47 0010 0223     		movs	r3, #2
  48 0012 03AA     		add	r2, sp, #12
  49              	.LVL1:
  50              		.loc 1 12 12 view .LVU6
  51 0014 0146     		mov	r1, r0
  52              	.LVL2:
  53              		.loc 1 12 12 view .LVU7
  54 0016 0348     		ldr	r0, .L3
  55              	.LVL3:
  56              		.loc 1 12 12 view .LVU8
  57 0018 FFF7FEFF 		bl	HAL_I2C_Master_Transmit
  58              	.LVL4:
  13:Core/Src/mpu6050.c **** }
  59              		.loc 1 13 1 view .LVU9
  60 001c 05B0     		add	sp, sp, #20
  61              	.LCFI2:
  62              		.cfi_def_cfa_offset 4
  63              		@ sp needed
  64 001e 5DF804FB 		ldr	pc, [sp], #4
  65              	.L4:
  66 0022 00BF     		.align	2
  67              	.L3:
  68 0024 00000000 		.word	hi2c1
  69              		.cfi_endproc
  70              	.LFE65:
  72              		.section	.text.I2C_ReadRegs,"ax",%progbits
  73              		.align	1
  74              		.syntax unified
  75              		.thumb
  76              		.thumb_func
  78              	I2C_ReadRegs:
  79              	.LVL5:
  80              	.LFB66:
  14:Core/Src/mpu6050.c **** 
  15:Core/Src/mpu6050.c **** static HAL_StatusTypeDef I2C_ReadRegs(uint8_t devAddr, uint8_t regAddr,
  16:Core/Src/mpu6050.c ****                                        uint8_t *buf, uint8_t len)
  17:Core/Src/mpu6050.c **** {
  81              		.loc 1 17 1 is_stmt 1 view -0
  82              		.cfi_startproc
  83              		@ args = 0, pretend = 0, frame = 8
  84              		@ frame_needed = 0, uses_anonymous_args = 0
  85              		.loc 1 17 1 is_stmt 0 view .LVU11
  86 0000 70B5     		push	{r4, r5, r6, lr}
  87              	.LCFI3:
  88              		.cfi_def_cfa_offset 16
  89              		.cfi_offset 4, -16
  90              		.cfi_offset 5, -12
  91              		.cfi_offset 6, -8
  92              		.cfi_offset 14, -4
  93 0002 84B0     		sub	sp, sp, #16
  94              	.LCFI4:
  95              		.cfi_def_cfa_offset 32
  96 0004 0446     		mov	r4, r0
  97 0006 1646     		mov	r6, r2
  98 0008 1D46     		mov	r5, r3
  99 000a 8DF80F10 		strb	r1, [sp, #15]
  18:Core/Src/mpu6050.c ****     HAL_StatusTypeDef rc;
ARM GAS  C:\Users\airforce\AppData\Local\Temp\cc4XyLcZ.s 			page 3


 100              		.loc 1 18 5 is_stmt 1 view .LVU12
  19:Core/Src/mpu6050.c ****     rc = HAL_I2C_Master_Transmit(&hi2c1, devAddr, &regAddr, 1, I2C_TIMEOUT);
 101              		.loc 1 19 5 view .LVU13
 102              		.loc 1 19 10 is_stmt 0 view .LVU14
 103 000e 6423     		movs	r3, #100
 104              	.LVL6:
 105              		.loc 1 19 10 view .LVU15
 106 0010 0093     		str	r3, [sp]
 107 0012 0123     		movs	r3, #1
 108 0014 0DF10F02 		add	r2, sp, #15
 109              	.LVL7:
 110              		.loc 1 19 10 view .LVU16
 111 0018 0146     		mov	r1, r0
 112              	.LVL8:
 113              		.loc 1 19 10 view .LVU17
 114 001a 0748     		ldr	r0, .L9
 115              	.LVL9:
 116              		.loc 1 19 10 view .LVU18
 117 001c FFF7FEFF 		bl	HAL_I2C_Master_Transmit
 118              	.LVL10:
  20:Core/Src/mpu6050.c ****     if (rc != HAL_OK) return rc;
 119              		.loc 1 20 5 is_stmt 1 view .LVU19
 120              		.loc 1 20 8 is_stmt 0 view .LVU20
 121 0020 08B1     		cbz	r0, .L8
 122              	.L6:
  21:Core/Src/mpu6050.c ****     return HAL_I2C_Master_Receive(&hi2c1, devAddr, buf, len, I2C_TIMEOUT);
  22:Core/Src/mpu6050.c **** }
 123              		.loc 1 22 1 view .LVU21
 124 0022 04B0     		add	sp, sp, #16
 125              	.LCFI5:
 126              		.cfi_remember_state
 127              		.cfi_def_cfa_offset 16
 128              		@ sp needed
 129 0024 70BD     		pop	{r4, r5, r6, pc}
 130              	.LVL11:
 131              	.L8:
 132              	.LCFI6:
 133              		.cfi_restore_state
  21:Core/Src/mpu6050.c ****     return HAL_I2C_Master_Receive(&hi2c1, devAddr, buf, len, I2C_TIMEOUT);
 134              		.loc 1 21 5 is_stmt 1 view .LVU22
  21:Core/Src/mpu6050.c ****     return HAL_I2C_Master_Receive(&hi2c1, devAddr, buf, len, I2C_TIMEOUT);
 135              		.loc 1 21 12 is_stmt 0 view .LVU23
 136 0026 6423     		movs	r3, #100
 137 0028 0093     		str	r3, [sp]
 138 002a 2B46     		mov	r3, r5
 139 002c 3246     		mov	r2, r6
 140 002e 2146     		mov	r1, r4
 141 0030 0148     		ldr	r0, .L9
 142 0032 FFF7FEFF 		bl	HAL_I2C_Master_Receive
 143              	.LVL12:
 144 0036 F4E7     		b	.L6
 145              	.L10:
 146              		.align	2
 147              	.L9:
 148 0038 00000000 		.word	hi2c1
 149              		.cfi_endproc
 150              	.LFE66:
ARM GAS  C:\Users\airforce\AppData\Local\Temp\cc4XyLcZ.s 			page 4


 152              		.section	.text.I2C_ReadReg,"ax",%progbits
 153              		.align	1
 154              		.syntax unified
 155              		.thumb
 156              		.thumb_func
 158              	I2C_ReadReg:
 159              	.LVL13:
 160              	.LFB67:
  23:Core/Src/mpu6050.c **** 
  24:Core/Src/mpu6050.c **** static HAL_StatusTypeDef I2C_ReadReg(uint8_t devAddr, uint8_t regAddr, uint8_t *val)
  25:Core/Src/mpu6050.c **** {
 161              		.loc 1 25 1 is_stmt 1 view -0
 162              		.cfi_startproc
 163              		@ args = 0, pretend = 0, frame = 0
 164              		@ frame_needed = 0, uses_anonymous_args = 0
 165              		.loc 1 25 1 is_stmt 0 view .LVU25
 166 0000 08B5     		push	{r3, lr}
 167              	.LCFI7:
 168              		.cfi_def_cfa_offset 8
 169              		.cfi_offset 3, -8
 170              		.cfi_offset 14, -4
  26:Core/Src/mpu6050.c ****     return I2C_ReadRegs(devAddr, regAddr, val, 1);
 171              		.loc 1 26 5 is_stmt 1 view .LVU26
 172              		.loc 1 26 12 is_stmt 0 view .LVU27
 173 0002 0123     		movs	r3, #1
 174 0004 FFF7FEFF 		bl	I2C_ReadRegs
 175              	.LVL14:
  27:Core/Src/mpu6050.c **** }
 176              		.loc 1 27 1 view .LVU28
 177 0008 08BD     		pop	{r3, pc}
 178              		.cfi_endproc
 179              	.LFE67:
 181              		.section	.text.MPU6050_Init,"ax",%progbits
 182              		.align	1
 183              		.global	MPU6050_Init
 184              		.syntax unified
 185              		.thumb
 186              		.thumb_func
 188              	MPU6050_Init:
 189              	.LFB68:
  28:Core/Src/mpu6050.c **** 
  29:Core/Src/mpu6050.c **** /* ===== 初始化 MPU6050 ===== */
  30:Core/Src/mpu6050.c **** HAL_StatusTypeDef MPU6050_Init(void)
  31:Core/Src/mpu6050.c **** {
 190              		.loc 1 31 1 is_stmt 1 view -0
 191              		.cfi_startproc
 192              		@ args = 0, pretend = 0, frame = 8
 193              		@ frame_needed = 0, uses_anonymous_args = 0
 194 0000 00B5     		push	{lr}
 195              	.LCFI8:
 196              		.cfi_def_cfa_offset 4
 197              		.cfi_offset 14, -4
 198 0002 83B0     		sub	sp, sp, #12
 199              	.LCFI9:
 200              		.cfi_def_cfa_offset 16
  32:Core/Src/mpu6050.c ****     uint8_t reg;
 201              		.loc 1 32 5 view .LVU30
ARM GAS  C:\Users\airforce\AppData\Local\Temp\cc4XyLcZ.s 			page 5


  33:Core/Src/mpu6050.c **** 
  34:Core/Src/mpu6050.c ****     /* 1. 检查 WHO_AM_I */
  35:Core/Src/mpu6050.c ****     if (I2C_ReadReg(MPU6050_ADDR, MPU6050_REG_WHO_AM_I, &reg) != HAL_OK)
 202              		.loc 1 35 5 view .LVU31
 203              		.loc 1 35 9 is_stmt 0 view .LVU32
 204 0004 0DF10702 		add	r2, sp, #7
 205 0008 7521     		movs	r1, #117
 206 000a D020     		movs	r0, #208
 207 000c FFF7FEFF 		bl	I2C_ReadReg
 208              	.LVL15:
 209              		.loc 1 35 8 discriminator 1 view .LVU33
 210 0010 40BB     		cbnz	r0, .L15
  36:Core/Src/mpu6050.c ****         return HAL_ERROR;
  37:Core/Src/mpu6050.c ****     if (reg != 0x68) return HAL_ERROR;
 211              		.loc 1 37 5 is_stmt 1 view .LVU34
 212              		.loc 1 37 13 is_stmt 0 view .LVU35
 213 0012 9DF80730 		ldrb	r3, [sp, #7]	@ zero_extendqisi2
 214              		.loc 1 37 8 view .LVU36
 215 0016 682B     		cmp	r3, #104
 216 0018 03D0     		beq	.L22
 217              		.loc 1 37 29 discriminator 1 view .LVU37
 218 001a 0120     		movs	r0, #1
 219              	.L14:
  38:Core/Src/mpu6050.c **** 
  39:Core/Src/mpu6050.c ****     /* 2. 唤醒（清除 SLEEP 位） */
  40:Core/Src/mpu6050.c ****     if (I2C_WriteReg(MPU6050_ADDR, MPU6050_REG_PWR_MGMT_1, 0x00) != HAL_OK)
  41:Core/Src/mpu6050.c ****         return HAL_ERROR;
  42:Core/Src/mpu6050.c **** 
  43:Core/Src/mpu6050.c ****     /* 3. 采样率 = 1kHz / (1 + SMPRT_DIV) = 1kHz / 4 = 250Hz */
  44:Core/Src/mpu6050.c ****     if (I2C_WriteReg(MPU6050_ADDR, MPU6050_REG_SMPRT_DIV, 3) != HAL_OK)
  45:Core/Src/mpu6050.c ****         return HAL_ERROR;
  46:Core/Src/mpu6050.c **** 
  47:Core/Src/mpu6050.c ****     /* 4. 加速度计量程 ±2g */
  48:Core/Src/mpu6050.c ****     if (I2C_WriteReg(MPU6050_ADDR, MPU6050_REG_ACCEL_CONFIG, 0x00) != HAL_OK)
  49:Core/Src/mpu6050.c ****         return HAL_ERROR;
  50:Core/Src/mpu6050.c **** 
  51:Core/Src/mpu6050.c ****     /* 5. 陀螺仪量程 ±250°/s */
  52:Core/Src/mpu6050.c ****     if (I2C_WriteReg(MPU6050_ADDR, MPU6050_REG_GYRO_CONFIG, 0x00) != HAL_OK)
  53:Core/Src/mpu6050.c ****         return HAL_ERROR;
  54:Core/Src/mpu6050.c **** 
  55:Core/Src/mpu6050.c ****     return HAL_OK;
  56:Core/Src/mpu6050.c **** }
 220              		.loc 1 56 1 view .LVU38
 221 001c 03B0     		add	sp, sp, #12
 222              	.LCFI10:
 223              		.cfi_remember_state
 224              		.cfi_def_cfa_offset 4
 225              		@ sp needed
 226 001e 5DF804FB 		ldr	pc, [sp], #4
 227              	.L22:
 228              	.LCFI11:
 229              		.cfi_restore_state
  40:Core/Src/mpu6050.c ****         return HAL_ERROR;
 230              		.loc 1 40 5 is_stmt 1 view .LVU39
  40:Core/Src/mpu6050.c ****         return HAL_ERROR;
 231              		.loc 1 40 9 is_stmt 0 view .LVU40
 232 0022 0022     		movs	r2, #0
ARM GAS  C:\Users\airforce\AppData\Local\Temp\cc4XyLcZ.s 			page 6


 233 0024 6B21     		movs	r1, #107
 234 0026 D020     		movs	r0, #208
 235 0028 FFF7FEFF 		bl	I2C_WriteReg
 236              	.LVL16:
  40:Core/Src/mpu6050.c ****         return HAL_ERROR;
 237              		.loc 1 40 8 discriminator 1 view .LVU41
 238 002c 08B1     		cbz	r0, .L23
  41:Core/Src/mpu6050.c **** 
 239              		.loc 1 41 16 view .LVU42
 240 002e 0120     		movs	r0, #1
 241 0030 F4E7     		b	.L14
 242              	.L23:
  44:Core/Src/mpu6050.c ****         return HAL_ERROR;
 243              		.loc 1 44 5 is_stmt 1 view .LVU43
  44:Core/Src/mpu6050.c ****         return HAL_ERROR;
 244              		.loc 1 44 9 is_stmt 0 view .LVU44
 245 0032 0322     		movs	r2, #3
 246 0034 1921     		movs	r1, #25
 247 0036 D020     		movs	r0, #208
 248 0038 FFF7FEFF 		bl	I2C_WriteReg
 249              	.LVL17:
  44:Core/Src/mpu6050.c ****         return HAL_ERROR;
 250              		.loc 1 44 8 discriminator 1 view .LVU45
 251 003c 08B1     		cbz	r0, .L24
  45:Core/Src/mpu6050.c **** 
 252              		.loc 1 45 16 view .LVU46
 253 003e 0120     		movs	r0, #1
 254 0040 ECE7     		b	.L14
 255              	.L24:
  48:Core/Src/mpu6050.c ****         return HAL_ERROR;
 256              		.loc 1 48 5 is_stmt 1 view .LVU47
  48:Core/Src/mpu6050.c ****         return HAL_ERROR;
 257              		.loc 1 48 9 is_stmt 0 view .LVU48
 258 0042 0022     		movs	r2, #0
 259 0044 1C21     		movs	r1, #28
 260 0046 D020     		movs	r0, #208
 261 0048 FFF7FEFF 		bl	I2C_WriteReg
 262              	.LVL18:
  48:Core/Src/mpu6050.c ****         return HAL_ERROR;
 263              		.loc 1 48 8 discriminator 1 view .LVU49
 264 004c 08B1     		cbz	r0, .L25
  49:Core/Src/mpu6050.c **** 
 265              		.loc 1 49 16 view .LVU50
 266 004e 0120     		movs	r0, #1
 267 0050 E4E7     		b	.L14
 268              	.L25:
  52:Core/Src/mpu6050.c ****         return HAL_ERROR;
 269              		.loc 1 52 5 is_stmt 1 view .LVU51
  52:Core/Src/mpu6050.c ****         return HAL_ERROR;
 270              		.loc 1 52 9 is_stmt 0 view .LVU52
 271 0052 0022     		movs	r2, #0
 272 0054 1B21     		movs	r1, #27
 273 0056 D020     		movs	r0, #208
 274 0058 FFF7FEFF 		bl	I2C_WriteReg
 275              	.LVL19:
  52:Core/Src/mpu6050.c ****         return HAL_ERROR;
 276              		.loc 1 52 8 discriminator 1 view .LVU53
ARM GAS  C:\Users\airforce\AppData\Local\Temp\cc4XyLcZ.s 			page 7


 277 005c 0028     		cmp	r0, #0
 278 005e DDD0     		beq	.L14
  53:Core/Src/mpu6050.c **** 
 279              		.loc 1 53 16 view .LVU54
 280 0060 0120     		movs	r0, #1
 281 0062 DBE7     		b	.L14
 282              	.L15:
  36:Core/Src/mpu6050.c ****     if (reg != 0x68) return HAL_ERROR;
 283              		.loc 1 36 16 view .LVU55
 284 0064 0120     		movs	r0, #1
 285 0066 D9E7     		b	.L14
 286              		.cfi_endproc
 287              	.LFE68:
 289              		.section	.text.MPU6050_ReadWhoAmI,"ax",%progbits
 290              		.align	1
 291              		.global	MPU6050_ReadWhoAmI
 292              		.syntax unified
 293              		.thumb
 294              		.thumb_func
 296              	MPU6050_ReadWhoAmI:
 297              	.LFB69:
  57:Core/Src/mpu6050.c **** 
  58:Core/Src/mpu6050.c **** /* ===== 读 WHO_AM_I ===== */
  59:Core/Src/mpu6050.c **** uint8_t MPU6050_ReadWhoAmI(void)
  60:Core/Src/mpu6050.c **** {
 298              		.loc 1 60 1 is_stmt 1 view -0
 299              		.cfi_startproc
 300              		@ args = 0, pretend = 0, frame = 8
 301              		@ frame_needed = 0, uses_anonymous_args = 0
 302 0000 00B5     		push	{lr}
 303              	.LCFI12:
 304              		.cfi_def_cfa_offset 4
 305              		.cfi_offset 14, -4
 306 0002 83B0     		sub	sp, sp, #12
 307              	.LCFI13:
 308              		.cfi_def_cfa_offset 16
  61:Core/Src/mpu6050.c ****     uint8_t reg;
 309              		.loc 1 61 5 view .LVU57
  62:Core/Src/mpu6050.c ****     if (I2C_ReadReg(MPU6050_ADDR, MPU6050_REG_WHO_AM_I, &reg) == HAL_OK)
 310              		.loc 1 62 5 view .LVU58
 311              		.loc 1 62 9 is_stmt 0 view .LVU59
 312 0004 0DF10702 		add	r2, sp, #7
 313 0008 7521     		movs	r1, #117
 314 000a D020     		movs	r0, #208
 315 000c FFF7FEFF 		bl	I2C_ReadReg
 316              	.LVL20:
 317              		.loc 1 62 8 discriminator 1 view .LVU60
 318 0010 18B1     		cbz	r0, .L30
  63:Core/Src/mpu6050.c ****         return reg;
  64:Core/Src/mpu6050.c ****     return 0;
 319              		.loc 1 64 12 view .LVU61
 320 0012 0020     		movs	r0, #0
 321              	.L27:
  65:Core/Src/mpu6050.c **** }
 322              		.loc 1 65 1 view .LVU62
 323 0014 03B0     		add	sp, sp, #12
 324              	.LCFI14:
ARM GAS  C:\Users\airforce\AppData\Local\Temp\cc4XyLcZ.s 			page 8


 325              		.cfi_remember_state
 326              		.cfi_def_cfa_offset 4
 327              		@ sp needed
 328 0016 5DF804FB 		ldr	pc, [sp], #4
 329              	.L30:
 330              	.LCFI15:
 331              		.cfi_restore_state
  63:Core/Src/mpu6050.c ****         return reg;
 332              		.loc 1 63 9 is_stmt 1 view .LVU63
  63:Core/Src/mpu6050.c ****         return reg;
 333              		.loc 1 63 16 is_stmt 0 view .LVU64
 334 001a 9DF80700 		ldrb	r0, [sp, #7]	@ zero_extendqisi2
 335 001e F9E7     		b	.L27
 336              		.cfi_endproc
 337              	.LFE69:
 339              		.section	.text.MPU6050_ReadAll,"ax",%progbits
 340              		.align	1
 341              		.global	MPU6050_ReadAll
 342              		.syntax unified
 343              		.thumb
 344              		.thumb_func
 346              	MPU6050_ReadAll:
 347              	.LVL21:
 348              	.LFB70:
  66:Core/Src/mpu6050.c **** 
  67:Core/Src/mpu6050.c **** /* ===== 读全部传感器数据（加速度 + 温度 + 角速度，共 14 字节） ===== */
  68:Core/Src/mpu6050.c **** HAL_StatusTypeDef MPU6050_ReadAll(MPU6050_Data_t *data)
  69:Core/Src/mpu6050.c **** {
 349              		.loc 1 69 1 is_stmt 1 view -0
 350              		.cfi_startproc
 351              		@ args = 0, pretend = 0, frame = 16
 352              		@ frame_needed = 0, uses_anonymous_args = 0
 353              		.loc 1 69 1 is_stmt 0 view .LVU66
 354 0000 10B5     		push	{r4, lr}
 355              	.LCFI16:
 356              		.cfi_def_cfa_offset 8
 357              		.cfi_offset 4, -8
 358              		.cfi_offset 14, -4
 359 0002 84B0     		sub	sp, sp, #16
 360              	.LCFI17:
 361              		.cfi_def_cfa_offset 24
 362 0004 0446     		mov	r4, r0
  70:Core/Src/mpu6050.c ****     uint8_t buf[14];
 363              		.loc 1 70 5 is_stmt 1 view .LVU67
  71:Core/Src/mpu6050.c **** 
  72:Core/Src/mpu6050.c ****     if (I2C_ReadRegs(MPU6050_ADDR, MPU6050_REG_ACCEL_XOUT_H, buf, 14) != HAL_OK)
 364              		.loc 1 72 5 view .LVU68
 365              		.loc 1 72 9 is_stmt 0 view .LVU69
 366 0006 0E23     		movs	r3, #14
 367 0008 6A46     		mov	r2, sp
 368 000a 3B21     		movs	r1, #59
 369 000c D020     		movs	r0, #208
 370              	.LVL22:
 371              		.loc 1 72 9 view .LVU70
 372 000e FFF7FEFF 		bl	I2C_ReadRegs
 373              	.LVL23:
 374              		.loc 1 72 8 discriminator 1 view .LVU71
ARM GAS  C:\Users\airforce\AppData\Local\Temp\cc4XyLcZ.s 			page 9


 375 0012 90BB     		cbnz	r0, .L33
  73:Core/Src/mpu6050.c ****         return HAL_ERROR;
  74:Core/Src/mpu6050.c **** 
  75:Core/Src/mpu6050.c ****     /* 大端拼接 */
  76:Core/Src/mpu6050.c ****     data->ax   = (int16_t)((buf[0]  << 8) | buf[1]);
 376              		.loc 1 76 5 is_stmt 1 view .LVU72
 377              		.loc 1 76 32 is_stmt 0 view .LVU73
 378 0014 9DF80020 		ldrb	r2, [sp]	@ zero_extendqisi2
 379              		.loc 1 76 48 view .LVU74
 380 0018 9DF80130 		ldrb	r3, [sp, #1]	@ zero_extendqisi2
 381              		.loc 1 76 18 view .LVU75
 382 001c 43EA0223 		orr	r3, r3, r2, lsl #8
 383              		.loc 1 76 16 view .LVU76
 384 0020 2380     		strh	r3, [r4]	@ movhi
  77:Core/Src/mpu6050.c ****     data->ay   = (int16_t)((buf[2]  << 8) | buf[3]);
 385              		.loc 1 77 5 is_stmt 1 view .LVU77
 386              		.loc 1 77 32 is_stmt 0 view .LVU78
 387 0022 9DF80220 		ldrb	r2, [sp, #2]	@ zero_extendqisi2
 388              		.loc 1 77 48 view .LVU79
 389 0026 9DF80330 		ldrb	r3, [sp, #3]	@ zero_extendqisi2
 390              		.loc 1 77 18 view .LVU80
 391 002a 43EA0223 		orr	r3, r3, r2, lsl #8
 392              		.loc 1 77 16 view .LVU81
 393 002e 6380     		strh	r3, [r4, #2]	@ movhi
  78:Core/Src/mpu6050.c ****     data->az   = (int16_t)((buf[4]  << 8) | buf[5]);
 394              		.loc 1 78 5 is_stmt 1 view .LVU82
 395              		.loc 1 78 32 is_stmt 0 view .LVU83
 396 0030 9DF80420 		ldrb	r2, [sp, #4]	@ zero_extendqisi2
 397              		.loc 1 78 48 view .LVU84
 398 0034 9DF80530 		ldrb	r3, [sp, #5]	@ zero_extendqisi2
 399              		.loc 1 78 18 view .LVU85
 400 0038 43EA0223 		orr	r3, r3, r2, lsl #8
 401              		.loc 1 78 16 view .LVU86
 402 003c A380     		strh	r3, [r4, #4]	@ movhi
  79:Core/Src/mpu6050.c ****     data->temp = (int16_t)((buf[6]  << 8) | buf[7]);
 403              		.loc 1 79 5 is_stmt 1 view .LVU87
 404              		.loc 1 79 32 is_stmt 0 view .LVU88
 405 003e 9DF80620 		ldrb	r2, [sp, #6]	@ zero_extendqisi2
 406              		.loc 1 79 48 view .LVU89
 407 0042 9DF80730 		ldrb	r3, [sp, #7]	@ zero_extendqisi2
 408              		.loc 1 79 18 view .LVU90
 409 0046 43EA0223 		orr	r3, r3, r2, lsl #8
 410              		.loc 1 79 16 view .LVU91
 411 004a A381     		strh	r3, [r4, #12]	@ movhi
  80:Core/Src/mpu6050.c ****     data->gx   = (int16_t)((buf[8]  << 8) | buf[9]);
 412              		.loc 1 80 5 is_stmt 1 view .LVU92
 413              		.loc 1 80 32 is_stmt 0 view .LVU93
 414 004c 9DF80820 		ldrb	r2, [sp, #8]	@ zero_extendqisi2
 415              		.loc 1 80 48 view .LVU94
 416 0050 9DF80930 		ldrb	r3, [sp, #9]	@ zero_extendqisi2
 417              		.loc 1 80 18 view .LVU95
 418 0054 43EA0223 		orr	r3, r3, r2, lsl #8
 419              		.loc 1 80 16 view .LVU96
 420 0058 E380     		strh	r3, [r4, #6]	@ movhi
  81:Core/Src/mpu6050.c ****     data->gy   = (int16_t)((buf[10] << 8) | buf[11]);
 421              		.loc 1 81 5 is_stmt 1 view .LVU97
 422              		.loc 1 81 32 is_stmt 0 view .LVU98
ARM GAS  C:\Users\airforce\AppData\Local\Temp\cc4XyLcZ.s 			page 10


 423 005a 9DF80A20 		ldrb	r2, [sp, #10]	@ zero_extendqisi2
 424              		.loc 1 81 48 view .LVU99
 425 005e 9DF80B30 		ldrb	r3, [sp, #11]	@ zero_extendqisi2
 426              		.loc 1 81 18 view .LVU100
 427 0062 43EA0223 		orr	r3, r3, r2, lsl #8
 428              		.loc 1 81 16 view .LVU101
 429 0066 2381     		strh	r3, [r4, #8]	@ movhi
  82:Core/Src/mpu6050.c ****     data->gz   = (int16_t)((buf[12] << 8) | buf[13]);
 430              		.loc 1 82 5 is_stmt 1 view .LVU102
 431              		.loc 1 82 32 is_stmt 0 view .LVU103
 432 0068 9DF80C20 		ldrb	r2, [sp, #12]	@ zero_extendqisi2
 433              		.loc 1 82 48 view .LVU104
 434 006c 9DF80D30 		ldrb	r3, [sp, #13]	@ zero_extendqisi2
 435              		.loc 1 82 18 view .LVU105
 436 0070 43EA0223 		orr	r3, r3, r2, lsl #8
 437              		.loc 1 82 16 view .LVU106
 438 0074 6381     		strh	r3, [r4, #10]	@ movhi
  83:Core/Src/mpu6050.c **** 
  84:Core/Src/mpu6050.c ****     return HAL_OK;
 439              		.loc 1 84 5 is_stmt 1 view .LVU107
 440              	.L32:
  85:Core/Src/mpu6050.c **** }
 441              		.loc 1 85 1 is_stmt 0 view .LVU108
 442 0076 04B0     		add	sp, sp, #16
 443              	.LCFI18:
 444              		.cfi_remember_state
 445              		.cfi_def_cfa_offset 8
 446              		@ sp needed
 447 0078 10BD     		pop	{r4, pc}
 448              	.LVL24:
 449              	.L33:
 450              	.LCFI19:
 451              		.cfi_restore_state
  73:Core/Src/mpu6050.c **** 
 452              		.loc 1 73 16 view .LVU109
 453 007a 0120     		movs	r0, #1
 454 007c FBE7     		b	.L32
 455              		.cfi_endproc
 456              	.LFE70:
 458              		.text
 459              	.Letext0:
 460              		.file 2 "D:/stm32tools/arm-none-eabi-gcc/14.2.1-1.1.1/.content/arm-none-eabi/include/machine/_defa
 461              		.file 3 "D:/stm32tools/arm-none-eabi-gcc/14.2.1-1.1.1/.content/arm-none-eabi/include/sys/_stdint.h
 462              		.file 4 "Drivers/CMSIS/Device/ST/STM32F1xx/Include/stm32f103xb.h"
 463              		.file 5 "Drivers/STM32F1xx_HAL_Driver/Inc/stm32f1xx_hal_def.h"
 464              		.file 6 "Drivers/STM32F1xx_HAL_Driver/Inc/stm32f1xx_hal_dma.h"
 465              		.file 7 "Drivers/STM32F1xx_HAL_Driver/Inc/stm32f1xx_hal_i2c.h"
 466              		.file 8 "Core/Inc/mpu6050.h"
 467              		.file 9 "Core/Inc/i2c.h"
ARM GAS  C:\Users\airforce\AppData\Local\Temp\cc4XyLcZ.s 			page 11


DEFINED SYMBOLS
                            *ABS*:00000000 mpu6050.c
C:\Users\airforce\AppData\Local\Temp\cc4XyLcZ.s:19     .text.I2C_WriteReg:00000000 $t
C:\Users\airforce\AppData\Local\Temp\cc4XyLcZ.s:24     .text.I2C_WriteReg:00000000 I2C_WriteReg
C:\Users\airforce\AppData\Local\Temp\cc4XyLcZ.s:68     .text.I2C_WriteReg:00000024 $d
C:\Users\airforce\AppData\Local\Temp\cc4XyLcZ.s:73     .text.I2C_ReadRegs:00000000 $t
C:\Users\airforce\AppData\Local\Temp\cc4XyLcZ.s:78     .text.I2C_ReadRegs:00000000 I2C_ReadRegs
C:\Users\airforce\AppData\Local\Temp\cc4XyLcZ.s:148    .text.I2C_ReadRegs:00000038 $d
C:\Users\airforce\AppData\Local\Temp\cc4XyLcZ.s:153    .text.I2C_ReadReg:00000000 $t
C:\Users\airforce\AppData\Local\Temp\cc4XyLcZ.s:158    .text.I2C_ReadReg:00000000 I2C_ReadReg
C:\Users\airforce\AppData\Local\Temp\cc4XyLcZ.s:182    .text.MPU6050_Init:00000000 $t
C:\Users\airforce\AppData\Local\Temp\cc4XyLcZ.s:188    .text.MPU6050_Init:00000000 MPU6050_Init
C:\Users\airforce\AppData\Local\Temp\cc4XyLcZ.s:290    .text.MPU6050_ReadWhoAmI:00000000 $t
C:\Users\airforce\AppData\Local\Temp\cc4XyLcZ.s:296    .text.MPU6050_ReadWhoAmI:00000000 MPU6050_ReadWhoAmI
C:\Users\airforce\AppData\Local\Temp\cc4XyLcZ.s:340    .text.MPU6050_ReadAll:00000000 $t
C:\Users\airforce\AppData\Local\Temp\cc4XyLcZ.s:346    .text.MPU6050_ReadAll:00000000 MPU6050_ReadAll

UNDEFINED SYMBOLS
HAL_I2C_Master_Transmit
hi2c1
HAL_I2C_Master_Receive
