ARM GAS  C:\Users\airforce\AppData\Local\Temp\ccRLeU34.s 			page 1


   1              		.cpu cortex-m3
   2              		.arch armv7-m
   3              		.fpu softvfp
   4              		.eabi_attribute 20, 1
   5              		.eabi_attribute 21, 1
   6              		.eabi_attribute 23, 3
   7              		.eabi_attribute 24, 1
   8              		.eabi_attribute 25, 1
   9              		.eabi_attribute 26, 1
  10              		.eabi_attribute 30, 4
  11              		.eabi_attribute 34, 1
  12              		.eabi_attribute 18, 4
  13              		.file	"oled.c"
  14              		.text
  15              	.Ltext0:
  16              		.cfi_sections	.debug_frame
  17              		.file 1 "Core/Src/oled.c"
  18              		.section	.text.OLED_WriteCmd.part.0,"ax",%progbits
  19              		.align	1
  20              		.syntax unified
  21              		.thumb
  22              		.thumb_func
  24              	OLED_WriteCmd.part.0:
  25              	.LVL0:
  26              	.LFB78:
   1:Core/Src/oled.c **** #include"oled.h"
   2:Core/Src/oled.c **** extern const uint8_t OLED_F6x8[][6];
   3:Core/Src/oled.c **** 
   4:Core/Src/oled.c **** void OLED_WriteCmd(uint8_t cmd)
  27              		.loc 1 4 6 view -0
  28              		.cfi_startproc
  29              		@ args = 0, pretend = 0, frame = 0
  30              		@ frame_needed = 0, uses_anonymous_args = 0
   5:Core/Src/oled.c **** {
   6:Core/Src/oled.c ****     MyI2C_Start();
   7:Core/Src/oled.c **** 
   8:Core/Src/oled.c ****     MyI2C_SendByte(OLED_ADDR<<1);
   9:Core/Src/oled.c **** 
  10:Core/Src/oled.c ****     if(MyI2C_ReciveAck())
  11:Core/Src/oled.c ****     {
  12:Core/Src/oled.c ****         MyI2C_Stop();
  13:Core/Src/oled.c ****         return ;
  14:Core/Src/oled.c ****     }
  15:Core/Src/oled.c ****     MyI2C_SendByte(OLED_CMD);
  16:Core/Src/oled.c ****     if(MyI2C_ReciveAck())
  17:Core/Src/oled.c ****     {
  18:Core/Src/oled.c ****         MyI2C_Stop();
  19:Core/Src/oled.c ****         return ;
  20:Core/Src/oled.c ****     }
  21:Core/Src/oled.c **** 
  22:Core/Src/oled.c ****     MyI2C_SendByte(cmd);
  31              		.loc 1 22 5 view .LVU1
   4:Core/Src/oled.c **** {
  32              		.loc 1 4 6 is_stmt 0 view .LVU2
  33 0000 08B5     		push	{r3, lr}
  34              	.LCFI0:
  35              		.cfi_def_cfa_offset 8
ARM GAS  C:\Users\airforce\AppData\Local\Temp\ccRLeU34.s 			page 2


  36              		.cfi_offset 3, -8
  37              		.cfi_offset 14, -4
  38              		.loc 1 22 5 view .LVU3
  39 0002 FFF7FEFF 		bl	MyI2C_SendByte
  40              	.LVL1:
  23:Core/Src/oled.c ****     if(MyI2C_ReciveAck())
  41              		.loc 1 23 5 is_stmt 1 view .LVU4
  42              		.loc 1 23 8 is_stmt 0 view .LVU5
  43 0006 FFF7FEFF 		bl	MyI2C_ReciveAck
  44              	.LVL2:
  24:Core/Src/oled.c ****     {
  25:Core/Src/oled.c ****         MyI2C_Stop();
  45              		.loc 1 25 9 is_stmt 1 view .LVU6
  26:Core/Src/oled.c ****         return ;
  27:Core/Src/oled.c ****     }
  28:Core/Src/oled.c ****     MyI2C_Stop();
  29:Core/Src/oled.c **** 
  30:Core/Src/oled.c **** }
  46              		.loc 1 30 1 is_stmt 0 view .LVU7
  47 000a BDE80840 		pop	{r3, lr}
  48              	.LCFI1:
  49              		.cfi_restore 14
  50              		.cfi_restore 3
  51              		.cfi_def_cfa_offset 0
  25:Core/Src/oled.c ****         return ;
  52              		.loc 1 25 9 view .LVU8
  53 000e FFF7FEBF 		b	MyI2C_Stop
  54              	.LVL3:
  55              		.cfi_endproc
  56              	.LFE78:
  58              		.thumb_set OLED_WriteData.part.0,OLED_WriteCmd.part.0
  59              		.section	.text.OLED_WriteCmd,"ax",%progbits
  60              		.align	1
  61              		.global	OLED_WriteCmd
  62              		.syntax unified
  63              		.thumb
  64              		.thumb_func
  66              	OLED_WriteCmd:
  67              	.LVL4:
  68              	.LFB68:
   5:Core/Src/oled.c ****     MyI2C_Start();
  69              		.loc 1 5 1 is_stmt 1 view -0
  70              		.cfi_startproc
  71              		@ args = 0, pretend = 0, frame = 0
  72              		@ frame_needed = 0, uses_anonymous_args = 0
   6:Core/Src/oled.c **** 
  73              		.loc 1 6 5 view .LVU10
   5:Core/Src/oled.c ****     MyI2C_Start();
  74              		.loc 1 5 1 is_stmt 0 view .LVU11
  75 0000 10B5     		push	{r4, lr}
  76              	.LCFI2:
  77              		.cfi_def_cfa_offset 8
  78              		.cfi_offset 4, -8
  79              		.cfi_offset 14, -4
   5:Core/Src/oled.c ****     MyI2C_Start();
  80              		.loc 1 5 1 view .LVU12
  81 0002 0446     		mov	r4, r0
ARM GAS  C:\Users\airforce\AppData\Local\Temp\ccRLeU34.s 			page 3


   6:Core/Src/oled.c **** 
  82              		.loc 1 6 5 view .LVU13
  83 0004 FFF7FEFF 		bl	MyI2C_Start
  84              	.LVL5:
   8:Core/Src/oled.c **** 
  85              		.loc 1 8 5 is_stmt 1 view .LVU14
  86 0008 7820     		movs	r0, #120
  87 000a FFF7FEFF 		bl	MyI2C_SendByte
  88              	.LVL6:
  10:Core/Src/oled.c ****     {
  89              		.loc 1 10 5 view .LVU15
  10:Core/Src/oled.c ****     {
  90              		.loc 1 10 8 is_stmt 0 view .LVU16
  91 000e FFF7FEFF 		bl	MyI2C_ReciveAck
  92              	.LVL7:
  10:Core/Src/oled.c ****     {
  93              		.loc 1 10 7 discriminator 1 view .LVU17
  94 0012 18B1     		cbz	r0, .L3
  95              	.L4:
  12:Core/Src/oled.c ****         return ;
  96              		.loc 1 12 9 is_stmt 1 view .LVU18
  97              		.loc 1 30 1 is_stmt 0 view .LVU19
  98 0014 BDE81040 		pop	{r4, lr}
  99              	.LCFI3:
 100              		.cfi_remember_state
 101              		.cfi_restore 14
 102              		.cfi_restore 4
 103              		.cfi_def_cfa_offset 0
 104              	.LVL8:
  12:Core/Src/oled.c ****         return ;
 105              		.loc 1 12 9 view .LVU20
 106 0018 FFF7FEBF 		b	MyI2C_Stop
 107              	.LVL9:
 108              	.L3:
 109              	.LCFI4:
 110              		.cfi_restore_state
  15:Core/Src/oled.c ****     if(MyI2C_ReciveAck())
 111              		.loc 1 15 5 is_stmt 1 view .LVU21
 112 001c FFF7FEFF 		bl	MyI2C_SendByte
 113              	.LVL10:
  16:Core/Src/oled.c ****     {
 114              		.loc 1 16 5 view .LVU22
  16:Core/Src/oled.c ****     {
 115              		.loc 1 16 8 is_stmt 0 view .LVU23
 116 0020 FFF7FEFF 		bl	MyI2C_ReciveAck
 117              	.LVL11:
  16:Core/Src/oled.c ****     {
 118              		.loc 1 16 7 discriminator 1 view .LVU24
 119 0024 0028     		cmp	r0, #0
 120 0026 F5D1     		bne	.L4
 121 0028 2046     		mov	r0, r4
 122              		.loc 1 30 1 view .LVU25
 123 002a BDE81040 		pop	{r4, lr}
 124              	.LCFI5:
 125              		.cfi_restore 14
 126              		.cfi_restore 4
 127              		.cfi_def_cfa_offset 0
ARM GAS  C:\Users\airforce\AppData\Local\Temp\ccRLeU34.s 			page 4


 128 002e FFF7FEBF 		b	OLED_WriteCmd.part.0
 129              	.LVL12:
 130              		.cfi_endproc
 131              	.LFE68:
 133              		.section	.text.OLED_WriteData,"ax",%progbits
 134              		.align	1
 135              		.global	OLED_WriteData
 136              		.syntax unified
 137              		.thumb
 138              		.thumb_func
 140              	OLED_WriteData:
 141              	.LVL13:
 142              	.LFB69:
  31:Core/Src/oled.c **** 
  32:Core/Src/oled.c **** void OLED_WriteData(uint8_t data)
  33:Core/Src/oled.c **** {
 143              		.loc 1 33 1 is_stmt 1 view -0
 144              		.cfi_startproc
 145              		@ args = 0, pretend = 0, frame = 0
 146              		@ frame_needed = 0, uses_anonymous_args = 0
  34:Core/Src/oled.c ****     MyI2C_Start();
 147              		.loc 1 34 5 view .LVU27
  33:Core/Src/oled.c ****     MyI2C_Start();
 148              		.loc 1 33 1 is_stmt 0 view .LVU28
 149 0000 10B5     		push	{r4, lr}
 150              	.LCFI6:
 151              		.cfi_def_cfa_offset 8
 152              		.cfi_offset 4, -8
 153              		.cfi_offset 14, -4
  33:Core/Src/oled.c ****     MyI2C_Start();
 154              		.loc 1 33 1 view .LVU29
 155 0002 0446     		mov	r4, r0
 156              		.loc 1 34 5 view .LVU30
 157 0004 FFF7FEFF 		bl	MyI2C_Start
 158              	.LVL14:
  35:Core/Src/oled.c **** 
  36:Core/Src/oled.c ****     MyI2C_SendByte(OLED_ADDR<<1);
 159              		.loc 1 36 5 is_stmt 1 view .LVU31
 160 0008 7820     		movs	r0, #120
 161 000a FFF7FEFF 		bl	MyI2C_SendByte
 162              	.LVL15:
  37:Core/Src/oled.c **** 
  38:Core/Src/oled.c ****     if(MyI2C_ReciveAck())
 163              		.loc 1 38 5 view .LVU32
 164              		.loc 1 38 8 is_stmt 0 view .LVU33
 165 000e FFF7FEFF 		bl	MyI2C_ReciveAck
 166              	.LVL16:
 167              		.loc 1 38 7 discriminator 1 view .LVU34
 168 0012 18B1     		cbz	r0, .L6
 169              	.L7:
  39:Core/Src/oled.c ****     {
  40:Core/Src/oled.c ****         MyI2C_Stop();
 170              		.loc 1 40 9 is_stmt 1 view .LVU35
  41:Core/Src/oled.c ****         return ;
  42:Core/Src/oled.c ****     }
  43:Core/Src/oled.c ****      MyI2C_SendByte(OLED_DATA);
  44:Core/Src/oled.c ****     if(MyI2C_ReciveAck())
ARM GAS  C:\Users\airforce\AppData\Local\Temp\ccRLeU34.s 			page 5


  45:Core/Src/oled.c ****     {
  46:Core/Src/oled.c ****         MyI2C_Stop();
  47:Core/Src/oled.c ****         return ;
  48:Core/Src/oled.c ****     }
  49:Core/Src/oled.c ****     
  50:Core/Src/oled.c ****     MyI2C_SendByte(data);
  51:Core/Src/oled.c ****     if(MyI2C_ReciveAck())
  52:Core/Src/oled.c ****     {
  53:Core/Src/oled.c ****         MyI2C_Stop();
  54:Core/Src/oled.c ****         return ;
  55:Core/Src/oled.c ****     }
  56:Core/Src/oled.c ****     MyI2C_Stop();
  57:Core/Src/oled.c **** }
 171              		.loc 1 57 1 is_stmt 0 view .LVU36
 172 0014 BDE81040 		pop	{r4, lr}
 173              	.LCFI7:
 174              		.cfi_remember_state
 175              		.cfi_restore 14
 176              		.cfi_restore 4
 177              		.cfi_def_cfa_offset 0
 178              	.LVL17:
  40:Core/Src/oled.c ****         return ;
 179              		.loc 1 40 9 view .LVU37
 180 0018 FFF7FEBF 		b	MyI2C_Stop
 181              	.LVL18:
 182              	.L6:
 183              	.LCFI8:
 184              		.cfi_restore_state
  43:Core/Src/oled.c ****     if(MyI2C_ReciveAck())
 185              		.loc 1 43 6 is_stmt 1 view .LVU38
 186 001c 4020     		movs	r0, #64
 187 001e FFF7FEFF 		bl	MyI2C_SendByte
 188              	.LVL19:
  44:Core/Src/oled.c ****     {
 189              		.loc 1 44 5 view .LVU39
  44:Core/Src/oled.c ****     {
 190              		.loc 1 44 8 is_stmt 0 view .LVU40
 191 0022 FFF7FEFF 		bl	MyI2C_ReciveAck
 192              	.LVL20:
  44:Core/Src/oled.c ****     {
 193              		.loc 1 44 7 discriminator 1 view .LVU41
 194 0026 0028     		cmp	r0, #0
 195 0028 F4D1     		bne	.L7
 196 002a 2046     		mov	r0, r4
 197              		.loc 1 57 1 view .LVU42
 198 002c BDE81040 		pop	{r4, lr}
 199              	.LCFI9:
 200              		.cfi_restore 14
 201              		.cfi_restore 4
 202              		.cfi_def_cfa_offset 0
 203 0030 FFF7FEBF 		b	OLED_WriteData.part.0
 204              	.LVL21:
 205              		.cfi_endproc
 206              	.LFE69:
 208              		.section	.text.OLED_WriteCmdBuf,"ax",%progbits
 209              		.align	1
 210              		.global	OLED_WriteCmdBuf
ARM GAS  C:\Users\airforce\AppData\Local\Temp\ccRLeU34.s 			page 6


 211              		.syntax unified
 212              		.thumb
 213              		.thumb_func
 215              	OLED_WriteCmdBuf:
 216              	.LVL22:
 217              	.LFB70:
  58:Core/Src/oled.c **** 
  59:Core/Src/oled.c **** 
  60:Core/Src/oled.c **** void OLED_WriteCmdBuf(const uint8_t *cmds,uint8_t len)
  61:Core/Src/oled.c **** {
 218              		.loc 1 61 1 is_stmt 1 view -0
 219              		.cfi_startproc
 220              		@ args = 0, pretend = 0, frame = 0
 221              		@ frame_needed = 0, uses_anonymous_args = 0
  62:Core/Src/oled.c ****     MyI2C_Start();
 222              		.loc 1 62 5 view .LVU44
  61:Core/Src/oled.c ****     MyI2C_Start();
 223              		.loc 1 61 1 is_stmt 0 view .LVU45
 224 0000 38B5     		push	{r3, r4, r5, lr}
 225              	.LCFI10:
 226              		.cfi_def_cfa_offset 16
 227              		.cfi_offset 3, -16
 228              		.cfi_offset 4, -12
 229              		.cfi_offset 5, -8
 230              		.cfi_offset 14, -4
  61:Core/Src/oled.c ****     MyI2C_Start();
 231              		.loc 1 61 1 view .LVU46
 232 0002 0446     		mov	r4, r0
 233 0004 0D46     		mov	r5, r1
 234              		.loc 1 62 5 view .LVU47
 235 0006 FFF7FEFF 		bl	MyI2C_Start
 236              	.LVL23:
  63:Core/Src/oled.c **** 
  64:Core/Src/oled.c ****     MyI2C_SendByte(OLED_ADDR<<1);
 237              		.loc 1 64 5 is_stmt 1 view .LVU48
 238 000a 7820     		movs	r0, #120
 239 000c FFF7FEFF 		bl	MyI2C_SendByte
 240              	.LVL24:
  65:Core/Src/oled.c **** 
  66:Core/Src/oled.c ****     if(MyI2C_ReciveAck())
 241              		.loc 1 66 5 view .LVU49
 242              		.loc 1 66 8 is_stmt 0 view .LVU50
 243 0010 FFF7FEFF 		bl	MyI2C_ReciveAck
 244              	.LVL25:
 245              		.loc 1 66 7 discriminator 1 view .LVU51
 246 0014 18B1     		cbz	r0, .L9
 247              	.LVL26:
 248              	.L10:
  67:Core/Src/oled.c ****     {
  68:Core/Src/oled.c ****         MyI2C_Stop();
 249              		.loc 1 68 9 is_stmt 1 view .LVU52
  69:Core/Src/oled.c ****         return ;
  70:Core/Src/oled.c ****     }
  71:Core/Src/oled.c ****     MyI2C_SendByte(OLED_CMD);
  72:Core/Src/oled.c ****     if(MyI2C_ReciveAck())
  73:Core/Src/oled.c ****     {
  74:Core/Src/oled.c ****         MyI2C_Stop();
ARM GAS  C:\Users\airforce\AppData\Local\Temp\ccRLeU34.s 			page 7


  75:Core/Src/oled.c ****         return ;
  76:Core/Src/oled.c ****     }
  77:Core/Src/oled.c ****     for(uint8_t i=0;i<len;i++)
  78:Core/Src/oled.c ****     {
  79:Core/Src/oled.c ****         MyI2C_SendByte(cmds[i]);
  80:Core/Src/oled.c ****         if(MyI2C_ReciveAck())
  81:Core/Src/oled.c ****         {
  82:Core/Src/oled.c ****             MyI2C_Stop();
  83:Core/Src/oled.c ****             return ;
  84:Core/Src/oled.c ****         }
  85:Core/Src/oled.c **** 
  86:Core/Src/oled.c ****     }
  87:Core/Src/oled.c ****     
  88:Core/Src/oled.c ****     
  89:Core/Src/oled.c ****     MyI2C_Stop();
  90:Core/Src/oled.c **** }
 250              		.loc 1 90 1 is_stmt 0 view .LVU53
 251 0016 BDE83840 		pop	{r3, r4, r5, lr}
 252              	.LCFI11:
 253              		.cfi_remember_state
 254              		.cfi_restore 14
 255              		.cfi_restore 5
 256              		.cfi_restore 4
 257              		.cfi_restore 3
 258              		.cfi_def_cfa_offset 0
  68:Core/Src/oled.c ****         return ;
 259              		.loc 1 68 9 view .LVU54
 260 001a FFF7FEBF 		b	MyI2C_Stop
 261              	.LVL27:
 262              	.L9:
 263              	.LCFI12:
 264              		.cfi_restore_state
  71:Core/Src/oled.c ****     if(MyI2C_ReciveAck())
 265              		.loc 1 71 5 is_stmt 1 view .LVU55
 266 001e FFF7FEFF 		bl	MyI2C_SendByte
 267              	.LVL28:
  72:Core/Src/oled.c ****     {
 268              		.loc 1 72 5 view .LVU56
  72:Core/Src/oled.c ****     {
 269              		.loc 1 72 8 is_stmt 0 view .LVU57
 270 0022 FFF7FEFF 		bl	MyI2C_ReciveAck
 271              	.LVL29:
  72:Core/Src/oled.c ****     {
 272              		.loc 1 72 7 discriminator 1 view .LVU58
 273 0026 0028     		cmp	r0, #0
 274 0028 F5D1     		bne	.L10
 275 002a 2544     		add	r5, r5, r4
 276              	.LVL30:
 277              	.L11:
 278              	.LBB7:
 279              	.LBB8:
  77:Core/Src/oled.c ****     {
 280              		.loc 1 77 22 is_stmt 1 discriminator 1 view .LVU59
 281 002c A542     		cmp	r5, r4
 282 002e F2D0     		beq	.L10
  79:Core/Src/oled.c ****         if(MyI2C_ReciveAck())
 283              		.loc 1 79 9 view .LVU60
ARM GAS  C:\Users\airforce\AppData\Local\Temp\ccRLeU34.s 			page 8


 284 0030 14F8010B 		ldrb	r0, [r4], #1	@ zero_extendqisi2
 285              	.LVL31:
  79:Core/Src/oled.c ****         if(MyI2C_ReciveAck())
 286              		.loc 1 79 9 is_stmt 0 view .LVU61
 287 0034 FFF7FEFF 		bl	MyI2C_SendByte
 288              	.LVL32:
  80:Core/Src/oled.c ****         {
 289              		.loc 1 80 9 is_stmt 1 view .LVU62
  80:Core/Src/oled.c ****         {
 290              		.loc 1 80 12 is_stmt 0 view .LVU63
 291 0038 FFF7FEFF 		bl	MyI2C_ReciveAck
 292              	.LVL33:
  80:Core/Src/oled.c ****         {
 293              		.loc 1 80 11 discriminator 1 view .LVU64
 294 003c 0028     		cmp	r0, #0
 295 003e F5D0     		beq	.L11
 296 0040 E9E7     		b	.L10
 297              	.LBE8:
 298              	.LBE7:
 299              		.cfi_endproc
 300              	.LFE70:
 302              		.section	.text.OLED_WriteDataBuf,"ax",%progbits
 303              		.align	1
 304              		.global	OLED_WriteDataBuf
 305              		.syntax unified
 306              		.thumb
 307              		.thumb_func
 309              	OLED_WriteDataBuf:
 310              	.LVL34:
 311              	.LFB71:
  91:Core/Src/oled.c **** void OLED_WriteDataBuf(const uint8_t *data,uint8_t len)
  92:Core/Src/oled.c **** {
 312              		.loc 1 92 1 is_stmt 1 view -0
 313              		.cfi_startproc
 314              		@ args = 0, pretend = 0, frame = 0
 315              		@ frame_needed = 0, uses_anonymous_args = 0
  93:Core/Src/oled.c ****     MyI2C_Start();
 316              		.loc 1 93 5 view .LVU66
  92:Core/Src/oled.c ****     MyI2C_Start();
 317              		.loc 1 92 1 is_stmt 0 view .LVU67
 318 0000 38B5     		push	{r3, r4, r5, lr}
 319              	.LCFI13:
 320              		.cfi_def_cfa_offset 16
 321              		.cfi_offset 3, -16
 322              		.cfi_offset 4, -12
 323              		.cfi_offset 5, -8
 324              		.cfi_offset 14, -4
  92:Core/Src/oled.c ****     MyI2C_Start();
 325              		.loc 1 92 1 view .LVU68
 326 0002 0446     		mov	r4, r0
 327 0004 0D46     		mov	r5, r1
 328              		.loc 1 93 5 view .LVU69
 329 0006 FFF7FEFF 		bl	MyI2C_Start
 330              	.LVL35:
  94:Core/Src/oled.c **** 
  95:Core/Src/oled.c ****     MyI2C_SendByte(OLED_ADDR<<1);
 331              		.loc 1 95 5 is_stmt 1 view .LVU70
ARM GAS  C:\Users\airforce\AppData\Local\Temp\ccRLeU34.s 			page 9


 332 000a 7820     		movs	r0, #120
 333 000c FFF7FEFF 		bl	MyI2C_SendByte
 334              	.LVL36:
  96:Core/Src/oled.c **** 
  97:Core/Src/oled.c ****     if(MyI2C_ReciveAck())
 335              		.loc 1 97 5 view .LVU71
 336              		.loc 1 97 8 is_stmt 0 view .LVU72
 337 0010 FFF7FEFF 		bl	MyI2C_ReciveAck
 338              	.LVL37:
 339              		.loc 1 97 7 discriminator 1 view .LVU73
 340 0014 18B1     		cbz	r0, .L14
 341              	.LVL38:
 342              	.L15:
  98:Core/Src/oled.c ****     {
  99:Core/Src/oled.c ****         MyI2C_Stop();
 343              		.loc 1 99 9 is_stmt 1 view .LVU74
 100:Core/Src/oled.c ****         return ;
 101:Core/Src/oled.c ****     }
 102:Core/Src/oled.c ****     MyI2C_SendByte(OLED_DATA);
 103:Core/Src/oled.c ****     if(MyI2C_ReciveAck())
 104:Core/Src/oled.c ****     {
 105:Core/Src/oled.c ****         MyI2C_Stop();
 106:Core/Src/oled.c ****         return ;
 107:Core/Src/oled.c ****     }
 108:Core/Src/oled.c ****     for(uint8_t i=0;i<len;i++)
 109:Core/Src/oled.c ****     {
 110:Core/Src/oled.c ****         MyI2C_SendByte(data[i]);
 111:Core/Src/oled.c ****         if(MyI2C_ReciveAck())
 112:Core/Src/oled.c ****         {
 113:Core/Src/oled.c ****             MyI2C_Stop();
 114:Core/Src/oled.c ****             return ;
 115:Core/Src/oled.c ****         }
 116:Core/Src/oled.c **** 
 117:Core/Src/oled.c ****     }
 118:Core/Src/oled.c ****     
 119:Core/Src/oled.c ****     
 120:Core/Src/oled.c ****     MyI2C_Stop();
 121:Core/Src/oled.c **** }
 344              		.loc 1 121 1 is_stmt 0 view .LVU75
 345 0016 BDE83840 		pop	{r3, r4, r5, lr}
 346              	.LCFI14:
 347              		.cfi_remember_state
 348              		.cfi_restore 14
 349              		.cfi_restore 5
 350              		.cfi_restore 4
 351              		.cfi_restore 3
 352              		.cfi_def_cfa_offset 0
  99:Core/Src/oled.c ****         return ;
 353              		.loc 1 99 9 view .LVU76
 354 001a FFF7FEBF 		b	MyI2C_Stop
 355              	.LVL39:
 356              	.L14:
 357              	.LCFI15:
 358              		.cfi_restore_state
 102:Core/Src/oled.c ****     if(MyI2C_ReciveAck())
 359              		.loc 1 102 5 is_stmt 1 view .LVU77
 360 001e 4020     		movs	r0, #64
ARM GAS  C:\Users\airforce\AppData\Local\Temp\ccRLeU34.s 			page 10


 361 0020 FFF7FEFF 		bl	MyI2C_SendByte
 362              	.LVL40:
 103:Core/Src/oled.c ****     {
 363              		.loc 1 103 5 view .LVU78
 103:Core/Src/oled.c ****     {
 364              		.loc 1 103 8 is_stmt 0 view .LVU79
 365 0024 FFF7FEFF 		bl	MyI2C_ReciveAck
 366              	.LVL41:
 103:Core/Src/oled.c ****     {
 367              		.loc 1 103 7 discriminator 1 view .LVU80
 368 0028 0028     		cmp	r0, #0
 369 002a F4D1     		bne	.L15
 370 002c 2544     		add	r5, r5, r4
 371              	.LVL42:
 372              	.L16:
 373              	.LBB9:
 108:Core/Src/oled.c ****     {
 374              		.loc 1 108 22 is_stmt 1 discriminator 1 view .LVU81
 375 002e AC42     		cmp	r4, r5
 376 0030 F1D0     		beq	.L15
 110:Core/Src/oled.c ****         if(MyI2C_ReciveAck())
 377              		.loc 1 110 9 view .LVU82
 378 0032 14F8010B 		ldrb	r0, [r4], #1	@ zero_extendqisi2
 379              	.LVL43:
 110:Core/Src/oled.c ****         if(MyI2C_ReciveAck())
 380              		.loc 1 110 9 is_stmt 0 view .LVU83
 381 0036 FFF7FEFF 		bl	MyI2C_SendByte
 382              	.LVL44:
 111:Core/Src/oled.c ****         {
 383              		.loc 1 111 9 is_stmt 1 view .LVU84
 111:Core/Src/oled.c ****         {
 384              		.loc 1 111 12 is_stmt 0 view .LVU85
 385 003a FFF7FEFF 		bl	MyI2C_ReciveAck
 386              	.LVL45:
 111:Core/Src/oled.c ****         {
 387              		.loc 1 111 11 discriminator 1 view .LVU86
 388 003e 0028     		cmp	r0, #0
 389 0040 F5D0     		beq	.L16
 390 0042 E8E7     		b	.L15
 391              	.LBE9:
 392              		.cfi_endproc
 393              	.LFE71:
 395              		.section	.text.OLED_SetCursor,"ax",%progbits
 396              		.align	1
 397              		.global	OLED_SetCursor
 398              		.syntax unified
 399              		.thumb
 400              		.thumb_func
 402              	OLED_SetCursor:
 403              	.LVL46:
 404              	.LFB73:
 122:Core/Src/oled.c **** void OLED_Init(void)
 123:Core/Src/oled.c **** {
 124:Core/Src/oled.c ****     // SSD1306 上电后需等待 VDD 稳定
 125:Core/Src/oled.c ****     HAL_Delay(100);
 126:Core/Src/oled.c **** 
 127:Core/Src/oled.c ****     // Initialize OLED display
ARM GAS  C:\Users\airforce\AppData\Local\Temp\ccRLeU34.s 			page 11


 128:Core/Src/oled.c ****     const uint8_t init_cmds[] = {
 129:Core/Src/oled.c ****         0xAE,       // Display OFF
 130:Core/Src/oled.c ****         0xD5, 0x80, // Set OSC freq / divider
 131:Core/Src/oled.c ****         0xA8, 0x3F, // MUX ratio = 63 (128x64)
 132:Core/Src/oled.c ****         0xD3, 0x00, // Display offset = 0
 133:Core/Src/oled.c ****         0x40,       // Start line = 0
 134:Core/Src/oled.c ****         0x8D, 0x14, // Charge pump enable
 135:Core/Src/oled.c ****         0x20, 0x02, // Page addressing mode (配合 OLED_SetCursor 使用)
 136:Core/Src/oled.c ****         0xA1,       // Segment remap (左右镜像)
 137:Core/Src/oled.c ****         0xC8,       // COM scan direction (从上到下)
 138:Core/Src/oled.c ****         0xDA, 0x12, // COM pins hardware config (128x64)
 139:Core/Src/oled.c ****         0x81, 0xCF, // Contrast
 140:Core/Src/oled.c ****         0xD9, 0xF1, // Pre-charge period
 141:Core/Src/oled.c ****         0xDB, 0x40, // VCOMH deselect level
 142:Core/Src/oled.c ****         0xA4,       // Display normal (非全亮)
 143:Core/Src/oled.c ****         0xA6,       // Normal display (非反相)
 144:Core/Src/oled.c ****         0x2E,       // Deactivate scroll
 145:Core/Src/oled.c ****         0xAF        // Display ON
 146:Core/Src/oled.c ****     };
 147:Core/Src/oled.c ****     OLED_WriteCmdBuf(init_cmds, sizeof(init_cmds));
 148:Core/Src/oled.c ****     OLED_Clear();
 149:Core/Src/oled.c **** 
 150:Core/Src/oled.c **** }
 151:Core/Src/oled.c **** void OLED_SetCursor(uint8_t page, uint8_t col)
 152:Core/Src/oled.c **** {
 405              		.loc 1 152 1 is_stmt 1 view -0
 406              		.cfi_startproc
 407              		@ args = 0, pretend = 0, frame = 0
 408              		@ frame_needed = 0, uses_anonymous_args = 0
 153:Core/Src/oled.c ****     OLED_WriteCmd(0xB0 + page);
 409              		.loc 1 153 5 view .LVU88
 152:Core/Src/oled.c ****     OLED_WriteCmd(0xB0 + page);
 410              		.loc 1 152 1 is_stmt 0 view .LVU89
 411 0000 10B5     		push	{r4, lr}
 412              	.LCFI16:
 413              		.cfi_def_cfa_offset 8
 414              		.cfi_offset 4, -8
 415              		.cfi_offset 14, -4
 152:Core/Src/oled.c ****     OLED_WriteCmd(0xB0 + page);
 416              		.loc 1 152 1 view .LVU90
 417 0002 0C46     		mov	r4, r1
 418              		.loc 1 153 5 view .LVU91
 419 0004 5038     		subs	r0, r0, #80
 420              	.LVL47:
 421              		.loc 1 153 5 view .LVU92
 422 0006 C0B2     		uxtb	r0, r0
 423              	.LVL48:
 424              		.loc 1 153 5 view .LVU93
 425 0008 FFF7FEFF 		bl	OLED_WriteCmd
 426              	.LVL49:
 154:Core/Src/oled.c ****     //分别设置地位四位地址
 155:Core/Src/oled.c ****     OLED_WriteCmd(0x00 + (col & 0x0F));
 427              		.loc 1 155 5 is_stmt 1 view .LVU94
 428 000c 04F00F00 		and	r0, r4, #15
 429 0010 FFF7FEFF 		bl	OLED_WriteCmd
 430              	.LVL50:
 156:Core/Src/oled.c ****     //高位四位地址
ARM GAS  C:\Users\airforce\AppData\Local\Temp\ccRLeU34.s 			page 12


 157:Core/Src/oled.c ****     OLED_WriteCmd(0x10 + ((col >> 4) & 0x0F));
 431              		.loc 1 157 5 view .LVU95
 432 0014 2009     		lsrs	r0, r4, #4
 433 0016 1030     		adds	r0, r0, #16
 158:Core/Src/oled.c **** }
 434              		.loc 1 158 1 is_stmt 0 view .LVU96
 435 0018 BDE81040 		pop	{r4, lr}
 436              	.LCFI17:
 437              		.cfi_restore 14
 438              		.cfi_restore 4
 439              		.cfi_def_cfa_offset 0
 440              	.LVL51:
 157:Core/Src/oled.c **** }
 441              		.loc 1 157 5 view .LVU97
 442 001c FFF7FEBF 		b	OLED_WriteCmd
 443              	.LVL52:
 444              		.cfi_endproc
 445              	.LFE73:
 447              		.section	.text.OLED_Clear,"ax",%progbits
 448              		.align	1
 449              		.global	OLED_Clear
 450              		.syntax unified
 451              		.thumb
 452              		.thumb_func
 454              	OLED_Clear:
 455              	.LFB74:
 159:Core/Src/oled.c **** 
 160:Core/Src/oled.c **** void OLED_Clear(void)
 161:Core/Src/oled.c **** {
 456              		.loc 1 161 1 is_stmt 1 view -0
 457              		.cfi_startproc
 458              		@ args = 0, pretend = 0, frame = 0
 459              		@ frame_needed = 0, uses_anonymous_args = 0
 162:Core/Src/oled.c ****     for(uint8_t i=0;i<8;i++)
 460              		.loc 1 162 5 view .LVU99
 461              	.LBB10:
 462              		.loc 1 162 9 view .LVU100
 463              	.LVL53:
 464              		.loc 1 162 22 discriminator 1 view .LVU101
 465              	.LBE10:
 161:Core/Src/oled.c ****     for(uint8_t i=0;i<8;i++)
 466              		.loc 1 161 1 is_stmt 0 view .LVU102
 467 0000 38B5     		push	{r3, r4, r5, lr}
 468              	.LCFI18:
 469              		.cfi_def_cfa_offset 16
 470              		.cfi_offset 3, -16
 471              		.cfi_offset 4, -12
 472              		.cfi_offset 5, -8
 473              		.cfi_offset 14, -4
 161:Core/Src/oled.c ****     for(uint8_t i=0;i<8;i++)
 474              		.loc 1 161 1 view .LVU103
 475 0002 0025     		movs	r5, #0
 476              	.LVL54:
 477              	.L21:
 478              	.LBB13:
 163:Core/Src/oled.c ****     {
 164:Core/Src/oled.c ****         OLED_SetCursor(i, 0);
ARM GAS  C:\Users\airforce\AppData\Local\Temp\ccRLeU34.s 			page 13


 479              		.loc 1 164 9 is_stmt 1 view .LVU104
 480 0004 0021     		movs	r1, #0
 481 0006 E8B2     		uxtb	r0, r5
 482 0008 FFF7FEFF 		bl	OLED_SetCursor
 483              	.LVL55:
 165:Core/Src/oled.c ****         for(uint8_t j=0;j<128;j++)
 484              		.loc 1 165 9 view .LVU105
 485              	.LBB11:
 486              		.loc 1 165 13 view .LVU106
 487              		.loc 1 165 26 discriminator 1 view .LVU107
 488              	.LBE11:
 164:Core/Src/oled.c ****         for(uint8_t j=0;j<128;j++)
 489              		.loc 1 164 9 is_stmt 0 view .LVU108
 490 000c 8024     		movs	r4, #128
 491              	.LVL56:
 492              	.L20:
 493              	.LBB12:
 166:Core/Src/oled.c ****         {
 167:Core/Src/oled.c ****             OLED_WriteData(0x00);
 494              		.loc 1 167 13 is_stmt 1 view .LVU109
 495 000e 0020     		movs	r0, #0
 165:Core/Src/oled.c ****         {
 496              		.loc 1 165 26 is_stmt 0 discriminator 1 view .LVU110
 497 0010 013C     		subs	r4, r4, #1
 498              	.LVL57:
 499              		.loc 1 167 13 view .LVU111
 500 0012 FFF7FEFF 		bl	OLED_WriteData
 501              	.LVL58:
 165:Core/Src/oled.c ****         {
 502              		.loc 1 165 32 is_stmt 1 discriminator 3 view .LVU112
 165:Core/Src/oled.c ****         {
 503              		.loc 1 165 26 discriminator 1 view .LVU113
 504 0016 14F0FF04 		ands	r4, r4, #255
 505 001a F8D1     		bne	.L20
 506              	.LBE12:
 162:Core/Src/oled.c ****     {
 507              		.loc 1 162 26 discriminator 2 view .LVU114
 508              	.LVL59:
 162:Core/Src/oled.c ****     {
 509              		.loc 1 162 22 discriminator 1 view .LVU115
 510 001c 0135     		adds	r5, r5, #1
 511              	.LVL60:
 162:Core/Src/oled.c ****     {
 512              		.loc 1 162 22 is_stmt 0 discriminator 1 view .LVU116
 513 001e 082D     		cmp	r5, #8
 514 0020 F0D1     		bne	.L21
 515              	.LBE13:
 168:Core/Src/oled.c ****         }
 169:Core/Src/oled.c ****     }
 170:Core/Src/oled.c **** 
 171:Core/Src/oled.c **** }
 516              		.loc 1 171 1 view .LVU117
 517 0022 38BD     		pop	{r3, r4, r5, pc}
 518              		.loc 1 171 1 view .LVU118
 519              		.cfi_endproc
 520              	.LFE74:
 522              		.section	.text.OLED_Init,"ax",%progbits
ARM GAS  C:\Users\airforce\AppData\Local\Temp\ccRLeU34.s 			page 14


 523              		.align	1
 524              		.global	OLED_Init
 525              		.syntax unified
 526              		.thumb
 527              		.thumb_func
 529              	OLED_Init:
 530              	.LFB72:
 123:Core/Src/oled.c ****     // SSD1306 上电后需等待 VDD 稳定
 531              		.loc 1 123 1 is_stmt 1 view -0
 532              		.cfi_startproc
 533              		@ args = 0, pretend = 0, frame = 32
 534              		@ frame_needed = 0, uses_anonymous_args = 0
 125:Core/Src/oled.c **** 
 535              		.loc 1 125 5 view .LVU120
 123:Core/Src/oled.c ****     // SSD1306 上电后需等待 VDD 稳定
 536              		.loc 1 123 1 is_stmt 0 view .LVU121
 537 0000 30B5     		push	{r4, r5, lr}
 538              	.LCFI19:
 539              		.cfi_def_cfa_offset 12
 540              		.cfi_offset 4, -12
 541              		.cfi_offset 5, -8
 542              		.cfi_offset 14, -4
 125:Core/Src/oled.c **** 
 543              		.loc 1 125 5 view .LVU122
 544 0002 6420     		movs	r0, #100
 123:Core/Src/oled.c ****     // SSD1306 上电后需等待 VDD 稳定
 545              		.loc 1 123 1 view .LVU123
 546 0004 89B0     		sub	sp, sp, #36
 547              	.LCFI20:
 548              		.cfi_def_cfa_offset 48
 125:Core/Src/oled.c **** 
 549              		.loc 1 125 5 view .LVU124
 550 0006 FFF7FEFF 		bl	HAL_Delay
 551              	.LVL61:
 128:Core/Src/oled.c ****         0xAE,       // Display OFF
 552              		.loc 1 128 5 is_stmt 1 view .LVU125
 128:Core/Src/oled.c ****         0xAE,       // Display OFF
 553              		.loc 1 128 19 is_stmt 0 view .LVU126
 554 000a 0B4B     		ldr	r3, .L27
 555 000c 01AA     		add	r2, sp, #4
 556 000e 03F11805 		add	r5, r3, #24
 557              	.L25:
 558 0012 1446     		mov	r4, r2
 559 0014 1868     		ldr	r0, [r3]	@ unaligned
 560 0016 5968     		ldr	r1, [r3, #4]	@ unaligned
 561 0018 0833     		adds	r3, r3, #8
 562 001a 03C4     		stmia	r4!, {r0, r1}
 563 001c AB42     		cmp	r3, r5
 564 001e 2246     		mov	r2, r4
 565 0020 F7D1     		bne	.L25
 566 0022 1B88     		ldrh	r3, [r3]	@ unaligned
 147:Core/Src/oled.c ****     OLED_Clear();
 567              		.loc 1 147 5 view .LVU127
 568 0024 1A21     		movs	r1, #26
 128:Core/Src/oled.c ****         0xAE,       // Display OFF
 569              		.loc 1 128 19 view .LVU128
 570 0026 2380     		strh	r3, [r4]	@ unaligned
ARM GAS  C:\Users\airforce\AppData\Local\Temp\ccRLeU34.s 			page 15


 147:Core/Src/oled.c ****     OLED_Clear();
 571              		.loc 1 147 5 is_stmt 1 view .LVU129
 572 0028 01A8     		add	r0, sp, #4
 573 002a FFF7FEFF 		bl	OLED_WriteCmdBuf
 574              	.LVL62:
 148:Core/Src/oled.c **** 
 575              		.loc 1 148 5 view .LVU130
 150:Core/Src/oled.c **** void OLED_SetCursor(uint8_t page, uint8_t col)
 576              		.loc 1 150 1 is_stmt 0 view .LVU131
 577 002e 09B0     		add	sp, sp, #36
 578              	.LCFI21:
 579              		.cfi_def_cfa_offset 12
 580              		@ sp needed
 581 0030 BDE83040 		pop	{r4, r5, lr}
 582              	.LCFI22:
 583              		.cfi_restore 14
 584              		.cfi_restore 5
 585              		.cfi_restore 4
 586              		.cfi_def_cfa_offset 0
 148:Core/Src/oled.c **** 
 587              		.loc 1 148 5 view .LVU132
 588 0034 FFF7FEBF 		b	OLED_Clear
 589              	.LVL63:
 590              	.L28:
 591              		.align	2
 592              	.L27:
 593 0038 00000000 		.word	.LANCHOR0
 594              		.cfi_endproc
 595              	.LFE72:
 597              		.section	.text.OLED_Fill,"ax",%progbits
 598              		.align	1
 599              		.global	OLED_Fill
 600              		.syntax unified
 601              		.thumb
 602              		.thumb_func
 604              	OLED_Fill:
 605              	.LVL64:
 606              	.LFB75:
 172:Core/Src/oled.c **** 
 173:Core/Src/oled.c **** /* 全屏填充测试：val=0xFF 全亮，val=0x00 全灭 */
 174:Core/Src/oled.c **** void OLED_Fill(uint8_t val)
 175:Core/Src/oled.c **** {
 607              		.loc 1 175 1 is_stmt 1 view -0
 608              		.cfi_startproc
 609              		@ args = 0, pretend = 0, frame = 0
 610              		@ frame_needed = 0, uses_anonymous_args = 0
 176:Core/Src/oled.c ****     for(uint8_t i=0;i<8;i++)
 611              		.loc 1 176 5 view .LVU134
 612              	.LBB14:
 613              		.loc 1 176 9 view .LVU135
 614              		.loc 1 176 22 discriminator 1 view .LVU136
 615              	.LBE14:
 175:Core/Src/oled.c ****     for(uint8_t i=0;i<8;i++)
 616              		.loc 1 175 1 is_stmt 0 view .LVU137
 617 0000 70B5     		push	{r4, r5, r6, lr}
 618              	.LCFI23:
 619              		.cfi_def_cfa_offset 16
ARM GAS  C:\Users\airforce\AppData\Local\Temp\ccRLeU34.s 			page 16


 620              		.cfi_offset 4, -16
 621              		.cfi_offset 5, -12
 622              		.cfi_offset 6, -8
 623              		.cfi_offset 14, -4
 175:Core/Src/oled.c ****     for(uint8_t i=0;i<8;i++)
 624              		.loc 1 175 1 view .LVU138
 625 0002 0646     		mov	r6, r0
 626 0004 0025     		movs	r5, #0
 627              	.LVL65:
 628              	.L31:
 629              	.LBB17:
 177:Core/Src/oled.c ****     {
 178:Core/Src/oled.c ****         OLED_SetCursor(i, 0);
 630              		.loc 1 178 9 is_stmt 1 view .LVU139
 631 0006 0021     		movs	r1, #0
 632 0008 E8B2     		uxtb	r0, r5
 633 000a FFF7FEFF 		bl	OLED_SetCursor
 634              	.LVL66:
 179:Core/Src/oled.c ****         for(uint8_t j=0;j<128;j++)
 635              		.loc 1 179 9 view .LVU140
 636              	.LBB15:
 637              		.loc 1 179 13 view .LVU141
 638              		.loc 1 179 26 discriminator 1 view .LVU142
 639              	.LBE15:
 178:Core/Src/oled.c ****         for(uint8_t j=0;j<128;j++)
 640              		.loc 1 178 9 is_stmt 0 view .LVU143
 641 000e 8024     		movs	r4, #128
 642              	.LVL67:
 643              	.L30:
 644              	.LBB16:
 180:Core/Src/oled.c ****         {
 181:Core/Src/oled.c ****             OLED_WriteData(val);
 645              		.loc 1 181 13 is_stmt 1 view .LVU144
 646 0010 3046     		mov	r0, r6
 179:Core/Src/oled.c ****         {
 647              		.loc 1 179 26 is_stmt 0 discriminator 1 view .LVU145
 648 0012 013C     		subs	r4, r4, #1
 649              	.LVL68:
 650              		.loc 1 181 13 view .LVU146
 651 0014 FFF7FEFF 		bl	OLED_WriteData
 652              	.LVL69:
 179:Core/Src/oled.c ****         {
 653              		.loc 1 179 32 is_stmt 1 discriminator 3 view .LVU147
 179:Core/Src/oled.c ****         {
 654              		.loc 1 179 26 discriminator 1 view .LVU148
 655 0018 14F0FF04 		ands	r4, r4, #255
 656 001c F8D1     		bne	.L30
 657              	.LBE16:
 176:Core/Src/oled.c ****     {
 658              		.loc 1 176 26 discriminator 2 view .LVU149
 659              	.LVL70:
 176:Core/Src/oled.c ****     {
 660              		.loc 1 176 22 discriminator 1 view .LVU150
 661 001e 0135     		adds	r5, r5, #1
 662              	.LVL71:
 176:Core/Src/oled.c ****     {
 663              		.loc 1 176 22 is_stmt 0 discriminator 1 view .LVU151
ARM GAS  C:\Users\airforce\AppData\Local\Temp\ccRLeU34.s 			page 17


 664 0020 082D     		cmp	r5, #8
 665 0022 F0D1     		bne	.L31
 666              	.LBE17:
 182:Core/Src/oled.c ****         }
 183:Core/Src/oled.c ****     }
 184:Core/Src/oled.c **** }
 667              		.loc 1 184 1 view .LVU152
 668 0024 70BD     		pop	{r4, r5, r6, pc}
 669              		.loc 1 184 1 view .LVU153
 670              		.cfi_endproc
 671              	.LFE75:
 673              		.section	.text.OLED_ShowString,"ax",%progbits
 674              		.align	1
 675              		.global	OLED_ShowString
 676              		.syntax unified
 677              		.thumb
 678              		.thumb_func
 680              	OLED_ShowString:
 681              	.LVL72:
 682              	.LFB76:
 185:Core/Src/oled.c **** void OLED_ShowString(uint8_t page,uint8_t col, const char *str)
 186:Core/Src/oled.c **** {
 683              		.loc 1 186 1 is_stmt 1 view -0
 684              		.cfi_startproc
 685              		@ args = 0, pretend = 0, frame = 0
 686              		@ frame_needed = 0, uses_anonymous_args = 0
 187:Core/Src/oled.c **** 
 188:Core/Src/oled.c ****     while(*str!='\0')
 687              		.loc 1 188 5 view .LVU155
 186:Core/Src/oled.c **** 
 688              		.loc 1 186 1 is_stmt 0 view .LVU156
 689 0000 2DE9F047 		push	{r4, r5, r6, r7, r8, r9, r10, lr}
 690              	.LCFI24:
 691              		.cfi_def_cfa_offset 32
 692              		.cfi_offset 4, -32
 693              		.cfi_offset 5, -28
 694              		.cfi_offset 6, -24
 695              		.cfi_offset 7, -20
 696              		.cfi_offset 8, -16
 697              		.cfi_offset 9, -12
 698              		.cfi_offset 10, -8
 699              		.cfi_offset 14, -4
 186:Core/Src/oled.c **** 
 700              		.loc 1 186 1 view .LVU157
 701 0004 0646     		mov	r6, r0
 702 0006 0D46     		mov	r5, r1
 703              	.LBB18:
 189:Core/Src/oled.c ****     {
 190:Core/Src/oled.c ****         if(*str<' '||*str>'~')
 191:Core/Src/oled.c ****         {
 192:Core/Src/oled.c ****             str++;
 193:Core/Src/oled.c ****             continue;
 194:Core/Src/oled.c ****         }
 195:Core/Src/oled.c ****         OLED_SetCursor(page, col);
 196:Core/Src/oled.c ****         const uint8_t *p = OLED_F6x8[*str - ' '];
 704              		.loc 1 196 24 view .LVU158
 705 0008 0627     		movs	r7, #6
ARM GAS  C:\Users\airforce\AppData\Local\Temp\ccRLeU34.s 			page 18


 706 000a DFF84080 		ldr	r8, .L40
 707 000e 02F1FF39 		add	r9, r2, #-1
 708              	.LVL73:
 709              	.L35:
 710              		.loc 1 196 24 view .LVU159
 711              	.LBE18:
 188:Core/Src/oled.c ****     {
 712              		.loc 1 188 15 is_stmt 1 view .LVU160
 188:Core/Src/oled.c ****     {
 713              		.loc 1 188 11 is_stmt 0 view .LVU161
 714 0012 19F8013F 		ldrb	r3, [r9, #1]!	@ zero_extendqisi2
 715              	.LVL74:
 188:Core/Src/oled.c ****     {
 716              		.loc 1 188 15 view .LVU162
 717 0016 0BB9     		cbnz	r3, .L38
 197:Core/Src/oled.c ****         for(uint8_t k=0; k<6; k++)
 198:Core/Src/oled.c ****         {
 199:Core/Src/oled.c ****             OLED_WriteData(p[k]);
 200:Core/Src/oled.c ****         }
 201:Core/Src/oled.c ****         col += 6;
 202:Core/Src/oled.c ****         str++;
 203:Core/Src/oled.c ****     }
 204:Core/Src/oled.c **** }
 718              		.loc 1 204 1 view .LVU163
 719 0018 BDE8F087 		pop	{r4, r5, r6, r7, r8, r9, r10, pc}
 720              	.LVL75:
 721              	.L38:
 722              	.LBB20:
 190:Core/Src/oled.c ****         {
 723              		.loc 1 190 9 is_stmt 1 view .LVU164
 190:Core/Src/oled.c ****         {
 724              		.loc 1 190 11 is_stmt 0 view .LVU165
 725 001c 203B     		subs	r3, r3, #32
 726 001e 5E2B     		cmp	r3, #94
 727 0020 F7D8     		bhi	.L35
 195:Core/Src/oled.c ****         const uint8_t *p = OLED_F6x8[*str - ' '];
 728              		.loc 1 195 9 is_stmt 1 view .LVU166
 729 0022 2946     		mov	r1, r5
 730 0024 3046     		mov	r0, r6
 731 0026 FFF7FEFF 		bl	OLED_SetCursor
 732              	.LVL76:
 196:Core/Src/oled.c ****         for(uint8_t k=0; k<6; k++)
 733              		.loc 1 196 9 view .LVU167
 196:Core/Src/oled.c ****         for(uint8_t k=0; k<6; k++)
 734              		.loc 1 196 38 is_stmt 0 view .LVU168
 735 002a 99F80030 		ldrb	r3, [r9]	@ zero_extendqisi2
 196:Core/Src/oled.c ****         for(uint8_t k=0; k<6; k++)
 736              		.loc 1 196 43 view .LVU169
 737 002e 203B     		subs	r3, r3, #32
 196:Core/Src/oled.c ****         for(uint8_t k=0; k<6; k++)
 738              		.loc 1 196 24 view .LVU170
 739 0030 07FB0383 		mla	r3, r7, r3, r8
 740              	.LVL77:
 197:Core/Src/oled.c ****         {
 741              		.loc 1 197 9 is_stmt 1 view .LVU171
 742              	.LBB19:
 197:Core/Src/oled.c ****         {
ARM GAS  C:\Users\airforce\AppData\Local\Temp\ccRLeU34.s 			page 19


 743              		.loc 1 197 13 view .LVU172
 197:Core/Src/oled.c ****         {
 744              		.loc 1 197 27 discriminator 1 view .LVU173
 745 0034 03F1FF3A 		add	r10, r3, #-1
 746 0038 5C1D     		adds	r4, r3, #5
 747              	.LVL78:
 748              	.L37:
 199:Core/Src/oled.c ****         }
 749              		.loc 1 199 13 view .LVU174
 750 003a 1AF8010F 		ldrb	r0, [r10, #1]!	@ zero_extendqisi2
 199:Core/Src/oled.c ****         }
 751              		.loc 1 199 13 is_stmt 0 view .LVU175
 752 003e FFF7FEFF 		bl	OLED_WriteData
 753              	.LVL79:
 197:Core/Src/oled.c ****         {
 754              		.loc 1 197 32 is_stmt 1 discriminator 3 view .LVU176
 197:Core/Src/oled.c ****         {
 755              		.loc 1 197 27 discriminator 1 view .LVU177
 756 0042 A245     		cmp	r10, r4
 757 0044 F9D1     		bne	.L37
 758              	.LBE19:
 201:Core/Src/oled.c ****         str++;
 759              		.loc 1 201 9 view .LVU178
 201:Core/Src/oled.c ****         str++;
 760              		.loc 1 201 13 is_stmt 0 view .LVU179
 761 0046 0635     		adds	r5, r5, #6
 762              	.LVL80:
 201:Core/Src/oled.c ****         str++;
 763              		.loc 1 201 13 view .LVU180
 764 0048 EDB2     		uxtb	r5, r5
 765              	.LVL81:
 202:Core/Src/oled.c ****     }
 766              		.loc 1 202 9 is_stmt 1 view .LVU181
 767 004a E2E7     		b	.L35
 768              	.L41:
 769              		.align	2
 770              	.L40:
 771 004c 00000000 		.word	OLED_F6x8
 772              	.LBE20:
 773              		.cfi_endproc
 774              	.LFE76:
 776              		.section	.rodata.OLED_ShowNum.str1.1,"aMS",%progbits,1
 777              	.LC1:
 778 0000 252E3366 		.ascii	"%.3f\000"
 778      00
 779              		.section	.text.OLED_ShowNum,"ax",%progbits
 780              		.align	1
 781              		.global	OLED_ShowNum
 782              		.syntax unified
 783              		.thumb
 784              		.thumb_func
 786              	OLED_ShowNum:
 787              	.LVL82:
 788              	.LFB77:
 205:Core/Src/oled.c **** 
 206:Core/Src/oled.c **** void OLED_ShowNum(uint8_t page,uint8_t col, float  data)
 207:Core/Src/oled.c **** {
ARM GAS  C:\Users\airforce\AppData\Local\Temp\ccRLeU34.s 			page 20


 789              		.loc 1 207 1 view -0
 790              		.cfi_startproc
 791              		@ args = 0, pretend = 0, frame = 16
 792              		@ frame_needed = 0, uses_anonymous_args = 0
 208:Core/Src/oled.c ****     char buf[12];
 793              		.loc 1 208 5 view .LVU183
 209:Core/Src/oled.c ****     snprintf(buf, sizeof(buf), "%.3f", data);
 794              		.loc 1 209 5 view .LVU184
 207:Core/Src/oled.c ****     char buf[12];
 795              		.loc 1 207 1 is_stmt 0 view .LVU185
 796 0000 30B5     		push	{r4, r5, lr}
 797              	.LCFI25:
 798              		.cfi_def_cfa_offset 12
 799              		.cfi_offset 4, -12
 800              		.cfi_offset 5, -8
 801              		.cfi_offset 14, -4
 802 0002 0446     		mov	r4, r0
 803 0004 87B0     		sub	sp, sp, #28
 804              	.LCFI26:
 805              		.cfi_def_cfa_offset 40
 806              		.loc 1 209 5 view .LVU186
 807 0006 1046     		mov	r0, r2
 808              	.LVL83:
 207:Core/Src/oled.c ****     char buf[12];
 809              		.loc 1 207 1 view .LVU187
 810 0008 0D46     		mov	r5, r1
 811              		.loc 1 209 5 view .LVU188
 812 000a FFF7FEFF 		bl	__aeabi_f2d
 813              	.LVL84:
 814              		.loc 1 209 5 view .LVU189
 815 000e CDE90001 		strd	r0, [sp]
 816 0012 0C21     		movs	r1, #12
 817 0014 054A     		ldr	r2, .L43
 818 0016 0DEB0100 		add	r0, sp, r1
 819 001a FFF7FEFF 		bl	snprintf
 820              	.LVL85:
 210:Core/Src/oled.c ****     OLED_ShowString(page, col, buf);
 821              		.loc 1 210 5 is_stmt 1 view .LVU190
 822 001e 2946     		mov	r1, r5
 823 0020 2046     		mov	r0, r4
 824 0022 03AA     		add	r2, sp, #12
 825 0024 FFF7FEFF 		bl	OLED_ShowString
 826              	.LVL86:
 211:Core/Src/oled.c **** }
 827              		.loc 1 211 1 is_stmt 0 view .LVU191
 828 0028 07B0     		add	sp, sp, #28
 829              	.LCFI27:
 830              		.cfi_def_cfa_offset 12
 831              		@ sp needed
 832 002a 30BD     		pop	{r4, r5, pc}
 833              	.LVL87:
 834              	.L44:
 835              		.loc 1 211 1 view .LVU192
 836              		.align	2
 837              	.L43:
 838 002c 00000000 		.word	.LC1
 839              		.cfi_endproc
ARM GAS  C:\Users\airforce\AppData\Local\Temp\ccRLeU34.s 			page 21


 840              	.LFE77:
 842              		.global	OLED_F6x8
 843              		.section	.rodata.OLED_F6x8,"a"
 846              	OLED_F6x8:
 847 0000 00000000 		.ascii	"\000\000\000\000\000\000"
 847      0000
 848 0006 00005F00 		.ascii	"\000\000_\000\000\000"
 848      0000
 849 000c 00070007 		.ascii	"\000\007\000\007\000\000"
 849      0000
 850 0012 147F147F 		.ascii	"\024\177\024\177\024\000"
 850      1400
 851 0018 242A7F2A 		.ascii	"$*\177*\022\000"
 851      1200
 852 001e 23130864 		.ascii	"#\023\010db\000"
 852      6200
 853 0024 36495522 		.ascii	"6IU\"P\000"
 853      5000
 854 002a 00050300 		.ascii	"\000\005\003\000\000\000"
 854      0000
 855 0030 001C2241 		.ascii	"\000\034\"A\000\000"
 855      0000
 856 0036 0041221C 		.ascii	"\000A\"\034\000\000"
 856      0000
 857 003c 14083E08 		.ascii	"\024\010>\010\024\000"
 857      1400
 858 0042 08083E08 		.ascii	"\010\010>\010\010\000"
 858      0800
 859 0048 00503000 		.ascii	"\000P0\000\000\000"
 859      0000
 860 004e 08080808 		.ascii	"\010\010\010\010\010\000"
 860      0800
 861 0054 00606000 		.ascii	"\000``\000\000\000"
 861      0000
 862 005a 20100804 		.ascii	" \020\010\004\002\000"
 862      0200
 863 0060 3E514945 		.ascii	">QIE>\000"
 863      3E00
 864 0066 00427F40 		.ascii	"\000B\177@\000\000"
 864      0000
 865 006c 42615149 		.ascii	"BaQIF\000"
 865      4600
 866 0072 2141454B 		.ascii	"!AEK1\000"
 866      3100
 867 0078 1814127F 		.ascii	"\030\024\022\177\020\000"
 867      1000
 868 007e 27454545 		.ascii	"'EEE9\000"
 868      3900
 869 0084 3C4A4949 		.ascii	"<JII0\000"
 869      3000
 870 008a 01710905 		.ascii	"\001q\011\005\003\000"
 870      0300
 871 0090 36494949 		.ascii	"6III6\000"
 871      3600
 872 0096 06494929 		.ascii	"\006II)\036\000"
 872      1E00
 873 009c 00363600 		.ascii	"\00066\000\000\000"
ARM GAS  C:\Users\airforce\AppData\Local\Temp\ccRLeU34.s 			page 22


 873      0000
 874 00a2 00563600 		.ascii	"\000V6\000\000\000"
 874      0000
 875 00a8 08142241 		.ascii	"\010\024\"A\000\000"
 875      0000
 876 00ae 14141414 		.ascii	"\024\024\024\024\024\000"
 876      1400
 877 00b4 00412214 		.ascii	"\000A\"\024\010\000"
 877      0800
 878 00ba 02015109 		.ascii	"\002\001Q\011\006\000"
 878      0600
 879 00c0 32497941 		.ascii	"2IyA>\000"
 879      3E00
 880 00c6 7E111111 		.ascii	"~\021\021\021~\000"
 880      7E00
 881 00cc 7F494949 		.ascii	"\177III6\000"
 881      3600
 882 00d2 3E414141 		.ascii	">AAA\"\000"
 882      2200
 883 00d8 7F414122 		.ascii	"\177AA\"\034\000"
 883      1C00
 884 00de 7F494949 		.ascii	"\177IIIA\000"
 884      4100
 885 00e4 7F090909 		.ascii	"\177\011\011\011\001\000"
 885      0100
 886 00ea 3E414949 		.ascii	">AIIz\000"
 886      7A00
 887 00f0 7F080808 		.ascii	"\177\010\010\010\177\000"
 887      7F00
 888 00f6 00417F41 		.ascii	"\000A\177A\000\000"
 888      0000
 889 00fc 2040413F 		.ascii	" @A?\001\000"
 889      0100
 890 0102 7F081422 		.ascii	"\177\010\024\"A\000"
 890      4100
 891 0108 7F404040 		.ascii	"\177@@@@\000"
 891      4000
 892 010e 7F020C02 		.ascii	"\177\002\014\002\177\000"
 892      7F00
 893 0114 7F040810 		.ascii	"\177\004\010\020\177\000"
 893      7F00
 894 011a 3E414141 		.ascii	">AAA>\000"
 894      3E00
 895 0120 7F090909 		.ascii	"\177\011\011\011\006\000"
 895      0600
 896 0126 3E415121 		.ascii	">AQ!^\000"
 896      5E00
 897 012c 7F091929 		.ascii	"\177\011\031)F\000"
 897      4600
 898 0132 46494949 		.ascii	"FIII1\000"
 898      3100
 899 0138 01017F01 		.ascii	"\001\001\177\001\001\000"
 899      0100
 900 013e 3F404040 		.ascii	"?@@@?\000"
 900      3F00
 901 0144 1F204020 		.ascii	"\037 @ \037\000"
 901      1F00
ARM GAS  C:\Users\airforce\AppData\Local\Temp\ccRLeU34.s 			page 23


 902 014a 3F403840 		.ascii	"?@8@?\000"
 902      3F00
 903 0150 63140814 		.ascii	"c\024\010\024c\000"
 903      6300
 904 0156 07087008 		.ascii	"\007\010p\010\007\000"
 904      0700
 905 015c 61514945 		.ascii	"aQIEC\000"
 905      4300
 906 0162 007F4141 		.ascii	"\000\177AA\000\000"
 906      0000
 907 0168 02040810 		.ascii	"\002\004\010\020 \000"
 907      2000
 908 016e 0041417F 		.ascii	"\000AA\177\000\000"
 908      0000
 909 0174 04020102 		.ascii	"\004\002\001\002\004\000"
 909      0400
 910 017a 40404040 		.ascii	"@@@@@\000"
 910      4000
 911 0180 00010204 		.ascii	"\000\001\002\004\000\000"
 911      0000
 912 0186 20545454 		.ascii	" TTTx\000"
 912      7800
 913 018c 7F484444 		.ascii	"\177HDD8\000"
 913      3800
 914 0192 38444444 		.ascii	"8DDD \000"
 914      2000
 915 0198 38444448 		.ascii	"8DDH\177\000"
 915      7F00
 916 019e 38545454 		.ascii	"8TTT\030\000"
 916      1800
 917 01a4 087E0901 		.ascii	"\010~\011\001\002\000"
 917      0200
 918 01aa 0C525252 		.ascii	"\014RRR>\000"
 918      3E00
 919 01b0 7F080404 		.ascii	"\177\010\004\004x\000"
 919      7800
 920 01b6 00447D40 		.ascii	"\000D}@\000\000"
 920      0000
 921 01bc 2040443D 		.ascii	" @D=\000\000"
 921      0000
 922 01c2 7F102844 		.ascii	"\177\020(D\000\000"
 922      0000
 923 01c8 00417F40 		.ascii	"\000A\177@\000\000"
 923      0000
 924 01ce 7C041804 		.ascii	"|\004\030\004x\000"
 924      7800
 925 01d4 7C080404 		.ascii	"|\010\004\004x\000"
 925      7800
 926 01da 38444444 		.ascii	"8DDD8\000"
 926      3800
 927 01e0 7C141414 		.ascii	"|\024\024\024\010\000"
 927      0800
 928 01e6 08141418 		.ascii	"\010\024\024\030|\000"
 928      7C00
 929 01ec 7C080404 		.ascii	"|\010\004\004\010\000"
 929      0800
 930 01f2 48545454 		.ascii	"HTTT \000"
ARM GAS  C:\Users\airforce\AppData\Local\Temp\ccRLeU34.s 			page 24


 930      2000
 931 01f8 043F4440 		.ascii	"\004?D@ \000"
 931      2000
 932 01fe 3C404020 		.ascii	"<@@ |\000"
 932      7C00
 933 0204 1C204020 		.ascii	"\034 @ \034\000"
 933      1C00
 934 020a 3C403040 		.ascii	"<@0@<\000"
 934      3C00
 935 0210 44281028 		.ascii	"D(\020(D\000"
 935      4400
 936 0216 0C505050 		.ascii	"\014PPP<\000"
 936      3C00
 937 021c 4464544C 		.ascii	"DdTLD\000"
 937      4400
 938 0222 08364100 		.ascii	"\0106A\000\000\000"
 938      0000
 939 0228 00007F00 		.ascii	"\000\000\177\000\000\000"
 939      0000
 940 022e 00413608 		.ascii	"\000A6\010\000\000"
 940      0000
 941 0234 08040810 		.ascii	"\010\004\010\020\010\000"
 941      0800
 942              		.section	.rodata
 943              		.set	.LANCHOR0,. + 0
 944              	.LC0:
 945 0000 AED580A8 		.ascii	"\256\325\200\250?\323\000@\215\024 \002\241\310\332"
 945      3FD30040 
 945      8D142002 
 945      A1C8DA
 946 000f 1281CFD9 		.ascii	"\022\201\317\331\361\333@\244\246.\257"
 946      F1DB40A4 
 946      A62EAF
 947              		.text
 948              	.Letext0:
 949              		.file 2 "D:/stm32tools/arm-none-eabi-gcc/14.2.1-1.1.1/.content/arm-none-eabi/include/machine/_defa
 950              		.file 3 "D:/stm32tools/arm-none-eabi-gcc/14.2.1-1.1.1/.content/arm-none-eabi/include/sys/_stdint.h
 951              		.file 4 "Drivers/STM32F1xx_HAL_Driver/Inc/stm32f1xx_hal.h"
 952              		.file 5 "Core/Inc/soft_i2c.h"
 953              		.file 6 "D:/stm32tools/arm-none-eabi-gcc/14.2.1-1.1.1/.content/arm-none-eabi/include/stdio.h"
ARM GAS  C:\Users\airforce\AppData\Local\Temp\ccRLeU34.s 			page 25


DEFINED SYMBOLS
                            *ABS*:00000000 oled.c
C:\Users\airforce\AppData\Local\Temp\ccRLeU34.s:19     .text.OLED_WriteCmd.part.0:00000000 $t
C:\Users\airforce\AppData\Local\Temp\ccRLeU34.s:24     .text.OLED_WriteCmd.part.0:00000000 OLED_WriteCmd.part.0
C:\Users\airforce\AppData\Local\Temp\ccRLeU34.s:24     .text.OLED_WriteCmd.part.0:00000000 OLED_WriteData.part.0
C:\Users\airforce\AppData\Local\Temp\ccRLeU34.s:60     .text.OLED_WriteCmd:00000000 $t
C:\Users\airforce\AppData\Local\Temp\ccRLeU34.s:66     .text.OLED_WriteCmd:00000000 OLED_WriteCmd
C:\Users\airforce\AppData\Local\Temp\ccRLeU34.s:134    .text.OLED_WriteData:00000000 $t
C:\Users\airforce\AppData\Local\Temp\ccRLeU34.s:140    .text.OLED_WriteData:00000000 OLED_WriteData
C:\Users\airforce\AppData\Local\Temp\ccRLeU34.s:209    .text.OLED_WriteCmdBuf:00000000 $t
C:\Users\airforce\AppData\Local\Temp\ccRLeU34.s:215    .text.OLED_WriteCmdBuf:00000000 OLED_WriteCmdBuf
C:\Users\airforce\AppData\Local\Temp\ccRLeU34.s:303    .text.OLED_WriteDataBuf:00000000 $t
C:\Users\airforce\AppData\Local\Temp\ccRLeU34.s:309    .text.OLED_WriteDataBuf:00000000 OLED_WriteDataBuf
C:\Users\airforce\AppData\Local\Temp\ccRLeU34.s:396    .text.OLED_SetCursor:00000000 $t
C:\Users\airforce\AppData\Local\Temp\ccRLeU34.s:402    .text.OLED_SetCursor:00000000 OLED_SetCursor
C:\Users\airforce\AppData\Local\Temp\ccRLeU34.s:448    .text.OLED_Clear:00000000 $t
C:\Users\airforce\AppData\Local\Temp\ccRLeU34.s:454    .text.OLED_Clear:00000000 OLED_Clear
C:\Users\airforce\AppData\Local\Temp\ccRLeU34.s:523    .text.OLED_Init:00000000 $t
C:\Users\airforce\AppData\Local\Temp\ccRLeU34.s:529    .text.OLED_Init:00000000 OLED_Init
C:\Users\airforce\AppData\Local\Temp\ccRLeU34.s:593    .text.OLED_Init:00000038 $d
C:\Users\airforce\AppData\Local\Temp\ccRLeU34.s:598    .text.OLED_Fill:00000000 $t
C:\Users\airforce\AppData\Local\Temp\ccRLeU34.s:604    .text.OLED_Fill:00000000 OLED_Fill
C:\Users\airforce\AppData\Local\Temp\ccRLeU34.s:674    .text.OLED_ShowString:00000000 $t
C:\Users\airforce\AppData\Local\Temp\ccRLeU34.s:680    .text.OLED_ShowString:00000000 OLED_ShowString
C:\Users\airforce\AppData\Local\Temp\ccRLeU34.s:771    .text.OLED_ShowString:0000004c $d
C:\Users\airforce\AppData\Local\Temp\ccRLeU34.s:846    .rodata.OLED_F6x8:00000000 OLED_F6x8
C:\Users\airforce\AppData\Local\Temp\ccRLeU34.s:780    .text.OLED_ShowNum:00000000 $t
C:\Users\airforce\AppData\Local\Temp\ccRLeU34.s:786    .text.OLED_ShowNum:00000000 OLED_ShowNum
C:\Users\airforce\AppData\Local\Temp\ccRLeU34.s:838    .text.OLED_ShowNum:0000002c $d

UNDEFINED SYMBOLS
MyI2C_SendByte
MyI2C_ReciveAck
MyI2C_Stop
MyI2C_Start
HAL_Delay
__aeabi_f2d
snprintf
