Archive member included to satisfy reference by file (symbol)

D:/stm32tools/arm-none-eabi-gcc/14.2.1-1.1.1/.content/bin/../lib/gcc/arm-none-eabi/14.2.1/../../../../arm-none-eabi/lib/thumb/v7-m/nofp\libc_nano.a(libc_a-atexit.o)
                              D:/stm32tools/arm-none-eabi-gcc/14.2.1-1.1.1/.content/bin/../lib/gcc/arm-none-eabi/14.2.1/../../../../arm-none-eabi/lib/thumb/v7-m/nofp/crt0.o (atexit)
D:/stm32tools/arm-none-eabi-gcc/14.2.1-1.1.1/.content/bin/../lib/gcc/arm-none-eabi/14.2.1/../../../../arm-none-eabi/lib/thumb/v7-m/nofp\libc_nano.a(libc_a-exit.o)
                              D:/stm32tools/arm-none-eabi-gcc/14.2.1-1.1.1/.content/bin/../lib/gcc/arm-none-eabi/14.2.1/../../../../arm-none-eabi/lib/thumb/v7-m/nofp/crt0.o (exit)
D:/stm32tools/arm-none-eabi-gcc/14.2.1-1.1.1/.content/bin/../lib/gcc/arm-none-eabi/14.2.1/../../../../arm-none-eabi/lib/thumb/v7-m/nofp\libc_nano.a(libc_a-nano-vfprintf_float.o)
                              (_printf_float)
D:/stm32tools/arm-none-eabi-gcc/14.2.1-1.1.1/.content/bin/../lib/gcc/arm-none-eabi/14.2.1/../../../../arm-none-eabi/lib/thumb/v7-m/nofp\libc_nano.a(libc_a-nano-vfprintf_i.o)
                              D:/stm32tools/arm-none-eabi-gcc/14.2.1-1.1.1/.content/bin/../lib/gcc/arm-none-eabi/14.2.1/../../../../arm-none-eabi/lib/thumb/v7-m/nofp\libc_nano.a(libc_a-nano-vfprintf_float.o) (_printf_common)
D:/stm32tools/arm-none-eabi-gcc/14.2.1-1.1.1/.content/bin/../lib/gcc/arm-none-eabi/14.2.1/../../../../arm-none-eabi/lib/thumb/v7-m/nofp\libc_nano.a(libc_a-findfp.o)
                              D:/stm32tools/arm-none-eabi-gcc/14.2.1-1.1.1/.content/bin/../lib/gcc/arm-none-eabi/14.2.1/../../../../arm-none-eabi/lib/thumb/v7-m/nofp\libc_nano.a(libc_a-exit.o) (__stdio_exit_handler)
D:/stm32tools/arm-none-eabi-gcc/14.2.1-1.1.1/.content/bin/../lib/gcc/arm-none-eabi/14.2.1/../../../../arm-none-eabi/lib/thumb/v7-m/nofp\libc_nano.a(libc_a-fwalk.o)
                              D:/stm32tools/arm-none-eabi-gcc/14.2.1-1.1.1/.content/bin/../lib/gcc/arm-none-eabi/14.2.1/../../../../arm-none-eabi/lib/thumb/v7-m/nofp\libc_nano.a(libc_a-findfp.o) (_fwalk_sglue)
D:/stm32tools/arm-none-eabi-gcc/14.2.1-1.1.1/.content/bin/../lib/gcc/arm-none-eabi/14.2.1/../../../../arm-none-eabi/lib/thumb/v7-m/nofp\libc_nano.a(libc_a-printf.o)
                              build/main.o (printf)
D:/stm32tools/arm-none-eabi-gcc/14.2.1-1.1.1/.content/bin/../lib/gcc/arm-none-eabi/14.2.1/../../../../arm-none-eabi/lib/thumb/v7-m/nofp\libc_nano.a(libc_a-puts.o)
                              build/main.o (puts)
D:/stm32tools/arm-none-eabi-gcc/14.2.1-1.1.1/.content/bin/../lib/gcc/arm-none-eabi/14.2.1/../../../../arm-none-eabi/lib/thumb/v7-m/nofp\libc_nano.a(libc_a-snprintf.o)
                              build/oled.o (snprintf)
D:/stm32tools/arm-none-eabi-gcc/14.2.1-1.1.1/.content/bin/../lib/gcc/arm-none-eabi/14.2.1/../../../../arm-none-eabi/lib/thumb/v7-m/nofp\libc_nano.a(libc_a-sprintf.o)
                              build/tasks.o (sprintf)
D:/stm32tools/arm-none-eabi-gcc/14.2.1-1.1.1/.content/bin/../lib/gcc/arm-none-eabi/14.2.1/../../../../arm-none-eabi/lib/thumb/v7-m/nofp\libc_nano.a(libc_a-stdio.o)
                              D:/stm32tools/arm-none-eabi-gcc/14.2.1-1.1.1/.content/bin/../lib/gcc/arm-none-eabi/14.2.1/../../../../arm-none-eabi/lib/thumb/v7-m/nofp\libc_nano.a(libc_a-findfp.o) (__sread)
D:/stm32tools/arm-none-eabi-gcc/14.2.1-1.1.1/.content/bin/../lib/gcc/arm-none-eabi/14.2.1/../../../../arm-none-eabi/lib/thumb/v7-m/nofp\libc_nano.a(libc_a-wbuf.o)
                              D:/stm32tools/arm-none-eabi-gcc/14.2.1-1.1.1/.content/bin/../lib/gcc/arm-none-eabi/14.2.1/../../../../arm-none-eabi/lib/thumb/v7-m/nofp\libc_nano.a(libc_a-puts.o) (__swbuf_r)
D:/stm32tools/arm-none-eabi-gcc/14.2.1-1.1.1/.content/bin/../lib/gcc/arm-none-eabi/14.2.1/../../../../arm-none-eabi/lib/thumb/v7-m/nofp\libc_nano.a(libc_a-wsetup.o)
                              D:/stm32tools/arm-none-eabi-gcc/14.2.1-1.1.1/.content/bin/../lib/gcc/arm-none-eabi/14.2.1/../../../../arm-none-eabi/lib/thumb/v7-m/nofp\libc_nano.a(libc_a-puts.o) (__swsetup_r)
D:/stm32tools/arm-none-eabi-gcc/14.2.1-1.1.1/.content/bin/../lib/gcc/arm-none-eabi/14.2.1/../../../../arm-none-eabi/lib/thumb/v7-m/nofp\libc_nano.a(libc_a-memset.o)
                              D:/stm32tools/arm-none-eabi-gcc/14.2.1-1.1.1/.content/bin/../lib/gcc/arm-none-eabi/14.2.1/../../../../arm-none-eabi/lib/thumb/v7-m/nofp/crt0.o (memset)
D:/stm32tools/arm-none-eabi-gcc/14.2.1-1.1.1/.content/bin/../lib/gcc/arm-none-eabi/14.2.1/../../../../arm-none-eabi/lib/thumb/v7-m/nofp\libc_nano.a(libc_a-localeconv.o)
                              D:/stm32tools/arm-none-eabi-gcc/14.2.1-1.1.1/.content/bin/../lib/gcc/arm-none-eabi/14.2.1/../../../../arm-none-eabi/lib/thumb/v7-m/nofp\libc_nano.a(libc_a-nano-vfprintf_float.o) (_localeconv_r)
[...]
Memory Configuration

Name             Origin             Length             Attributes
RAM              0x20000000         0x00005000         xrw
FLASH            0x08000000         0x00010000         xr
*default*        0x00000000         0xffffffff

Linker script and memory map

LOAD D:/stm32tools/arm-none-eabi-gcc/14.2.1-1.1.1/.content/bin/../lib/gcc/arm-none-eabi/14.2.1/thumb/v7-m/nofp/crti.o
LOAD D:/stm32tools/arm-none-eabi-gcc/14.2.1-1.1.1/.content/bin/../lib/gcc/arm-none-eabi/14.2.1/thumb/v7-m/nofp/crtbegin.o
LOAD D:/stm32tools/arm-none-eabi-gcc/14.2.1-1.1.1/.content/bin/../lib/gcc/arm-none-eabi/14.2.1/../../../../arm-none-eabi/lib/thumb/v7-m/nofp/crt0.o
LOAD build/main.o
LOAD build/stm32f1xx_it.o
LOAD build/stm32f1xx_hal_msp.o
LOAD build/stm32f1xx_hal_gpio_ex.o
LOAD build/stm32f1xx_hal_tim.o
LOAD build/stm32f1xx_hal_tim_ex.o
LOAD build/stm32f1xx_hal_uart.o
LOAD build/stm32f1xx_hal.o
LOAD build/stm32f1xx_hal_rcc.o
LOAD build/stm32f1xx_hal_rcc_ex.o
LOAD build/stm32f1xx_hal_gpio.o
LOAD build/stm32f1xx_hal_dma.o
LOAD build/stm32f1xx_hal_cortex.o
LOAD build/stm32f1xx_hal_pwr.o
LOAD build/stm32f1xx_hal_flash.o
LOAD build/stm32f1xx_hal_flash_ex.o
LOAD build/stm32f1xx_hal_exti.o
LOAD build/system_stm32f1xx.o
LOAD build/tasks.o
LOAD build/list.o
LOAD build/queue.o
LOAD build/timers.o
LOAD build/event_groups.o
LOAD build/stream_buffer.o
LOAD build/heap_4.o
LOAD build/port.o
LOAD build/stm32f1xx_hal_timebase_tim.o
LOAD build/gpio.o
LOAD build/usart.o
LOAD build/debug_uart.o
LOAD build/dma.o
LOAD build/i2c.o
LOAD build/mpu6050.o
LOAD build/soft_i2c.o
LOAD build/oled.o
LOAD build/stm32f1xx_hal_i2c.o
LOAD build/startup_stm32f103xb.o
LOAD D:/stm32tools/arm-none-eabi-gcc/14.2.1-1.1.1/.content/bin/../lib/gcc/arm-none-eabi/14.2.1/../../../../arm-none-eabi/lib/thumb/v7-m/nofp\libc_nano.a
LOAD D:/stm32tools/arm-none-eabi-gcc/14.2.1-1.1.1/.content/bin/../lib/gcc/arm-none-eabi/14.2.1/../../../../arm-none-eabi/lib/thumb/v7-m/nofp\libm.a
LOAD D:/stm32tools/arm-none-eabi-gcc/14.2.1-1.1.1/.content/bin/../lib/gcc/arm-none-eabi/14.2.1/../../../../arm-none-eabi/lib/thumb/v7-m/nofp\libnosys.a
START GROUP
LOAD D:/stm32tools/arm-none-eabi-gcc/14.2.1-1.1.1/.content/bin/../lib/gcc/arm-none-eabi/14.2.1/thumb/v7-m/nofp\libgcc.a
LOAD D:/stm32tools/arm-none-eabi-gcc/14.2.1-1.1.1/.content/bin/../lib/gcc/arm-none-eabi/14.2.1/../../../../arm-none-eabi/lib/thumb/v7-m/nofp\libc_nano.a
END GROUP
START GROUP
LOAD D:/stm32tools/arm-none-eabi-gcc/14.2.1-1.1.1/.content/bin/../lib/gcc/arm-none-eabi/14.2.1/thumb/v7-m/nofp\libgcc.a
LOAD D:/stm32tools/arm-none-eabi-gcc/14.2.1-1.1.1/.content/bin/../lib/gcc/arm-none-eabi/14.2.1/../../../../arm-none-eabi/lib/thumb/v7-m/nofp\libc_nano.a
END GROUP
LOAD D:/stm32tools/arm-none-eabi-gcc/14.2.1-1.1.1/.content/bin/../lib/gcc/arm-none-eabi/14.2.1/thumb/v7-m/nofp/crtend.o
LOAD D:/stm32tools/arm-none-eabi-gcc/14.2.1-1.1.1/.content/bin/../lib/gcc/arm-none-eabi/14.2.1/thumb/v7-m/nofp/crtn.o
                0x20005000                        _estack = 0x20005000
                0x00000200                        _Min_Heap_Size = 0x200
                0x00000400                        _Min_Stack_Size = 0x400

.isr_vector     0x08000000      0x10c
                0x08000000                        . = ALIGN (0x4)
 *(.isr_vector)
 .isr_vector    0x08000000      0x10c build/startup_stm32f103xb.o
                0x08000000                g_pfnVectors
                0x0800010c                        . = ALIGN (0x4)

.text           0x08000110     0x79d8
                0x08000110                        . = ALIGN (0x4)
 *(.text)
 .text          0x08000110       0x10 D:/stm32tools/arm-none-eabi-gcc/14.2.1-1.1.1/.content/bin/../lib/gcc/arm-none-eabi/14.2.1/../../../../arm-none-eabi/lib/thumb/v7-m/nofp\libc_nano.a(libc_a-strlen.o)
                0x08000110                strlen
 .text          0x08000120      0x168 D:/stm32tools/arm-none-eabi-gcc/14.2.1-1.1.1/.content/bin/../lib/gcc/arm-none-eabi/14.2.1/thumb/v7-m/nofp\libgcc.a(_arm_mulsf3.o)
                0x08000120                __aeabi_fmul
                0x08000120                __mulsf3
 .text          0x08000288      0x378 D:/stm32tools/arm-none-eabi-gcc/14.2.1-1.1.1/.content/bin/../lib/gcc/arm-none-eabi/14.2.1/thumb/v7-m/nofp\libgcc.a(_arm_addsubdf3.o)
                0x08000288                __aeabi_drsub
                0x08000290                __aeabi_dsub
                0x08000290                __subdf3
                0x08000294                __aeabi_dadd
                0x08000294                __adddf3
                0x0800050c                __floatunsidf
                0x0800050c                __aeabi_ui2d
                0x0800052c                __floatsidf
                0x0800052c                __aeabi_i2d
                0x08000550                __aeabi_f2d
                0x08000550                __extendsfdf2
                0x08000594                __floatundidf
                0x08000594                __aeabi_ul2d
                0x080005a4                __floatdidf
                0x080005a4                __aeabi_l2d
 .text          0x08000600      0x424 D:/stm32tools/arm-none-eabi-gcc/14.2.1-1.1.1/.content/bin/../lib/gcc/arm-none-eabi/14.2.1/thumb/v7-m/nofp\libgcc.a(_arm_muldivdf3.o)
                0x08000600                __aeabi_dmul
                0x08000600                __muldf3
                0x08000854                __divdf3
                0x08000854                __aeabi_ddiv
 .text          0x08000a24      0x110 D:/stm32tools/arm-none-eabi-gcc/14.2.1-1.1.1/.content/bin/../lib/gcc/arm-none-eabi/14.2.1/thumb/v7-m/nofp\libgcc.a(_arm_cmpdf2.o)
                0x08000a24                __gtdf2
                0x08000a24                __gedf2
                0x08000a2c                __ltdf2
                0x08000a2c                __ledf2
                0x08000a34                __nedf2
                0x08000a34                __eqdf2
                0x08000a34                __cmpdf2
                0x08000ab0                __aeabi_cdrcmple
                0x08000ac0                __aeabi_cdcmpeq
                0x08000ac0                __aeabi_cdcmple
                0x08000ad0                __aeabi_dcmpeq
                0x08000ae4                __aeabi_dcmplt
                0x08000af8                __aeabi_dcmple
                0x08000b0c                __aeabi_dcmpge
                0x08000b20                __aeabi_dcmpgt
 .text          0x08000b34       0x2c D:/stm32tools/arm-none-eabi-gcc/14.2.1-1.1.1/.content/bin/../lib/gcc/arm-none-eabi/14.2.1/thumb/v7-m/nofp\libgcc.a(_arm_unorddf2.o)
                0x08000b34                __unorddf2
                0x08000b34                __aeabi_dcmpun
 .text          0x08000b60       0x50 D:/stm32tools/arm-none-eabi-gcc/14.2.1-1.1.1/.content/bin/../lib/gcc/arm-none-eabi/14.2.1/thumb/v7-m/nofp\libgcc.a(_arm_fixdfsi.o)
                0x08000b60                __aeabi_d2iz
                0x08000b60                __fixdfsi
 .text          0x08000bb0      0x21c D:/stm32tools/arm-none-eabi-gcc/14.2.1-1.1.1/.content/bin/../lib/gcc/arm-none-eabi/14.2.1/thumb/v7-m/nofp\libgcc.a(_arm_addsubsf3.o)
                0x08000bb0                __aeabi_frsub
                0x08000bb8                __subsf3
                0x08000bb8                __aeabi_fsub
                0x08000bbc                __aeabi_fadd
                0x08000bbc                __addsf3
                0x08000d1c                __aeabi_ui2f
                0x08000d1c                __floatunsisf
                0x08000d24                __aeabi_i2f
                0x08000d24                __floatsisf
                0x08000d40                __aeabi_ul2f
                0x08000d40                __floatundisf
                0x08000d50                __aeabi_l2f
                0x08000d50                __floatdisf
 *(.text*)
 .text.__do_global_dtors_aux
                0x08000dcc       0x24 D:/stm32tools/arm-none-eabi-gcc/14.2.1-1.1.1/.content/bin/../lib/gcc/arm-none-eabi/14.2.1/thumb/v7-m/nofp/crtbegin.o
 .text.frame_dummy
                0x08000df0       0x1c D:/stm32tools/arm-none-eabi-gcc/14.2.1-1.1.1/.content/bin/../lib/gcc/arm-none-eabi/14.2.1/thumb/v7-m/nofp/crtbegin.o
 .text.Task_MPU6050_Read
                0x08000e0c       0x78 build/main.o
                0x08000e0c                Task_MPU6050_Read
 .text.Task_DataProcess
                0x08000e84       0x70 build/main.o
                0x08000e84                Task_DataProcess
 .text.Task_OLED_Display
                0x08000ef4       0xbc build/main.o
                0x08000ef4                Task_OLED_Display
 .text.vApplicationGetIdleTaskMemory
                0x08000fb0       0x18 build/main.o
                0x08000fb0                vApplicationGetIdleTaskMemory
 .text.vApplicationStackOverflowHook
                0x08000fc8       0x10 build/main.o
                0x08000fc8                vApplicationStackOverflowHook
 .text.HAL_TIM_PeriodElapsedCallback
                0x08000fd8       0x12 build/main.o
                0x08000fd8                HAL_TIM_PeriodElapsedCallback
 .text.Error_Handler
                0x08000fea        0x4 build/main.o
                0x08000fea                Error_Handler
 .text.SystemClock_Config
                0x08000fee       0x52 build/main.o
                0x08000fee                SystemClock_Config
 .text.main     0x08001040      0x154 build/main.o
                0x08001040                main
 .text.NMI_Handler
                0x08001194        0x2 build/stm32f1xx_it.o
                0x08001194                NMI_Handler
 .text.HardFault_Handler
                0x08001196        0x2 build/stm32f1xx_it.o
                0x08001196                HardFault_Handler
 .text.MemManage_Handler
                0x08001198        0x2 build/stm32f1xx_it.o
                0x08001198                MemManage_Handler
 .text.BusFault_Handler
                0x0800119a        0x2 build/stm32f1xx_it.o
                0x0800119a                BusFault_Handler
 .text.UsageFault_Handler
                0x0800119c        0x2 build/stm32f1xx_it.o
                0x0800119c                UsageFault_Handler
 .text.DebugMon_Handler
                0x0800119e        0x2 build/stm32f1xx_it.o
                0x0800119e                DebugMon_Handler
 .text.EXTI0_IRQHandler
                0x080011a0        0xa build/stm32f1xx_it.o
                0x080011a0                EXTI0_IRQHandler
 *fill*         0x080011aa        0x2 
 .text.DMA1_Channel4_IRQHandler
                0x080011ac       0x10 build/stm32f1xx_it.o
                0x080011ac                DMA1_Channel4_IRQHandler
 .text.DMA1_Channel5_IRQHandler
                0x080011bc       0x10 build/stm32f1xx_it.o
                0x080011bc                DMA1_Channel5_IRQHandler
 .text.TIM2_IRQHandler
                0x080011cc       0x10 build/stm32f1xx_it.o
                0x080011cc                TIM2_IRQHandler
 .text.USART1_IRQHandler
                0x080011dc       0x10 build/stm32f1xx_it.o
                0x080011dc                USART1_IRQHandler
 .text.HAL_MspInit
                0x080011ec       0x44 build/stm32f1xx_hal_msp.o
                0x080011ec                HAL_MspInit
 .text.HAL_TIM_Base_MspInit
                0x08001230        0x2 build/stm32f1xx_hal_tim.o
                0x08001230                HAL_TIM_Base_MspInit
 *fill*         0x08001232        0x2 
 .text.HAL_TIM_Base_Start_IT
                0x08001234       0x64 build/stm32f1xx_hal_tim.o
                0x08001234                HAL_TIM_Base_Start_IT
 .text.HAL_TIM_OC_DelayElapsedCallback
                0x08001298        0x2 build/stm32f1xx_hal_tim.o
                0x08001298                HAL_TIM_OC_DelayElapsedCallback
 .text.HAL_TIM_IC_CaptureCallback
                0x0800129a        0x2 build/stm32f1xx_hal_tim.o
                0x0800129a                HAL_TIM_IC_CaptureCallback
 .text.HAL_TIM_PWM_PulseFinishedCallback
                0x0800129c        0x2 build/stm32f1xx_hal_tim.o
                0x0800129c                HAL_TIM_PWM_PulseFinishedCallback
 .text.HAL_TIM_TriggerCallback
                0x0800129e        0x2 build/stm32f1xx_hal_tim.o
                0x0800129e                HAL_TIM_TriggerCallback
 .text.HAL_TIM_IRQHandler
                0x080012a0      0x15e build/stm32f1xx_hal_tim.o
                0x080012a0                HAL_TIM_IRQHandler
 *fill*         0x080013fe        0x2 
 .text.TIM_Base_SetConfig
                0x08001400       0x84 build/stm32f1xx_hal_tim.o
                0x08001400                TIM_Base_SetConfig
 .text.HAL_TIM_Base_Init
                0x08001484       0x58 build/stm32f1xx_hal_tim.o
                0x08001484                HAL_TIM_Base_Init
 .text.HAL_TIMEx_CommutCallback
                0x080014dc        0x2 build/stm32f1xx_hal_tim_ex.o
                0x080014dc                HAL_TIMEx_CommutCallback
 .text.HAL_TIMEx_BreakCallback
                0x080014de        0x2 build/stm32f1xx_hal_tim_ex.o
                0x080014de                HAL_TIMEx_BreakCallback
 .text.UART_EndTxTransfer
                0x080014e0       0x20 build/stm32f1xx_hal_uart.o
 .text.UART_EndRxTransfer
                0x08001500       0x5c build/stm32f1xx_hal_uart.o
 .text.UART_Transmit_IT
                0x0800155c       0x5e build/stm32f1xx_hal_uart.o
 *fill*         0x080015ba        0x2 
 .text.UART_SetConfig
                0x080015bc       0x94 build/stm32f1xx_hal_uart.o
 .text.UART_WaitOnFlagUntilTimeout
                0x08001650       0x86 build/stm32f1xx_hal_uart.o
 .text.HAL_UART_Init
                0x080016d6       0x60 build/stm32f1xx_hal_uart.o
                0x080016d6                HAL_UART_Init
 .text.HAL_UART_Transmit
                0x08001736       0xca build/stm32f1xx_hal_uart.o
                0x08001736                HAL_UART_Transmit
 .text.UART_EndTransmit_IT
                0x08001800       0x1a build/stm32f1xx_hal_uart.o
 .text.HAL_UART_RxCpltCallback
                0x0800181a        0x2 build/stm32f1xx_hal_uart.o
                0x0800181a                HAL_UART_RxCpltCallback
 .text.HAL_UART_RxHalfCpltCallback
                0x0800181c        0x2 build/stm32f1xx_hal_uart.o
                0x0800181c                HAL_UART_RxHalfCpltCallback
 .text.HAL_UART_ErrorCallback
                0x0800181e        0x2 build/stm32f1xx_hal_uart.o
                0x0800181e                HAL_UART_ErrorCallback
 .text.UART_DMAError
                0x08001820       0x54 build/stm32f1xx_hal_uart.o
 .text.UART_DMAAbortOnError
                0x08001874       0x10 build/stm32f1xx_hal_uart.o
 .text.UART_Receive_IT
                0x08001884       0xe4 build/stm32f1xx_hal_uart.o
 .text.HAL_UART_IRQHandler
                0x08001968      0x284 build/stm32f1xx_hal_uart.o
                0x08001968                HAL_UART_IRQHandler
 .text.UART_DMARxHalfCplt
                0x08001bec       0x1e build/stm32f1xx_hal_uart.o
 .text.UART_DMAReceiveCplt
                0x08001c0a       0x9a build/stm32f1xx_hal_uart.o
 .text.UART_Start_Receive_DMA
                0x08001ca4       0xa4 build/stm32f1xx_hal_uart.o
                0x08001ca4                UART_Start_Receive_DMA
 .text.HAL_UARTEx_ReceiveToIdle_DMA
                0x08001d48       0x60 build/stm32f1xx_hal_uart.o
                0x08001d48                HAL_UARTEx_ReceiveToIdle_DMA
 .text.HAL_Init
                0x08001da8       0x24 build/stm32f1xx_hal.o
                0x08001da8                HAL_Init
 .text.HAL_IncTick
                0x08001dcc       0x18 build/stm32f1xx_hal.o
                0x08001dcc                HAL_IncTick
 .text.HAL_GetTick
                0x08001de4        0xc build/stm32f1xx_hal.o
                0x08001de4                HAL_GetTick
 .text.HAL_Delay
                0x08001df0       0x28 build/stm32f1xx_hal.o
                0x08001df0                HAL_Delay
 .text.RCC_Delay
                0x08001e18       0x2c build/stm32f1xx_hal_rcc.o
 .text.HAL_RCC_OscConfig
                0x08001e44      0x410 build/stm32f1xx_hal_rcc.o
                0x08001e44                HAL_RCC_OscConfig
 .text.HAL_RCC_GetSysClockFreq
                0x08002254       0x54 build/stm32f1xx_hal_rcc.o
                0x08002254                HAL_RCC_GetSysClockFreq
 .text.HAL_RCC_ClockConfig
                0x080022a8      0x16c build/stm32f1xx_hal_rcc.o
                0x080022a8                HAL_RCC_ClockConfig
 .text.HAL_RCC_GetHCLKFreq
                0x08002414        0xc build/stm32f1xx_hal_rcc.o
                0x08002414                HAL_RCC_GetHCLKFreq
 .text.HAL_RCC_GetPCLK1Freq
                0x08002420       0x20 build/stm32f1xx_hal_rcc.o
                0x08002420                HAL_RCC_GetPCLK1Freq
 .text.HAL_RCC_GetPCLK2Freq
                0x08002440       0x20 build/stm32f1xx_hal_rcc.o
                0x08002440                HAL_RCC_GetPCLK2Freq
 .text.HAL_RCC_GetClockConfig
                0x08002460       0x3c build/stm32f1xx_hal_rcc.o
                0x08002460                HAL_RCC_GetClockConfig
 .text.HAL_GPIO_Init
                0x0800249c      0x214 build/stm32f1xx_hal_gpio.o
                0x0800249c                HAL_GPIO_Init
 .text.HAL_GPIO_WritePin
                0x080026b0        0xc build/stm32f1xx_hal_gpio.o
                0x080026b0                HAL_GPIO_WritePin
 .text.HAL_GPIO_TogglePin
                0x080026bc       0x12 build/stm32f1xx_hal_gpio.o
                0x080026bc                HAL_GPIO_TogglePin
 *fill*         0x080026ce        0x2 
 .text.HAL_GPIO_EXTI_IRQHandler
                0x080026d0       0x1c build/stm32f1xx_hal_gpio.o
                0x080026d0                HAL_GPIO_EXTI_IRQHandler
 .text.DMA_SetConfig
                0x080026ec       0x2c build/stm32f1xx_hal_dma.o
 .text.HAL_DMA_Init
                0x08002718       0x68 build/stm32f1xx_hal_dma.o
                0x08002718                HAL_DMA_Init
 .text.HAL_DMA_Start_IT
                0x08002780       0x74 build/stm32f1xx_hal_dma.o
                0x08002780                HAL_DMA_Start_IT
 .text.HAL_DMA_Abort
                0x080027f4       0x44 build/stm32f1xx_hal_dma.o
                0x080027f4                HAL_DMA_Abort
 .text.HAL_DMA_Abort_IT
                0x08002838       0x98 build/stm32f1xx_hal_dma.o
                0x08002838                HAL_DMA_Abort_IT
 .text.HAL_DMA_IRQHandler
                0x080028d0      0x144 build/stm32f1xx_hal_dma.o
                0x080028d0                HAL_DMA_IRQHandler
 .text.__NVIC_SetPriority
                0x08002a14       0x28 build/stm32f1xx_hal_cortex.o
 .text.NVIC_EncodePriority
                0x08002a3c       0x3e build/stm32f1xx_hal_cortex.o
 *fill*         0x08002a7a        0x2 
 .text.HAL_NVIC_SetPriorityGrouping
                0x08002a7c       0x24 build/stm32f1xx_hal_cortex.o
                0x08002a7c                HAL_NVIC_SetPriorityGrouping
 .text.HAL_NVIC_SetPriority
                0x08002aa0       0x20 build/stm32f1xx_hal_cortex.o
                0x08002aa0                HAL_NVIC_SetPriority
 .text.HAL_NVIC_EnableIRQ
                0x08002ac0       0x1c build/stm32f1xx_hal_cortex.o
                0x08002ac0                HAL_NVIC_EnableIRQ
 .text.SystemInit
                0x08002adc        0x2 build/system_stm32f1xx.o
                0x08002adc                SystemInit
 *fill*         0x08002ade        0x2 
 .text.prvResetNextTaskUnblockTime
                0x08002ae0       0x28 build/tasks.o
 .text.prvInitialiseNewTask
                0x08002b08       0xa2 build/tasks.o
 *fill*         0x08002baa        0x2 
 .text.prvInitialiseTaskLists
                0x08002bac       0x68 build/tasks.o
 .text.prvAddNewTaskToReadyList
                0x08002c14       0xc8 build/tasks.o
 .text.prvDeleteTCB
                0x08002cdc       0x24 build/tasks.o
 .text.prvCheckTasksWaitingTermination
                0x08002d00       0x4c build/tasks.o
 .text.prvIdleTask
                0x08002d4c       0x28 build/tasks.o
 .text.prvAddCurrentTaskToDelayedList
                0x08002d74       0xb0 build/tasks.o
 .text.xTaskCreateStatic
                0x08002e24       0x38 build/tasks.o
                0x08002e24                xTaskCreateStatic
 .text.xTaskCreate
                0x08002e5c       0x64 build/tasks.o
                0x08002e5c                xTaskCreate
 .text.vTaskStartScheduler
                0x08002ec0       0x7c build/tasks.o
                0x08002ec0                vTaskStartScheduler
 .text.vTaskSuspendAll
                0x08002f3c       0x10 build/tasks.o
                0x08002f3c                vTaskSuspendAll
 .text.xTaskIncrementTick
                0x08002f4c      0x160 build/tasks.o
                0x08002f4c                xTaskIncrementTick
 .text.xTaskResumeAll
                0x080030ac      0x134 build/tasks.o
                0x080030ac                xTaskResumeAll
 .text.vTaskSwitchContext
                0x080031e0       0xb0 build/tasks.o
                0x080031e0                vTaskSwitchContext
 .text.vTaskPlaceOnEventList
                0x08003290       0x1c build/tasks.o
                0x08003290                vTaskPlaceOnEventList
 .text.xTaskRemoveFromEventList
                0x080032ac       0xdc build/tasks.o
                0x080032ac                xTaskRemoveFromEventList
 .text.vTaskInternalSetTimeOutState
                0x08003388       0x18 build/tasks.o
                0x08003388                vTaskInternalSetTimeOutState
 .text.xTaskCheckForTimeOut
                0x080033a0       0x60 build/tasks.o
                0x080033a0                xTaskCheckForTimeOut
 .text.vTaskMissedYield
                0x08003400        0xc build/tasks.o
                0x08003400                vTaskMissedYield
 .text.xTaskGetSchedulerState
                0x0800340c       0x20 build/tasks.o
                0x0800340c                xTaskGetSchedulerState
 .text.xTaskPriorityInherit
                0x0800342c       0xc4 build/tasks.o
                0x0800342c                xTaskPriorityInherit
 .text.xTaskPriorityDisinherit
                0x080034f0       0x8c build/tasks.o
                0x080034f0                xTaskPriorityDisinherit
 .text.vTaskPriorityDisinheritAfterTimeout
                0x0800357c       0x9c build/tasks.o
                0x0800357c                vTaskPriorityDisinheritAfterTimeout
 .text.pvTaskIncrementMutexHeldCount
                0x08003618       0x1c build/tasks.o
                0x08003618                pvTaskIncrementMutexHeldCount
 .text.vListInitialise
                0x08003634       0x16 build/list.o
                0x08003634                vListInitialise
 .text.vListInitialiseItem
                0x0800364a        0x6 build/list.o
                0x0800364a                vListInitialiseItem
 .text.vListInsert
                0x08003650       0x32 build/list.o
                0x08003650                vListInsert
 .text.uxListRemove
                0x08003682       0x26 build/list.o
                0x08003682                uxListRemove
 .text.prvGetDisinheritPriorityAfterTimeout
                0x080036a8       0x10 build/queue.o
 .text.prvIsQueueFull
                0x080036b8       0x1e build/queue.o
 .text.prvIsQueueEmpty
                0x080036d6       0x1a build/queue.o
 .text.prvCopyDataToQueue
                0x080036f0       0x76 build/queue.o
 .text.prvCopyDataFromQueue
                0x08003766       0x24 build/queue.o
 .text.prvUnlockQueue
                0x0800378a       0x6e build/queue.o
 .text.xQueueGenericReset
                0x080037f8       0x96 build/queue.o
                0x080037f8                xQueueGenericReset
 .text.prvInitialiseNewQueue
                0x0800388e       0x22 build/queue.o
 .text.xQueueGenericCreate
                0x080038b0       0x56 build/queue.o
                0x080038b0                xQueueGenericCreate
 .text.xQueueGenericSend
                0x08003906      0x11e build/queue.o
                0x08003906                xQueueGenericSend
 .text.prvInitialiseMutex
                0x08003a24       0x18 build/queue.o
 .text.xQueueCreateMutex
                0x08003a3c       0x16 build/queue.o
                0x08003a3c                xQueueCreateMutex
 .text.xQueueGenericSendFromISR
                0x08003a52       0x72 build/queue.o
                0x08003a52                xQueueGenericSendFromISR
 .text.xQueueGiveFromISR
                0x08003ac4       0x64 build/queue.o
                0x08003ac4                xQueueGiveFromISR
 .text.xQueueReceive
                0x08003b28      0x110 build/queue.o
                0x08003b28                xQueueReceive
 .text.xQueueSemaphoreTake
                0x08003c38      0x146 build/queue.o
                0x08003c38                xQueueSemaphoreTake
 *fill*         0x08003d7e        0x2 
 .text.prvHeapInit
                0x08003d80       0x64 build/heap_4.o
 .text.prvInsertBlockIntoFreeList
                0x08003de4       0x60 build/heap_4.o
 .text.pvPortMalloc
                0x08003e44       0xe4 build/heap_4.o
                0x08003e44                pvPortMalloc
 .text.vPortFree
                0x08003f28       0x58 build/heap_4.o
                0x08003f28                vPortFree
 .text.prvTaskExitError
                0x08003f80       0x20 build/port.o
 .text.prvPortStartFirstTask
                0x08003fa0       0x20 build/port.o
 .text.pxPortInitialiseStack
                0x08003fc0       0x24 build/port.o
                0x08003fc0                pxPortInitialiseStack
 *fill*         0x08003fe4        0xc 
 .text.SVC_Handler
                0x08003ff0       0x24 build/port.o
                0x08003ff0                SVC_Handler
 .text.vPortEnterCritical
                0x08004014       0x20 build/port.o
                0x08004014                vPortEnterCritical
 .text.vPortExitCritical
                0x08004034       0x14 build/port.o
                0x08004034                vPortExitCritical
 *fill*         0x08004048        0x8 
 .text.PendSV_Handler
                0x08004050       0x44 build/port.o
                0x08004050                PendSV_Handler
 .text.SysTick_Handler
                0x08004094       0x2c build/port.o
                0x08004094                SysTick_Handler
 .text.vPortSetupTimerInterrupt
                0x080040c0       0x28 build/port.o
                0x080040c0                vPortSetupTimerInterrupt
 .text.xPortStartScheduler
                0x080040e8       0x3c build/port.o
                0x080040e8                xPortStartScheduler
 .text.HAL_InitTick
                0x08004124       0x78 build/stm32f1xx_hal_timebase_tim.o
                0x08004124                HAL_InitTick
 .text.MX_GPIO_Init
                0x0800419c       0xb4 build/gpio.o
                0x0800419c                MX_GPIO_Init
 .text.MX_USART1_UART_Init
                0x08004250       0x34 build/usart.o
                0x08004250                MX_USART1_UART_Init
 .text.HAL_UART_MspInit
                0x08004284       0xf0 build/usart.o
                0x08004284                HAL_UART_MspInit
 .text._write   0x08004374       0x70 build/debug_uart.o
                0x08004374                _write
 .text.HAL_UART_TxCpltCallback
                0x080043e4       0x48 build/debug_uart.o
                0x080043e4                HAL_UART_TxCpltCallback
 .text.HAL_UARTEx_RxEventCallback
                0x0800442c       0x88 build/debug_uart.o
                0x0800442c                HAL_UARTEx_RxEventCallback
 .text.MX_DMA_Init
                0x080044b4       0x44 build/dma.o
                0x080044b4                MX_DMA_Init
 .text.I2C_WriteReg
                0x080044f8       0x56 build/mpu6050.o
 .text.I2C_ReadRegs
                0x0800454e       0x82 build/mpu6050.o
 .text.I2C_ReadReg
                0x080045d0        0xa build/mpu6050.o
 .text.MPU6050_Init
                0x080045da       0x88 build/mpu6050.o
                0x080045da                MPU6050_Init
 .text.MPU6050_ReadWhoAmI
                0x08004662       0x20 build/mpu6050.o
                0x08004662                MPU6050_ReadWhoAmI
 .text.MPU6050_ReadAll
                0x08004682       0x7e build/mpu6050.o
                0x08004682                MPU6050_ReadAll
 .text.MPU6050_Calibrate
                0x08004700       0x98 build/mpu6050.o
                0x08004700                MPU6050_Calibrate
 .text.HAL_GPIO_EXTI_Callback
                0x08004798       0x48 build/mpu6050.o
                0x08004798                HAL_GPIO_EXTI_Callback
 .text.MyI2C_R_SDA
                0x080047e0       0x14 build/soft_i2c.o
                0x080047e0                MyI2C_R_SDA
 .text.MyI2C_Init
                0x080047f4       0x4c build/soft_i2c.o
                0x080047f4                MyI2C_Init
 .text.MyI2C_Start
                0x08004840       0x58 build/soft_i2c.o
                0x08004840                MyI2C_Start
 .text.MyI2C_Stop
                0x08004898       0x54 build/soft_i2c.o
                0x08004898                MyI2C_Stop
 .text.MyI2C_SendByte
                0x080048ec       0x7c build/soft_i2c.o
                0x080048ec                MyI2C_SendByte
 .text.MyI2C_ReciveAck
                0x08004968       0x34 build/soft_i2c.o
                0x08004968                MyI2C_ReciveAck
 .text.MyI2C_SendAck
                0x0800499c       0x38 build/soft_i2c.o
                0x0800499c                MyI2C_SendAck
 .text.MyI2C_RecvByte
                0x080049d4       0x68 build/soft_i2c.o
                0x080049d4                MyI2C_RecvByte
 .text.OLED_WriteCmdBuf
                0x08004a3c       0x52 build/oled.o
                0x08004a3c                OLED_WriteCmdBuf
 .text.OLED_WriteDataBuf
                0x08004a8e       0x52 build/oled.o
                0x08004a8e                OLED_WriteDataBuf
 .text.OLED_SetCursor
                0x08004ae0       0x28 build/oled.o
                0x08004ae0                OLED_SetCursor
 .text.OLED_Fill
                0x08004b08       0x58 build/oled.o
                0x08004b08                OLED_Fill
 .text.OLED_Clear
                0x08004b60        0xa build/oled.o
                0x08004b60                OLED_Clear
 *fill*         0x08004b6a        0x2 
 .text.OLED_Init
                0x08004b6c       0x38 build/oled.o
                0x08004b6c                OLED_Init
 .text.OLED_ShowString
                0x08004ba4       0x38 build/oled.o
                0x08004ba4                OLED_ShowString
 .text.OLED_ShowNum
                0x08004bdc       0x30 build/oled.o
                0x08004bdc                OLED_ShowNum
 .text.Reset_Handler
                0x08004c0c       0x48 build/startup_stm32f103xb.o
                0x08004c0c                Reset_Handler
 .text.Default_Handler
                0x08004c54        0x2 build/startup_stm32f103xb.o
                0x08004c54                RTC_Alarm_IRQHandler
                0x08004c54                EXTI2_IRQHandler
                0x08004c54                TIM1_CC_IRQHandler
                0x08004c54                PVD_IRQHandler
                0x08004c54                EXTI3_IRQHandler
                0x08004c54                I2C2_EV_IRQHandler
                0x08004c54                ADC1_2_IRQHandler
                0x08004c54                SPI1_IRQHandler
                0x08004c54                TAMPER_IRQHandler
                0x08004c54                USART3_IRQHandler
                0x08004c54                RTC_IRQHandler
                0x08004c54                DMA1_Channel7_IRQHandler
                0x08004c54                CAN1_RX1_IRQHandler
                0x08004c54                TIM4_IRQHandler
                0x08004c54                I2C1_EV_IRQHandler
                0x08004c54                DMA1_Channel6_IRQHandler
                0x08004c54                TIM3_IRQHandler
                0x08004c54                RCC_IRQHandler
                0x08004c54                TIM1_TRG_COM_IRQHandler
                0x08004c54                DMA1_Channel1_IRQHandler
                0x08004c54                Default_Handler
                0x08004c54                EXTI15_10_IRQHandler
                0x08004c54                EXTI9_5_IRQHandler
                0x08004c54                SPI2_IRQHandler
                0x08004c54                EXTI4_IRQHandler
                0x08004c54                USB_LP_CAN1_RX0_IRQHandler
                0x08004c54                USB_HP_CAN1_TX_IRQHandler
                0x08004c54                DMA1_Channel3_IRQHandler
                0x08004c54                TIM1_UP_IRQHandler
                0x08004c54                WWDG_IRQHandler
                0x08004c54                TIM1_BRK_IRQHandler
                0x08004c54                EXTI1_IRQHandler
                0x08004c54                USART2_IRQHandler
                0x08004c54                I2C2_ER_IRQHandler
                0x08004c54                DMA1_Channel2_IRQHandler
                0x08004c54                CAN1_SCE_IRQHandler
                0x08004c54                FLASH_IRQHandler
                0x08004c54                I2C1_ER_IRQHandler
                0x08004c54                USBWakeUp_IRQHandler
 .text.__cvt    0x08004c56       0xc8 D:/stm32tools/arm-none-eabi-gcc/14.2.1-1.1.1/.content/bin/../lib/gcc/arm-none-eabi/14.2.1/../../../../arm-none-eabi/lib/thumb/v7-m/nofp\libc_nano.a(libc_a-nano-vfprintf_float.o)
                0x08004c56                __cvt
 .text.__exponent
                0x08004d1e       0x74 D:/stm32tools/arm-none-eabi-gcc/14.2.1-1.1.1/.content/bin/../lib/gcc/arm-none-eabi/14.2.1/../../../../arm-none-eabi/lib/thumb/v7-m/nofp\libc_nano.a(libc_a-nano-vfprintf_float.o)
                0x08004d1e                __exponent
 *fill*         0x08004d92        0x2 
 .text._printf_float
                0x08004d94      0x458 D:/stm32tools/arm-none-eabi-gcc/14.2.1-1.1.1/.content/bin/../lib/gcc/arm-none-eabi/14.2.1/../../../../arm-none-eabi/lib/thumb/v7-m/nofp\libc_nano.a(libc_a-nano-vfprintf_float.o)
                0x08004d94                _printf_float
 .text._printf_common
                0x080051ec       0xe4 D:/stm32tools/arm-none-eabi-gcc/14.2.1-1.1.1/.content/bin/../lib/gcc/arm-none-eabi/14.2.1/../../../../arm-none-eabi/lib/thumb/v7-m/nofp\libc_nano.a(libc_a-nano-vfprintf_i.o)
                0x080051ec                _printf_common
 .text._printf_i
                0x080052d0      0x240 D:/stm32tools/arm-none-eabi-gcc/14.2.1-1.1.1/.content/bin/../lib/gcc/arm-none-eabi/14.2.1/../../../../arm-none-eabi/lib/thumb/v7-m/nofp\libc_nano.a(libc_a-nano-vfprintf_i.o)
                0x080052d0                _printf_i
 .text.std      0x08005510       0x6c D:/stm32tools/arm-none-eabi-gcc/14.2.1-1.1.1/.content/bin/../lib/gcc/arm-none-eabi/14.2.1/../../../../arm-none-eabi/lib/thumb/v7-m/nofp\libc_nano.a(libc_a-findfp.o)
 .text.stdio_exit_handler
                0x0800557c       0x18 D:/stm32tools/arm-none-eabi-gcc/14.2.1-1.1.1/.content/bin/../lib/gcc/arm-none-eabi/14.2.1/../../../../arm-none-eabi/lib/thumb/v7-m/nofp\libc_nano.a(libc_a-findfp.o)
 .text.cleanup_stdio
                0x08005594       0x40 D:/stm32tools/arm-none-eabi-gcc/14.2.1-1.1.1/.content/bin/../lib/gcc/arm-none-eabi/14.2.1/../../../../arm-none-eabi/lib/thumb/v7-m/nofp\libc_nano.a(libc_a-findfp.o)
 .text.global_stdio_init.part.0
                0x080055d4       0x40 D:/stm32tools/arm-none-eabi-gcc/14.2.1-1.1.1/.content/bin/../lib/gcc/arm-none-eabi/14.2.1/../../../../arm-none-eabi/lib/thumb/v7-m/nofp\libc_nano.a(libc_a-findfp.o)
 .text.__sfp_lock_acquire
                0x08005614        0xc D:/stm32tools/arm-none-eabi-gcc/14.2.1-1.1.1/.content/bin/../lib/gcc/arm-none-eabi/14.2.1/../../../../arm-none-eabi/lib/thumb/v7-m/nofp\libc_nano.a(libc_a-findfp.o)
                0x08005614                __sfp_lock_acquire
 .text.__sfp_lock_release
                0x08005620        0xc D:/stm32tools/arm-none-eabi-gcc/14.2.1-1.1.1/.content/bin/../lib/gcc/arm-none-eabi/14.2.1/../../../../arm-none-eabi/lib/thumb/v7-m/nofp\libc_nano.a(libc_a-findfp.o)
                0x08005620                __sfp_lock_release
 .text.__sinit  0x0800562c       0x30 D:/stm32tools/arm-none-eabi-gcc/14.2.1-1.1.1/.content/bin/../lib/gcc/arm-none-eabi/14.2.1/../../../../arm-none-eabi/lib/thumb/v7-m/nofp\libc_nano.a(libc_a-findfp.o)
                0x0800562c                __sinit
 .text._fwalk_sglue
                0x0800565c       0x3c D:/stm32tools/arm-none-eabi-gcc/14.2.1-1.1.1/.content/bin/../lib/gcc/arm-none-eabi/14.2.1/../../../../arm-none-eabi/lib/thumb/v7-m/nofp\libc_nano.a(libc_a-fwalk.o)
                0x0800565c                _fwalk_sglue
 .text.printf   0x08005698       0x24 D:/stm32tools/arm-none-eabi-gcc/14.2.1-1.1.1/.content/bin/../lib/gcc/arm-none-eabi/14.2.1/../../../../arm-none-eabi/lib/thumb/v7-m/nofp\libc_nano.a(libc_a-printf.o)
                0x08005698                iprintf
                0x08005698                printf
 .text._puts_r  0x080056bc       0xaa D:/stm32tools/arm-none-eabi-gcc/14.2.1-1.1.1/.content/bin/../lib/gcc/arm-none-eabi/14.2.1/../../../../arm-none-eabi/lib/thumb/v7-m/nofp\libc_nano.a(libc_a-puts.o)
                0x080056bc                _puts_r
 *fill*         0x08005766        0x2 
 .text.puts     0x08005768       0x10 D:/stm32tools/arm-none-eabi-gcc/14.2.1-1.1.1/.content/bin/../lib/gcc/arm-none-eabi/14.2.1/../../../../arm-none-eabi/lib/thumb/v7-m/nofp\libc_nano.a(libc_a-puts.o)
                0x08005768                puts
 .text.snprintf
                0x08005778       0x6c D:/stm32tools/arm-none-eabi-gcc/14.2.1-1.1.1/.content/bin/../lib/gcc/arm-none-eabi/14.2.1/../../../../arm-none-eabi/lib/thumb/v7-m/nofp\libc_nano.a(libc_a-snprintf.o)
                0x08005778                sniprintf
                0x08005778                snprintf
 .text.__sread  0x080057e4       0x22 D:/stm32tools/arm-none-eabi-gcc/14.2.1-1.1.1/.content/bin/../lib/gcc/arm-none-eabi/14.2.1/../../../../arm-none-eabi/lib/thumb/v7-m/nofp\libc_nano.a(libc_a-stdio.o)
                0x080057e4                __sread
 .text.__swrite
                0x08005806       0x38 D:/stm32tools/arm-none-eabi-gcc/14.2.1-1.1.1/.content/bin/../lib/gcc/arm-none-eabi/14.2.1/../../../../arm-none-eabi/lib/thumb/v7-m/nofp\libc_nano.a(libc_a-stdio.o)
                0x08005806                __swrite
 .text.__sseek  0x0800583e       0x26 D:/stm32tools/arm-none-eabi-gcc/14.2.1-1.1.1/.content/bin/../lib/gcc/arm-none-eabi/14.2.1/../../../../arm-none-eabi/lib/thumb/v7-m/nofp\libc_nano.a(libc_a-stdio.o)
                0x0800583e                __sseek
 .text.__sclose
                0x08005864        0x8 D:/stm32tools/arm-none-eabi-gcc/14.2.1-1.1.1/.content/bin/../lib/gcc/arm-none-eabi/14.2.1/../../../../arm-none-eabi/lib/thumb/v7-m/nofp\libc_nano.a(libc_a-stdio.o)
                0x08005864                __sclose
 .text.__swbuf_r
                0x0800586c       0x7c D:/stm32tools/arm-none-eabi-gcc/14.2.1-1.1.1/.content/bin/../lib/gcc/arm-none-eabi/14.2.1/../../../../arm-none-eabi/lib/thumb/v7-m/nofp\libc_nano.a(libc_a-wbuf.o)
                0x0800586c                __swbuf_r
 .text.__swsetup_r
                0x080058e8       0xa8 D:/stm32tools/arm-none-eabi-gcc/14.2.1-1.1.1/.content/bin/../lib/gcc/arm-none-eabi/14.2.1/../../../../arm-none-eabi/lib/thumb/v7-m/nofp\libc_nano.a(libc_a-wsetup.o)
                0x080058e8                __swsetup_r
 .text.memset   0x08005990       0x10 D:/stm32tools/arm-none-eabi-gcc/14.2.1-1.1.1/.content/bin/../lib/gcc/arm-none-eabi/14.2.1/../../../../arm-none-eabi/lib/thumb/v7-m/nofp\libc_nano.a(libc_a-memset.o)
                0x08005990                memset
 .text._localeconv_r
                0x080059a0        0x8 D:/stm32tools/arm-none-eabi-gcc/14.2.1-1.1.1/.content/bin/../lib/gcc/arm-none-eabi/14.2.1/../../../../arm-none-eabi/lib/thumb/v7-m/nofp\libc_nano.a(libc_a-localeconv.o)
                0x080059a0                _localeconv_r
 .text._close_r
                0x080059a8       0x20 D:/stm32tools/arm-none-eabi-gcc/14.2.1-1.1.1/.content/bin/../lib/gcc/arm-none-eabi/14.2.1/../../../../arm-none-eabi/lib/thumb/v7-m/nofp\libc_nano.a(libc_a-closer.o)
                0x080059a8                _close_r
 .text._lseek_r
                0x080059c8       0x24 D:/stm32tools/arm-none-eabi-gcc/14.2.1-1.1.1/.content/bin/../lib/gcc/arm-none-eabi/14.2.1/../../../../arm-none-eabi/lib/thumb/v7-m/nofp\libc_nano.a(libc_a-lseekr.o)
                0x080059c8                _lseek_r
 .text._read_r  0x080059ec       0x24 D:/stm32tools/arm-none-eabi-gcc/14.2.1-1.1.1/.content/bin/../lib/gcc/arm-none-eabi/14.2.1/../../../../arm-none-eabi/lib/thumb/v7-m/nofp\libc_nano.a(libc_a-readr.o)
                0x080059ec                _read_r
 .text._write_r
                0x08005a10       0x24 D:/stm32tools/arm-none-eabi-gcc/14.2.1-1.1.1/.content/bin/../lib/gcc/arm-none-eabi/14.2.1/../../../../arm-none-eabi/lib/thumb/v7-m/nofp\libc_nano.a(libc_a-writer.o)
                0x08005a10                _write_r
 .text.__libc_init_array
                0x08005a34       0x48 D:/stm32tools/arm-none-eabi-gcc/14.2.1-1.1.1/.content/bin/../lib/gcc/arm-none-eabi/14.2.1/../../../../arm-none-eabi/lib/thumb/v7-m/nofp\libc_nano.a(libc_a-init.o)
                0x08005a34                __libc_init_array
 .text.__retarget_lock_init_recursive
                0x08005a7c        0x2 D:/stm32tools/arm-none-eabi-gcc/14.2.1-1.1.1/.content/bin/../lib/gcc/arm-none-eabi/14.2.1/../../../../arm-none-eabi/lib/thumb/v7-m/nofp\libc_nano.a(libc_a-lock.o)
                0x08005a7c                __retarget_lock_init_recursive
 .text.__retarget_lock_acquire_recursive
                0x08005a7e        0x2 D:/stm32tools/arm-none-eabi-gcc/14.2.1-1.1.1/.content/bin/../lib/gcc/arm-none-eabi/14.2.1/../../../../arm-none-eabi/lib/thumb/v7-m/nofp\libc_nano.a(libc_a-lock.o)
                0x08005a7e                __retarget_lock_acquire_recursive
 .text.__retarget_lock_release_recursive
                0x08005a80        0x2 D:/stm32tools/arm-none-eabi-gcc/14.2.1-1.1.1/.content/bin/../lib/gcc/arm-none-eabi/14.2.1/../../../../arm-none-eabi/lib/thumb/v7-m/nofp\libc_nano.a(libc_a-lock.o)
                0x08005a80                __retarget_lock_release_recursive
 .text.memchr   0x08005a82       0x1c D:/stm32tools/arm-none-eabi-gcc/14.2.1-1.1.1/.content/bin/../lib/gcc/arm-none-eabi/14.2.1/../../../../arm-none-eabi/lib/thumb/v7-m/nofp\libc_nano.a(libc_a-memchr-stub.o)
                0x08005a82                memchr
 .text.memcpy   0x08005a9e       0x1c D:/stm32tools/arm-none-eabi-gcc/14.2.1-1.1.1/.content/bin/../lib/gcc/arm-none-eabi/14.2.1/../../../../arm-none-eabi/lib/thumb/v7-m/nofp\libc_nano.a(libc_a-memcpy-stub.o)
                0x08005a9e                memcpy
 .text.quorem   0x08005aba      0x110 D:/stm32tools/arm-none-eabi-gcc/14.2.1-1.1.1/.content/bin/../lib/gcc/arm-none-eabi/14.2.1/../../../../arm-none-eabi/lib/thumb/v7-m/nofp\libc_nano.a(libc_a-dtoa.o)
 *fill*         0x08005bca        0x6 
 .text._dtoa_r  0x08005bd0      0xbcc D:/stm32tools/arm-none-eabi-gcc/14.2.1-1.1.1/.content/bin/../lib/gcc/arm-none-eabi/14.2.1/../../../../arm-none-eabi/lib/thumb/v7-m/nofp\libc_nano.a(libc_a-dtoa.o)
                0x08005bd0                _dtoa_r
 .text._free_r  0x0800679c       0x90 D:/stm32tools/arm-none-eabi-gcc/14.2.1-1.1.1/.content/bin/../lib/gcc/arm-none-eabi/14.2.1/../../../../arm-none-eabi/lib/thumb/v7-m/nofp\libc_nano.a(libc_a-freer.o)
                0x0800679c                _free_r
 .text.malloc   0x0800682c       0x10 D:/stm32tools/arm-none-eabi-gcc/14.2.1-1.1.1/.content/bin/../lib/gcc/arm-none-eabi/14.2.1/../../../../arm-none-eabi/lib/thumb/v7-m/nofp\libc_nano.a(libc_a-malloc.o)
                0x0800682c                malloc
 .text.sbrk_aligned
                0x0800683c       0x44 D:/stm32tools/arm-none-eabi-gcc/14.2.1-1.1.1/.content/bin/../lib/gcc/arm-none-eabi/14.2.1/../../../../arm-none-eabi/lib/thumb/v7-m/nofp\libc_nano.a(libc_a-mallocr.o)
 .text._malloc_r
                0x08006880      0x100 D:/stm32tools/arm-none-eabi-gcc/14.2.1-1.1.1/.content/bin/../lib/gcc/arm-none-eabi/14.2.1/../../../../arm-none-eabi/lib/thumb/v7-m/nofp\libc_nano.a(libc_a-mallocr.o)
                0x08006880                _malloc_r
 .text.__malloc_lock
                0x08006980        0xc D:/stm32tools/arm-none-eabi-gcc/14.2.1-1.1.1/.content/bin/../lib/gcc/arm-none-eabi/14.2.1/../../../../arm-none-eabi/lib/thumb/v7-m/nofp\libc_nano.a(libc_a-mlock.o)
                0x08006980                __malloc_lock
 .text.__malloc_unlock
                0x0800698c        0xc D:/stm32tools/arm-none-eabi-gcc/14.2.1-1.1.1/.content/bin/../lib/gcc/arm-none-eabi/14.2.1/../../../../arm-none-eabi/lib/thumb/v7-m/nofp\libc_nano.a(libc_a-mlock.o)
                0x0800698c                __malloc_unlock
 .text._Balloc  0x08006998       0x7c D:/stm32tools/arm-none-eabi-gcc/14.2.1-1.1.1/.content/bin/../lib/gcc/arm-none-eabi/14.2.1/../../../../arm-none-eabi/lib/thumb/v7-m/nofp\libc_nano.a(libc_a-mprec.o)
                0x08006998                _Balloc
 .text._Bfree   0x08006a14       0x44 D:/stm32tools/arm-none-eabi-gcc/14.2.1-1.1.1/.content/bin/../lib/gcc/arm-none-eabi/14.2.1/../../../../arm-none-eabi/lib/thumb/v7-m/nofp\libc_nano.a(libc_a-mprec.o)
                0x08006a14                _Bfree
 .text.__multadd
                0x08006a58       0x8c D:/stm32tools/arm-none-eabi-gcc/14.2.1-1.1.1/.content/bin/../lib/gcc/arm-none-eabi/14.2.1/../../../../arm-none-eabi/lib/thumb/v7-m/nofp\libc_nano.a(libc_a-mprec.o)
                0x08006a58                __multadd
 .text.__hi0bits
                0x08006ae4       0x3e D:/stm32tools/arm-none-eabi-gcc/14.2.1-1.1.1/.content/bin/../lib/gcc/arm-none-eabi/14.2.1/../../../../arm-none-eabi/lib/thumb/v7-m/nofp\libc_nano.a(libc_a-mprec.o)
                0x08006ae4                __hi0bits
 .text.__lo0bits
                0x08006b22       0x5a D:/stm32tools/arm-none-eabi-gcc/14.2.1-1.1.1/.content/bin/../lib/gcc/arm-none-eabi/14.2.1/../../../../arm-none-eabi/lib/thumb/v7-m/nofp\libc_nano.a(libc_a-mprec.o)
                0x08006b22                __lo0bits
 .text.__i2b    0x08006b7c       0x2c D:/stm32tools/arm-none-eabi-gcc/14.2.1-1.1.1/.content/bin/../lib/gcc/arm-none-eabi/14.2.1/../../../../arm-none-eabi/lib/thumb/v7-m/nofp\libc_nano.a(libc_a-mprec.o)
                0x08006b7c                __i2b
 .text.__multiply
                0x08006ba8      0x150 D:/stm32tools/arm-none-eabi-gcc/14.2.1-1.1.1/.content/bin/../lib/gcc/arm-none-eabi/14.2.1/../../../../arm-none-eabi/lib/thumb/v7-m/nofp\libc_nano.a(libc_a-mprec.o)
                0x08006ba8                __multiply
 .text.__pow5mult
                0x08006cf8       0xb8 D:/stm32tools/arm-none-eabi-gcc/14.2.1-1.1.1/.content/bin/../lib/gcc/arm-none-eabi/14.2.1/../../../../arm-none-eabi/lib/thumb/v7-m/nofp\libc_nano.a(libc_a-mprec.o)
                0x08006cf8                __pow5mult
 .text.__lshift
                0x08006db0       0xd8 D:/stm32tools/arm-none-eabi-gcc/14.2.1-1.1.1/.content/bin/../lib/gcc/arm-none-eabi/14.2.1/../../../../arm-none-eabi/lib/thumb/v7-m/nofp\libc_nano.a(libc_a-mprec.o)
                0x08006db0                __lshift
 .text.__mcmp   0x08006e88       0x36 D:/stm32tools/arm-none-eabi-gcc/14.2.1-1.1.1/.content/bin/../lib/gcc/arm-none-eabi/14.2.1/../../../../arm-none-eabi/lib/thumb/v7-m/nofp\libc_nano.a(libc_a-mprec.o)
                0x08006e88                __mcmp
 *fill*         0x08006ebe        0x2 
 .text.__mdiff  0x08006ec0      0x130 D:/stm32tools/arm-none-eabi-gcc/14.2.1-1.1.1/.content/bin/../lib/gcc/arm-none-eabi/14.2.1/../../../../arm-none-eabi/lib/thumb/v7-m/nofp\libc_nano.a(libc_a-mprec.o)
                0x08006ec0                __mdiff
 .text.__d2b    0x08006ff0       0xb0 D:/stm32tools/arm-none-eabi-gcc/14.2.1-1.1.1/.content/bin/../lib/gcc/arm-none-eabi/14.2.1/../../../../arm-none-eabi/lib/thumb/v7-m/nofp\libc_nano.a(libc_a-mprec.o)
                0x08006ff0                __d2b
 .text.__ssputs_r
                0x080070a0       0xc0 D:/stm32tools/arm-none-eabi-gcc/14.2.1-1.1.1/.content/bin/../lib/gcc/arm-none-eabi/14.2.1/../../../../arm-none-eabi/lib/thumb/v7-m/nofp\libc_nano.a(libc_a-nano-svfprintf.o)
                0x080070a0                __ssputs_r
 .text._svfprintf_r
                0x08007160      0x1f8 D:/stm32tools/arm-none-eabi-gcc/14.2.1-1.1.1/.content/bin/../lib/gcc/arm-none-eabi/14.2.1/../../../../arm-none-eabi/lib/thumb/v7-m/nofp\libc_nano.a(libc_a-nano-svfprintf.o)
                0x08007160                _svfiprintf_r
                0x08007160                _svfprintf_r
 .text.__sfputc_r
                0x08007358       0x2a D:/stm32tools/arm-none-eabi-gcc/14.2.1-1.1.1/.content/bin/../lib/gcc/arm-none-eabi/14.2.1/../../../../arm-none-eabi/lib/thumb/v7-m/nofp\libc_nano.a(libc_a-nano-vfprintf.o)
 .text.__sfputs_r
                0x08007382       0x24 D:/stm32tools/arm-none-eabi-gcc/14.2.1-1.1.1/.content/bin/../lib/gcc/arm-none-eabi/14.2.1/../../../../arm-none-eabi/lib/thumb/v7-m/nofp\libc_nano.a(libc_a-nano-vfprintf.o)
                0x08007382                __sfputs_r
 *fill*         0x080073a6        0x2 
 .text._vfprintf_r
                0x080073a8      0x230 D:/stm32tools/arm-none-eabi-gcc/14.2.1-1.1.1/.content/bin/../lib/gcc/arm-none-eabi/14.2.1/../../../../arm-none-eabi/lib/thumb/v7-m/nofp\libc_nano.a(libc_a-nano-vfprintf.o)
                0x080073a8                _vfprintf_r
                0x080073a8                _vfiprintf_r
 .text.__sflush_r
                0x080075d8       0xfc D:/stm32tools/arm-none-eabi-gcc/14.2.1-1.1.1/.content/bin/../lib/gcc/arm-none-eabi/14.2.1/../../../../arm-none-eabi/lib/thumb/v7-m/nofp\libc_nano.a(libc_a-fflush.o)
                0x080075d8                __sflush_r
 .text._fflush_r
                0x080076d4       0x50 D:/stm32tools/arm-none-eabi-gcc/14.2.1-1.1.1/.content/bin/../lib/gcc/arm-none-eabi/14.2.1/../../../../arm-none-eabi/lib/thumb/v7-m/nofp\libc_nano.a(libc_a-fflush.o)
                0x080076d4                _fflush_r
 .text.__swhatbuf_r
                0x08007724       0x48 D:/stm32tools/arm-none-eabi-gcc/14.2.1-1.1.1/.content/bin/../lib/gcc/arm-none-eabi/14.2.1/../../../../arm-none-eabi/lib/thumb/v7-m/nofp\libc_nano.a(libc_a-makebuf.o)
                0x08007724                __swhatbuf_r
 .text.__smakebuf_r
                0x0800776c       0x72 D:/stm32tools/arm-none-eabi-gcc/14.2.1-1.1.1/.content/bin/../lib/gcc/arm-none-eabi/14.2.1/../../../../arm-none-eabi/lib/thumb/v7-m/nofp\libc_nano.a(libc_a-makebuf.o)
                0x0800776c                __smakebuf_r
 .text.memmove  0x080077de       0x32 D:/stm32tools/arm-none-eabi-gcc/14.2.1-1.1.1/.content/bin/../lib/gcc/arm-none-eabi/14.2.1/../../../../arm-none-eabi/lib/thumb/v7-m/nofp\libc_nano.a(libc_a-memmove.o)
                0x080077de                memmove
 .text._fstat_r
                0x08007810       0x24 D:/stm32tools/arm-none-eabi-gcc/14.2.1-1.1.1/.content/bin/../lib/gcc/arm-none-eabi/14.2.1/../../../../arm-none-eabi/lib/thumb/v7-m/nofp\libc_nano.a(libc_a-fstatr.o)
                0x08007810                _fstat_r
 .text._isatty_r
                0x08007834       0x20 D:/stm32tools/arm-none-eabi-gcc/14.2.1-1.1.1/.content/bin/../lib/gcc/arm-none-eabi/14.2.1/../../../../arm-none-eabi/lib/thumb/v7-m/nofp\libc_nano.a(libc_a-isattyr.o)
                0x08007834                _isatty_r
 .text._sbrk_r  0x08007854       0x20 D:/stm32tools/arm-none-eabi-gcc/14.2.1-1.1.1/.content/bin/../lib/gcc/arm-none-eabi/14.2.1/../../../../arm-none-eabi/lib/thumb/v7-m/nofp\libc_nano.a(libc_a-sbrkr.o)
                0x08007854                _sbrk_r
 .text.__assert_func
                0x08007874       0x3c D:/stm32tools/arm-none-eabi-gcc/14.2.1-1.1.1/.content/bin/../lib/gcc/arm-none-eabi/14.2.1/../../../../arm-none-eabi/lib/thumb/v7-m/nofp\libc_nano.a(libc_a-assert.o)
                0x08007874                __assert_func
 .text._calloc_r
                0x080078b0       0x28 D:/stm32tools/arm-none-eabi-gcc/14.2.1-1.1.1/.content/bin/../lib/gcc/arm-none-eabi/14.2.1/../../../../arm-none-eabi/lib/thumb/v7-m/nofp\libc_nano.a(libc_a-callocr.o)
                0x080078b0                _calloc_r
 .text.__ascii_mbtowc
                0x080078d8       0x24 D:/stm32tools/arm-none-eabi-gcc/14.2.1-1.1.1/.content/bin/../lib/gcc/arm-none-eabi/14.2.1/../../../../arm-none-eabi/lib/thumb/v7-m/nofp\libc_nano.a(libc_a-mbtowc_r.o)
                0x080078d8                __ascii_mbtowc
 .text._realloc_r
                0x080078fc       0x5c D:/stm32tools/arm-none-eabi-gcc/14.2.1-1.1.1/.content/bin/../lib/gcc/arm-none-eabi/14.2.1/../../../../arm-none-eabi/lib/thumb/v7-m/nofp\libc_nano.a(libc_a-reallocr.o)
                0x080078fc                _realloc_r
 .text.__ascii_wctomb
                0x08007958       0x1a D:/stm32tools/arm-none-eabi-gcc/14.2.1-1.1.1/.content/bin/../lib/gcc/arm-none-eabi/14.2.1/../../../../arm-none-eabi/lib/thumb/v7-m/nofp\libc_nano.a(libc_a-wctomb_r.o)
                0x08007958                __ascii_wctomb
 *fill*         0x08007972        0x2 
 .text.fprintf  0x08007974       0x24 D:/stm32tools/arm-none-eabi-gcc/14.2.1-1.1.1/.content/bin/../lib/gcc/arm-none-eabi/14.2.1/../../../../arm-none-eabi/lib/thumb/v7-m/nofp\libc_nano.a(libc_a-fprintf.o)
                0x08007974                fiprintf
                0x08007974                fprintf
 .text.abort    0x08007998        0xe D:/stm32tools/arm-none-eabi-gcc/14.2.1-1.1.1/.content/bin/../lib/gcc/arm-none-eabi/14.2.1/../../../../arm-none-eabi/lib/thumb/v7-m/nofp\libc_nano.a(libc_a-abort.o)
                0x08007998                abort
 .text._malloc_usable_size_r
                0x080079a6       0x10 D:/stm32tools/arm-none-eabi-gcc/14.2.1-1.1.1/.content/bin/../lib/gcc/arm-none-eabi/14.2.1/../../../../arm-none-eabi/lib/thumb/v7-m/nofp\libc_nano.a(libc_a-msizer.o)
                0x080079a6                _malloc_usable_size_r
 .text._raise_r
                0x080079b6       0x50 D:/stm32tools/arm-none-eabi-gcc/14.2.1-1.1.1/.content/bin/../lib/gcc/arm-none-eabi/14.2.1/../../../../arm-none-eabi/lib/thumb/v7-m/nofp\libc_nano.a(libc_a-signal.o)
                0x080079b6                _raise_r
 *fill*         0x08007a06        0x2 
 .text.raise    0x08007a08       0x10 D:/stm32tools/arm-none-eabi-gcc/14.2.1-1.1.1/.content/bin/../lib/gcc/arm-none-eabi/14.2.1/../../../../arm-none-eabi/lib/thumb/v7-m/nofp\libc_nano.a(libc_a-signal.o)
                0x08007a08                raise
 .text._kill_r  0x08007a18       0x24 D:/stm32tools/arm-none-eabi-gcc/14.2.1-1.1.1/.content/bin/../lib/gcc/arm-none-eabi/14.2.1/../../../../arm-none-eabi/lib/thumb/v7-m/nofp\libc_nano.a(libc_a-signalr.o)
                0x08007a18                _kill_r
 .text._getpid_r
                0x08007a3c        0x4 D:/stm32tools/arm-none-eabi-gcc/14.2.1-1.1.1/.content/bin/../lib/gcc/arm-none-eabi/14.2.1/../../../../arm-none-eabi/lib/thumb/v7-m/nofp\libc_nano.a(libc_a-signalr.o)
                0x08007a3c                _getpid_r
 .text._close   0x08007a40       0x10 D:/stm32tools/arm-none-eabi-gcc/14.2.1-1.1.1/.content/bin/../lib/gcc/arm-none-eabi/14.2.1/../../../../arm-none-eabi/lib/thumb/v7-m/nofp\libnosys.a(close.o)
                0x08007a40                _close
 .text._fstat   0x08007a50       0x10 D:/stm32tools/arm-none-eabi-gcc/14.2.1-1.1.1/.content/bin/../lib/gcc/arm-none-eabi/14.2.1/../../../../arm-none-eabi/lib/thumb/v7-m/nofp\libnosys.a(fstat.o)
                0x08007a50                _fstat
 .text._getpid  0x08007a60       0x10 D:/stm32tools/arm-none-eabi-gcc/14.2.1-1.1.1/.content/bin/../lib/gcc/arm-none-eabi/14.2.1/../../../../arm-none-eabi/lib/thumb/v7-m/nofp\libnosys.a(getpid.o)
                0x08007a60                _getpid
 .text._isatty  0x08007a70       0x10 D:/stm32tools/arm-none-eabi-gcc/14.2.1-1.1.1/.content/bin/../lib/gcc/arm-none-eabi/14.2.1/../../../../arm-none-eabi/lib/thumb/v7-m/nofp\libnosys.a(isatty.o)
                0x08007a70                _isatty
 .text._kill    0x08007a80       0x10 D:/stm32tools/arm-none-eabi-gcc/14.2.1-1.1.1/.content/bin/../lib/gcc/arm-none-eabi/14.2.1/../../../../arm-none-eabi/lib/thumb/v7-m/nofp\libnosys.a(kill.o)
                0x08007a80                _kill
 .text._lseek   0x08007a90       0x10 D:/stm32tools/arm-none-eabi-gcc/14.2.1-1.1.1/.content/bin/../lib/gcc/arm-none-eabi/14.2.1/../../../../arm-none-eabi/lib/thumb/v7-m/nofp\libnosys.a(lseek.o)
                0x08007a90                _lseek
 .text._read    0x08007aa0       0x10 D:/stm32tools/arm-none-eabi-gcc/14.2.1-1.1.1/.content/bin/../lib/gcc/arm-none-eabi/14.2.1/../../../../arm-none-eabi/lib/thumb/v7-m/nofp\libnosys.a(read.o)
                0x08007aa0                _read
 .text._sbrk    0x08007ab0       0x1c D:/stm32tools/arm-none-eabi-gcc/14.2.1-1.1.1/.content/bin/../lib/gcc/arm-none-eabi/14.2.1/../../../../arm-none-eabi/lib/thumb/v7-m/nofp\libnosys.a(sbrk.o)
                0x08007ab0                _sbrk
 .text._exit    0x08007acc        0x4 D:/stm32tools/arm-none-eabi-gcc/14.2.1-1.1.1/.content/bin/../lib/gcc/arm-none-eabi/14.2.1/../../../../arm-none-eabi/lib/thumb/v7-m/nofp\libnosys.a(_exit.o)
                0x08007acc                _exit
 *(.glue_7)
 .glue_7        0x08007ad0        0x0 linker stubs
 *(.glue_7t)
 .glue_7t       0x08007ad0        0x0 linker stubs
 *(.eh_frame)
 .eh_frame      0x08007ad0        0x0 D:/stm32tools/arm-none-eabi-gcc/14.2.1-1.1.1/.content/bin/../lib/gcc/arm-none-eabi/14.2.1/thumb/v7-m/nofp/crtbegin.o
 *(.init)
 .init          0x08007ad0        0x4 D:/stm32tools/arm-none-eabi-gcc/14.2.1-1.1.1/.content/bin/../lib/gcc/arm-none-eabi/14.2.1/thumb/v7-m/nofp/crti.o
                0x08007ad0                _init
 .init          0x08007ad4        0x8 D:/stm32tools/arm-none-eabi-gcc/14.2.1-1.1.1/.content/bin/../lib/gcc/arm-none-eabi/14.2.1/thumb/v7-m/nofp/crtn.o
 *(.fini)
 .fini          0x08007adc        0x4 D:/stm32tools/arm-none-eabi-gcc/14.2.1-1.1.1/.content/bin/../lib/gcc/arm-none-eabi/14.2.1/thumb/v7-m/nofp/crti.o
                0x08007adc                _fini
 .fini          0x08007ae0        0x8 D:/stm32tools/arm-none-eabi-gcc/14.2.1-1.1.1/.content/bin/../lib/gcc/arm-none-eabi/14.2.1/thumb/v7-m/nofp/crtn.o
                0x08007ae8                        . = ALIGN (0x4)
                0x08007ae8                        _etext = .

.vfp11_veneer   0x08007ae8        0x0
 .vfp11_veneer  0x08007ae8        0x0 linker stubs

.v4_bx          0x08007ae8        0x0
 .v4_bx         0x08007ae8        0x0 linker stubs

.iplt           0x08007ae8        0x0
 .iplt          0x08007ae8        0x0 D:/stm32tools/arm-none-eabi-gcc/14.2.1-1.1.1/.content/bin/../lib/gcc/arm-none-eabi/14.2.1/thumb/v7-m/nofp/crtbegin.o

.rodata         0x08007ae8      0x8ac
                0x08007ae8                        . = ALIGN (0x4)
 *(.rodata)
 .rodata        0x08007ae8       0x1a build/oled.o
 *(.rodata*)
 *fill*         0x08007b02        0x2 
 .rodata.Task_MPU6050_Read.str1.4
                0x08007b04      0x259 build/main.o
                                 0x21 (size before relaxing)
 .rodata.Task_OLED_Display.str1.4
                0x08007d5d       0x4d build/main.o
 .rodata.vApplicationStackOverflowHook.str1.4
                0x08007d5d       0x1f build/main.o
 .rodata.main.str1.4
                0x08007d5d      0x149 build/main.o
 *fill*         0x08007d5d        0x3 
 .rodata.aPredivFactorTable.0
                0x08007d60        0x2 build/stm32f1xx_hal_rcc.o
 *fill*         0x08007d62        0x2 
 .rodata.aPLLMULFactorTable.1
                0x08007d64       0x10 build/stm32f1xx_hal_rcc.o
 .rodata.APBPrescTable
                0x08007d74        0x8 build/system_stm32f1xx.o
                0x08007d74                APBPrescTable
 .rodata.AHBPrescTable
                0x08007d7c       0x10 build/system_stm32f1xx.o
                0x08007d7c                AHBPrescTable
 .rodata.vTaskStartScheduler.str1.4
                0x08007d8c        0x5 build/tasks.o
 .rodata.uxTopUsedPriority
                0x08007d8c        0x4 build/tasks.o
                0x08007d8c                uxTopUsedPriority
 .rodata.MPU6050_Calibrate.str1.4
                0x08007d90       0x69 build/mpu6050.o
 .rodata.OLED_ShowNum.str1.4
                0x08007d90        0x5 build/oled.o
 .rodata.OLED_F6x8
                0x08007d90      0x23a build/oled.o
                0x08007d90                OLED_F6x8
 .rodata._printf_float.str1.1
                0x08007fca      0x1c5 D:/stm32tools/arm-none-eabi-gcc/14.2.1-1.1.1/.content/bin/../lib/gcc/arm-none-eabi/14.2.1/../../../../arm-none-eabi/lib/thumb/v7-m/nofp\libc_nano.a(libc_a-nano-vfprintf_float.o)
                                 0x12 (size before relaxing)
 .rodata._printf_i.str1.1
                0x0800818f       0x22 D:/stm32tools/arm-none-eabi-gcc/14.2.1-1.1.1/.content/bin/../lib/gcc/arm-none-eabi/14.2.1/../../../../arm-none-eabi/lib/thumb/v7-m/nofp\libc_nano.a(libc_a-nano-vfprintf_i.o)
 .rodata._dtoa_r.str1.1
                0x0800818f       0xb9 D:/stm32tools/arm-none-eabi-gcc/14.2.1-1.1.1/.content/bin/../lib/gcc/arm-none-eabi/14.2.1/../../../../arm-none-eabi/lib/thumb/v7-m/nofp\libc_nano.a(libc_a-dtoa.o)
 .rodata._Balloc.str1.1
                0x0800818f       0x9a D:/stm32tools/arm-none-eabi-gcc/14.2.1-1.1.1/.content/bin/../lib/gcc/arm-none-eabi/14.2.1/../../../../arm-none-eabi/lib/thumb/v7-m/nofp\libc_nano.a(libc_a-mprec.o)
 .rodata.__multadd.str1.1
                0x0800818f       0x11 D:/stm32tools/arm-none-eabi-gcc/14.2.1-1.1.1/.content/bin/../lib/gcc/arm-none-eabi/14.2.1/../../../../arm-none-eabi/lib/thumb/v7-m/nofp\libc_nano.a(libc_a-mprec.o)
 *fill*         0x0800818f        0x1 
 .rodata.p05.0  0x08008190        0xc D:/stm32tools/arm-none-eabi-gcc/14.2.1-1.1.1/.content/bin/../lib/gcc/arm-none-eabi/14.2.1/../../../../arm-none-eabi/lib/thumb/v7-m/nofp\libc_nano.a(libc_a-mprec.o)
 *fill*         0x0800819c        0x4 
 .rodata.__mprec_bigtens
                0x080081a0       0x28 D:/stm32tools/arm-none-eabi-gcc/14.2.1-1.1.1/.content/bin/../lib/gcc/arm-none-eabi/14.2.1/../../../../arm-none-eabi/lib/thumb/v7-m/nofp\libc_nano.a(libc_a-mprec.o)
                0x080081a0                __mprec_bigtens
 .rodata.__mprec_tens
                0x080081c8       0xc8 D:/stm32tools/arm-none-eabi-gcc/14.2.1-1.1.1/.content/bin/../lib/gcc/arm-none-eabi/14.2.1/../../../../arm-none-eabi/lib/thumb/v7-m/nofp\libc_nano.a(libc_a-mprec.o)
                0x080081c8                __mprec_tens
 .rodata._svfprintf_r.str1.1
                0x08008290       0x11 D:/stm32tools/arm-none-eabi-gcc/14.2.1-1.1.1/.content/bin/../lib/gcc/arm-none-eabi/14.2.1/../../../../arm-none-eabi/lib/thumb/v7-m/nofp\libc_nano.a(libc_a-nano-svfprintf.o)
 .rodata._vfprintf_r.str1.1
                0x08008290       0x11 D:/stm32tools/arm-none-eabi-gcc/14.2.1-1.1.1/.content/bin/../lib/gcc/arm-none-eabi/14.2.1/../../../../arm-none-eabi/lib/thumb/v7-m/nofp\libc_nano.a(libc_a-nano-vfprintf.o)
 .rodata._setlocale_r.str1.1
                0x08008290        0x9 D:/stm32tools/arm-none-eabi-gcc/14.2.1-1.1.1/.content/bin/../lib/gcc/arm-none-eabi/14.2.1/../../../../arm-none-eabi/lib/thumb/v7-m/nofp\libc_nano.a(libc_a-locale.o)
 .rodata.str1.1
                0x08008290        0x2 D:/stm32tools/arm-none-eabi-gcc/14.2.1-1.1.1/.content/bin/../lib/gcc/arm-none-eabi/14.2.1/../../../../arm-none-eabi/lib/thumb/v7-m/nofp\libc_nano.a(libc_a-locale.o)
 .rodata.__assert_func.str1.1
                0x08008290       0x3d D:/stm32tools/arm-none-eabi-gcc/14.2.1-1.1.1/.content/bin/../lib/gcc/arm-none-eabi/14.2.1/../../../../arm-none-eabi/lib/thumb/v7-m/nofp\libc_nano.a(libc_a-assert.o)
 .rodata._ctype_
                0x08008290      0x101 D:/stm32tools/arm-none-eabi-gcc/14.2.1-1.1.1/.content/bin/../lib/gcc/arm-none-eabi/14.2.1/../../../../arm-none-eabi/lib/thumb/v7-m/nofp\libc_nano.a(libc_a-ctype_.o)
                0x08008290                _ctype_
                0x08008394                        . = ALIGN (0x4)
 *fill*         0x08008391        0x3 

.ARM.extab
 *(.ARM.extab* .gnu.linkonce.armextab.*)

.ARM            0x08008394        0x8
                0x08008394                        __exidx_start = .
 *(.ARM.exidx*)
 .ARM.exidx     0x08008394        0x8 D:/stm32tools/arm-none-eabi-gcc/14.2.1-1.1.1/.content/bin/../lib/gcc/arm-none-eabi/14.2.1/../../../../arm-none-eabi/lib/thumb/v7-m/nofp\libc_nano.a(libc_a-strlen.o)
                0x0800839c                        __exidx_end = .

.rel.dyn        0x0800839c        0x0
 .rel.iplt      0x0800839c        0x0 D:/stm32tools/arm-none-eabi-gcc/14.2.1-1.1.1/.content/bin/../lib/gcc/arm-none-eabi/14.2.1/thumb/v7-m/nofp/crtbegin.o

.preinit_array  0x0800839c        0x0
                0x0800839c                        PROVIDE (__preinit_array_start = .)
 *(.preinit_array*)
                0x0800839c                        PROVIDE (__preinit_array_end = .)

.init_array     0x0800839c        0x4
                0x0800839c                        PROVIDE (__init_array_start = .)
 *(SORT_BY_NAME(.init_array.*))
 *(.init_array*)
 .init_array    0x0800839c        0x4 D:/stm32tools/arm-none-eabi-gcc/14.2.1-1.1.1/.content/bin/../lib/gcc/arm-none-eabi/14.2.1/thumb/v7-m/nofp/crtbegin.o
                0x080083a0                        PROVIDE (__init_array_end = .)

.fini_array     0x080083a0        0x4
                0x080083a0                        PROVIDE (__fini_array_start = .)
 *(SORT_BY_NAME(.fini_array.*))
 *(.fini_array*)
 .fini_array    0x080083a0        0x4 D:/stm32tools/arm-none-eabi-gcc/14.2.1-1.1.1/.content/bin/../lib/gcc/arm-none-eabi/14.2.1/thumb/v7-m/nofp/crtbegin.o
                0x080083a4                        PROVIDE (__fini_array_end = .)
                0x080083a4                        _sidata = LOADADDR (.data)

.data           0x20000000      0x1dc load address 0x080083a4
                0x20000000                        . = ALIGN (0x4)
                0x20000000                        _sdata = .
 *(.data)
 *(.data*)
 .data.uwTickFreq
                0x20000000        0x1 build/stm32f1xx_hal.o
                0x20000000                uwTickFreq
 *fill*         0x20000001        0x3 
 .data.uwTickPrio
                0x20000004        0x4 build/stm32f1xx_hal.o
                0x20000004                uwTickPrio
 .data.SystemCoreClock
                0x20000008        0x4 build/system_stm32f1xx.o
                0x20000008                SystemCoreClock
 .data.uxCriticalNesting
                0x2000000c        0x4 build/port.o
 .data.last_val.1
                0x20000010        0x1 build/oled.o
 *fill*         0x20000011        0x3 
 .data.__sglue  0x20000014        0xc D:/stm32tools/arm-none-eabi-gcc/14.2.1-1.1.1/.content/bin/../lib/gcc/arm-none-eabi/14.2.1/../../../../arm-none-eabi/lib/thumb/v7-m/nofp\libc_nano.a(libc_a-findfp.o)
                0x20000014                __sglue
 .data._impure_ptr
                0x20000020        0x4 D:/stm32tools/arm-none-eabi-gcc/14.2.1-1.1.1/.content/bin/../lib/gcc/arm-none-eabi/14.2.1/../../../../arm-none-eabi/lib/thumb/v7-m/nofp\libc_nano.a(libc_a-impure.o)
                0x20000020                _impure_ptr
 .data._impure_data
                0x20000024       0x4c D:/stm32tools/arm-none-eabi-gcc/14.2.1-1.1.1/.content/bin/../lib/gcc/arm-none-eabi/14.2.1/../../../../arm-none-eabi/lib/thumb/v7-m/nofp\libc_nano.a(libc_a-impure.o)
                0x20000024                _impure_data
 .data.__global_locale
                0x20000070      0x16c D:/stm32tools/arm-none-eabi-gcc/14.2.1-1.1.1/.content/bin/../lib/gcc/arm-none-eabi/14.2.1/../../../../arm-none-eabi/lib/thumb/v7-m/nofp\libc_nano.a(libc_a-locale.o)
                0x20000070                __global_locale
                0x200001dc                        . = ALIGN (0x4)
                0x200001dc                        _edata = .

.igot.plt       0x200001dc        0x0 load address 0x08008580
 .igot.plt      0x200001dc        0x0 D:/stm32tools/arm-none-eabi-gcc/14.2.1-1.1.1/.content/bin/../lib/gcc/arm-none-eabi/14.2.1/thumb/v7-m/nofp/crtbegin.o
                0x200001dc                        . = ALIGN (0x4)

.bss            0x200001dc     0x3154 load address 0x08008580
                0x200001dc                        _sbss = .
                0x200001dc                        __bss_start__ = _sbss
 *(.bss)
 *(.bss*)
 .bss.completed.1
                0x200001dc        0x1 D:/stm32tools/arm-none-eabi-gcc/14.2.1-1.1.1/.content/bin/../lib/gcc/arm-none-eabi/14.2.1/thumb/v7-m/nofp/crtbegin.o
 *fill*         0x200001dd        0x3 
 .bss.object.0  0x200001e0       0x18 D:/stm32tools/arm-none-eabi-gcc/14.2.1-1.1.1/.content/bin/../lib/gcc/arm-none-eabi/14.2.1/thumb/v7-m/nofp/crtbegin.o
 .bss.uxIdleTaskStack.0
                0x200001f8      0x200 build/main.o
 .bss.xIdleTaskTCB.1
                0x200003f8       0x5c build/main.o
 .bss.ProcessTaskParam
                0x20000454       0x10 build/main.o
                0x20000454                ProcessTaskParam
 .bss.MPU_Sem   0x20000464        0x4 build/main.o
                0x20000464                MPU_Sem
 .bss.xI2CMutex
                0x20000468        0x4 build/main.o
                0x20000468                xI2CMutex
 .bss.xCookedQueue
                0x2000046c        0x4 build/main.o
                0x2000046c                xCookedQueue
 .bss.xSensorQueue
                0x20000470        0x4 build/main.o
                0x20000470                xSensorQueue
 .bss.uwTick    0x20000474        0x4 build/stm32f1xx_hal.o
                0x20000474                uwTick
 .bss.uxSchedulerSuspended
                0x20000478        0x4 build/tasks.o
 .bss.xIdleTaskHandle
                0x2000047c        0x4 build/tasks.o
 .bss.xNextTaskUnblockTime
                0x20000480        0x4 build/tasks.o
 .bss.uxTaskNumber
                0x20000484        0x4 build/tasks.o
 .bss.xNumOfOverflows
                0x20000488        0x4 build/tasks.o
 .bss.xYieldPending
                0x2000048c        0x4 build/tasks.o
 .bss.xPendedTicks
                0x20000490        0x4 build/tasks.o
 .bss.xSchedulerRunning
                0x20000494        0x4 build/tasks.o
 .bss.uxTopReadyPriority
                0x20000498        0x4 build/tasks.o
 .bss.xTickCount
                0x2000049c        0x4 build/tasks.o
 .bss.uxCurrentNumberOfTasks
                0x200004a0        0x4 build/tasks.o
 .bss.xSuspendedTaskList
                0x200004a4       0x14 build/tasks.o
 .bss.uxDeletedTasksWaitingCleanUp
                0x200004b8        0x4 build/tasks.o
 .bss.xTasksWaitingTermination
                0x200004bc       0x14 build/tasks.o
 .bss.xPendingReadyList
                0x200004d0       0x14 build/tasks.o
 .bss.pxOverflowDelayedTaskList
                0x200004e4        0x4 build/tasks.o
 .bss.pxDelayedTaskList
                0x200004e8        0x4 build/tasks.o
 .bss.xDelayedTaskList2
                0x200004ec       0x14 build/tasks.o
 .bss.xDelayedTaskList1
                0x20000500       0x14 build/tasks.o
 .bss.pxReadyTasksLists
                0x20000514      0x280 build/tasks.o
 .bss.pxCurrentTCB
                0x20000794        0x4 build/tasks.o
                0x20000794                pxCurrentTCB
 .bss.xBlockAllocatedBit
                0x20000798        0x4 build/heap_4.o
 .bss.xNumberOfSuccessfulFrees
                0x2000079c        0x4 build/heap_4.o
 .bss.xNumberOfSuccessfulAllocations
                0x200007a0        0x4 build/heap_4.o
 .bss.xMinimumEverFreeBytesRemaining
                0x200007a4        0x4 build/heap_4.o
 .bss.xFreeBytesRemaining
                0x200007a8        0x4 build/heap_4.o
 .bss.pxEnd     0x200007ac        0x4 build/heap_4.o
 .bss.xStart    0x200007b0        0x8 build/heap_4.o
 .bss.ucHeap    0x200007b8     0x2800 build/heap_4.o
 .bss.htim2     0x20002fb8       0x48 build/stm32f1xx_hal_timebase_tim.o
                0x20002fb8                htim2
 .bss.hdma_usart1_rx
                0x20003000       0x44 build/usart.o
                0x20003000                hdma_usart1_rx
 .bss.hdma_usart1_tx
                0x20003044       0x44 build/usart.o
                0x20003044                hdma_usart1_tx
 .bss.huart1    0x20003088       0x48 build/usart.o
                0x20003088                huart1
 .bss.uart_rx_buf
                0x200030d0       0x80 build/debug_uart.o
 .bss.xTxDmaSemaphore
                0x20003150        0x4 build/debug_uart.o
 .bss.xUartRxQueue
                0x20003154        0x4 build/debug_uart.o
 .bss.xUartTxQueue
                0x20003158        0x4 build/debug_uart.o
 .bss.fill_buf.0
                0x2000315c       0x80 build/oled.o
 .bss.fill_initialized.2
                0x200031dc        0x1 build/oled.o
 *fill*         0x200031dd        0x3 
 .bss.__sf      0x200031e0      0x138 D:/stm32tools/arm-none-eabi-gcc/14.2.1-1.1.1/.content/bin/../lib/gcc/arm-none-eabi/14.2.1/../../../../arm-none-eabi/lib/thumb/v7-m/nofp\libc_nano.a(libc_a-findfp.o)
                0x200031e0                __sf
 .bss.__stdio_exit_handler
                0x20003318        0x4 D:/stm32tools/arm-none-eabi-gcc/14.2.1-1.1.1/.content/bin/../lib/gcc/arm-none-eabi/14.2.1/../../../../arm-none-eabi/lib/thumb/v7-m/nofp\libc_nano.a(libc_a-findfp.o)
                0x20003318                __stdio_exit_handler
 .bss.errno     0x2000331c        0x4 D:/stm32tools/arm-none-eabi-gcc/14.2.1-1.1.1/.content/bin/../lib/gcc/arm-none-eabi/14.2.1/../../../../arm-none-eabi/lib/thumb/v7-m/nofp\libc_nano.a(libc_a-reent.o)
                0x2000331c                errno
 .bss.__lock___malloc_recursive_mutex
                0x20003320        0x1 D:/stm32tools/arm-none-eabi-gcc/14.2.1-1.1.1/.content/bin/../lib/gcc/arm-none-eabi/14.2.1/../../../../arm-none-eabi/lib/thumb/v7-m/nofp\libc_nano.a(libc_a-lock.o)
                0x20003320                __lock___malloc_recursive_mutex
 .bss.__lock___sfp_recursive_mutex
                0x20003321        0x1 D:/stm32tools/arm-none-eabi-gcc/14.2.1-1.1.1/.content/bin/../lib/gcc/arm-none-eabi/14.2.1/../../../../arm-none-eabi/lib/thumb/v7-m/nofp\libc_nano.a(libc_a-lock.o)
                0x20003321                __lock___sfp_recursive_mutex
 *fill*         0x20003322        0x2 
 .bss.__malloc_sbrk_start
                0x20003324        0x4 D:/stm32tools/arm-none-eabi-gcc/14.2.1-1.1.1/.content/bin/../lib/gcc/arm-none-eabi/14.2.1/../../../../arm-none-eabi/lib/thumb/v7-m/nofp\libc_nano.a(libc_a-mallocr.o)
                0x20003324                __malloc_sbrk_start
 .bss.__malloc_free_list
                0x20003328        0x4 D:/stm32tools/arm-none-eabi-gcc/14.2.1-1.1.1/.content/bin/../lib/gcc/arm-none-eabi/14.2.1/../../../../arm-none-eabi/lib/thumb/v7-m/nofp\libc_nano.a(libc_a-mallocr.o)
                0x20003328                __malloc_free_list
 .bss.heap_end.0
                0x2000332c        0x4 D:/stm32tools/arm-none-eabi-gcc/14.2.1-1.1.1/.content/bin/../lib/gcc/arm-none-eabi/14.2.1/../../../../arm-none-eabi/lib/thumb/v7-m/nofp\libnosys.a(sbrk.o)
 *(COMMON)
                0x20003330                        . = ALIGN (0x4)
                0x20003330                        _ebss = .
                0x20003330                        __bss_end__ = _ebss

._user_heap_stack
                0x20003330      0x600 load address 0x08008580
                0x20003330                        . = ALIGN (0x8)
                0x20003330                        PROVIDE (end = .)
                [!provide]                        PROVIDE (_end = .)
                0x20003530                        . = (. + _Min_Heap_Size)
 *fill*         0x20003330      0x200 
                0x20003930                        . = (. + _Min_Stack_Size)
 *fill*         0x20003530      0x400 
                0x20003930                        . = ALIGN (0x8)

/DISCARD/
 libc.a(*)
 libm.a(*)
 libgcc.a(*)

.ARM.attributes
                0x00000000       0x29
 *(.ARM.attributes)
 .ARM.attributes
                0x00000000       0x1d D:/stm32tools/arm-none-eabi-gcc/14.2.1-1.1.1/.content/bin/../lib/gcc/arm-none-eabi/14.2.1/thumb/v7-m/nofp/crti.o
 .ARM.attributes
                0x0000001d       0x2d D:/stm32tools/arm-none-eabi-gcc/14.2.1-1.1.1/.content/bin/../lib/gcc/arm-none-eabi/14.2.1/thumb/v7-m/nofp/crtbegin.o
 .ARM.attributes
                0x0000004a       0x2d build/main.o
 .ARM.attributes
                0x00000077       0x2d build/stm32f1xx_it.o
 .ARM.attributes
                0x000000a4       0x2d build/stm32f1xx_hal_msp.o
 .ARM.attributes
                0x000000d1       0x2d build/stm32f1xx_hal_tim.o
 .ARM.attributes
                0x000000fe       0x2d build/stm32f1xx_hal_tim_ex.o
 .ARM.attributes
                0x0000012b       0x2d build/stm32f1xx_hal_uart.o
 .ARM.attributes
                0x00000158       0x2d build/stm32f1xx_hal.o
 .ARM.attributes
                0x00000185       0x2d build/stm32f1xx_hal_rcc.o
 .ARM.attributes
                0x000001b2       0x2d build/stm32f1xx_hal_gpio.o
 .ARM.attributes
                0x000001df       0x2d build/stm32f1xx_hal_dma.o
 .ARM.attributes
                0x0000020c       0x2d build/stm32f1xx_hal_cortex.o
 .ARM.attributes
                0x00000239       0x2d build/system_stm32f1xx.o
 .ARM.attributes
                0x00000266       0x2d build/tasks.o
 .ARM.attributes
                0x00000293       0x2d build/list.o
 .ARM.attributes
                0x000002c0       0x2d build/queue.o
 .ARM.attributes
                0x000002ed       0x2d build/heap_4.o
 .ARM.attributes
                0x0000031a       0x2d build/port.o
 .ARM.attributes
                0x00000347       0x2d build/stm32f1xx_hal_timebase_tim.o
 .ARM.attributes
                0x00000374       0x2d build/gpio.o
 .ARM.attributes
                0x000003a1       0x2d build/usart.o
 .ARM.attributes
                0x000003ce       0x2d build/debug_uart.o
 .ARM.attributes
                0x000003fb       0x2d build/dma.o
 .ARM.attributes
                0x00000428       0x2d build/mpu6050.o
 .ARM.attributes
                0x00000455       0x2d build/soft_i2c.o
 .ARM.attributes
                0x00000482       0x2d build/oled.o
 .ARM.attributes
                0x000004af       0x21 build/startup_stm32f103xb.o
 .ARM.attributes
                0x000004d0       0x2d D:/stm32tools/arm-none-eabi-gcc/14.2.1-1.1.1/.content/bin/../lib/gcc/arm-none-eabi/14.2.1/../../../../arm-none-eabi/lib/thumb/v7-m/nofp\libc_nano.a(libc_a-nano-vfprintf_float.o)
 .ARM.attributes
                0x000004fd       0x2d D:/stm32tools/arm-none-eabi-gcc/14.2.1-1.1.1/.content/bin/../lib/gcc/arm-none-eabi/14.2.1/../../../../arm-none-eabi/lib/thumb/v7-m/nofp\libc_nano.a(libc_a-nano-vfprintf_i.o)
 .ARM.attributes
                0x0000052a       0x2d D:/stm32tools/arm-none-eabi-gcc/14.2.1-1.1.1/.content/bin/../lib/gcc/arm-none-eabi/14.2.1/../../../../arm-none-eabi/lib/thumb/v7-m/nofp\libc_nano.a(libc_a-findfp.o)
 .ARM.attributes
                0x00000557       0x2d D:/stm32tools/arm-none-eabi-gcc/14.2.1-1.1.1/.content/bin/../lib/gcc/arm-none-eabi/14.2.1/../../../../arm-none-eabi/lib/thumb/v7-m/nofp\libc_nano.a(libc_a-fwalk.o)
 .ARM.attributes
                0x00000584       0x2d D:/stm32tools/arm-none-eabi-gcc/14.2.1-1.1.1/.content/bin/../lib/gcc/arm-none-eabi/14.2.1/../../../../arm-none-eabi/lib/thumb/v7-m/nofp\libc_nano.a(libc_a-printf.o)
 .ARM.attributes
                0x000005b1       0x2d D:/stm32tools/arm-none-eabi-gcc/14.2.1-1.1.1/.content/bin/../lib/gcc/arm-none-eabi/14.2.1/../../../../arm-none-eabi/lib/thumb/v7-m/nofp\libc_nano.a(libc_a-puts.o)
 .ARM.attributes
                0x000005de       0x2d D:/stm32tools/arm-none-eabi-gcc/14.2.1-1.1.1/.content/bin/../lib/gcc/arm-none-eabi/14.2.1/../../../../arm-none-eabi/lib/thumb/v7-m/nofp\libc_nano.a(libc_a-snprintf.o)
 .ARM.attributes
                0x0000060b       0x2d D:/stm32tools/arm-none-eabi-gcc/14.2.1-1.1.1/.content/bin/../lib/gcc/arm-none-eabi/14.2.1/../../../../arm-none-eabi/lib/thumb/v7-m/nofp\libc_nano.a(libc_a-stdio.o)
 .ARM.attributes
                0x00000638       0x2d D:/stm32tools/arm-none-eabi-gcc/14.2.1-1.1.1/.content/bin/../lib/gcc/arm-none-eabi/14.2.1/../../../../arm-none-eabi/lib/thumb/v7-m/nofp\libc_nano.a(libc_a-wbuf.o)
 .ARM.attributes
                0x00000665       0x2d D:/stm32tools/arm-none-eabi-gcc/14.2.1-1.1.1/.content/bin/../lib/gcc/arm-none-eabi/14.2.1/../../../../arm-none-eabi/lib/thumb/v7-m/nofp\libc_nano.a(libc_a-wsetup.o)
 .ARM.attributes
                0x00000692       0x2d D:/stm32tools/arm-none-eabi-gcc/14.2.1-1.1.1/.content/bin/../lib/gcc/arm-none-eabi/14.2.1/../../../../arm-none-eabi/lib/thumb/v7-m/nofp\libc_nano.a(libc_a-memset.o)
 .ARM.attributes
                0x000006bf       0x2d D:/stm32tools/arm-none-eabi-gcc/14.2.1-1.1.1/.content/bin/../lib/gcc/arm-none-eabi/14.2.1/../../../../arm-none-eabi/lib/thumb/v7-m/nofp\libc_nano.a(libc_a-localeconv.o)
 .ARM.attributes
                0x000006ec       0x2d D:/stm32tools/arm-none-eabi-gcc/14.2.1-1.1.1/.content/bin/../lib/gcc/arm-none-eabi/14.2.1/../../../../arm-none-eabi/lib/thumb/v7-m/nofp\libc_nano.a(libc_a-closer.o)
 .ARM.attributes
                0x00000719       0x2d D:/stm32tools/arm-none-eabi-gcc/14.2.1-1.1.1/.content/bin/../lib/gcc/arm-none-eabi/14.2.1/../../../../arm-none-eabi/lib/thumb/v7-m/nofp\libc_nano.a(libc_a-reent.o)
 .ARM.attributes
                0x00000746       0x2d D:/stm32tools/arm-none-eabi-gcc/14.2.1-1.1.1/.content/bin/../lib/gcc/arm-none-eabi/14.2.1/../../../../arm-none-eabi/lib/thumb/v7-m/nofp\libc_nano.a(libc_a-impure.o)
 .ARM.attributes
                0x00000773       0x2d D:/stm32tools/arm-none-eabi-gcc/14.2.1-1.1.1/.content/bin/../lib/gcc/arm-none-eabi/14.2.1/../../../../arm-none-eabi/lib/thumb/v7-m/nofp\libc_nano.a(libc_a-lseekr.o)
 .ARM.attributes
                0x000007a0       0x2d D:/stm32tools/arm-none-eabi-gcc/14.2.1-1.1.1/.content/bin/../lib/gcc/arm-none-eabi/14.2.1/../../../../arm-none-eabi/lib/thumb/v7-m/nofp\libc_nano.a(libc_a-readr.o)
 .ARM.attributes
                0x000007cd       0x2d D:/stm32tools/arm-none-eabi-gcc/14.2.1-1.1.1/.content/bin/../lib/gcc/arm-none-eabi/14.2.1/../../../../arm-none-eabi/lib/thumb/v7-m/nofp\libc_nano.a(libc_a-writer.o)
 .ARM.attributes
                0x000007fa       0x2d D:/stm32tools/arm-none-eabi-gcc/14.2.1-1.1.1/.content/bin/../lib/gcc/arm-none-eabi/14.2.1/../../../../arm-none-eabi/lib/thumb/v7-m/nofp\libc_nano.a(libc_a-init.o)
 .ARM.attributes
                0x00000827       0x2d D:/stm32tools/arm-none-eabi-gcc/14.2.1-1.1.1/.content/bin/../lib/gcc/arm-none-eabi/14.2.1/../../../../arm-none-eabi/lib/thumb/v7-m/nofp\libc_nano.a(libc_a-lock.o)
 .ARM.attributes
                0x00000854       0x2d D:/stm32tools/arm-none-eabi-gcc/14.2.1-1.1.1/.content/bin/../lib/gcc/arm-none-eabi/14.2.1/../../../../arm-none-eabi/lib/thumb/v7-m/nofp\libc_nano.a(libc_a-memchr-stub.o)
 .ARM.attributes
                0x00000881       0x2d D:/stm32tools/arm-none-eabi-gcc/14.2.1-1.1.1/.content/bin/../lib/gcc/arm-none-eabi/14.2.1/../../../../arm-none-eabi/lib/thumb/v7-m/nofp\libc_nano.a(libc_a-memcpy-stub.o)
 .ARM.attributes
                0x000008ae       0x17 D:/stm32tools/arm-none-eabi-gcc/14.2.1-1.1.1/.content/bin/../lib/gcc/arm-none-eabi/14.2.1/../../../../arm-none-eabi/lib/thumb/v7-m/nofp\libc_nano.a(libc_a-strlen.o)
 .ARM.attributes
                0x000008c5       0x2d D:/stm32tools/arm-none-eabi-gcc/14.2.1-1.1.1/.content/bin/../lib/gcc/arm-none-eabi/14.2.1/../../../../arm-none-eabi/lib/thumb/v7-m/nofp\libc_nano.a(libc_a-dtoa.o)
 .ARM.attributes
                0x000008f2       0x2d D:/stm32tools/arm-none-eabi-gcc/14.2.1-1.1.1/.content/bin/../lib/gcc/arm-none-eabi/14.2.1/../../../../arm-none-eabi/lib/thumb/v7-m/nofp\libc_nano.a(libc_a-freer.o)
 .ARM.attributes
                0x0000091f       0x2d D:/stm32tools/arm-none-eabi-gcc/14.2.1-1.1.1/.content/bin/../lib/gcc/arm-none-eabi/14.2.1/../../../../arm-none-eabi/lib/thumb/v7-m/nofp\libc_nano.a(libc_a-malloc.o)
 .ARM.attributes
                0x0000094c       0x2d D:/stm32tools/arm-none-eabi-gcc/14.2.1-1.1.1/.content/bin/../lib/gcc/arm-none-eabi/14.2.1/../../../../arm-none-eabi/lib/thumb/v7-m/nofp\libc_nano.a(libc_a-mallocr.o)
 .ARM.attributes
                0x00000979       0x2d D:/stm32tools/arm-none-eabi-gcc/14.2.1-1.1.1/.content/bin/../lib/gcc/arm-none-eabi/14.2.1/../../../../arm-none-eabi/lib/thumb/v7-m/nofp\libc_nano.a(libc_a-mlock.o)
 .ARM.attributes
                0x000009a6       0x2d D:/stm32tools/arm-none-eabi-gcc/14.2.1-1.1.1/.content/bin/../lib/gcc/arm-none-eabi/14.2.1/../../../../arm-none-eabi/lib/thumb/v7-m/nofp\libc_nano.a(libc_a-mprec.o)
 .ARM.attributes
                0x000009d3       0x2d D:/stm32tools/arm-none-eabi-gcc/14.2.1-1.1.1/.content/bin/../lib/gcc/arm-none-eabi/14.2.1/../../../../arm-none-eabi/lib/thumb/v7-m/nofp\libc_nano.a(libc_a-nano-svfprintf.o)
 .ARM.attributes
                0x00000a00       0x2d D:/stm32tools/arm-none-eabi-gcc/14.2.1-1.1.1/.content/bin/../lib/gcc/arm-none-eabi/14.2.1/../../../../arm-none-eabi/lib/thumb/v7-m/nofp\libc_nano.a(libc_a-nano-vfprintf.o)
 .ARM.attributes
                0x00000a2d       0x2d D:/stm32tools/arm-none-eabi-gcc/14.2.1-1.1.1/.content/bin/../lib/gcc/arm-none-eabi/14.2.1/../../../../arm-none-eabi/lib/thumb/v7-m/nofp\libc_nano.a(libc_a-fflush.o)
 .ARM.attributes
                0x00000a5a       0x2d D:/stm32tools/arm-none-eabi-gcc/14.2.1-1.1.1/.content/bin/../lib/gcc/arm-none-eabi/14.2.1/../../../../arm-none-eabi/lib/thumb/v7-m/nofp\libc_nano.a(libc_a-makebuf.o)
 .ARM.attributes
                0x00000a87       0x2d D:/stm32tools/arm-none-eabi-gcc/14.2.1-1.1.1/.content/bin/../lib/gcc/arm-none-eabi/14.2.1/../../../../arm-none-eabi/lib/thumb/v7-m/nofp\libc_nano.a(libc_a-memmove.o)
 .ARM.attributes
                0x00000ab4       0x2d D:/stm32tools/arm-none-eabi-gcc/14.2.1-1.1.1/.content/bin/../lib/gcc/arm-none-eabi/14.2.1/../../../../arm-none-eabi/lib/thumb/v7-m/nofp\libc_nano.a(libc_a-locale.o)
 .ARM.attributes
                0x00000ae1       0x2d D:/stm32tools/arm-none-eabi-gcc/14.2.1-1.1.1/.content/bin/../lib/gcc/arm-none-eabi/14.2.1/../../../../arm-none-eabi/lib/thumb/v7-m/nofp\libc_nano.a(libc_a-fstatr.o)
 .ARM.attributes
                0x00000b0e       0x2d D:/stm32tools/arm-none-eabi-gcc/14.2.1-1.1.1/.content/bin/../lib/gcc/arm-none-eabi/14.2.1/../../../../arm-none-eabi/lib/thumb/v7-m/nofp\libc_nano.a(libc_a-isattyr.o)
 .ARM.attributes
                0x00000b3b       0x2d D:/stm32tools/arm-none-eabi-gcc/14.2.1-1.1.1/.content/bin/../lib/gcc/arm-none-eabi/14.2.1/../../../../arm-none-eabi/lib/thumb/v7-m/nofp\libc_nano.a(libc_a-sbrkr.o)
 .ARM.attributes
                0x00000b68       0x2d D:/stm32tools/arm-none-eabi-gcc/14.2.1-1.1.1/.content/bin/../lib/gcc/arm-none-eabi/14.2.1/../../../../arm-none-eabi/lib/thumb/v7-m/nofp\libc_nano.a(libc_a-assert.o)
 .ARM.attributes
                0x00000b95       0x2d D:/stm32tools/arm-none-eabi-gcc/14.2.1-1.1.1/.content/bin/../lib/gcc/arm-none-eabi/14.2.1/../../../../arm-none-eabi/lib/thumb/v7-m/nofp\libc_nano.a(libc_a-callocr.o)
 .ARM.attributes
                0x00000bc2       0x2d D:/stm32tools/arm-none-eabi-gcc/14.2.1-1.1.1/.content/bin/../lib/gcc/arm-none-eabi/14.2.1/../../../../arm-none-eabi/lib/thumb/v7-m/nofp\libc_nano.a(libc_a-mbtowc_r.o)
 .ARM.attributes
                0x00000bef       0x2d D:/stm32tools/arm-none-eabi-gcc/14.2.1-1.1.1/.content/bin/../lib/gcc/arm-none-eabi/14.2.1/../../../../arm-none-eabi/lib/thumb/v7-m/nofp\libc_nano.a(libc_a-reallocr.o)
 .ARM.attributes
                0x00000c1c       0x2d D:/stm32tools/arm-none-eabi-gcc/14.2.1-1.1.1/.content/bin/../lib/gcc/arm-none-eabi/14.2.1/../../../../arm-none-eabi/lib/thumb/v7-m/nofp\libc_nano.a(libc_a-wctomb_r.o)
 .ARM.attributes
                0x00000c49       0x2d D:/stm32tools/arm-none-eabi-gcc/14.2.1-1.1.1/.content/bin/../lib/gcc/arm-none-eabi/14.2.1/../../../../arm-none-eabi/lib/thumb/v7-m/nofp\libc_nano.a(libc_a-ctype_.o)
 .ARM.attributes
                0x00000c76       0x2d D:/stm32tools/arm-none-eabi-gcc/14.2.1-1.1.1/.content/bin/../lib/gcc/arm-none-eabi/14.2.1/../../../../arm-none-eabi/lib/thumb/v7-m/nofp\libc_nano.a(libc_a-fprintf.o)
 .ARM.attributes
                0x00000ca3       0x2d D:/stm32tools/arm-none-eabi-gcc/14.2.1-1.1.1/.content/bin/../lib/gcc/arm-none-eabi/14.2.1/../../../../arm-none-eabi/lib/thumb/v7-m/nofp\libc_nano.a(libc_a-abort.o)
 .ARM.attributes
                0x00000cd0       0x2d D:/stm32tools/arm-none-eabi-gcc/14.2.1-1.1.1/.content/bin/../lib/gcc/arm-none-eabi/14.2.1/../../../../arm-none-eabi/lib/thumb/v7-m/nofp\libc_nano.a(libc_a-msizer.o)
 .ARM.attributes
                0x00000cfd       0x2d D:/stm32tools/arm-none-eabi-gcc/14.2.1-1.1.1/.content/bin/../lib/gcc/arm-none-eabi/14.2.1/../../../../arm-none-eabi/lib/thumb/v7-m/nofp\libc_nano.a(libc_a-signal.o)
 .ARM.attributes
                0x00000d2a       0x2d D:/stm32tools/arm-none-eabi-gcc/14.2.1-1.1.1/.content/bin/../lib/gcc/arm-none-eabi/14.2.1/../../../../arm-none-eabi/lib/thumb/v7-m/nofp\libc_nano.a(libc_a-signalr.o)
 .ARM.attributes
                0x00000d57       0x2d D:/stm32tools/arm-none-eabi-gcc/14.2.1-1.1.1/.content/bin/../lib/gcc/arm-none-eabi/14.2.1/../../../../arm-none-eabi/lib/thumb/v7-m/nofp\libnosys.a(close.o)
 .ARM.attributes
                0x00000d84       0x2d D:/stm32tools/arm-none-eabi-gcc/14.2.1-1.1.1/.content/bin/../lib/gcc/arm-none-eabi/14.2.1/../../../../arm-none-eabi/lib/thumb/v7-m/nofp\libnosys.a(fstat.o)
 .ARM.attributes
                0x00000db1       0x2d D:/stm32tools/arm-none-eabi-gcc/14.2.1-1.1.1/.content/bin/../lib/gcc/arm-none-eabi/14.2.1/../../../../arm-none-eabi/lib/thumb/v7-m/nofp\libnosys.a(getpid.o)
 .ARM.attributes
                0x00000dde       0x2d D:/stm32tools/arm-none-eabi-gcc/14.2.1-1.1.1/.content/bin/../lib/gcc/arm-none-eabi/14.2.1/../../../../arm-none-eabi/lib/thumb/v7-m/nofp\libnosys.a(isatty.o)
 .ARM.attributes
                0x00000e0b       0x2d D:/stm32tools/arm-none-eabi-gcc/14.2.1-1.1.1/.content/bin/../lib/gcc/arm-none-eabi/14.2.1/../../../../arm-none-eabi/lib/thumb/v7-m/nofp\libnosys.a(kill.o)
 .ARM.attributes
                0x00000e38       0x2d D:/stm32tools/arm-none-eabi-gcc/14.2.1-1.1.1/.content/bin/../lib/gcc/arm-none-eabi/14.2.1/../../../../arm-none-eabi/lib/thumb/v7-m/nofp\libnosys.a(lseek.o)
 .ARM.attributes
                0x00000e65       0x2d D:/stm32tools/arm-none-eabi-gcc/14.2.1-1.1.1/.content/bin/../lib/gcc/arm-none-eabi/14.2.1/../../../../arm-none-eabi/lib/thumb/v7-m/nofp\libnosys.a(read.o)
 .ARM.attributes
                0x00000e92       0x2d D:/stm32tools/arm-none-eabi-gcc/14.2.1-1.1.1/.content/bin/../lib/gcc/arm-none-eabi/14.2.1/../../../../arm-none-eabi/lib/thumb/v7-m/nofp\libnosys.a(sbrk.o)
 .ARM.attributes
                0x00000ebf       0x2d D:/stm32tools/arm-none-eabi-gcc/14.2.1-1.1.1/.content/bin/../lib/gcc/arm-none-eabi/14.2.1/../../../../arm-none-eabi/lib/thumb/v7-m/nofp\libnosys.a(_exit.o)
 .ARM.attributes
                0x00000eec       0x1d D:/stm32tools/arm-none-eabi-gcc/14.2.1-1.1.1/.content/bin/../lib/gcc/arm-none-eabi/14.2.1/thumb/v7-m/nofp\libgcc.a(_arm_mulsf3.o)
 .ARM.attributes
                0x00000f09       0x1d D:/stm32tools/arm-none-eabi-gcc/14.2.1-1.1.1/.content/bin/../lib/gcc/arm-none-eabi/14.2.1/thumb/v7-m/nofp\libgcc.a(_arm_addsubdf3.o)
 .ARM.attributes
                0x00000f26       0x1d D:/stm32tools/arm-none-eabi-gcc/14.2.1-1.1.1/.content/bin/../lib/gcc/arm-none-eabi/14.2.1/thumb/v7-m/nofp\libgcc.a(_arm_muldivdf3.o)
 .ARM.attributes
                0x00000f43       0x1d D:/stm32tools/arm-none-eabi-gcc/14.2.1-1.1.1/.content/bin/../lib/gcc/arm-none-eabi/14.2.1/thumb/v7-m/nofp\libgcc.a(_arm_cmpdf2.o)
 .ARM.attributes
                0x00000f60       0x1d D:/stm32tools/arm-none-eabi-gcc/14.2.1-1.1.1/.content/bin/../lib/gcc/arm-none-eabi/14.2.1/thumb/v7-m/nofp\libgcc.a(_arm_unorddf2.o)
 .ARM.attributes
                0x00000f7d       0x1d D:/stm32tools/arm-none-eabi-gcc/14.2.1-1.1.1/.content/bin/../lib/gcc/arm-none-eabi/14.2.1/thumb/v7-m/nofp\libgcc.a(_arm_fixdfsi.o)
 .ARM.attributes
                0x00000f9a       0x1d D:/stm32tools/arm-none-eabi-gcc/14.2.1-1.1.1/.content/bin/../lib/gcc/arm-none-eabi/14.2.1/thumb/v7-m/nofp\libgcc.a(_arm_addsubsf3.o)
 .ARM.attributes
                0x00000fb7       0x1d D:/stm32tools/arm-none-eabi-gcc/14.2.1-1.1.1/.content/bin/../lib/gcc/arm-none-eabi/14.2.1/thumb/v7-m/nofp/crtn.o
OUTPUT(build/ota.elf elf32-littlearm)
LOAD linker stubs
LOAD D:/stm32tools/arm-none-eabi-gcc/14.2.1-1.1.1/.content/bin/../lib/gcc/arm-none-eabi/14.2.1/../../../../arm-none-eabi/lib/thumb/v7-m/nofp\libc.a
LOAD D:/stm32tools/arm-none-eabi-gcc/14.2.1-1.1.1/.content/bin/../lib/gcc/arm-none-eabi/14.2.1/../../../../arm-none-eabi/lib/thumb/v7-m/nofp\libm.a
LOAD D:/stm32tools/arm-none-eabi-gcc/14.2.1-1.1.1/.content/bin/../lib/gcc/arm-none-eabi/14.2.1/thumb/v7-m/nofp\libgcc.a

.comment        0x00000000       0x39
 .comment       0x00000000       0x39 D:/stm32tools/arm-none-eabi-gcc/14.2.1-1.1.1/.content/bin/../lib/gcc/arm-none-eabi/14.2.1/thumb/v7-m/nofp/crtbegin.o
                                 0x3a (size before relaxing)
 .comment       0x00000039       0x3a build/main.o
 .comment       0x00000039       0x3a build/stm32f1xx_it.o
 .comment       0x00000039       0x3a build/stm32f1xx_hal_msp.o
 .comment       0x00000039       0x3a build/stm32f1xx_hal_tim.o
 .comment       0x00000039       0x3a build/stm32f1xx_hal_tim_ex.o
 .comment       0x00000039       0x3a build/stm32f1xx_hal_uart.o
 .comment       0x00000039       0x3a build/stm32f1xx_hal.o
 .comment       0x00000039       0x3a build/stm32f1xx_hal_rcc.o
 .comment       0x00000039       0x3a build/stm32f1xx_hal_gpio.o
 .comment       0x00000039       0x3a build/stm32f1xx_hal_dma.o
 .comment       0x00000039       0x3a build/stm32f1xx_hal_cortex.o
 .comment       0x00000039       0x3a build/system_stm32f1xx.o
 .comment       0x00000039       0x3a build/tasks.o
 .comment       0x00000039       0x3a build/list.o
 .comment       0x00000039       0x3a build/queue.o
 .comment       0x00000039       0x3a build/heap_4.o
 .comment       0x00000039       0x3a build/port.o
 .comment       0x00000039       0x3a build/stm32f1xx_hal_timebase_tim.o
 .comment       0x00000039       0x3a build/gpio.o
 .comment       0x00000039       0x3a build/usart.o
 .comment       0x00000039       0x3a build/debug_uart.o
 .comment       0x00000039       0x3a build/dma.o
 .comment       0x00000039       0x3a build/mpu6050.o
 .comment       0x00000039       0x3a build/soft_i2c.o
 .comment       0x00000039       0x3a build/oled.o