ARM GAS  C:\Users\airforce\AppData\Local\Temp\ccI10hzl.s 			page 1


   1              		.cpu cortex-m3
   2              		.arch armv7-m
   3              		.fpu softvfp
   4              		.eabi_attribute 20, 1
   5              		.eabi_attribute 21, 1
   6              		.eabi_attribute 23, 3
   7              		.eabi_attribute 24, 1
   8              		.eabi_attribute 25, 1
   9              		.eabi_attribute 26, 1
  10              		.eabi_attribute 30, 4
  11              		.eabi_attribute 34, 1
  12              		.eabi_attribute 18, 4
  13              		.file	"spi.c"
  14              		.text
  15              	.Ltext0:
  16              		.cfi_sections	.debug_frame
  17              		.file 1 "Core/Src/spi.c"
  18              		.section	.text.MX_SPI1_Init,"ax",%progbits
  19              		.align	1
  20              		.global	MX_SPI1_Init
  21              		.syntax unified
  22              		.thumb
  23              		.thumb_func
  25              	MX_SPI1_Init:
  26              	.LFB65:
   1:Core/Src/spi.c **** /* USER CODE BEGIN Header */
   2:Core/Src/spi.c **** /**
   3:Core/Src/spi.c ****   ******************************************************************************
   4:Core/Src/spi.c ****   * @file    spi.c
   5:Core/Src/spi.c ****   * @brief   This file provides code for the configuration
   6:Core/Src/spi.c ****   *          of the SPI instances.
   7:Core/Src/spi.c ****   ******************************************************************************
   8:Core/Src/spi.c ****   * @attention
   9:Core/Src/spi.c ****   *
  10:Core/Src/spi.c ****   * Copyright (c) 2026 STMicroelectronics.
  11:Core/Src/spi.c ****   * All rights reserved.
  12:Core/Src/spi.c ****   *
  13:Core/Src/spi.c ****   * This software is licensed under terms that can be found in the LICENSE file
  14:Core/Src/spi.c ****   * in the root directory of this software component.
  15:Core/Src/spi.c ****   * If no LICENSE file comes with this software, it is provided AS-IS.
  16:Core/Src/spi.c ****   *
  17:Core/Src/spi.c ****   ******************************************************************************
  18:Core/Src/spi.c ****   */
  19:Core/Src/spi.c **** /* USER CODE END Header */
  20:Core/Src/spi.c **** /* Includes ------------------------------------------------------------------*/
  21:Core/Src/spi.c **** #include "spi.h"
  22:Core/Src/spi.c **** 
  23:Core/Src/spi.c **** /* USER CODE BEGIN 0 */
  24:Core/Src/spi.c **** 
  25:Core/Src/spi.c **** /* USER CODE END 0 */
  26:Core/Src/spi.c **** 
  27:Core/Src/spi.c **** SPI_HandleTypeDef hspi1;
  28:Core/Src/spi.c **** 
  29:Core/Src/spi.c **** /* SPI1 init function */
  30:Core/Src/spi.c **** void MX_SPI1_Init(void)
  31:Core/Src/spi.c **** {
  27              		.loc 1 31 1 view -0
ARM GAS  C:\Users\airforce\AppData\Local\Temp\ccI10hzl.s 			page 2


  28              		.cfi_startproc
  29              		@ args = 0, pretend = 0, frame = 0
  30              		@ frame_needed = 0, uses_anonymous_args = 0
  32:Core/Src/spi.c **** 
  33:Core/Src/spi.c ****   /* USER CODE BEGIN SPI1_Init 0 */
  34:Core/Src/spi.c **** 
  35:Core/Src/spi.c ****   /* USER CODE END SPI1_Init 0 */
  36:Core/Src/spi.c **** 
  37:Core/Src/spi.c ****   /* USER CODE BEGIN SPI1_Init 1 */
  38:Core/Src/spi.c **** 
  39:Core/Src/spi.c ****   /* USER CODE END SPI1_Init 1 */
  40:Core/Src/spi.c ****   hspi1.Instance = SPI1;
  31              		.loc 1 40 3 view .LVU1
  31:Core/Src/spi.c **** 
  32              		.loc 1 31 1 is_stmt 0 view .LVU2
  33 0000 08B5     		push	{r3, lr}
  34              	.LCFI0:
  35              		.cfi_def_cfa_offset 8
  36              		.cfi_offset 3, -8
  37              		.cfi_offset 14, -4
  38              		.loc 1 40 18 view .LVU3
  39 0002 0F4A     		ldr	r2, .L3
  40 0004 0F4B     		ldr	r3, .L3+4
  41:Core/Src/spi.c ****   hspi1.Init.Mode = SPI_MODE_MASTER;
  42:Core/Src/spi.c ****   hspi1.Init.Direction = SPI_DIRECTION_2LINES;
  41              		.loc 1 42 24 view .LVU4
  42 0006 4FF48271 		mov	r1, #260
  40:Core/Src/spi.c ****   hspi1.Init.Mode = SPI_MODE_MASTER;
  43              		.loc 1 40 18 view .LVU5
  44 000a 1360     		str	r3, [r2]
  41:Core/Src/spi.c ****   hspi1.Init.Mode = SPI_MODE_MASTER;
  45              		.loc 1 41 3 is_stmt 1 view .LVU6
  46              		.loc 1 42 24 is_stmt 0 view .LVU7
  47 000c 0023     		movs	r3, #0
  48 000e C2E90113 		strd	r1, r3, [r2, #4]
  43:Core/Src/spi.c ****   hspi1.Init.DataSize = SPI_DATASIZE_8BIT;
  49              		.loc 1 43 3 is_stmt 1 view .LVU8
  50              		.loc 1 43 23 is_stmt 0 view .LVU9
  51 0012 D360     		str	r3, [r2, #12]
  44:Core/Src/spi.c ****   hspi1.Init.CLKPolarity = SPI_POLARITY_LOW;
  52              		.loc 1 44 3 is_stmt 1 view .LVU10
  53              		.loc 1 44 26 is_stmt 0 view .LVU11
  54 0014 1146     		mov	r1, r2
  55 0016 1361     		str	r3, [r2, #16]
  45:Core/Src/spi.c ****   hspi1.Init.CLKPhase = SPI_PHASE_1EDGE;
  56              		.loc 1 45 3 is_stmt 1 view .LVU12
  57              		.loc 1 45 23 is_stmt 0 view .LVU13
  58 0018 5361     		str	r3, [r2, #20]
  46:Core/Src/spi.c ****   hspi1.Init.NSS = SPI_NSS_SOFT;
  59              		.loc 1 46 3 is_stmt 1 view .LVU14
  60              		.loc 1 46 18 is_stmt 0 view .LVU15
  61 001a 4FF40072 		mov	r2, #512
  47:Core/Src/spi.c ****   hspi1.Init.BaudRatePrescaler = SPI_BAUDRATEPRESCALER_2;
  48:Core/Src/spi.c ****   hspi1.Init.FirstBit = SPI_FIRSTBIT_MSB;
  62              		.loc 1 48 23 view .LVU16
  63 001e 0B62     		str	r3, [r1, #32]
  47:Core/Src/spi.c ****   hspi1.Init.BaudRatePrescaler = SPI_BAUDRATEPRESCALER_2;
ARM GAS  C:\Users\airforce\AppData\Local\Temp\ccI10hzl.s 			page 3


  64              		.loc 1 47 32 view .LVU17
  65 0020 C1E90623 		strd	r2, r3, [r1, #24]
  66              		.loc 1 48 3 is_stmt 1 view .LVU18
  49:Core/Src/spi.c ****   hspi1.Init.TIMode = SPI_TIMODE_DISABLE;
  67              		.loc 1 49 3 view .LVU19
  68              		.loc 1 49 21 is_stmt 0 view .LVU20
  69 0024 4B62     		str	r3, [r1, #36]
  50:Core/Src/spi.c ****   hspi1.Init.CRCCalculation = SPI_CRCCALCULATION_DISABLE;
  70              		.loc 1 50 3 is_stmt 1 view .LVU21
  71              		.loc 1 50 29 is_stmt 0 view .LVU22
  72 0026 8B62     		str	r3, [r1, #40]
  51:Core/Src/spi.c ****   hspi1.Init.CRCPolynomial = 10;
  73              		.loc 1 51 3 is_stmt 1 view .LVU23
  74              		.loc 1 51 28 is_stmt 0 view .LVU24
  75 0028 0A23     		movs	r3, #10
  52:Core/Src/spi.c ****   if (HAL_SPI_Init(&hspi1) != HAL_OK)
  76              		.loc 1 52 7 view .LVU25
  77 002a 0846     		mov	r0, r1
  51:Core/Src/spi.c ****   hspi1.Init.CRCPolynomial = 10;
  78              		.loc 1 51 28 view .LVU26
  79 002c CB62     		str	r3, [r1, #44]
  80              		.loc 1 52 3 is_stmt 1 view .LVU27
  81              		.loc 1 52 7 is_stmt 0 view .LVU28
  82 002e FFF7FEFF 		bl	HAL_SPI_Init
  83              	.LVL0:
  84              		.loc 1 52 6 discriminator 1 view .LVU29
  85 0032 18B1     		cbz	r0, .L1
  53:Core/Src/spi.c ****   {
  54:Core/Src/spi.c ****     Error_Handler();
  86              		.loc 1 54 5 is_stmt 1 view .LVU30
  55:Core/Src/spi.c ****   }
  56:Core/Src/spi.c ****   /* USER CODE BEGIN SPI1_Init 2 */
  57:Core/Src/spi.c **** 
  58:Core/Src/spi.c ****   /* USER CODE END SPI1_Init 2 */
  59:Core/Src/spi.c **** 
  60:Core/Src/spi.c **** }
  87              		.loc 1 60 1 is_stmt 0 view .LVU31
  88 0034 BDE80840 		pop	{r3, lr}
  89              	.LCFI1:
  90              		.cfi_remember_state
  91              		.cfi_restore 14
  92              		.cfi_restore 3
  93              		.cfi_def_cfa_offset 0
  54:Core/Src/spi.c ****   }
  94              		.loc 1 54 5 view .LVU32
  95 0038 FFF7FEBF 		b	Error_Handler
  96              	.LVL1:
  97              	.L1:
  98              	.LCFI2:
  99              		.cfi_restore_state
 100              		.loc 1 60 1 view .LVU33
 101 003c 08BD     		pop	{r3, pc}
 102              	.L4:
 103 003e 00BF     		.align	2
 104              	.L3:
 105 0040 00000000 		.word	hspi1
 106 0044 00300140 		.word	1073819648
ARM GAS  C:\Users\airforce\AppData\Local\Temp\ccI10hzl.s 			page 4


 107              		.cfi_endproc
 108              	.LFE65:
 110              		.section	.text.HAL_SPI_MspInit,"ax",%progbits
 111              		.align	1
 112              		.global	HAL_SPI_MspInit
 113              		.syntax unified
 114              		.thumb
 115              		.thumb_func
 117              	HAL_SPI_MspInit:
 118              	.LVL2:
 119              	.LFB66:
  61:Core/Src/spi.c **** 
  62:Core/Src/spi.c **** void HAL_SPI_MspInit(SPI_HandleTypeDef* spiHandle)
  63:Core/Src/spi.c **** {
 120              		.loc 1 63 1 is_stmt 1 view -0
 121              		.cfi_startproc
 122              		@ args = 0, pretend = 0, frame = 24
 123              		@ frame_needed = 0, uses_anonymous_args = 0
  64:Core/Src/spi.c **** 
  65:Core/Src/spi.c ****   GPIO_InitTypeDef GPIO_InitStruct = {0};
 124              		.loc 1 65 3 view .LVU35
  63:Core/Src/spi.c **** 
 125              		.loc 1 63 1 is_stmt 0 view .LVU36
 126 0000 10B5     		push	{r4, lr}
 127              	.LCFI3:
 128              		.cfi_def_cfa_offset 8
 129              		.cfi_offset 4, -8
 130              		.cfi_offset 14, -4
 131 0002 0446     		mov	r4, r0
 132 0004 86B0     		sub	sp, sp, #24
 133              	.LCFI4:
 134              		.cfi_def_cfa_offset 32
 135              		.loc 1 65 20 view .LVU37
 136 0006 1022     		movs	r2, #16
 137 0008 0021     		movs	r1, #0
 138 000a 02A8     		add	r0, sp, #8
 139              	.LVL3:
 140              		.loc 1 65 20 view .LVU38
 141 000c FFF7FEFF 		bl	memset
 142              	.LVL4:
  66:Core/Src/spi.c ****   if(spiHandle->Instance==SPI1)
 143              		.loc 1 66 3 is_stmt 1 view .LVU39
 144              		.loc 1 66 5 is_stmt 0 view .LVU40
 145 0010 2268     		ldr	r2, [r4]
 146 0012 164B     		ldr	r3, .L7
 147 0014 9A42     		cmp	r2, r3
 148 0016 26D1     		bne	.L5
  67:Core/Src/spi.c ****   {
  68:Core/Src/spi.c ****   /* USER CODE BEGIN SPI1_MspInit 0 */
  69:Core/Src/spi.c **** 
  70:Core/Src/spi.c ****   /* USER CODE END SPI1_MspInit 0 */
  71:Core/Src/spi.c ****     /* SPI1 clock enable */
  72:Core/Src/spi.c ****     __HAL_RCC_SPI1_CLK_ENABLE();
 149              		.loc 1 72 5 is_stmt 1 view .LVU41
 150              	.LBB2:
 151              		.loc 1 72 5 view .LVU42
 152              		.loc 1 72 5 view .LVU43
ARM GAS  C:\Users\airforce\AppData\Local\Temp\ccI10hzl.s 			page 5


 153 0018 03F56043 		add	r3, r3, #57344
 154 001c 9A69     		ldr	r2, [r3, #24]
 155              	.LBE2:
  73:Core/Src/spi.c **** 
  74:Core/Src/spi.c ****     __HAL_RCC_GPIOA_CLK_ENABLE();
  75:Core/Src/spi.c ****     /**SPI1 GPIO Configuration
  76:Core/Src/spi.c ****     PA5     ------> SPI1_SCK
  77:Core/Src/spi.c ****     PA6     ------> SPI1_MISO
  78:Core/Src/spi.c ****     PA7     ------> SPI1_MOSI
  79:Core/Src/spi.c ****     */
  80:Core/Src/spi.c ****     GPIO_InitStruct.Pin = GPIO_PIN_5|GPIO_PIN_7;
  81:Core/Src/spi.c ****     GPIO_InitStruct.Mode = GPIO_MODE_AF_PP;
  82:Core/Src/spi.c ****     GPIO_InitStruct.Speed = GPIO_SPEED_FREQ_HIGH;
  83:Core/Src/spi.c ****     HAL_GPIO_Init(GPIOA, &GPIO_InitStruct);
 156              		.loc 1 83 5 is_stmt 0 view .LVU44
 157 001e 1448     		ldr	r0, .L7+4
 158              	.LBB3:
  72:Core/Src/spi.c **** 
 159              		.loc 1 72 5 view .LVU45
 160 0020 42F48052 		orr	r2, r2, #4096
 161 0024 9A61     		str	r2, [r3, #24]
  72:Core/Src/spi.c **** 
 162              		.loc 1 72 5 is_stmt 1 view .LVU46
 163 0026 9A69     		ldr	r2, [r3, #24]
 164              	.LBE3:
 165              		.loc 1 83 5 is_stmt 0 view .LVU47
 166 0028 02A9     		add	r1, sp, #8
 167              	.LBB4:
  72:Core/Src/spi.c **** 
 168              		.loc 1 72 5 view .LVU48
 169 002a 02F48052 		and	r2, r2, #4096
 170 002e 0092     		str	r2, [sp]
  72:Core/Src/spi.c **** 
 171              		.loc 1 72 5 is_stmt 1 view .LVU49
 172 0030 009A     		ldr	r2, [sp]
 173              	.LBE4:
  72:Core/Src/spi.c **** 
 174              		.loc 1 72 5 view .LVU50
  74:Core/Src/spi.c ****     /**SPI1 GPIO Configuration
 175              		.loc 1 74 5 view .LVU51
 176              	.LBB5:
  74:Core/Src/spi.c ****     /**SPI1 GPIO Configuration
 177              		.loc 1 74 5 view .LVU52
  74:Core/Src/spi.c ****     /**SPI1 GPIO Configuration
 178              		.loc 1 74 5 view .LVU53
 179 0032 9A69     		ldr	r2, [r3, #24]
 180 0034 42F00402 		orr	r2, r2, #4
 181 0038 9A61     		str	r2, [r3, #24]
  74:Core/Src/spi.c ****     /**SPI1 GPIO Configuration
 182              		.loc 1 74 5 view .LVU54
 183 003a 9B69     		ldr	r3, [r3, #24]
 184              	.LBE5:
  81:Core/Src/spi.c ****     GPIO_InitStruct.Speed = GPIO_SPEED_FREQ_HIGH;
 185              		.loc 1 81 26 is_stmt 0 view .LVU55
 186 003c A022     		movs	r2, #160
 187              	.LBB6:
  74:Core/Src/spi.c ****     /**SPI1 GPIO Configuration
ARM GAS  C:\Users\airforce\AppData\Local\Temp\ccI10hzl.s 			page 6


 188              		.loc 1 74 5 view .LVU56
 189 003e 03F00403 		and	r3, r3, #4
 190 0042 0193     		str	r3, [sp, #4]
  74:Core/Src/spi.c ****     /**SPI1 GPIO Configuration
 191              		.loc 1 74 5 is_stmt 1 view .LVU57
 192 0044 019B     		ldr	r3, [sp, #4]
 193              	.LBE6:
  74:Core/Src/spi.c ****     /**SPI1 GPIO Configuration
 194              		.loc 1 74 5 view .LVU58
  80:Core/Src/spi.c ****     GPIO_InitStruct.Mode = GPIO_MODE_AF_PP;
 195              		.loc 1 80 5 view .LVU59
  81:Core/Src/spi.c ****     GPIO_InitStruct.Speed = GPIO_SPEED_FREQ_HIGH;
 196              		.loc 1 81 26 is_stmt 0 view .LVU60
 197 0046 0223     		movs	r3, #2
 198 0048 CDE90223 		strd	r2, r3, [sp, #8]
  82:Core/Src/spi.c ****     HAL_GPIO_Init(GPIOA, &GPIO_InitStruct);
 199              		.loc 1 82 5 is_stmt 1 view .LVU61
  82:Core/Src/spi.c ****     HAL_GPIO_Init(GPIOA, &GPIO_InitStruct);
 200              		.loc 1 82 27 is_stmt 0 view .LVU62
 201 004c 0323     		movs	r3, #3
 202 004e 0593     		str	r3, [sp, #20]
 203              		.loc 1 83 5 is_stmt 1 view .LVU63
 204 0050 FFF7FEFF 		bl	HAL_GPIO_Init
 205              	.LVL5:
  84:Core/Src/spi.c **** 
  85:Core/Src/spi.c ****     GPIO_InitStruct.Pin = GPIO_PIN_6;
 206              		.loc 1 85 5 view .LVU64
  86:Core/Src/spi.c ****     GPIO_InitStruct.Mode = GPIO_MODE_INPUT;
 207              		.loc 1 86 26 is_stmt 0 view .LVU65
 208 0054 4021     		movs	r1, #64
 209 0056 0023     		movs	r3, #0
  87:Core/Src/spi.c ****     GPIO_InitStruct.Pull = GPIO_NOPULL;
  88:Core/Src/spi.c ****     HAL_GPIO_Init(GPIOA, &GPIO_InitStruct);
 210              		.loc 1 88 5 view .LVU66
 211 0058 0548     		ldr	r0, .L7+4
  86:Core/Src/spi.c ****     GPIO_InitStruct.Mode = GPIO_MODE_INPUT;
 212              		.loc 1 86 26 view .LVU67
 213 005a CDE90213 		strd	r1, r3, [sp, #8]
  87:Core/Src/spi.c ****     GPIO_InitStruct.Pull = GPIO_NOPULL;
 214              		.loc 1 87 5 is_stmt 1 view .LVU68
 215              		.loc 1 88 5 is_stmt 0 view .LVU69
 216 005e 02A9     		add	r1, sp, #8
  87:Core/Src/spi.c ****     GPIO_InitStruct.Pull = GPIO_NOPULL;
 217              		.loc 1 87 26 view .LVU70
 218 0060 0493     		str	r3, [sp, #16]
 219              		.loc 1 88 5 is_stmt 1 view .LVU71
 220 0062 FFF7FEFF 		bl	HAL_GPIO_Init
 221              	.LVL6:
 222              	.L5:
  89:Core/Src/spi.c **** 
  90:Core/Src/spi.c ****   /* USER CODE BEGIN SPI1_MspInit 1 */
  91:Core/Src/spi.c **** 
  92:Core/Src/spi.c ****   /* USER CODE END SPI1_MspInit 1 */
  93:Core/Src/spi.c ****   }
  94:Core/Src/spi.c **** }
 223              		.loc 1 94 1 is_stmt 0 view .LVU72
 224 0066 06B0     		add	sp, sp, #24
ARM GAS  C:\Users\airforce\AppData\Local\Temp\ccI10hzl.s 			page 7


 225              	.LCFI5:
 226              		.cfi_def_cfa_offset 8
 227              		@ sp needed
 228 0068 10BD     		pop	{r4, pc}
 229              	.LVL7:
 230              	.L8:
 231              		.loc 1 94 1 view .LVU73
 232 006a 00BF     		.align	2
 233              	.L7:
 234 006c 00300140 		.word	1073819648
 235 0070 00080140 		.word	1073809408
 236              		.cfi_endproc
 237              	.LFE66:
 239              		.section	.text.HAL_SPI_MspDeInit,"ax",%progbits
 240              		.align	1
 241              		.global	HAL_SPI_MspDeInit
 242              		.syntax unified
 243              		.thumb
 244              		.thumb_func
 246              	HAL_SPI_MspDeInit:
 247              	.LVL8:
 248              	.LFB67:
  95:Core/Src/spi.c **** 
  96:Core/Src/spi.c **** void HAL_SPI_MspDeInit(SPI_HandleTypeDef* spiHandle)
  97:Core/Src/spi.c **** {
 249              		.loc 1 97 1 is_stmt 1 view -0
 250              		.cfi_startproc
 251              		@ args = 0, pretend = 0, frame = 0
 252              		@ frame_needed = 0, uses_anonymous_args = 0
 253              		@ link register save eliminated.
  98:Core/Src/spi.c **** 
  99:Core/Src/spi.c ****   if(spiHandle->Instance==SPI1)
 254              		.loc 1 99 3 view .LVU75
 255              		.loc 1 99 5 is_stmt 0 view .LVU76
 256 0000 0268     		ldr	r2, [r0]
 257 0002 064B     		ldr	r3, .L11
 258 0004 9A42     		cmp	r2, r3
 259 0006 08D1     		bne	.L9
 100:Core/Src/spi.c ****   {
 101:Core/Src/spi.c ****   /* USER CODE BEGIN SPI1_MspDeInit 0 */
 102:Core/Src/spi.c **** 
 103:Core/Src/spi.c ****   /* USER CODE END SPI1_MspDeInit 0 */
 104:Core/Src/spi.c ****     /* Peripheral clock disable */
 105:Core/Src/spi.c ****     __HAL_RCC_SPI1_CLK_DISABLE();
 260              		.loc 1 105 5 is_stmt 1 view .LVU77
 261 0008 054A     		ldr	r2, .L11+4
 106:Core/Src/spi.c **** 
 107:Core/Src/spi.c ****     /**SPI1 GPIO Configuration
 108:Core/Src/spi.c ****     PA5     ------> SPI1_SCK
 109:Core/Src/spi.c ****     PA6     ------> SPI1_MISO
 110:Core/Src/spi.c ****     PA7     ------> SPI1_MOSI
 111:Core/Src/spi.c ****     */
 112:Core/Src/spi.c ****     HAL_GPIO_DeInit(GPIOA, GPIO_PIN_5|GPIO_PIN_6|GPIO_PIN_7);
 262              		.loc 1 112 5 is_stmt 0 view .LVU78
 263 000a E021     		movs	r1, #224
 105:Core/Src/spi.c **** 
 264              		.loc 1 105 5 view .LVU79
ARM GAS  C:\Users\airforce\AppData\Local\Temp\ccI10hzl.s 			page 8


 265 000c 9369     		ldr	r3, [r2, #24]
 266              		.loc 1 112 5 view .LVU80
 267 000e 0548     		ldr	r0, .L11+8
 268              	.LVL9:
 105:Core/Src/spi.c **** 
 269              		.loc 1 105 5 view .LVU81
 270 0010 23F48053 		bic	r3, r3, #4096
 271 0014 9361     		str	r3, [r2, #24]
 272              		.loc 1 112 5 is_stmt 1 view .LVU82
 273 0016 FFF7FEBF 		b	HAL_GPIO_DeInit
 274              	.LVL10:
 275              	.L9:
 113:Core/Src/spi.c **** 
 114:Core/Src/spi.c ****   /* USER CODE BEGIN SPI1_MspDeInit 1 */
 115:Core/Src/spi.c **** 
 116:Core/Src/spi.c ****   /* USER CODE END SPI1_MspDeInit 1 */
 117:Core/Src/spi.c ****   }
 118:Core/Src/spi.c **** }
 276              		.loc 1 118 1 is_stmt 0 view .LVU83
 277 001a 7047     		bx	lr
 278              	.L12:
 279              		.align	2
 280              	.L11:
 281 001c 00300140 		.word	1073819648
 282 0020 00100240 		.word	1073876992
 283 0024 00080140 		.word	1073809408
 284              		.cfi_endproc
 285              	.LFE67:
 287              		.global	hspi1
 288              		.section	.bss.hspi1,"aw",%nobits
 289              		.align	2
 292              	hspi1:
 293 0000 00000000 		.space	88
 293      00000000 
 293      00000000 
 293      00000000 
 293      00000000 
 294              		.text
 295              	.Letext0:
 296              		.file 2 "D:/stm32tools/arm-none-eabi-gcc/14.2.1-1.1.1/.content/arm-none-eabi/include/machine/_defa
 297              		.file 3 "D:/stm32tools/arm-none-eabi-gcc/14.2.1-1.1.1/.content/arm-none-eabi/include/sys/_stdint.h
 298              		.file 4 "Drivers/CMSIS/Device/ST/STM32F1xx/Include/stm32f103xb.h"
 299              		.file 5 "Drivers/STM32F1xx_HAL_Driver/Inc/stm32f1xx_hal_def.h"
 300              		.file 6 "Drivers/STM32F1xx_HAL_Driver/Inc/stm32f1xx_hal_gpio.h"
 301              		.file 7 "Drivers/STM32F1xx_HAL_Driver/Inc/stm32f1xx_hal_dma.h"
 302              		.file 8 "Drivers/STM32F1xx_HAL_Driver/Inc/stm32f1xx_hal_spi.h"
 303              		.file 9 "Core/Inc/spi.h"
 304              		.file 10 "Core/Inc/main.h"
 305              		.file 11 "<built-in>"
ARM GAS  C:\Users\airforce\AppData\Local\Temp\ccI10hzl.s 			page 9


DEFINED SYMBOLS
                            *ABS*:00000000 spi.c
C:\Users\airforce\AppData\Local\Temp\ccI10hzl.s:19     .text.MX_SPI1_Init:00000000 $t
C:\Users\airforce\AppData\Local\Temp\ccI10hzl.s:25     .text.MX_SPI1_Init:00000000 MX_SPI1_Init
C:\Users\airforce\AppData\Local\Temp\ccI10hzl.s:105    .text.MX_SPI1_Init:00000040 $d
C:\Users\airforce\AppData\Local\Temp\ccI10hzl.s:292    .bss.hspi1:00000000 hspi1
C:\Users\airforce\AppData\Local\Temp\ccI10hzl.s:111    .text.HAL_SPI_MspInit:00000000 $t
C:\Users\airforce\AppData\Local\Temp\ccI10hzl.s:117    .text.HAL_SPI_MspInit:00000000 HAL_SPI_MspInit
C:\Users\airforce\AppData\Local\Temp\ccI10hzl.s:234    .text.HAL_SPI_MspInit:0000006c $d
C:\Users\airforce\AppData\Local\Temp\ccI10hzl.s:240    .text.HAL_SPI_MspDeInit:00000000 $t
C:\Users\airforce\AppData\Local\Temp\ccI10hzl.s:246    .text.HAL_SPI_MspDeInit:00000000 HAL_SPI_MspDeInit
C:\Users\airforce\AppData\Local\Temp\ccI10hzl.s:281    .text.HAL_SPI_MspDeInit:0000001c $d
C:\Users\airforce\AppData\Local\Temp\ccI10hzl.s:289    .bss.hspi1:00000000 $d

UNDEFINED SYMBOLS
HAL_SPI_Init
Error_Handler
memset
HAL_GPIO_Init
HAL_GPIO_DeInit
