ARM GAS  C:\Users\airforce\AppData\Local\Temp\ccx4sFiY.s 			page 1


   1              		.cpu cortex-m3
   2              		.arch armv7-m
   3              		.fpu softvfp
   4              		.eabi_attribute 20, 1
   5              		.eabi_attribute 21, 1
   6              		.eabi_attribute 23, 3
   7              		.eabi_attribute 24, 1
   8              		.eabi_attribute 25, 1
   9              		.eabi_attribute 26, 1
  10              		.eabi_attribute 30, 4
  11              		.eabi_attribute 34, 1
  12              		.eabi_attribute 18, 4
  13              		.file	"stm32f1xx_hal_timebase_tim.c"
  14              		.text
  15              	.Ltext0:
  16              		.cfi_sections	.debug_frame
  17              		.file 1 "Core/Src/stm32f1xx_hal_timebase_tim.c"
  18              		.section	.text.HAL_InitTick,"ax",%progbits
  19              		.align	1
  20              		.global	HAL_InitTick
  21              		.syntax unified
  22              		.thumb
  23              		.thumb_func
  25              	HAL_InitTick:
  26              	.LVL0:
  27              	.LFB65:
   1:Core/Src/stm32f1xx_hal_timebase_tim.c **** /* USER CODE BEGIN Header */
   2:Core/Src/stm32f1xx_hal_timebase_tim.c **** /**
   3:Core/Src/stm32f1xx_hal_timebase_tim.c ****   ******************************************************************************
   4:Core/Src/stm32f1xx_hal_timebase_tim.c ****   * @file    stm32f1xx_hal_timebase_TIM.c
   5:Core/Src/stm32f1xx_hal_timebase_tim.c ****   * @brief   HAL time base based on the hardware TIM.
   6:Core/Src/stm32f1xx_hal_timebase_tim.c ****   ******************************************************************************
   7:Core/Src/stm32f1xx_hal_timebase_tim.c ****   * @attention
   8:Core/Src/stm32f1xx_hal_timebase_tim.c ****   *
   9:Core/Src/stm32f1xx_hal_timebase_tim.c ****   * Copyright (c) 2026 STMicroelectronics.
  10:Core/Src/stm32f1xx_hal_timebase_tim.c ****   * All rights reserved.
  11:Core/Src/stm32f1xx_hal_timebase_tim.c ****   *
  12:Core/Src/stm32f1xx_hal_timebase_tim.c ****   * This software is licensed under terms that can be found in the LICENSE file
  13:Core/Src/stm32f1xx_hal_timebase_tim.c ****   * in the root directory of this software component.
  14:Core/Src/stm32f1xx_hal_timebase_tim.c ****   * If no LICENSE file comes with this software, it is provided AS-IS.
  15:Core/Src/stm32f1xx_hal_timebase_tim.c ****   *
  16:Core/Src/stm32f1xx_hal_timebase_tim.c ****   ******************************************************************************
  17:Core/Src/stm32f1xx_hal_timebase_tim.c ****   */
  18:Core/Src/stm32f1xx_hal_timebase_tim.c **** /* USER CODE END Header */
  19:Core/Src/stm32f1xx_hal_timebase_tim.c **** 
  20:Core/Src/stm32f1xx_hal_timebase_tim.c **** /* Includes ------------------------------------------------------------------*/
  21:Core/Src/stm32f1xx_hal_timebase_tim.c **** #include "stm32f1xx_hal.h"
  22:Core/Src/stm32f1xx_hal_timebase_tim.c **** #include "stm32f1xx_hal_tim.h"
  23:Core/Src/stm32f1xx_hal_timebase_tim.c **** 
  24:Core/Src/stm32f1xx_hal_timebase_tim.c **** /* Private typedef -----------------------------------------------------------*/
  25:Core/Src/stm32f1xx_hal_timebase_tim.c **** /* Private define ------------------------------------------------------------*/
  26:Core/Src/stm32f1xx_hal_timebase_tim.c **** /* Private macro -------------------------------------------------------------*/
  27:Core/Src/stm32f1xx_hal_timebase_tim.c **** /* Private variables ---------------------------------------------------------*/
  28:Core/Src/stm32f1xx_hal_timebase_tim.c **** TIM_HandleTypeDef        htim2;
  29:Core/Src/stm32f1xx_hal_timebase_tim.c **** /* Private function prototypes -----------------------------------------------*/
  30:Core/Src/stm32f1xx_hal_timebase_tim.c **** /* Private functions ---------------------------------------------------------*/
  31:Core/Src/stm32f1xx_hal_timebase_tim.c **** 
ARM GAS  C:\Users\airforce\AppData\Local\Temp\ccx4sFiY.s 			page 2


  32:Core/Src/stm32f1xx_hal_timebase_tim.c **** /**
  33:Core/Src/stm32f1xx_hal_timebase_tim.c ****   * @brief  This function configures the TIM2 as a time base source.
  34:Core/Src/stm32f1xx_hal_timebase_tim.c ****   *         The time source is configured  to have 1ms time base with a dedicated
  35:Core/Src/stm32f1xx_hal_timebase_tim.c ****   *         Tick interrupt priority.
  36:Core/Src/stm32f1xx_hal_timebase_tim.c ****   * @note   This function is called  automatically at the beginning of program after
  37:Core/Src/stm32f1xx_hal_timebase_tim.c ****   *         reset by HAL_Init() or at any time when clock is configured, by HAL_RCC_ClockConfig().
  38:Core/Src/stm32f1xx_hal_timebase_tim.c ****   * @param  TickPriority: Tick interrupt priority.
  39:Core/Src/stm32f1xx_hal_timebase_tim.c ****   * @retval HAL status
  40:Core/Src/stm32f1xx_hal_timebase_tim.c ****   */
  41:Core/Src/stm32f1xx_hal_timebase_tim.c **** HAL_StatusTypeDef HAL_InitTick(uint32_t TickPriority)
  42:Core/Src/stm32f1xx_hal_timebase_tim.c **** {
  28              		.loc 1 42 1 view -0
  29              		.cfi_startproc
  30              		@ args = 0, pretend = 0, frame = 32
  31              		@ frame_needed = 0, uses_anonymous_args = 0
  43:Core/Src/stm32f1xx_hal_timebase_tim.c ****   RCC_ClkInitTypeDef    clkconfig;
  32              		.loc 1 43 3 view .LVU1
  44:Core/Src/stm32f1xx_hal_timebase_tim.c ****   uint32_t              uwTimclock = 0;
  33              		.loc 1 44 3 view .LVU2
  45:Core/Src/stm32f1xx_hal_timebase_tim.c ****   uint32_t              uwPrescalerValue = 0;
  34              		.loc 1 45 3 view .LVU3
  46:Core/Src/stm32f1xx_hal_timebase_tim.c ****   uint32_t              pFLatency;
  35              		.loc 1 46 3 view .LVU4
  47:Core/Src/stm32f1xx_hal_timebase_tim.c ****   /*Configure the TIM2 IRQ priority */
  48:Core/Src/stm32f1xx_hal_timebase_tim.c ****   HAL_NVIC_SetPriority(TIM2_IRQn, TickPriority ,0);
  36              		.loc 1 48 3 view .LVU5
  42:Core/Src/stm32f1xx_hal_timebase_tim.c ****   RCC_ClkInitTypeDef    clkconfig;
  37              		.loc 1 42 1 is_stmt 0 view .LVU6
  38 0000 00B5     		push	{lr}
  39              	.LCFI0:
  40              		.cfi_def_cfa_offset 4
  41              		.cfi_offset 14, -4
  42 0002 0146     		mov	r1, r0
  43 0004 89B0     		sub	sp, sp, #36
  44              	.LCFI1:
  45              		.cfi_def_cfa_offset 40
  46              		.loc 1 48 3 view .LVU7
  47 0006 0022     		movs	r2, #0
  48 0008 1C20     		movs	r0, #28
  49              	.LVL1:
  50              		.loc 1 48 3 view .LVU8
  51 000a FFF7FEFF 		bl	HAL_NVIC_SetPriority
  52              	.LVL2:
  49:Core/Src/stm32f1xx_hal_timebase_tim.c **** 
  50:Core/Src/stm32f1xx_hal_timebase_tim.c ****   /* Enable the TIM2 global Interrupt */
  51:Core/Src/stm32f1xx_hal_timebase_tim.c ****   HAL_NVIC_EnableIRQ(TIM2_IRQn);
  53              		.loc 1 51 3 is_stmt 1 view .LVU9
  54 000e 1C20     		movs	r0, #28
  55 0010 FFF7FEFF 		bl	HAL_NVIC_EnableIRQ
  56              	.LVL3:
  52:Core/Src/stm32f1xx_hal_timebase_tim.c **** 
  53:Core/Src/stm32f1xx_hal_timebase_tim.c ****   /* Enable TIM2 clock */
  54:Core/Src/stm32f1xx_hal_timebase_tim.c ****   __HAL_RCC_TIM2_CLK_ENABLE();
  57              		.loc 1 54 3 view .LVU10
  58              	.LBB2:
  59              		.loc 1 54 3 view .LVU11
  60              		.loc 1 54 3 view .LVU12
ARM GAS  C:\Users\airforce\AppData\Local\Temp\ccx4sFiY.s 			page 3


  61 0014 164B     		ldr	r3, .L4
  62              	.LBE2:
  55:Core/Src/stm32f1xx_hal_timebase_tim.c ****   (void)(RCC->APB1ENR);  /* barrier: ensure clock is active before accessing TIM2 registers */
  56:Core/Src/stm32f1xx_hal_timebase_tim.c **** 
  57:Core/Src/stm32f1xx_hal_timebase_tim.c ****   /* Get clock configuration */
  58:Core/Src/stm32f1xx_hal_timebase_tim.c ****   HAL_RCC_GetClockConfig(&clkconfig, &pFLatency);
  63              		.loc 1 58 3 is_stmt 0 view .LVU13
  64 0016 01A9     		add	r1, sp, #4
  65              	.LBB3:
  54:Core/Src/stm32f1xx_hal_timebase_tim.c ****   (void)(RCC->APB1ENR);  /* barrier: ensure clock is active before accessing TIM2 registers */
  66              		.loc 1 54 3 view .LVU14
  67 0018 DA69     		ldr	r2, [r3, #28]
  68              	.LBE3:
  69              		.loc 1 58 3 view .LVU15
  70 001a 03A8     		add	r0, sp, #12
  71              	.LBB4:
  54:Core/Src/stm32f1xx_hal_timebase_tim.c ****   (void)(RCC->APB1ENR);  /* barrier: ensure clock is active before accessing TIM2 registers */
  72              		.loc 1 54 3 view .LVU16
  73 001c 42F00102 		orr	r2, r2, #1
  74 0020 DA61     		str	r2, [r3, #28]
  54:Core/Src/stm32f1xx_hal_timebase_tim.c ****   (void)(RCC->APB1ENR);  /* barrier: ensure clock is active before accessing TIM2 registers */
  75              		.loc 1 54 3 is_stmt 1 view .LVU17
  76 0022 DA69     		ldr	r2, [r3, #28]
  77 0024 02F00102 		and	r2, r2, #1
  78 0028 0292     		str	r2, [sp, #8]
  54:Core/Src/stm32f1xx_hal_timebase_tim.c ****   (void)(RCC->APB1ENR);  /* barrier: ensure clock is active before accessing TIM2 registers */
  79              		.loc 1 54 3 view .LVU18
  80 002a 029A     		ldr	r2, [sp, #8]
  81              	.LBE4:
  54:Core/Src/stm32f1xx_hal_timebase_tim.c ****   (void)(RCC->APB1ENR);  /* barrier: ensure clock is active before accessing TIM2 registers */
  82              		.loc 1 54 3 view .LVU19
  55:Core/Src/stm32f1xx_hal_timebase_tim.c ****   (void)(RCC->APB1ENR);  /* barrier: ensure clock is active before accessing TIM2 registers */
  83              		.loc 1 55 3 view .LVU20
  84 002c DB69     		ldr	r3, [r3, #28]
  85              		.loc 1 58 3 view .LVU21
  86 002e FFF7FEFF 		bl	HAL_RCC_GetClockConfig
  87              	.LVL4:
  59:Core/Src/stm32f1xx_hal_timebase_tim.c **** 
  60:Core/Src/stm32f1xx_hal_timebase_tim.c ****   /* Compute TIM2 clock */
  61:Core/Src/stm32f1xx_hal_timebase_tim.c ****   uwTimclock = HAL_RCC_GetPCLK1Freq();
  88              		.loc 1 61 3 view .LVU22
  89              		.loc 1 61 16 is_stmt 0 view .LVU23
  90 0032 FFF7FEFF 		bl	HAL_RCC_GetPCLK1Freq
  91              	.LVL5:
  62:Core/Src/stm32f1xx_hal_timebase_tim.c ****   /* Compute the prescaler value to have TIM2 counter clock equal to 1MHz */
  63:Core/Src/stm32f1xx_hal_timebase_tim.c ****   uwPrescalerValue = (uint32_t) ((uwTimclock / 1000000U) - 1U);
  92              		.loc 1 63 3 is_stmt 1 view .LVU24
  64:Core/Src/stm32f1xx_hal_timebase_tim.c **** 
  65:Core/Src/stm32f1xx_hal_timebase_tim.c ****   /* Initialize TIM2 */
  66:Core/Src/stm32f1xx_hal_timebase_tim.c ****   htim2.Instance = TIM2;
  93              		.loc 1 66 3 view .LVU25
  94              		.loc 1 66 18 is_stmt 0 view .LVU26
  95 0036 4FF08043 		mov	r3, #1073741824
  96 003a 0E4A     		ldr	r2, .L4+4
  97 003c 1360     		str	r3, [r2]
  67:Core/Src/stm32f1xx_hal_timebase_tim.c **** 
  68:Core/Src/stm32f1xx_hal_timebase_tim.c ****   /* Initialize TIMx peripheral as follow:
ARM GAS  C:\Users\airforce\AppData\Local\Temp\ccx4sFiY.s 			page 4


  69:Core/Src/stm32f1xx_hal_timebase_tim.c ****   + Period = [(TIM2CLK/1000) - 1]. to have a (1/1000) s time base.
  70:Core/Src/stm32f1xx_hal_timebase_tim.c ****   + Prescaler = (uwTimclock/1000000 - 1) to have a 1MHz counter clock.
  71:Core/Src/stm32f1xx_hal_timebase_tim.c ****   + ClockDivision = 0
  72:Core/Src/stm32f1xx_hal_timebase_tim.c ****   + Counter direction = Up
  73:Core/Src/stm32f1xx_hal_timebase_tim.c ****   + AutoReloadPreload = DISABLE
  74:Core/Src/stm32f1xx_hal_timebase_tim.c ****   */
  75:Core/Src/stm32f1xx_hal_timebase_tim.c ****   htim2.Init.Period = (1000000U / 1000U) - 1U;
  98              		.loc 1 75 3 is_stmt 1 view .LVU27
  99              		.loc 1 75 21 is_stmt 0 view .LVU28
 100 003e 40F2E733 		movw	r3, #999
 101 0042 D360     		str	r3, [r2, #12]
  76:Core/Src/stm32f1xx_hal_timebase_tim.c ****   htim2.Init.Prescaler = uwPrescalerValue;
 102              		.loc 1 76 3 is_stmt 1 view .LVU29
  63:Core/Src/stm32f1xx_hal_timebase_tim.c **** 
 103              		.loc 1 63 46 is_stmt 0 view .LVU30
 104 0044 0C4B     		ldr	r3, .L4+8
 105 0046 B0FBF3F0 		udiv	r0, r0, r3
 106              	.LVL6:
  77:Core/Src/stm32f1xx_hal_timebase_tim.c ****   htim2.Init.ClockDivision = 0;
 107              		.loc 1 77 28 view .LVU31
 108 004a 0023     		movs	r3, #0
  63:Core/Src/stm32f1xx_hal_timebase_tim.c **** 
 109              		.loc 1 63 20 view .LVU32
 110 004c 0138     		subs	r0, r0, #1
 111              	.LVL7:
  76:Core/Src/stm32f1xx_hal_timebase_tim.c ****   htim2.Init.Prescaler = uwPrescalerValue;
 112              		.loc 1 76 24 view .LVU33
 113 004e 5060     		str	r0, [r2, #4]
 114              		.loc 1 77 3 is_stmt 1 view .LVU34
  78:Core/Src/stm32f1xx_hal_timebase_tim.c ****   htim2.Init.CounterMode = TIM_COUNTERMODE_UP;
  79:Core/Src/stm32f1xx_hal_timebase_tim.c ****   htim2.Init.AutoReloadPreload = TIM_AUTORELOAD_PRELOAD_DISABLE;
  80:Core/Src/stm32f1xx_hal_timebase_tim.c **** 
  81:Core/Src/stm32f1xx_hal_timebase_tim.c ****   if(HAL_TIM_Base_Init(&htim2) == HAL_OK)
 115              		.loc 1 81 6 is_stmt 0 view .LVU35
 116 0050 1046     		mov	r0, r2
 117              	.LVL8:
  77:Core/Src/stm32f1xx_hal_timebase_tim.c ****   htim2.Init.ClockDivision = 0;
 118              		.loc 1 77 28 view .LVU36
 119 0052 1361     		str	r3, [r2, #16]
  78:Core/Src/stm32f1xx_hal_timebase_tim.c ****   htim2.Init.CounterMode = TIM_COUNTERMODE_UP;
 120              		.loc 1 78 3 is_stmt 1 view .LVU37
  78:Core/Src/stm32f1xx_hal_timebase_tim.c ****   htim2.Init.CounterMode = TIM_COUNTERMODE_UP;
 121              		.loc 1 78 26 is_stmt 0 view .LVU38
 122 0054 9360     		str	r3, [r2, #8]
  79:Core/Src/stm32f1xx_hal_timebase_tim.c **** 
 123              		.loc 1 79 3 is_stmt 1 view .LVU39
  79:Core/Src/stm32f1xx_hal_timebase_tim.c **** 
 124              		.loc 1 79 32 is_stmt 0 view .LVU40
 125 0056 9361     		str	r3, [r2, #24]
 126              		.loc 1 81 3 is_stmt 1 view .LVU41
 127              		.loc 1 81 6 is_stmt 0 view .LVU42
 128 0058 FFF7FEFF 		bl	HAL_TIM_Base_Init
 129              	.LVL9:
 130              		.loc 1 81 5 discriminator 1 view .LVU43
 131 005c 28B9     		cbnz	r0, .L3
  82:Core/Src/stm32f1xx_hal_timebase_tim.c ****   {
  83:Core/Src/stm32f1xx_hal_timebase_tim.c ****     /* Start the TIM time Base generation in interrupt mode */
ARM GAS  C:\Users\airforce\AppData\Local\Temp\ccx4sFiY.s 			page 5


  84:Core/Src/stm32f1xx_hal_timebase_tim.c ****     return HAL_TIM_Base_Start_IT(&htim2);
 132              		.loc 1 84 5 is_stmt 1 view .LVU44
 133              		.loc 1 84 12 is_stmt 0 view .LVU45
 134 005e 0548     		ldr	r0, .L4+4
 135 0060 FFF7FEFF 		bl	HAL_TIM_Base_Start_IT
 136              	.LVL10:
 137              	.L2:
  85:Core/Src/stm32f1xx_hal_timebase_tim.c ****   }
  86:Core/Src/stm32f1xx_hal_timebase_tim.c **** 
  87:Core/Src/stm32f1xx_hal_timebase_tim.c ****   /* Return function status */
  88:Core/Src/stm32f1xx_hal_timebase_tim.c ****   return HAL_ERROR;
  89:Core/Src/stm32f1xx_hal_timebase_tim.c **** }
 138              		.loc 1 89 1 view .LVU46
 139 0064 09B0     		add	sp, sp, #36
 140              	.LCFI2:
 141              		.cfi_remember_state
 142              		.cfi_def_cfa_offset 4
 143              		@ sp needed
 144 0066 5DF804FB 		ldr	pc, [sp], #4
 145              	.L3:
 146              	.LCFI3:
 147              		.cfi_restore_state
  88:Core/Src/stm32f1xx_hal_timebase_tim.c **** }
 148              		.loc 1 88 10 view .LVU47
 149 006a 0120     		movs	r0, #1
 150 006c FAE7     		b	.L2
 151              	.L5:
 152 006e 00BF     		.align	2
 153              	.L4:
 154 0070 00100240 		.word	1073876992
 155 0074 00000000 		.word	htim2
 156 0078 40420F00 		.word	1000000
 157              		.cfi_endproc
 158              	.LFE65:
 160              		.section	.text.HAL_SuspendTick,"ax",%progbits
 161              		.align	1
 162              		.global	HAL_SuspendTick
 163              		.syntax unified
 164              		.thumb
 165              		.thumb_func
 167              	HAL_SuspendTick:
 168              	.LFB66:
  90:Core/Src/stm32f1xx_hal_timebase_tim.c **** 
  91:Core/Src/stm32f1xx_hal_timebase_tim.c **** /**
  92:Core/Src/stm32f1xx_hal_timebase_tim.c ****   * @brief  Suspend Tick increment.
  93:Core/Src/stm32f1xx_hal_timebase_tim.c ****   * @note   Disable the tick increment by disabling TIM2 update interrupt.
  94:Core/Src/stm32f1xx_hal_timebase_tim.c ****   * @param  None
  95:Core/Src/stm32f1xx_hal_timebase_tim.c ****   * @retval None
  96:Core/Src/stm32f1xx_hal_timebase_tim.c ****   */
  97:Core/Src/stm32f1xx_hal_timebase_tim.c **** void HAL_SuspendTick(void)
  98:Core/Src/stm32f1xx_hal_timebase_tim.c **** {
 169              		.loc 1 98 1 is_stmt 1 view -0
 170              		.cfi_startproc
 171              		@ args = 0, pretend = 0, frame = 0
 172              		@ frame_needed = 0, uses_anonymous_args = 0
 173              		@ link register save eliminated.
  99:Core/Src/stm32f1xx_hal_timebase_tim.c ****   /* Disable TIM2 update Interrupt */
ARM GAS  C:\Users\airforce\AppData\Local\Temp\ccx4sFiY.s 			page 6


 100:Core/Src/stm32f1xx_hal_timebase_tim.c ****   __HAL_TIM_DISABLE_IT(&htim2, TIM_IT_UPDATE);
 174              		.loc 1 100 3 view .LVU49
 175 0000 034B     		ldr	r3, .L7
 176 0002 1A68     		ldr	r2, [r3]
 177 0004 D368     		ldr	r3, [r2, #12]
 178 0006 23F00103 		bic	r3, r3, #1
 179 000a D360     		str	r3, [r2, #12]
 101:Core/Src/stm32f1xx_hal_timebase_tim.c **** }
 180              		.loc 1 101 1 is_stmt 0 view .LVU50
 181 000c 7047     		bx	lr
 182              	.L8:
 183 000e 00BF     		.align	2
 184              	.L7:
 185 0010 00000000 		.word	htim2
 186              		.cfi_endproc
 187              	.LFE66:
 189              		.section	.text.HAL_ResumeTick,"ax",%progbits
 190              		.align	1
 191              		.global	HAL_ResumeTick
 192              		.syntax unified
 193              		.thumb
 194              		.thumb_func
 196              	HAL_ResumeTick:
 197              	.LFB67:
 102:Core/Src/stm32f1xx_hal_timebase_tim.c **** 
 103:Core/Src/stm32f1xx_hal_timebase_tim.c **** /**
 104:Core/Src/stm32f1xx_hal_timebase_tim.c ****   * @brief  Resume Tick increment.
 105:Core/Src/stm32f1xx_hal_timebase_tim.c ****   * @note   Enable the tick increment by Enabling TIM2 update interrupt.
 106:Core/Src/stm32f1xx_hal_timebase_tim.c ****   * @param  None
 107:Core/Src/stm32f1xx_hal_timebase_tim.c ****   * @retval None
 108:Core/Src/stm32f1xx_hal_timebase_tim.c ****   */
 109:Core/Src/stm32f1xx_hal_timebase_tim.c **** void HAL_ResumeTick(void)
 110:Core/Src/stm32f1xx_hal_timebase_tim.c **** {
 198              		.loc 1 110 1 is_stmt 1 view -0
 199              		.cfi_startproc
 200              		@ args = 0, pretend = 0, frame = 0
 201              		@ frame_needed = 0, uses_anonymous_args = 0
 202              		@ link register save eliminated.
 111:Core/Src/stm32f1xx_hal_timebase_tim.c ****   /* Enable TIM2 Update interrupt */
 112:Core/Src/stm32f1xx_hal_timebase_tim.c ****   __HAL_TIM_ENABLE_IT(&htim2, TIM_IT_UPDATE);
 203              		.loc 1 112 3 view .LVU52
 204 0000 034B     		ldr	r3, .L10
 205 0002 1A68     		ldr	r2, [r3]
 206 0004 D368     		ldr	r3, [r2, #12]
 207 0006 43F00103 		orr	r3, r3, #1
 208 000a D360     		str	r3, [r2, #12]
 113:Core/Src/stm32f1xx_hal_timebase_tim.c **** }
 209              		.loc 1 113 1 is_stmt 0 view .LVU53
 210 000c 7047     		bx	lr
 211              	.L11:
 212 000e 00BF     		.align	2
 213              	.L10:
 214 0010 00000000 		.word	htim2
 215              		.cfi_endproc
 216              	.LFE67:
 218              		.global	htim2
 219              		.section	.bss.htim2,"aw",%nobits
ARM GAS  C:\Users\airforce\AppData\Local\Temp\ccx4sFiY.s 			page 7


 220              		.align	2
 223              	htim2:
 224 0000 00000000 		.space	72
 224      00000000 
 224      00000000 
 224      00000000 
 224      00000000 
 225              		.text
 226              	.Letext0:
 227              		.file 2 "Drivers/CMSIS/Device/ST/STM32F1xx/Include/stm32f103xb.h"
 228              		.file 3 "D:/stm32tools/arm-none-eabi-gcc/14.2.1-1.1.1/.content/arm-none-eabi/include/machine/_defa
 229              		.file 4 "D:/stm32tools/arm-none-eabi-gcc/14.2.1-1.1.1/.content/arm-none-eabi/include/sys/_stdint.h
 230              		.file 5 "Drivers/STM32F1xx_HAL_Driver/Inc/stm32f1xx_hal_def.h"
 231              		.file 6 "Drivers/STM32F1xx_HAL_Driver/Inc/stm32f1xx_hal_rcc.h"
 232              		.file 7 "Drivers/STM32F1xx_HAL_Driver/Inc/stm32f1xx_hal_dma.h"
 233              		.file 8 "Drivers/STM32F1xx_HAL_Driver/Inc/stm32f1xx_hal_tim.h"
 234              		.file 9 "Drivers/STM32F1xx_HAL_Driver/Inc/stm32f1xx_hal_cortex.h"
ARM GAS  C:\Users\airforce\AppData\Local\Temp\ccx4sFiY.s 			page 8


DEFINED SYMBOLS
                            *ABS*:00000000 stm32f1xx_hal_timebase_tim.c
C:\Users\airforce\AppData\Local\Temp\ccx4sFiY.s:19     .text.HAL_InitTick:00000000 $t
C:\Users\airforce\AppData\Local\Temp\ccx4sFiY.s:25     .text.HAL_InitTick:00000000 HAL_InitTick
C:\Users\airforce\AppData\Local\Temp\ccx4sFiY.s:154    .text.HAL_InitTick:00000070 $d
C:\Users\airforce\AppData\Local\Temp\ccx4sFiY.s:223    .bss.htim2:00000000 htim2
C:\Users\airforce\AppData\Local\Temp\ccx4sFiY.s:161    .text.HAL_SuspendTick:00000000 $t
C:\Users\airforce\AppData\Local\Temp\ccx4sFiY.s:167    .text.HAL_SuspendTick:00000000 HAL_SuspendTick
C:\Users\airforce\AppData\Local\Temp\ccx4sFiY.s:185    .text.HAL_SuspendTick:00000010 $d
C:\Users\airforce\AppData\Local\Temp\ccx4sFiY.s:190    .text.HAL_ResumeTick:00000000 $t
C:\Users\airforce\AppData\Local\Temp\ccx4sFiY.s:196    .text.HAL_ResumeTick:00000000 HAL_ResumeTick
C:\Users\airforce\AppData\Local\Temp\ccx4sFiY.s:214    .text.HAL_ResumeTick:00000010 $d
C:\Users\airforce\AppData\Local\Temp\ccx4sFiY.s:220    .bss.htim2:00000000 $d

UNDEFINED SYMBOLS
HAL_NVIC_SetPriority
HAL_NVIC_EnableIRQ
HAL_RCC_GetClockConfig
HAL_RCC_GetPCLK1Freq
HAL_TIM_Base_Init
HAL_TIM_Base_Start_IT
