ARM GAS  C:\Users\airforce\AppData\Local\Temp\ccNdp3ap.s 			page 1


   1              		.cpu cortex-m3
   2              		.arch armv7-m
   3              		.fpu softvfp
   4              		.eabi_attribute 20, 1
   5              		.eabi_attribute 21, 1
   6              		.eabi_attribute 23, 3
   7              		.eabi_attribute 24, 1
   8              		.eabi_attribute 25, 1
   9              		.eabi_attribute 26, 1
  10              		.eabi_attribute 30, 1
  11              		.eabi_attribute 34, 1
  12              		.eabi_attribute 18, 4
  13              		.file	"usart.c"
  14              		.text
  15              	.Ltext0:
  16              		.cfi_sections	.debug_frame
  17              		.file 1 "Core/Src/usart.c"
  18              		.section	.text.MX_USART1_UART_Init,"ax",%progbits
  19              		.align	1
  20              		.global	MX_USART1_UART_Init
  21              		.syntax unified
  22              		.thumb
  23              		.thumb_func
  25              	MX_USART1_UART_Init:
  26              	.LFB65:
   1:Core/Src/usart.c **** /* USER CODE BEGIN Header */
   2:Core/Src/usart.c **** /**
   3:Core/Src/usart.c ****   ******************************************************************************
   4:Core/Src/usart.c ****   * @file    usart.c
   5:Core/Src/usart.c ****   * @brief   This file provides code for the configuration
   6:Core/Src/usart.c ****   *          of the USART instances.
   7:Core/Src/usart.c ****   ******************************************************************************
   8:Core/Src/usart.c ****   * @attention
   9:Core/Src/usart.c ****   *
  10:Core/Src/usart.c ****   * Copyright (c) 2026 STMicroelectronics.
  11:Core/Src/usart.c ****   * All rights reserved.
  12:Core/Src/usart.c ****   *
  13:Core/Src/usart.c ****   * This software is licensed under terms that can be found in the LICENSE file
  14:Core/Src/usart.c ****   * in the root directory of this software component.
  15:Core/Src/usart.c ****   * If no LICENSE file comes with this software, it is provided AS-IS.
  16:Core/Src/usart.c ****   *
  17:Core/Src/usart.c ****   ******************************************************************************
  18:Core/Src/usart.c ****   */
  19:Core/Src/usart.c **** /* USER CODE END Header */
  20:Core/Src/usart.c **** /* Includes ------------------------------------------------------------------*/
  21:Core/Src/usart.c **** #include "usart.h"
  22:Core/Src/usart.c **** 
  23:Core/Src/usart.c **** /* USER CODE BEGIN 0 */
  24:Core/Src/usart.c **** 
  25:Core/Src/usart.c **** /* USER CODE END 0 */
  26:Core/Src/usart.c **** 
  27:Core/Src/usart.c **** UART_HandleTypeDef huart1;
  28:Core/Src/usart.c **** DMA_HandleTypeDef hdma_usart1_tx;
  29:Core/Src/usart.c **** DMA_HandleTypeDef hdma_usart1_rx;
  30:Core/Src/usart.c **** 
  31:Core/Src/usart.c **** /* USART1 init function */
  32:Core/Src/usart.c **** 
ARM GAS  C:\Users\airforce\AppData\Local\Temp\ccNdp3ap.s 			page 2


  33:Core/Src/usart.c **** void MX_USART1_UART_Init(void)
  34:Core/Src/usart.c **** {
  27              		.loc 1 34 1 view -0
  28              		.cfi_startproc
  29              		@ args = 0, pretend = 0, frame = 0
  30              		@ frame_needed = 0, uses_anonymous_args = 0
  31 0000 08B5     		push	{r3, lr}
  32              	.LCFI0:
  33              		.cfi_def_cfa_offset 8
  34              		.cfi_offset 3, -8
  35              		.cfi_offset 14, -4
  35:Core/Src/usart.c **** 
  36:Core/Src/usart.c ****   /* USER CODE BEGIN USART1_Init 0 */
  37:Core/Src/usart.c **** 
  38:Core/Src/usart.c ****   /* USER CODE END USART1_Init 0 */
  39:Core/Src/usart.c **** 
  40:Core/Src/usart.c ****   /* USER CODE BEGIN USART1_Init 1 */
  41:Core/Src/usart.c **** 
  42:Core/Src/usart.c ****   /* USER CODE END USART1_Init 1 */
  43:Core/Src/usart.c ****   huart1.Instance = USART1;
  36              		.loc 1 43 3 view .LVU1
  37              		.loc 1 43 19 is_stmt 0 view .LVU2
  38 0002 0A48     		ldr	r0, .L5
  39 0004 0A4B     		ldr	r3, .L5+4
  40 0006 0360     		str	r3, [r0]
  44:Core/Src/usart.c ****   huart1.Init.BaudRate = 115200;
  41              		.loc 1 44 3 is_stmt 1 view .LVU3
  42              		.loc 1 44 24 is_stmt 0 view .LVU4
  43 0008 4FF4E133 		mov	r3, #115200
  44 000c 4360     		str	r3, [r0, #4]
  45:Core/Src/usart.c ****   huart1.Init.WordLength = UART_WORDLENGTH_8B;
  45              		.loc 1 45 3 is_stmt 1 view .LVU5
  46              		.loc 1 45 26 is_stmt 0 view .LVU6
  47 000e 0023     		movs	r3, #0
  48 0010 8360     		str	r3, [r0, #8]
  46:Core/Src/usart.c ****   huart1.Init.StopBits = UART_STOPBITS_1;
  49              		.loc 1 46 3 is_stmt 1 view .LVU7
  50              		.loc 1 46 24 is_stmt 0 view .LVU8
  51 0012 C360     		str	r3, [r0, #12]
  47:Core/Src/usart.c ****   huart1.Init.Parity = UART_PARITY_NONE;
  52              		.loc 1 47 3 is_stmt 1 view .LVU9
  53              		.loc 1 47 22 is_stmt 0 view .LVU10
  54 0014 0361     		str	r3, [r0, #16]
  48:Core/Src/usart.c ****   huart1.Init.Mode = UART_MODE_TX_RX;
  55              		.loc 1 48 3 is_stmt 1 view .LVU11
  56              		.loc 1 48 20 is_stmt 0 view .LVU12
  57 0016 0C22     		movs	r2, #12
  58 0018 4261     		str	r2, [r0, #20]
  49:Core/Src/usart.c ****   huart1.Init.HwFlowCtl = UART_HWCONTROL_NONE;
  59              		.loc 1 49 3 is_stmt 1 view .LVU13
  60              		.loc 1 49 25 is_stmt 0 view .LVU14
  61 001a 8361     		str	r3, [r0, #24]
  50:Core/Src/usart.c ****   huart1.Init.OverSampling = UART_OVERSAMPLING_16;
  62              		.loc 1 50 3 is_stmt 1 view .LVU15
  63              		.loc 1 50 28 is_stmt 0 view .LVU16
  64 001c C361     		str	r3, [r0, #28]
  51:Core/Src/usart.c ****   if (HAL_UART_Init(&huart1) != HAL_OK)
ARM GAS  C:\Users\airforce\AppData\Local\Temp\ccNdp3ap.s 			page 3


  65              		.loc 1 51 3 is_stmt 1 view .LVU17
  66              		.loc 1 51 7 is_stmt 0 view .LVU18
  67 001e FFF7FEFF 		bl	HAL_UART_Init
  68              	.LVL0:
  69              		.loc 1 51 6 discriminator 1 view .LVU19
  70 0022 00B9     		cbnz	r0, .L4
  71              	.L1:
  52:Core/Src/usart.c ****   {
  53:Core/Src/usart.c ****     Error_Handler();
  54:Core/Src/usart.c ****   }
  55:Core/Src/usart.c ****   /* USER CODE BEGIN USART1_Init 2 */
  56:Core/Src/usart.c **** 
  57:Core/Src/usart.c ****   /* USER CODE END USART1_Init 2 */
  58:Core/Src/usart.c **** 
  59:Core/Src/usart.c **** }
  72              		.loc 1 59 1 view .LVU20
  73 0024 08BD     		pop	{r3, pc}
  74              	.L4:
  53:Core/Src/usart.c ****   }
  75              		.loc 1 53 5 is_stmt 1 view .LVU21
  76 0026 FFF7FEFF 		bl	Error_Handler
  77              	.LVL1:
  78              		.loc 1 59 1 is_stmt 0 view .LVU22
  79 002a FBE7     		b	.L1
  80              	.L6:
  81              		.align	2
  82              	.L5:
  83 002c 00000000 		.word	huart1
  84 0030 00380140 		.word	1073821696
  85              		.cfi_endproc
  86              	.LFE65:
  88              		.section	.text.HAL_UART_MspInit,"ax",%progbits
  89              		.align	1
  90              		.global	HAL_UART_MspInit
  91              		.syntax unified
  92              		.thumb
  93              		.thumb_func
  95              	HAL_UART_MspInit:
  96              	.LVL2:
  97              	.LFB66:
  60:Core/Src/usart.c **** 
  61:Core/Src/usart.c **** void HAL_UART_MspInit(UART_HandleTypeDef* uartHandle)
  62:Core/Src/usart.c **** {
  98              		.loc 1 62 1 is_stmt 1 view -0
  99              		.cfi_startproc
 100              		@ args = 0, pretend = 0, frame = 24
 101              		@ frame_needed = 0, uses_anonymous_args = 0
 102              		.loc 1 62 1 is_stmt 0 view .LVU24
 103 0000 F0B5     		push	{r4, r5, r6, r7, lr}
 104              	.LCFI1:
 105              		.cfi_def_cfa_offset 20
 106              		.cfi_offset 4, -20
 107              		.cfi_offset 5, -16
 108              		.cfi_offset 6, -12
 109              		.cfi_offset 7, -8
 110              		.cfi_offset 14, -4
 111 0002 87B0     		sub	sp, sp, #28
ARM GAS  C:\Users\airforce\AppData\Local\Temp\ccNdp3ap.s 			page 4


 112              	.LCFI2:
 113              		.cfi_def_cfa_offset 48
  63:Core/Src/usart.c **** 
  64:Core/Src/usart.c ****   GPIO_InitTypeDef GPIO_InitStruct = {0};
 114              		.loc 1 64 3 is_stmt 1 view .LVU25
 115              		.loc 1 64 20 is_stmt 0 view .LVU26
 116 0004 0023     		movs	r3, #0
 117 0006 0293     		str	r3, [sp, #8]
 118 0008 0393     		str	r3, [sp, #12]
 119 000a 0493     		str	r3, [sp, #16]
 120 000c 0593     		str	r3, [sp, #20]
  65:Core/Src/usart.c ****   if(uartHandle->Instance==USART1)
 121              		.loc 1 65 3 is_stmt 1 view .LVU27
 122              		.loc 1 65 16 is_stmt 0 view .LVU28
 123 000e 0268     		ldr	r2, [r0]
 124              		.loc 1 65 5 view .LVU29
 125 0010 314B     		ldr	r3, .L15
 126 0012 9A42     		cmp	r2, r3
 127 0014 01D0     		beq	.L12
 128              	.LVL3:
 129              	.L7:
  66:Core/Src/usart.c ****   {
  67:Core/Src/usart.c ****   /* USER CODE BEGIN USART1_MspInit 0 */
  68:Core/Src/usart.c **** 
  69:Core/Src/usart.c ****   /* USER CODE END USART1_MspInit 0 */
  70:Core/Src/usart.c ****     /* USART1 clock enable */
  71:Core/Src/usart.c ****     __HAL_RCC_USART1_CLK_ENABLE();
  72:Core/Src/usart.c **** 
  73:Core/Src/usart.c ****     __HAL_RCC_GPIOA_CLK_ENABLE();
  74:Core/Src/usart.c ****     /**USART1 GPIO Configuration
  75:Core/Src/usart.c ****     PA9     ------> USART1_TX
  76:Core/Src/usart.c ****     PA10     ------> USART1_RX
  77:Core/Src/usart.c ****     */
  78:Core/Src/usart.c ****     GPIO_InitStruct.Pin = GPIO_PIN_9;
  79:Core/Src/usart.c ****     GPIO_InitStruct.Mode = GPIO_MODE_AF_PP;
  80:Core/Src/usart.c ****     GPIO_InitStruct.Speed = GPIO_SPEED_FREQ_HIGH;
  81:Core/Src/usart.c ****     HAL_GPIO_Init(GPIOA, &GPIO_InitStruct);
  82:Core/Src/usart.c **** 
  83:Core/Src/usart.c ****     GPIO_InitStruct.Pin = GPIO_PIN_10;
  84:Core/Src/usart.c ****     GPIO_InitStruct.Mode = GPIO_MODE_INPUT;
  85:Core/Src/usart.c ****     GPIO_InitStruct.Pull = GPIO_NOPULL;
  86:Core/Src/usart.c ****     HAL_GPIO_Init(GPIOA, &GPIO_InitStruct);
  87:Core/Src/usart.c **** 
  88:Core/Src/usart.c ****     /* USART1 DMA Init */
  89:Core/Src/usart.c ****     /* USART1_TX Init */
  90:Core/Src/usart.c ****     hdma_usart1_tx.Instance = DMA1_Channel4;
  91:Core/Src/usart.c ****     hdma_usart1_tx.Init.Direction = DMA_MEMORY_TO_PERIPH;
  92:Core/Src/usart.c ****     hdma_usart1_tx.Init.PeriphInc = DMA_PINC_DISABLE;
  93:Core/Src/usart.c ****     hdma_usart1_tx.Init.MemInc = DMA_MINC_ENABLE;
  94:Core/Src/usart.c ****     hdma_usart1_tx.Init.PeriphDataAlignment = DMA_PDATAALIGN_BYTE;
  95:Core/Src/usart.c ****     hdma_usart1_tx.Init.MemDataAlignment = DMA_MDATAALIGN_BYTE;
  96:Core/Src/usart.c ****     hdma_usart1_tx.Init.Mode = DMA_NORMAL;
  97:Core/Src/usart.c ****     hdma_usart1_tx.Init.Priority = DMA_PRIORITY_LOW;
  98:Core/Src/usart.c ****     if (HAL_DMA_Init(&hdma_usart1_tx) != HAL_OK)
  99:Core/Src/usart.c ****     {
 100:Core/Src/usart.c ****       Error_Handler();
 101:Core/Src/usart.c ****     }
ARM GAS  C:\Users\airforce\AppData\Local\Temp\ccNdp3ap.s 			page 5


 102:Core/Src/usart.c **** 
 103:Core/Src/usart.c ****     __HAL_LINKDMA(uartHandle,hdmatx,hdma_usart1_tx);
 104:Core/Src/usart.c **** 
 105:Core/Src/usart.c ****     /* USART1_RX Init */
 106:Core/Src/usart.c ****     hdma_usart1_rx.Instance = DMA1_Channel5;
 107:Core/Src/usart.c ****     hdma_usart1_rx.Init.Direction = DMA_PERIPH_TO_MEMORY;
 108:Core/Src/usart.c ****     hdma_usart1_rx.Init.PeriphInc = DMA_PINC_DISABLE;
 109:Core/Src/usart.c ****     hdma_usart1_rx.Init.MemInc = DMA_MINC_ENABLE;
 110:Core/Src/usart.c ****     hdma_usart1_rx.Init.PeriphDataAlignment = DMA_PDATAALIGN_BYTE;
 111:Core/Src/usart.c ****     hdma_usart1_rx.Init.MemDataAlignment = DMA_MDATAALIGN_BYTE;
 112:Core/Src/usart.c ****     hdma_usart1_rx.Init.Mode = DMA_NORMAL;
 113:Core/Src/usart.c ****     hdma_usart1_rx.Init.Priority = DMA_PRIORITY_LOW;
 114:Core/Src/usart.c ****     if (HAL_DMA_Init(&hdma_usart1_rx) != HAL_OK)
 115:Core/Src/usart.c ****     {
 116:Core/Src/usart.c ****       Error_Handler();
 117:Core/Src/usart.c ****     }
 118:Core/Src/usart.c **** 
 119:Core/Src/usart.c ****     __HAL_LINKDMA(uartHandle,hdmarx,hdma_usart1_rx);
 120:Core/Src/usart.c **** 
 121:Core/Src/usart.c ****     /* USART1 interrupt Init */
 122:Core/Src/usart.c ****     HAL_NVIC_SetPriority(USART1_IRQn, 0, 0);
 123:Core/Src/usart.c ****     HAL_NVIC_EnableIRQ(USART1_IRQn);
 124:Core/Src/usart.c ****   /* USER CODE BEGIN USART1_MspInit 1 */
 125:Core/Src/usart.c **** 
 126:Core/Src/usart.c ****   /* USER CODE END USART1_MspInit 1 */
 127:Core/Src/usart.c ****   }
 128:Core/Src/usart.c **** }
 130              		.loc 1 128 1 view .LVU30
 131 0016 07B0     		add	sp, sp, #28
 132              	.LCFI3:
 133              		.cfi_remember_state
 134              		.cfi_def_cfa_offset 20
 135              		@ sp needed
 136 0018 F0BD     		pop	{r4, r5, r6, r7, pc}
 137              	.LVL4:
 138              	.L12:
 139              	.LCFI4:
 140              		.cfi_restore_state
 141              		.loc 1 128 1 view .LVU31
 142 001a 0446     		mov	r4, r0
  71:Core/Src/usart.c **** 
 143              		.loc 1 71 5 is_stmt 1 view .LVU32
 144              	.LBB2:
  71:Core/Src/usart.c **** 
 145              		.loc 1 71 5 view .LVU33
  71:Core/Src/usart.c **** 
 146              		.loc 1 71 5 view .LVU34
 147 001c 03F55843 		add	r3, r3, #55296
 148 0020 9A69     		ldr	r2, [r3, #24]
 149 0022 42F48042 		orr	r2, r2, #16384
 150 0026 9A61     		str	r2, [r3, #24]
  71:Core/Src/usart.c **** 
 151              		.loc 1 71 5 view .LVU35
 152 0028 9A69     		ldr	r2, [r3, #24]
 153 002a 02F48042 		and	r2, r2, #16384
 154 002e 0092     		str	r2, [sp]
  71:Core/Src/usart.c **** 
ARM GAS  C:\Users\airforce\AppData\Local\Temp\ccNdp3ap.s 			page 6


 155              		.loc 1 71 5 view .LVU36
 156 0030 009A     		ldr	r2, [sp]
 157              	.LBE2:
  71:Core/Src/usart.c **** 
 158              		.loc 1 71 5 view .LVU37
  73:Core/Src/usart.c ****     /**USART1 GPIO Configuration
 159              		.loc 1 73 5 view .LVU38
 160              	.LBB3:
  73:Core/Src/usart.c ****     /**USART1 GPIO Configuration
 161              		.loc 1 73 5 view .LVU39
  73:Core/Src/usart.c ****     /**USART1 GPIO Configuration
 162              		.loc 1 73 5 view .LVU40
 163 0032 9A69     		ldr	r2, [r3, #24]
 164 0034 42F00402 		orr	r2, r2, #4
 165 0038 9A61     		str	r2, [r3, #24]
  73:Core/Src/usart.c ****     /**USART1 GPIO Configuration
 166              		.loc 1 73 5 view .LVU41
 167 003a 9B69     		ldr	r3, [r3, #24]
 168 003c 03F00403 		and	r3, r3, #4
 169 0040 0193     		str	r3, [sp, #4]
  73:Core/Src/usart.c ****     /**USART1 GPIO Configuration
 170              		.loc 1 73 5 view .LVU42
 171 0042 019B     		ldr	r3, [sp, #4]
 172              	.LBE3:
  73:Core/Src/usart.c ****     /**USART1 GPIO Configuration
 173              		.loc 1 73 5 view .LVU43
  78:Core/Src/usart.c ****     GPIO_InitStruct.Mode = GPIO_MODE_AF_PP;
 174              		.loc 1 78 5 view .LVU44
  78:Core/Src/usart.c ****     GPIO_InitStruct.Mode = GPIO_MODE_AF_PP;
 175              		.loc 1 78 25 is_stmt 0 view .LVU45
 176 0044 4FF40073 		mov	r3, #512
 177 0048 0293     		str	r3, [sp, #8]
  79:Core/Src/usart.c ****     GPIO_InitStruct.Speed = GPIO_SPEED_FREQ_HIGH;
 178              		.loc 1 79 5 is_stmt 1 view .LVU46
  79:Core/Src/usart.c ****     GPIO_InitStruct.Speed = GPIO_SPEED_FREQ_HIGH;
 179              		.loc 1 79 26 is_stmt 0 view .LVU47
 180 004a 0223     		movs	r3, #2
 181 004c 0393     		str	r3, [sp, #12]
  80:Core/Src/usart.c ****     HAL_GPIO_Init(GPIOA, &GPIO_InitStruct);
 182              		.loc 1 80 5 is_stmt 1 view .LVU48
  80:Core/Src/usart.c ****     HAL_GPIO_Init(GPIOA, &GPIO_InitStruct);
 183              		.loc 1 80 27 is_stmt 0 view .LVU49
 184 004e 0323     		movs	r3, #3
 185 0050 0593     		str	r3, [sp, #20]
  81:Core/Src/usart.c **** 
 186              		.loc 1 81 5 is_stmt 1 view .LVU50
 187 0052 02AF     		add	r7, sp, #8
 188 0054 214E     		ldr	r6, .L15+4
 189 0056 3946     		mov	r1, r7
 190 0058 3046     		mov	r0, r6
 191              	.LVL5:
  81:Core/Src/usart.c **** 
 192              		.loc 1 81 5 is_stmt 0 view .LVU51
 193 005a FFF7FEFF 		bl	HAL_GPIO_Init
 194              	.LVL6:
  83:Core/Src/usart.c ****     GPIO_InitStruct.Mode = GPIO_MODE_INPUT;
 195              		.loc 1 83 5 is_stmt 1 view .LVU52
ARM GAS  C:\Users\airforce\AppData\Local\Temp\ccNdp3ap.s 			page 7


  83:Core/Src/usart.c ****     GPIO_InitStruct.Mode = GPIO_MODE_INPUT;
 196              		.loc 1 83 25 is_stmt 0 view .LVU53
 197 005e 4FF48063 		mov	r3, #1024
 198 0062 0293     		str	r3, [sp, #8]
  84:Core/Src/usart.c ****     GPIO_InitStruct.Pull = GPIO_NOPULL;
 199              		.loc 1 84 5 is_stmt 1 view .LVU54
  84:Core/Src/usart.c ****     GPIO_InitStruct.Pull = GPIO_NOPULL;
 200              		.loc 1 84 26 is_stmt 0 view .LVU55
 201 0064 0025     		movs	r5, #0
 202 0066 0395     		str	r5, [sp, #12]
  85:Core/Src/usart.c ****     HAL_GPIO_Init(GPIOA, &GPIO_InitStruct);
 203              		.loc 1 85 5 is_stmt 1 view .LVU56
  85:Core/Src/usart.c ****     HAL_GPIO_Init(GPIOA, &GPIO_InitStruct);
 204              		.loc 1 85 26 is_stmt 0 view .LVU57
 205 0068 0495     		str	r5, [sp, #16]
  86:Core/Src/usart.c **** 
 206              		.loc 1 86 5 is_stmt 1 view .LVU58
 207 006a 3946     		mov	r1, r7
 208 006c 3046     		mov	r0, r6
 209 006e FFF7FEFF 		bl	HAL_GPIO_Init
 210              	.LVL7:
  90:Core/Src/usart.c ****     hdma_usart1_tx.Init.Direction = DMA_MEMORY_TO_PERIPH;
 211              		.loc 1 90 5 view .LVU59
  90:Core/Src/usart.c ****     hdma_usart1_tx.Init.Direction = DMA_MEMORY_TO_PERIPH;
 212              		.loc 1 90 29 is_stmt 0 view .LVU60
 213 0072 1B48     		ldr	r0, .L15+8
 214 0074 1B4B     		ldr	r3, .L15+12
 215 0076 0360     		str	r3, [r0]
  91:Core/Src/usart.c ****     hdma_usart1_tx.Init.PeriphInc = DMA_PINC_DISABLE;
 216              		.loc 1 91 5 is_stmt 1 view .LVU61
  91:Core/Src/usart.c ****     hdma_usart1_tx.Init.PeriphInc = DMA_PINC_DISABLE;
 217              		.loc 1 91 35 is_stmt 0 view .LVU62
 218 0078 1023     		movs	r3, #16
 219 007a 4360     		str	r3, [r0, #4]
  92:Core/Src/usart.c ****     hdma_usart1_tx.Init.MemInc = DMA_MINC_ENABLE;
 220              		.loc 1 92 5 is_stmt 1 view .LVU63
  92:Core/Src/usart.c ****     hdma_usart1_tx.Init.MemInc = DMA_MINC_ENABLE;
 221              		.loc 1 92 35 is_stmt 0 view .LVU64
 222 007c 8560     		str	r5, [r0, #8]
  93:Core/Src/usart.c ****     hdma_usart1_tx.Init.PeriphDataAlignment = DMA_PDATAALIGN_BYTE;
 223              		.loc 1 93 5 is_stmt 1 view .LVU65
  93:Core/Src/usart.c ****     hdma_usart1_tx.Init.PeriphDataAlignment = DMA_PDATAALIGN_BYTE;
 224              		.loc 1 93 32 is_stmt 0 view .LVU66
 225 007e 8023     		movs	r3, #128
 226 0080 C360     		str	r3, [r0, #12]
  94:Core/Src/usart.c ****     hdma_usart1_tx.Init.MemDataAlignment = DMA_MDATAALIGN_BYTE;
 227              		.loc 1 94 5 is_stmt 1 view .LVU67
  94:Core/Src/usart.c ****     hdma_usart1_tx.Init.MemDataAlignment = DMA_MDATAALIGN_BYTE;
 228              		.loc 1 94 45 is_stmt 0 view .LVU68
 229 0082 0561     		str	r5, [r0, #16]
  95:Core/Src/usart.c ****     hdma_usart1_tx.Init.Mode = DMA_NORMAL;
 230              		.loc 1 95 5 is_stmt 1 view .LVU69
  95:Core/Src/usart.c ****     hdma_usart1_tx.Init.Mode = DMA_NORMAL;
 231              		.loc 1 95 42 is_stmt 0 view .LVU70
 232 0084 4561     		str	r5, [r0, #20]
  96:Core/Src/usart.c ****     hdma_usart1_tx.Init.Priority = DMA_PRIORITY_LOW;
 233              		.loc 1 96 5 is_stmt 1 view .LVU71
ARM GAS  C:\Users\airforce\AppData\Local\Temp\ccNdp3ap.s 			page 8


  96:Core/Src/usart.c ****     hdma_usart1_tx.Init.Priority = DMA_PRIORITY_LOW;
 234              		.loc 1 96 30 is_stmt 0 view .LVU72
 235 0086 8561     		str	r5, [r0, #24]
  97:Core/Src/usart.c ****     if (HAL_DMA_Init(&hdma_usart1_tx) != HAL_OK)
 236              		.loc 1 97 5 is_stmt 1 view .LVU73
  97:Core/Src/usart.c ****     if (HAL_DMA_Init(&hdma_usart1_tx) != HAL_OK)
 237              		.loc 1 97 34 is_stmt 0 view .LVU74
 238 0088 C561     		str	r5, [r0, #28]
  98:Core/Src/usart.c ****     {
 239              		.loc 1 98 5 is_stmt 1 view .LVU75
  98:Core/Src/usart.c ****     {
 240              		.loc 1 98 9 is_stmt 0 view .LVU76
 241 008a FFF7FEFF 		bl	HAL_DMA_Init
 242              	.LVL8:
  98:Core/Src/usart.c ****     {
 243              		.loc 1 98 8 discriminator 1 view .LVU77
 244 008e E8B9     		cbnz	r0, .L13
 245              	.L9:
 103:Core/Src/usart.c **** 
 246              		.loc 1 103 5 is_stmt 1 view .LVU78
 103:Core/Src/usart.c **** 
 247              		.loc 1 103 5 view .LVU79
 248 0090 134B     		ldr	r3, .L15+8
 249 0092 A363     		str	r3, [r4, #56]
 103:Core/Src/usart.c **** 
 250              		.loc 1 103 5 view .LVU80
 251 0094 5C62     		str	r4, [r3, #36]
 103:Core/Src/usart.c **** 
 252              		.loc 1 103 5 view .LVU81
 106:Core/Src/usart.c ****     hdma_usart1_rx.Init.Direction = DMA_PERIPH_TO_MEMORY;
 253              		.loc 1 106 5 view .LVU82
 106:Core/Src/usart.c ****     hdma_usart1_rx.Init.Direction = DMA_PERIPH_TO_MEMORY;
 254              		.loc 1 106 29 is_stmt 0 view .LVU83
 255 0096 1448     		ldr	r0, .L15+16
 256 0098 144B     		ldr	r3, .L15+20
 257 009a 0360     		str	r3, [r0]
 107:Core/Src/usart.c ****     hdma_usart1_rx.Init.PeriphInc = DMA_PINC_DISABLE;
 258              		.loc 1 107 5 is_stmt 1 view .LVU84
 107:Core/Src/usart.c ****     hdma_usart1_rx.Init.PeriphInc = DMA_PINC_DISABLE;
 259              		.loc 1 107 35 is_stmt 0 view .LVU85
 260 009c 0023     		movs	r3, #0
 261 009e 4360     		str	r3, [r0, #4]
 108:Core/Src/usart.c ****     hdma_usart1_rx.Init.MemInc = DMA_MINC_ENABLE;
 262              		.loc 1 108 5 is_stmt 1 view .LVU86
 108:Core/Src/usart.c ****     hdma_usart1_rx.Init.MemInc = DMA_MINC_ENABLE;
 263              		.loc 1 108 35 is_stmt 0 view .LVU87
 264 00a0 8360     		str	r3, [r0, #8]
 109:Core/Src/usart.c ****     hdma_usart1_rx.Init.PeriphDataAlignment = DMA_PDATAALIGN_BYTE;
 265              		.loc 1 109 5 is_stmt 1 view .LVU88
 109:Core/Src/usart.c ****     hdma_usart1_rx.Init.PeriphDataAlignment = DMA_PDATAALIGN_BYTE;
 266              		.loc 1 109 32 is_stmt 0 view .LVU89
 267 00a2 8022     		movs	r2, #128
 268 00a4 C260     		str	r2, [r0, #12]
 110:Core/Src/usart.c ****     hdma_usart1_rx.Init.MemDataAlignment = DMA_MDATAALIGN_BYTE;
 269              		.loc 1 110 5 is_stmt 1 view .LVU90
 110:Core/Src/usart.c ****     hdma_usart1_rx.Init.MemDataAlignment = DMA_MDATAALIGN_BYTE;
 270              		.loc 1 110 45 is_stmt 0 view .LVU91
ARM GAS  C:\Users\airforce\AppData\Local\Temp\ccNdp3ap.s 			page 9


 271 00a6 0361     		str	r3, [r0, #16]
 111:Core/Src/usart.c ****     hdma_usart1_rx.Init.Mode = DMA_NORMAL;
 272              		.loc 1 111 5 is_stmt 1 view .LVU92
 111:Core/Src/usart.c ****     hdma_usart1_rx.Init.Mode = DMA_NORMAL;
 273              		.loc 1 111 42 is_stmt 0 view .LVU93
 274 00a8 4361     		str	r3, [r0, #20]
 112:Core/Src/usart.c ****     hdma_usart1_rx.Init.Priority = DMA_PRIORITY_LOW;
 275              		.loc 1 112 5 is_stmt 1 view .LVU94
 112:Core/Src/usart.c ****     hdma_usart1_rx.Init.Priority = DMA_PRIORITY_LOW;
 276              		.loc 1 112 30 is_stmt 0 view .LVU95
 277 00aa 8361     		str	r3, [r0, #24]
 113:Core/Src/usart.c ****     if (HAL_DMA_Init(&hdma_usart1_rx) != HAL_OK)
 278              		.loc 1 113 5 is_stmt 1 view .LVU96
 113:Core/Src/usart.c ****     if (HAL_DMA_Init(&hdma_usart1_rx) != HAL_OK)
 279              		.loc 1 113 34 is_stmt 0 view .LVU97
 280 00ac C361     		str	r3, [r0, #28]
 114:Core/Src/usart.c ****     {
 281              		.loc 1 114 5 is_stmt 1 view .LVU98
 114:Core/Src/usart.c ****     {
 282              		.loc 1 114 9 is_stmt 0 view .LVU99
 283 00ae FFF7FEFF 		bl	HAL_DMA_Init
 284              	.LVL9:
 114:Core/Src/usart.c ****     {
 285              		.loc 1 114 8 discriminator 1 view .LVU100
 286 00b2 70B9     		cbnz	r0, .L14
 287              	.L10:
 119:Core/Src/usart.c **** 
 288              		.loc 1 119 5 is_stmt 1 view .LVU101
 119:Core/Src/usart.c **** 
 289              		.loc 1 119 5 view .LVU102
 290 00b4 0C4B     		ldr	r3, .L15+16
 291 00b6 E363     		str	r3, [r4, #60]
 119:Core/Src/usart.c **** 
 292              		.loc 1 119 5 view .LVU103
 293 00b8 5C62     		str	r4, [r3, #36]
 119:Core/Src/usart.c **** 
 294              		.loc 1 119 5 view .LVU104
 122:Core/Src/usart.c ****     HAL_NVIC_EnableIRQ(USART1_IRQn);
 295              		.loc 1 122 5 view .LVU105
 296 00ba 0022     		movs	r2, #0
 297 00bc 1146     		mov	r1, r2
 298 00be 2520     		movs	r0, #37
 299 00c0 FFF7FEFF 		bl	HAL_NVIC_SetPriority
 300              	.LVL10:
 123:Core/Src/usart.c ****   /* USER CODE BEGIN USART1_MspInit 1 */
 301              		.loc 1 123 5 view .LVU106
 302 00c4 2520     		movs	r0, #37
 303 00c6 FFF7FEFF 		bl	HAL_NVIC_EnableIRQ
 304              	.LVL11:
 305              		.loc 1 128 1 is_stmt 0 view .LVU107
 306 00ca A4E7     		b	.L7
 307              	.L13:
 100:Core/Src/usart.c ****     }
 308              		.loc 1 100 7 is_stmt 1 view .LVU108
 309 00cc FFF7FEFF 		bl	Error_Handler
 310              	.LVL12:
 311 00d0 DEE7     		b	.L9
ARM GAS  C:\Users\airforce\AppData\Local\Temp\ccNdp3ap.s 			page 10


 312              	.L14:
 116:Core/Src/usart.c ****     }
 313              		.loc 1 116 7 view .LVU109
 314 00d2 FFF7FEFF 		bl	Error_Handler
 315              	.LVL13:
 316 00d6 EDE7     		b	.L10
 317              	.L16:
 318              		.align	2
 319              	.L15:
 320 00d8 00380140 		.word	1073821696
 321 00dc 00080140 		.word	1073809408
 322 00e0 00000000 		.word	hdma_usart1_tx
 323 00e4 44000240 		.word	1073872964
 324 00e8 00000000 		.word	hdma_usart1_rx
 325 00ec 58000240 		.word	1073872984
 326              		.cfi_endproc
 327              	.LFE66:
 329              		.section	.text.HAL_UART_MspDeInit,"ax",%progbits
 330              		.align	1
 331              		.global	HAL_UART_MspDeInit
 332              		.syntax unified
 333              		.thumb
 334              		.thumb_func
 336              	HAL_UART_MspDeInit:
 337              	.LVL14:
 338              	.LFB67:
 129:Core/Src/usart.c **** 
 130:Core/Src/usart.c **** void HAL_UART_MspDeInit(UART_HandleTypeDef* uartHandle)
 131:Core/Src/usart.c **** {
 339              		.loc 1 131 1 view -0
 340              		.cfi_startproc
 341              		@ args = 0, pretend = 0, frame = 0
 342              		@ frame_needed = 0, uses_anonymous_args = 0
 132:Core/Src/usart.c **** 
 133:Core/Src/usart.c ****   if(uartHandle->Instance==USART1)
 343              		.loc 1 133 3 view .LVU111
 344              		.loc 1 133 16 is_stmt 0 view .LVU112
 345 0000 0268     		ldr	r2, [r0]
 346              		.loc 1 133 5 view .LVU113
 347 0002 0D4B     		ldr	r3, .L24
 348 0004 9A42     		cmp	r2, r3
 349 0006 00D0     		beq	.L23
 350 0008 7047     		bx	lr
 351              	.L23:
 131:Core/Src/usart.c **** 
 352              		.loc 1 131 1 view .LVU114
 353 000a 10B5     		push	{r4, lr}
 354              	.LCFI5:
 355              		.cfi_def_cfa_offset 8
 356              		.cfi_offset 4, -8
 357              		.cfi_offset 14, -4
 358 000c 0446     		mov	r4, r0
 134:Core/Src/usart.c ****   {
 135:Core/Src/usart.c ****   /* USER CODE BEGIN USART1_MspDeInit 0 */
 136:Core/Src/usart.c **** 
 137:Core/Src/usart.c ****   /* USER CODE END USART1_MspDeInit 0 */
 138:Core/Src/usart.c ****     /* Peripheral clock disable */
ARM GAS  C:\Users\airforce\AppData\Local\Temp\ccNdp3ap.s 			page 11


 139:Core/Src/usart.c ****     __HAL_RCC_USART1_CLK_DISABLE();
 359              		.loc 1 139 5 is_stmt 1 view .LVU115
 360 000e 0B4A     		ldr	r2, .L24+4
 361 0010 9369     		ldr	r3, [r2, #24]
 362 0012 23F48043 		bic	r3, r3, #16384
 363 0016 9361     		str	r3, [r2, #24]
 140:Core/Src/usart.c **** 
 141:Core/Src/usart.c ****     /**USART1 GPIO Configuration
 142:Core/Src/usart.c ****     PA9     ------> USART1_TX
 143:Core/Src/usart.c ****     PA10     ------> USART1_RX
 144:Core/Src/usart.c ****     */
 145:Core/Src/usart.c ****     HAL_GPIO_DeInit(GPIOA, GPIO_PIN_9|GPIO_PIN_10);
 364              		.loc 1 145 5 view .LVU116
 365 0018 4FF4C061 		mov	r1, #1536
 366 001c 0848     		ldr	r0, .L24+8
 367              	.LVL15:
 368              		.loc 1 145 5 is_stmt 0 view .LVU117
 369 001e FFF7FEFF 		bl	HAL_GPIO_DeInit
 370              	.LVL16:
 146:Core/Src/usart.c **** 
 147:Core/Src/usart.c ****     /* USART1 DMA DeInit */
 148:Core/Src/usart.c ****     HAL_DMA_DeInit(uartHandle->hdmatx);
 371              		.loc 1 148 5 is_stmt 1 view .LVU118
 372 0022 A06B     		ldr	r0, [r4, #56]
 373 0024 FFF7FEFF 		bl	HAL_DMA_DeInit
 374              	.LVL17:
 149:Core/Src/usart.c ****     HAL_DMA_DeInit(uartHandle->hdmarx);
 375              		.loc 1 149 5 view .LVU119
 376 0028 E06B     		ldr	r0, [r4, #60]
 377 002a FFF7FEFF 		bl	HAL_DMA_DeInit
 378              	.LVL18:
 150:Core/Src/usart.c **** 
 151:Core/Src/usart.c ****     /* USART1 interrupt Deinit */
 152:Core/Src/usart.c ****     HAL_NVIC_DisableIRQ(USART1_IRQn);
 379              		.loc 1 152 5 view .LVU120
 380 002e 2520     		movs	r0, #37
 381 0030 FFF7FEFF 		bl	HAL_NVIC_DisableIRQ
 382              	.LVL19:
 153:Core/Src/usart.c ****   /* USER CODE BEGIN USART1_MspDeInit 1 */
 154:Core/Src/usart.c **** 
 155:Core/Src/usart.c ****   /* USER CODE END USART1_MspDeInit 1 */
 156:Core/Src/usart.c ****   }
 157:Core/Src/usart.c **** }
 383              		.loc 1 157 1 is_stmt 0 view .LVU121
 384 0034 10BD     		pop	{r4, pc}
 385              	.LVL20:
 386              	.L25:
 387              		.loc 1 157 1 view .LVU122
 388 0036 00BF     		.align	2
 389              	.L24:
 390 0038 00380140 		.word	1073821696
 391 003c 00100240 		.word	1073876992
 392 0040 00080140 		.word	1073809408
 393              		.cfi_endproc
 394              	.LFE67:
 396              		.global	hdma_usart1_rx
 397              		.section	.bss.hdma_usart1_rx,"aw",%nobits
ARM GAS  C:\Users\airforce\AppData\Local\Temp\ccNdp3ap.s 			page 12


 398              		.align	2
 401              	hdma_usart1_rx:
 402 0000 00000000 		.space	68
 402      00000000 
 402      00000000 
 402      00000000 
 402      00000000 
 403              		.global	hdma_usart1_tx
 404              		.section	.bss.hdma_usart1_tx,"aw",%nobits
 405              		.align	2
 408              	hdma_usart1_tx:
 409 0000 00000000 		.space	68
 409      00000000 
 409      00000000 
 409      00000000 
 409      00000000 
 410              		.global	huart1
 411              		.section	.bss.huart1,"aw",%nobits
 412              		.align	2
 415              	huart1:
 416 0000 00000000 		.space	72
 416      00000000 
 416      00000000 
 416      00000000 
 416      00000000 
 417              		.text
 418              	.Letext0:
 419              		.file 2 "Drivers/CMSIS/Device/ST/STM32F1xx/Include/stm32f103xb.h"
 420              		.file 3 "D:/stm32tools/arm-none-eabi-gcc/14.2.1-1.1.1/.content/arm-none-eabi/include/machine/_defa
 421              		.file 4 "D:/stm32tools/arm-none-eabi-gcc/14.2.1-1.1.1/.content/arm-none-eabi/include/sys/_stdint.h
 422              		.file 5 "Drivers/STM32F1xx_HAL_Driver/Inc/stm32f1xx_hal_def.h"
 423              		.file 6 "Drivers/STM32F1xx_HAL_Driver/Inc/stm32f1xx_hal_gpio.h"
 424              		.file 7 "Drivers/STM32F1xx_HAL_Driver/Inc/stm32f1xx_hal_dma.h"
 425              		.file 8 "Drivers/STM32F1xx_HAL_Driver/Inc/stm32f1xx_hal_uart.h"
 426              		.file 9 "Core/Inc/usart.h"
 427              		.file 10 "Drivers/STM32F1xx_HAL_Driver/Inc/stm32f1xx_hal_cortex.h"
 428              		.file 11 "Core/Inc/main.h"
ARM GAS  C:\Users\airforce\AppData\Local\Temp\ccNdp3ap.s 			page 13


DEFINED SYMBOLS
                            *ABS*:00000000 usart.c
C:\Users\airforce\AppData\Local\Temp\ccNdp3ap.s:19     .text.MX_USART1_UART_Init:00000000 $t
C:\Users\airforce\AppData\Local\Temp\ccNdp3ap.s:25     .text.MX_USART1_UART_Init:00000000 MX_USART1_UART_Init
C:\Users\airforce\AppData\Local\Temp\ccNdp3ap.s:83     .text.MX_USART1_UART_Init:0000002c $d
C:\Users\airforce\AppData\Local\Temp\ccNdp3ap.s:415    .bss.huart1:00000000 huart1
C:\Users\airforce\AppData\Local\Temp\ccNdp3ap.s:89     .text.HAL_UART_MspInit:00000000 $t
C:\Users\airforce\AppData\Local\Temp\ccNdp3ap.s:95     .text.HAL_UART_MspInit:00000000 HAL_UART_MspInit
C:\Users\airforce\AppData\Local\Temp\ccNdp3ap.s:320    .text.HAL_UART_MspInit:000000d8 $d
C:\Users\airforce\AppData\Local\Temp\ccNdp3ap.s:408    .bss.hdma_usart1_tx:00000000 hdma_usart1_tx
C:\Users\airforce\AppData\Local\Temp\ccNdp3ap.s:401    .bss.hdma_usart1_rx:00000000 hdma_usart1_rx
C:\Users\airforce\AppData\Local\Temp\ccNdp3ap.s:330    .text.HAL_UART_MspDeInit:00000000 $t
C:\Users\airforce\AppData\Local\Temp\ccNdp3ap.s:336    .text.HAL_UART_MspDeInit:00000000 HAL_UART_MspDeInit
C:\Users\airforce\AppData\Local\Temp\ccNdp3ap.s:390    .text.HAL_UART_MspDeInit:00000038 $d
C:\Users\airforce\AppData\Local\Temp\ccNdp3ap.s:398    .bss.hdma_usart1_rx:00000000 $d
C:\Users\airforce\AppData\Local\Temp\ccNdp3ap.s:405    .bss.hdma_usart1_tx:00000000 $d
C:\Users\airforce\AppData\Local\Temp\ccNdp3ap.s:412    .bss.huart1:00000000 $d

UNDEFINED SYMBOLS
HAL_UART_Init
Error_Handler
HAL_GPIO_Init
HAL_DMA_Init
HAL_NVIC_SetPriority
HAL_NVIC_EnableIRQ
HAL_GPIO_DeInit
HAL_DMA_DeInit
HAL_NVIC_DisableIRQ
